2026-08-02T18:00:45.484585Z  INFO agent: accélération pointeur neutralisée rapport="seuils relus = [0, 0, 0], vitesse relue = 10 (attendu : [0, 0, 0] et 10)"
2026-08-02T18:00:45.859668Z  INFO agent::superviseur::signalisation: superviseur enregistré sur la session de contrôle session="bureau"
2026-08-02T18:00:45.862265Z  INFO agent::capture::enumeration: adaptateur DXGI sans sortie adaptateur=NVIDIA GeForce RTX 4070 index_adaptateur=1
2026-08-02T18:00:45.862298Z  INFO agent::capture::enumeration: adaptateur DXGI sans sortie adaptateur=Microsoft Basic Render Driver index_adaptateur=2
2026-08-02T18:00:45.862320Z  INFO agent::diagnostics::multifenetre::montee: topologie relevée moment="avant purge" nombre=1 attachees=1
2026-08-02T18:00:45.862324Z  INFO agent::diagnostics::multifenetre::montee: sortie moment="avant purge" nom=\\.\DISPLAY1 adaptateur=NVIDIA GeForce RTX 4070 index_adaptateur=0 index_sortie=0 attachee=true x=0 y=0 largeur=2400 hauteur=1080
2026-08-02T18:00:48.864327Z  INFO agent::capture::enumeration: adaptateur DXGI sans sortie adaptateur=NVIDIA GeForce RTX 4070 index_adaptateur=1
2026-08-02T18:00:48.864359Z  INFO agent::capture::enumeration: adaptateur DXGI sans sortie adaptateur=Microsoft Basic Render Driver index_adaptateur=2
2026-08-02T18:00:48.864367Z  INFO agent::diagnostics::multifenetre::montee: topologie relevée moment="après purge" nombre=1 attachees=1
2026-08-02T18:00:48.864370Z  INFO agent::diagnostics::multifenetre::montee: sortie moment="après purge" nom=\\.\DISPLAY1 adaptateur=NVIDIA GeForce RTX 4070 index_adaptateur=0 index_sortie=0 attachee=true x=0 y=0 largeur=2400 hauteur=1080
2026-08-02T18:00:48.864375Z  INFO agent::moniteurs_virtuels::purge: purge terminée retirees=0 avant=1 apres=1
2026-08-02T18:00:48.867870Z  INFO agent::superviseur::lanceur: capteur lancé pid=27924
2026-08-02T18:00:48.873831Z  INFO agent: accélération pointeur neutralisée rapport="seuils relus = [0, 0, 0], vitesse relue = 10 (attendu : [0, 0, 0] et 10)"
2026-08-02T18:00:48.873865Z  INFO agent::capteur: capteur démarré tube="\\\\.\\pipe\\agent-capteur"
2026-08-02T18:00:53.790388Z  INFO agent::capture::enumeration: adaptateur DXGI sans sortie adaptateur=NVIDIA GeForce RTX 4070 index_adaptateur=1
2026-08-02T18:00:53.790424Z  INFO agent::capture::enumeration: adaptateur DXGI sans sortie adaptateur=Microsoft Basic Render Driver index_adaptateur=2
2026-08-02T18:00:53.790431Z  INFO agent::diagnostics::multifenetre::montee: topologie relevée moment="avant création de sortie" nombre=1 attachees=1
2026-08-02T18:00:53.790434Z  INFO agent::diagnostics::multifenetre::montee: sortie moment="avant création de sortie" nom=\\.\DISPLAY1 adaptateur=NVIDIA GeForce RTX 4070 index_adaptateur=0 index_sortie=0 attachee=true x=0 y=0 largeur=2400 hauteur=1080
2026-08-02T18:00:53.790745Z  INFO agent::moniteurs_virtuels::pilote: sortie virtuelle créée id=258 adaptateur_bas=62534 adaptateur_haut=0 guid=9C4A1F6E-2B73-4D51-9E08-677541430001 largeur=1280 hauteur=720 hertz=60
2026-08-02T18:00:53.926447Z  INFO agent::superviseur::enfants: enfant lancé session=w-2 pid=28104 sortie=\\.\DISPLAY5 audio=false
2026-08-02T18:00:53.934777Z  INFO agent: accélération pointeur neutralisée rapport="seuils relus = [0, 0, 0], vitesse relue = 10 (attendu : [0, 0, 0] et 10)"
2026-08-02T18:00:53.934826Z  INFO agent::demarrage::source: source distante servie par le capteur (mode multi-fenêtres) nom_sortie=\\.\DISPLAY5 bitrate=12000000 fps=90
2026-08-02T18:00:53.940874Z  INFO agent::capture::ouverture: sortie retenue pour la duplication adaptateur=NVIDIA GeForce RTX 4070 index_adaptateur=0 index_sortie=1 nom_sortie=\\.\DISPLAY5 attachee=true
2026-08-02T18:00:54.118595Z  INFO agent::capture::ouverture: protection multi-fils activée sur le contexte immédiat D3D11 protection_precedente=false
2026-08-02T18:00:54.118920Z  INFO agent::capture: duplication de sortie établie desktop_width=1280 desktop_height=720
2026-08-02T18:00:54.120472Z  INFO agent::encode: encodeur matériel retenu encodeur=NVIDIA H.264 Encoder MFT
2026-08-02T18:00:54.270574Z  INFO agent::encode::arret: file de travail sérialisée imposée mft="encodeur" file=327681
2026-08-02T18:00:54.280214Z  INFO agent::encode: convertisseur BGRA→NV12 (Video Processor MFT) configuré converter_provides_samples=true
2026-08-02T18:00:54.282753Z  INFO agent::capteur::fenetre: fenêtre attachée au capteur session=w-2 sortie=\\.\DISPLAY5 largeur=1280 hauteur=720
2026-08-02T18:01:06.287027Z  INFO agent::capture::enumeration: adaptateur DXGI sans sortie adaptateur=NVIDIA GeForce RTX 4070 index_adaptateur=1
2026-08-02T18:01:06.287063Z  INFO agent::capture::enumeration: adaptateur DXGI sans sortie adaptateur=Microsoft Basic Render Driver index_adaptateur=2
2026-08-02T18:01:06.287071Z  INFO agent::diagnostics::multifenetre::montee: topologie relevée moment="avant création de sortie" nombre=2 attachees=2
2026-08-02T18:01:06.287075Z  INFO agent::diagnostics::multifenetre::montee: sortie moment="avant création de sortie" nom=\\.\DISPLAY1 adaptateur=NVIDIA GeForce RTX 4070 index_adaptateur=0 index_sortie=0 attachee=true x=0 y=0 largeur=2400 hauteur=1080
2026-08-02T18:01:06.287082Z  INFO agent::diagnostics::multifenetre::montee: sortie moment="avant création de sortie" nom=\\.\DISPLAY5 adaptateur=NVIDIA GeForce RTX 4070 index_adaptateur=0 index_sortie=1 attachee=true x=2400 y=0 largeur=1280 hauteur=720
2026-08-02T18:01:06.287326Z  INFO agent::moniteurs_virtuels::pilote: sortie virtuelle créée id=265 adaptateur_bas=62534 adaptateur_haut=0 guid=9C4A1F6E-2B73-4D51-9E08-677541430002 largeur=1280 hauteur=720 hertz=60
2026-08-02T18:01:06.423093Z  INFO agent::superviseur::enfants: enfant lancé session=w-4 pid=18452 sortie=\\.\DISPLAY6 audio=false
2026-08-02T18:01:06.430122Z  INFO agent: accélération pointeur neutralisée rapport="seuils relus = [0, 0, 0], vitesse relue = 10 (attendu : [0, 0, 0] et 10)"
2026-08-02T18:01:06.430163Z  INFO agent::demarrage::source: source distante servie par le capteur (mode multi-fenêtres) nom_sortie=\\.\DISPLAY6 bitrate=12000000 fps=90
2026-08-02T18:01:06.433743Z  INFO agent::capture::ouverture: sortie retenue pour la duplication adaptateur=NVIDIA GeForce RTX 4070 index_adaptateur=0 index_sortie=2 nom_sortie=\\.\DISPLAY6 attachee=true
2026-08-02T18:01:06.452966Z  INFO agent::capture::ouverture: protection multi-fils activée sur le contexte immédiat D3D11 protection_precedente=false
2026-08-02T18:01:06.453446Z  INFO agent::capture: duplication de sortie établie desktop_width=1280 desktop_height=720
2026-08-02T18:01:06.453947Z  INFO agent::encode: encodeur matériel retenu encodeur=NVIDIA H.264 Encoder MFT
2026-08-02T18:01:06.525111Z  INFO agent::encode::arret: file de travail sérialisée imposée mft="encodeur" file=524293
2026-08-02T18:01:06.526401Z  INFO agent::encode: convertisseur BGRA→NV12 (Video Processor MFT) configuré converter_provides_samples=true
2026-08-02T18:01:06.531319Z  INFO agent::capteur::fenetre: fenêtre attachée au capteur session=w-4 sortie=\\.\DISPLAY6 largeur=1280 hauteur=720
