2026-08-06T08:45:31.438291Z  INFO agent: accélération pointeur neutralisée rapport="seuils relus = [0, 0, 0], vitesse relue = 10 (attendu : [0, 0, 0] et 10)"
2026-08-06T08:45:31.440099Z  INFO agent::capture::enumeration: adaptateur DXGI sans sortie adaptateur=NVIDIA GeForce RTX 4070 index_adaptateur=1
2026-08-06T08:45:31.440137Z  INFO agent::capture::enumeration: adaptateur DXGI sans sortie adaptateur=Microsoft Basic Render Driver index_adaptateur=2
2026-08-06T08:45:31.440149Z  INFO agent::diagnostics::multifenetre::montee: topologie relevée moment="avant création" nombre=1 attachees=1
2026-08-06T08:45:31.440161Z  INFO agent::diagnostics::multifenetre::montee: sortie moment="avant création" nom=\\.\DISPLAY1 adaptateur=NVIDIA GeForce RTX 4070 index_adaptateur=0 index_sortie=0 attachee=true x=0 y=0 largeur=2400 hauteur=1080
2026-08-06T08:45:31.441528Z  INFO agent::moniteurs_virtuels::pilote: sortie virtuelle créée id=263 adaptateur_bas=61742 adaptateur_haut=0 guid=9C4A1F6E-2B73-4D51-9E08-677541430001 largeur=1280 hauteur=720 hertz=60
2026-08-06T08:45:34.442592Z  INFO agent::capture::enumeration: adaptateur DXGI sans sortie adaptateur=NVIDIA GeForce RTX 4070 index_adaptateur=1
2026-08-06T08:45:34.442624Z  INFO agent::capture::enumeration: adaptateur DXGI sans sortie adaptateur=Microsoft Basic Render Driver index_adaptateur=2
2026-08-06T08:45:34.442632Z  INFO agent::diagnostics::multifenetre::montee: topologie relevée moment="après création (sortie testée)" nombre=2 attachees=2
2026-08-06T08:45:34.442635Z  INFO agent::diagnostics::multifenetre::montee: sortie moment="après création (sortie testée)" nom=\\.\DISPLAY1 adaptateur=NVIDIA GeForce RTX 4070 index_adaptateur=0 index_sortie=0 attachee=true x=0 y=0 largeur=2400 hauteur=1080
2026-08-06T08:45:34.442639Z  INFO agent::diagnostics::multifenetre::montee: sortie moment="après création (sortie testée)" nom=\\.\DISPLAY5 adaptateur=NVIDIA GeForce RTX 4070 index_adaptateur=0 index_sortie=1 attachee=true x=2400 y=0 largeur=1280 hauteur=720
2026-08-06T08:45:34.442643Z  INFO agent::diagnostics::multifenetre::capture_virtuelle: sortie virtuelle retenue pour la capture id=263 nom=\\.\DISPLAY5 adaptateur=NVIDIA GeForce RTX 4070 index_adaptateur=0 index_sortie=1 attachee=true x=2400 y=0 largeur_annoncee=1280 hauteur_annoncee=720
2026-08-06T08:45:34.442647Z  INFO agent::diagnostics::multifenetre::mode_sortie: sortie de sonde créée -- taille relue par DXGI avant toute tentative de changement nom=\\.\DISPLAY5 largeur_demandee_a_la_creation=1280 hauteur_demandee_a_la_creation=720 largeur_avant_tentative=1280 hauteur_avant_tentative=720
2026-08-06T08:45:34.442764Z  INFO agent::capture::ouverture: sortie retenue pour la duplication adaptateur=NVIDIA GeForce RTX 4070 index_adaptateur=0 index_sortie=1 nom_sortie=\\.\DISPLAY5 attachee=true
2026-08-06T08:45:34.543748Z  INFO agent::capture::ouverture: protection multi-fils activée sur le contexte immédiat D3D11 protection_precedente=false
2026-08-06T08:45:34.544084Z  INFO agent::capture: duplication de sortie établie desktop_width=1280 desktop_height=720
2026-08-06T08:45:34.544095Z  INFO agent::diagnostics::multifenetre::mode_sortie: duplication ouverte et TENUE pendant les tentatives sortie=\\.\DISPLAY5
2026-08-06T08:45:34.544302Z  INFO agent::moniteurs_virtuels::pilote: sortie virtuelle créée id=264 adaptateur_bas=61742 adaptateur_haut=0 guid=9C4A1F6E-2B73-4D51-9E08-677541430002 largeur=1280 hauteur=720 hertz=60
2026-08-06T08:45:37.545459Z  INFO agent::capture::enumeration: adaptateur DXGI sans sortie adaptateur=NVIDIA GeForce RTX 4070 index_adaptateur=1
2026-08-06T08:45:37.545490Z  INFO agent::capture::enumeration: adaptateur DXGI sans sortie adaptateur=Microsoft Basic Render Driver index_adaptateur=2
2026-08-06T08:45:37.545498Z  INFO agent::diagnostics::multifenetre::montee: topologie relevée moment="après création (voisine 1)" nombre=3 attachees=3
2026-08-06T08:45:37.545502Z  INFO agent::diagnostics::multifenetre::montee: sortie moment="après création (voisine 1)" nom=\\.\DISPLAY1 adaptateur=NVIDIA GeForce RTX 4070 index_adaptateur=0 index_sortie=0 attachee=true x=0 y=0 largeur=2400 hauteur=1080
2026-08-06T08:45:37.545507Z  INFO agent::diagnostics::multifenetre::montee: sortie moment="après création (voisine 1)" nom=\\.\DISPLAY5 adaptateur=NVIDIA GeForce RTX 4070 index_adaptateur=0 index_sortie=1 attachee=true x=2400 y=0 largeur=1280 hauteur=720
2026-08-06T08:45:37.545511Z  INFO agent::diagnostics::multifenetre::montee: sortie moment="après création (voisine 1)" nom=\\.\DISPLAY6 adaptateur=NVIDIA GeForce RTX 4070 index_adaptateur=0 index_sortie=2 attachee=true x=3680 y=0 largeur=1280 hauteur=720
2026-08-06T08:45:37.545514Z  INFO agent::diagnostics::multifenetre::capture_virtuelle: sortie virtuelle retenue pour la capture id=264 nom=\\.\DISPLAY6 adaptateur=NVIDIA GeForce RTX 4070 index_adaptateur=0 index_sortie=2 attachee=true x=3680 y=0 largeur_annoncee=1280 hauteur_annoncee=720
2026-08-06T08:45:37.583832Z  INFO agent::diagnostics::multifenetre::mode_sortie::voisines: protection multi-fils activée sur le contexte immédiat D3D11 (voisine) voisine=\\.\DISPLAY6 protection_precedente=false
2026-08-06T08:45:37.584097Z  INFO agent::diagnostics::multifenetre::mode_sortie::voisines: duplication brute ouverte sur une voisine voisine=\\.\DISPLAY6
2026-08-06T08:45:37.584472Z  INFO agent::moniteurs_virtuels::pilote: sortie virtuelle créée id=259 adaptateur_bas=61742 adaptateur_haut=0 guid=9C4A1F6E-2B73-4D51-9E08-677541430003 largeur=1280 hauteur=720 hertz=60
2026-08-06T08:45:40.586179Z  INFO agent::capture::enumeration: adaptateur DXGI sans sortie adaptateur=NVIDIA GeForce RTX 4070 index_adaptateur=1
2026-08-06T08:45:40.586210Z  INFO agent::capture::enumeration: adaptateur DXGI sans sortie adaptateur=Microsoft Basic Render Driver index_adaptateur=2
2026-08-06T08:45:40.586218Z  INFO agent::diagnostics::multifenetre::montee: topologie relevée moment="après création (voisine 2)" nombre=4 attachees=4
2026-08-06T08:45:40.586222Z  INFO agent::diagnostics::multifenetre::montee: sortie moment="après création (voisine 2)" nom=\\.\DISPLAY1 adaptateur=NVIDIA GeForce RTX 4070 index_adaptateur=0 index_sortie=0 attachee=true x=0 y=0 largeur=2400 hauteur=1080
2026-08-06T08:45:40.586228Z  INFO agent::diagnostics::multifenetre::montee: sortie moment="après création (voisine 2)" nom=\\.\DISPLAY5 adaptateur=NVIDIA GeForce RTX 4070 index_adaptateur=0 index_sortie=1 attachee=true x=2400 y=0 largeur=1280 hauteur=720
2026-08-06T08:45:40.586230Z  INFO agent::diagnostics::multifenetre::montee: sortie moment="après création (voisine 2)" nom=\\.\DISPLAY6 adaptateur=NVIDIA GeForce RTX 4070 index_adaptateur=0 index_sortie=2 attachee=true x=3680 y=0 largeur=1280 hauteur=720
2026-08-06T08:45:40.586234Z  INFO agent::diagnostics::multifenetre::montee: sortie moment="après création (voisine 2)" nom=\\.\DISPLAY7 adaptateur=NVIDIA GeForce RTX 4070 index_adaptateur=0 index_sortie=3 attachee=true x=4960 y=0 largeur=1280 hauteur=720
2026-08-06T08:45:40.586237Z  INFO agent::diagnostics::multifenetre::capture_virtuelle: sortie virtuelle retenue pour la capture id=259 nom=\\.\DISPLAY7 adaptateur=NVIDIA GeForce RTX 4070 index_adaptateur=0 index_sortie=3 attachee=true x=4960 y=0 largeur_annoncee=1280 hauteur_annoncee=720
2026-08-06T08:45:40.619635Z  INFO agent::diagnostics::multifenetre::mode_sortie::voisines: protection multi-fils activée sur le contexte immédiat D3D11 (voisine) voisine=\\.\DISPLAY7 protection_precedente=false
2026-08-06T08:45:40.619880Z  INFO agent::diagnostics::multifenetre::mode_sortie::voisines: duplication brute ouverte sur une voisine voisine=\\.\DISPLAY7
2026-08-06T08:45:40.623514Z  INFO agent::diagnostics::multifenetre::mode_sortie: modes annonces (EnumDisplaySettingsExW) avant tout changement nombre=9 largeur_avant_tentative=1280 hauteur_avant_tentative=720 contient_demande=true demande_egale_avant=true modes=[(640, 360), (800, 600), (960, 540), (1280, 720), (1366, 768), (1600, 900), (1920, 1080), (2560, 1440), (3840, 2160)]
2026-08-06T08:45:40.623533Z  WARN agent::diagnostics::multifenetre::mode_sortie: la resolution demandee egale deja la taille courante (persistance registre probable d'une execution anterieure) -- cible substituee dynamiquement parmi les modes annonces largeur_demandee=1280 hauteur_demandee=720 largeur_avant_tentative=1280 hauteur_avant_tentative=720 largeur_cible=3840 hauteur_cible=2160
2026-08-06T08:45:40.666245Z  INFO agent::diagnostics::multifenetre::mode_sortie::combinaisons: combinaison de drapeaux tentee (appel unique) etiquette="aucun drapeau (dynamique, non persisté)" code=0
2026-08-06T08:45:43.667562Z  INFO agent::diagnostics::multifenetre::mode_sortie::voisines: perte d'acces detectee sur une voisine -- reouverture pour continuer a compter voisine=\\.\DISPLAY6 hresult="0x887a0026"
2026-08-06T08:45:43.669334Z  INFO agent::diagnostics::multifenetre::mode_sortie::voisines: perte d'acces detectee sur une voisine -- reouverture pour continuer a compter voisine=\\.\DISPLAY7 hresult="0x887a0026"
2026-08-06T08:45:43.669824Z  INFO agent::capture::enumeration: adaptateur DXGI sans sortie adaptateur=NVIDIA GeForce RTX 4070 index_adaptateur=1
2026-08-06T08:45:43.669849Z  INFO agent::capture::enumeration: adaptateur DXGI sans sortie adaptateur=Microsoft Basic Render Driver index_adaptateur=2
2026-08-06T08:45:43.669856Z  INFO agent::diagnostics::multifenetre::montee: topologie relevée moment="après tentative « aucun drapeau (dynamique, non persisté) »" nombre=4 attachees=4
2026-08-06T08:45:43.669859Z  INFO agent::diagnostics::multifenetre::montee: sortie moment="après tentative « aucun drapeau (dynamique, non persisté) »" nom=\\.\DISPLAY1 adaptateur=NVIDIA GeForce RTX 4070 index_adaptateur=0 index_sortie=0 attachee=true x=0 y=0 largeur=2400 hauteur=1080
2026-08-06T08:45:43.669864Z  INFO agent::diagnostics::multifenetre::montee: sortie moment="après tentative « aucun drapeau (dynamique, non persisté) »" nom=\\.\DISPLAY5 adaptateur=NVIDIA GeForce RTX 4070 index_adaptateur=0 index_sortie=1 attachee=true x=2400 y=0 largeur=2560 hauteur=1440
2026-08-06T08:45:43.669867Z  INFO agent::diagnostics::multifenetre::montee: sortie moment="après tentative « aucun drapeau (dynamique, non persisté) »" nom=\\.\DISPLAY6 adaptateur=NVIDIA GeForce RTX 4070 index_adaptateur=0 index_sortie=2 attachee=true x=3680 y=-720 largeur=1280 hauteur=720
2026-08-06T08:45:43.669870Z  INFO agent::diagnostics::multifenetre::montee: sortie moment="après tentative « aucun drapeau (dynamique, non persisté) »" nom=\\.\DISPLAY7 adaptateur=NVIDIA GeForce RTX 4070 index_adaptateur=0 index_sortie=3 attachee=true x=6240 y=0 largeur=1280 hauteur=720
2026-08-06T08:45:43.669874Z  INFO agent::diagnostics::multifenetre::mode_sortie: relecture DXGI (GetDesc/DesktopCoordinates) apres la tentative etiquette="aucun drapeau (dynamique, non persisté)" code_brut=0 api_annonce_succes=true largeur_relue=2560 hauteur_relue=1440 mouvement=true cible_atteinte=false
2026-08-06T08:45:43.669877Z  INFO agent::diagnostics::multifenetre::mode_sortie: verdict P1 : une sortie virtuelle accepte-t-elle un autre mode que celui de sa creation verdict="P1 RECU" combinaison_gagnante=Some("aucun drapeau (dynamique, non persisté)") code_brut_dernier_essai=0 largeur_avant_tentative=1280 hauteur_avant_tentative=720 largeur_relue=2560 hauteur_relue=1440 largeur_cible=3840 hauteur_cible=2160 mouvement_observe=true cible_exacte_atteinte=false pertes_acces_voisines_pendant_le_tour=2
2026-08-06T08:45:43.670114Z  INFO agent::capture::enumeration: adaptateur DXGI sans sortie adaptateur=NVIDIA GeForce RTX 4070 index_adaptateur=1
2026-08-06T08:45:43.670131Z  INFO agent::capture::enumeration: adaptateur DXGI sans sortie adaptateur=Microsoft Basic Render Driver index_adaptateur=2
2026-08-06T08:45:43.670136Z  INFO agent::diagnostics::multifenetre::montee: topologie relevée moment="après le tour (inconnues annexes)" nombre=4 attachees=4
2026-08-06T08:45:43.670139Z  INFO agent::diagnostics::multifenetre::montee: sortie moment="après le tour (inconnues annexes)" nom=\\.\DISPLAY1 adaptateur=NVIDIA GeForce RTX 4070 index_adaptateur=0 index_sortie=0 attachee=true x=0 y=0 largeur=2400 hauteur=1080
2026-08-06T08:45:43.670141Z  INFO agent::diagnostics::multifenetre::montee: sortie moment="après le tour (inconnues annexes)" nom=\\.\DISPLAY5 adaptateur=NVIDIA GeForce RTX 4070 index_adaptateur=0 index_sortie=1 attachee=true x=2400 y=0 largeur=2560 hauteur=1440
2026-08-06T08:45:43.670145Z  INFO agent::diagnostics::multifenetre::montee: sortie moment="après le tour (inconnues annexes)" nom=\\.\DISPLAY6 adaptateur=NVIDIA GeForce RTX 4070 index_adaptateur=0 index_sortie=2 attachee=true x=3680 y=-720 largeur=1280 hauteur=720
2026-08-06T08:45:43.670148Z  INFO agent::diagnostics::multifenetre::montee: sortie moment="après le tour (inconnues annexes)" nom=\\.\DISPLAY7 adaptateur=NVIDIA GeForce RTX 4070 index_adaptateur=0 index_sortie=3 attachee=true x=6240 y=0 largeur=1280 hauteur=720
2026-08-06T08:45:43.670151Z  INFO agent::diagnostics::multifenetre::mode_sortie: inconnues annexes relevées au même moment que l'éliminatoire pertes_acces_voisines=2 nom_avant=\\.\DISPLAY5 nom_apres=\\.\DISPLAY5 nom_conserve=true
2026-08-06T08:45:43.676467Z  INFO agent::diagnostics::multifenetre::mode_sortie: duplication relâchée — début du témoin sans duplication
2026-08-06T08:45:43.691425Z  INFO agent::moniteurs_virtuels::pilote: sortie virtuelle créée id=265 adaptateur_bas=61742 adaptateur_haut=0 guid=9C4A1F6E-2B73-4D51-9E08-677541430004 largeur=1280 hauteur=720 hertz=60
2026-08-06T08:45:46.692872Z  INFO agent::capture::enumeration: adaptateur DXGI sans sortie adaptateur=NVIDIA GeForce RTX 4070 index_adaptateur=1
2026-08-06T08:45:46.692904Z  INFO agent::capture::enumeration: adaptateur DXGI sans sortie adaptateur=Microsoft Basic Render Driver index_adaptateur=2
2026-08-06T08:45:46.692913Z  INFO agent::diagnostics::multifenetre::montee: topologie relevée moment="après création (témoin)" nombre=5 attachees=5
2026-08-06T08:45:46.692916Z  INFO agent::diagnostics::multifenetre::montee: sortie moment="après création (témoin)" nom=\\.\DISPLAY1 adaptateur=NVIDIA GeForce RTX 4070 index_adaptateur=0 index_sortie=0 attachee=true x=0 y=0 largeur=2400 hauteur=1080
2026-08-06T08:45:46.692921Z  INFO agent::diagnostics::multifenetre::montee: sortie moment="après création (témoin)" nom=\\.\DISPLAY5 adaptateur=NVIDIA GeForce RTX 4070 index_adaptateur=0 index_sortie=1 attachee=true x=2400 y=0 largeur=1280 hauteur=720
2026-08-06T08:45:46.692924Z  INFO agent::diagnostics::multifenetre::montee: sortie moment="après création (témoin)" nom=\\.\DISPLAY6 adaptateur=NVIDIA GeForce RTX 4070 index_adaptateur=0 index_sortie=2 attachee=true x=3680 y=0 largeur=1280 hauteur=720
2026-08-06T08:45:46.692927Z  INFO agent::diagnostics::multifenetre::montee: sortie moment="après création (témoin)" nom=\\.\DISPLAY7 adaptateur=NVIDIA GeForce RTX 4070 index_adaptateur=0 index_sortie=3 attachee=true x=4960 y=0 largeur=1280 hauteur=720
2026-08-06T08:45:46.692930Z  INFO agent::diagnostics::multifenetre::montee: sortie moment="après création (témoin)" nom=\\.\DISPLAY8 adaptateur=NVIDIA GeForce RTX 4070 index_adaptateur=0 index_sortie=4 attachee=true x=6240 y=0 largeur=1280 hauteur=720
2026-08-06T08:45:46.692934Z  INFO agent::diagnostics::multifenetre::capture_virtuelle: sortie virtuelle retenue pour la capture id=265 nom=\\.\DISPLAY8 adaptateur=NVIDIA GeForce RTX 4070 index_adaptateur=0 index_sortie=4 attachee=true x=6240 y=0 largeur_annoncee=1280 hauteur_annoncee=720
2026-08-06T08:45:46.740163Z  INFO agent::diagnostics::multifenetre::mode_sortie::combinaisons: combinaison de drapeaux tentee (appel unique) etiquette="aucun drapeau (dynamique, non persisté)" code=0
2026-08-06T08:45:49.741713Z  INFO agent::capture::enumeration: adaptateur DXGI sans sortie adaptateur=NVIDIA GeForce RTX 4070 index_adaptateur=1
2026-08-06T08:45:49.741743Z  INFO agent::capture::enumeration: adaptateur DXGI sans sortie adaptateur=Microsoft Basic Render Driver index_adaptateur=2
2026-08-06T08:45:49.741752Z  INFO agent::diagnostics::multifenetre::montee: topologie relevée moment="après tentative TÉMOIN « aucun drapeau (dynamique, non persisté) »" nombre=5 attachees=5
2026-08-06T08:45:49.741755Z  INFO agent::diagnostics::multifenetre::montee: sortie moment="après tentative TÉMOIN « aucun drapeau (dynamique, non persisté) »" nom=\\.\DISPLAY1 adaptateur=NVIDIA GeForce RTX 4070 index_adaptateur=0 index_sortie=0 attachee=true x=0 y=0 largeur=2400 hauteur=1080
2026-08-06T08:45:49.741760Z  INFO agent::diagnostics::multifenetre::montee: sortie moment="après tentative TÉMOIN « aucun drapeau (dynamique, non persisté) »" nom=\\.\DISPLAY5 adaptateur=NVIDIA GeForce RTX 4070 index_adaptateur=0 index_sortie=1 attachee=true x=2400 y=0 largeur=1280 hauteur=720
2026-08-06T08:45:49.741763Z  INFO agent::diagnostics::multifenetre::montee: sortie moment="après tentative TÉMOIN « aucun drapeau (dynamique, non persisté) »" nom=\\.\DISPLAY6 adaptateur=NVIDIA GeForce RTX 4070 index_adaptateur=0 index_sortie=2 attachee=true x=3680 y=0 largeur=1280 hauteur=720
2026-08-06T08:45:49.741765Z  INFO agent::diagnostics::multifenetre::montee: sortie moment="après tentative TÉMOIN « aucun drapeau (dynamique, non persisté) »" nom=\\.\DISPLAY7 adaptateur=NVIDIA GeForce RTX 4070 index_adaptateur=0 index_sortie=3 attachee=true x=4960 y=0 largeur=1280 hauteur=720
2026-08-06T08:45:49.741768Z  INFO agent::diagnostics::multifenetre::montee: sortie moment="après tentative TÉMOIN « aucun drapeau (dynamique, non persisté) »" nom=\\.\DISPLAY8 adaptateur=NVIDIA GeForce RTX 4070 index_adaptateur=0 index_sortie=4 attachee=true x=6240 y=0 largeur=2560 hauteur=1440
2026-08-06T08:45:49.741772Z  INFO agent::diagnostics::multifenetre::mode_sortie::temoin: verdict TEMOIN : le meme geste, SANS duplication ouverte, sur une sortie neuve -- departage si un refus de l'eliminatoire vient de la duplication tenue ou du mode choisi etiquette="aucun drapeau (dynamique, non persisté)" code_brut=0 api_annonce_succes=true largeur_avant_tentative=1280 hauteur_avant_tentative=720 largeur_relue=2560 hauteur_relue=1440 largeur_cible=3840 hauteur_cible=2160 mouvement=true verdict="TEMOIN RECU"
2026-08-06T08:45:49.747731Z  INFO agent::moniteurs_virtuels::pilote: sortie virtuelle détruite id=265
2026-08-06T08:45:49.752851Z  INFO agent::moniteurs_virtuels::pilote: sortie virtuelle détruite id=259
2026-08-06T08:45:49.758333Z  INFO agent::moniteurs_virtuels::pilote: sortie virtuelle détruite id=264
2026-08-06T08:45:49.765800Z  INFO agent::moniteurs_virtuels::pilote: sortie virtuelle détruite id=263
2026-08-06T08:45:52.767217Z  INFO agent::capture::enumeration: adaptateur DXGI sans sortie adaptateur=NVIDIA GeForce RTX 4070 index_adaptateur=1
2026-08-06T08:45:52.767250Z  INFO agent::capture::enumeration: adaptateur DXGI sans sortie adaptateur=Microsoft Basic Render Driver index_adaptateur=2
2026-08-06T08:45:52.767258Z  INFO agent::diagnostics::multifenetre::montee: topologie relevée moment="après destruction" nombre=1 attachees=1
2026-08-06T08:45:52.767261Z  INFO agent::diagnostics::multifenetre::montee: sortie moment="après destruction" nom=\\.\DISPLAY1 adaptateur=NVIDIA GeForce RTX 4070 index_adaptateur=0 index_sortie=0 attachee=true x=0 y=0 largeur=2400 hauteur=1080
2026-08-06T08:45:52.767268Z  INFO agent::diagnostics::multifenetre::mode_sortie: état initial restauré — mêmes sorties, nommément noms=["\\\\.\\DISPLAY1"]
