2026-08-06T08:47:25.651377Z  INFO agent: accélération pointeur neutralisée rapport="seuils relus = [0, 0, 0], vitesse relue = 10 (attendu : [0, 0, 0] et 10)"
2026-08-06T08:47:25.653417Z  INFO agent::capture::enumeration: adaptateur DXGI sans sortie adaptateur=NVIDIA GeForce RTX 4070 index_adaptateur=1
2026-08-06T08:47:25.653448Z  INFO agent::capture::enumeration: adaptateur DXGI sans sortie adaptateur=Microsoft Basic Render Driver index_adaptateur=2
2026-08-06T08:47:25.653459Z  INFO agent::diagnostics::multifenetre::montee: topologie relevée moment="avant création" nombre=1 attachees=1
2026-08-06T08:47:25.653467Z  INFO agent::diagnostics::multifenetre::montee: sortie moment="avant création" nom=\\.\DISPLAY1 adaptateur=NVIDIA GeForce RTX 4070 index_adaptateur=0 index_sortie=0 attachee=true x=0 y=0 largeur=2400 hauteur=1080
2026-08-06T08:47:25.654527Z  INFO agent::moniteurs_virtuels::pilote: sortie virtuelle créée id=256 adaptateur_bas=61742 adaptateur_haut=0 guid=9C4A1F6E-2B73-4D51-9E08-677541430001 largeur=1280 hauteur=720 hertz=60
2026-08-06T08:47:28.655958Z  INFO agent::capture::enumeration: adaptateur DXGI sans sortie adaptateur=NVIDIA GeForce RTX 4070 index_adaptateur=1
2026-08-06T08:47:28.655988Z  INFO agent::capture::enumeration: adaptateur DXGI sans sortie adaptateur=Microsoft Basic Render Driver index_adaptateur=2
2026-08-06T08:47:28.655997Z  INFO agent::diagnostics::multifenetre::montee: topologie relevée moment="après création (sortie testée)" nombre=2 attachees=2
2026-08-06T08:47:28.656001Z  INFO agent::diagnostics::multifenetre::montee: sortie moment="après création (sortie testée)" nom=\\.\DISPLAY1 adaptateur=NVIDIA GeForce RTX 4070 index_adaptateur=0 index_sortie=0 attachee=true x=0 y=0 largeur=2400 hauteur=1080
2026-08-06T08:47:28.656006Z  INFO agent::diagnostics::multifenetre::montee: sortie moment="après création (sortie testée)" nom=\\.\DISPLAY5 adaptateur=NVIDIA GeForce RTX 4070 index_adaptateur=0 index_sortie=1 attachee=true x=2400 y=0 largeur=1280 hauteur=720
2026-08-06T08:47:28.656014Z  INFO agent::diagnostics::multifenetre::capture_virtuelle: sortie virtuelle retenue pour la capture id=256 nom=\\.\DISPLAY5 adaptateur=NVIDIA GeForce RTX 4070 index_adaptateur=0 index_sortie=1 attachee=true x=2400 y=0 largeur_annoncee=1280 hauteur_annoncee=720
2026-08-06T08:47:28.656021Z  INFO agent::diagnostics::multifenetre::mode_sortie: sortie de sonde créée -- taille relue par DXGI avant toute tentative de changement nom=\\.\DISPLAY5 largeur_demandee_a_la_creation=1280 hauteur_demandee_a_la_creation=720 largeur_avant_tentative=1280 hauteur_avant_tentative=720
2026-08-06T08:47:28.656130Z  INFO agent::capture::ouverture: sortie retenue pour la duplication adaptateur=NVIDIA GeForce RTX 4070 index_adaptateur=0 index_sortie=1 nom_sortie=\\.\DISPLAY5 attachee=true
2026-08-06T08:47:28.752833Z  INFO agent::capture::ouverture: protection multi-fils activée sur le contexte immédiat D3D11 protection_precedente=false
2026-08-06T08:47:28.753129Z  INFO agent::capture: duplication de sortie établie desktop_width=1280 desktop_height=720
2026-08-06T08:47:28.753141Z  INFO agent::diagnostics::multifenetre::mode_sortie: duplication ouverte et TENUE pendant les tentatives sortie=\\.\DISPLAY5
2026-08-06T08:47:28.753447Z  INFO agent::moniteurs_virtuels::pilote: sortie virtuelle créée id=258 adaptateur_bas=61742 adaptateur_haut=0 guid=9C4A1F6E-2B73-4D51-9E08-677541430002 largeur=1280 hauteur=720 hertz=60
2026-08-06T08:47:31.754820Z  INFO agent::capture::enumeration: adaptateur DXGI sans sortie adaptateur=NVIDIA GeForce RTX 4070 index_adaptateur=1
2026-08-06T08:47:31.754851Z  INFO agent::capture::enumeration: adaptateur DXGI sans sortie adaptateur=Microsoft Basic Render Driver index_adaptateur=2
2026-08-06T08:47:31.754858Z  INFO agent::diagnostics::multifenetre::montee: topologie relevée moment="après création (voisine 1)" nombre=3 attachees=3
2026-08-06T08:47:31.754862Z  INFO agent::diagnostics::multifenetre::montee: sortie moment="après création (voisine 1)" nom=\\.\DISPLAY1 adaptateur=NVIDIA GeForce RTX 4070 index_adaptateur=0 index_sortie=0 attachee=true x=0 y=0 largeur=2400 hauteur=1080
2026-08-06T08:47:31.754866Z  INFO agent::diagnostics::multifenetre::montee: sortie moment="après création (voisine 1)" nom=\\.\DISPLAY5 adaptateur=NVIDIA GeForce RTX 4070 index_adaptateur=0 index_sortie=1 attachee=true x=2400 y=0 largeur=1280 hauteur=720
2026-08-06T08:47:31.754870Z  INFO agent::diagnostics::multifenetre::montee: sortie moment="après création (voisine 1)" nom=\\.\DISPLAY6 adaptateur=NVIDIA GeForce RTX 4070 index_adaptateur=0 index_sortie=2 attachee=true x=3680 y=0 largeur=1280 hauteur=720
2026-08-06T08:47:31.754874Z  INFO agent::diagnostics::multifenetre::capture_virtuelle: sortie virtuelle retenue pour la capture id=258 nom=\\.\DISPLAY6 adaptateur=NVIDIA GeForce RTX 4070 index_adaptateur=0 index_sortie=2 attachee=true x=3680 y=0 largeur_annoncee=1280 hauteur_annoncee=720
2026-08-06T08:47:31.785601Z  INFO agent::diagnostics::multifenetre::mode_sortie::voisines: protection multi-fils activée sur le contexte immédiat D3D11 (voisine) voisine=\\.\DISPLAY6 protection_precedente=false
2026-08-06T08:47:31.785840Z  INFO agent::diagnostics::multifenetre::mode_sortie::voisines: duplication brute ouverte sur une voisine voisine=\\.\DISPLAY6
2026-08-06T08:47:31.785986Z  INFO agent::moniteurs_virtuels::pilote: sortie virtuelle créée id=257 adaptateur_bas=61742 adaptateur_haut=0 guid=9C4A1F6E-2B73-4D51-9E08-677541430003 largeur=1280 hauteur=720 hertz=60
2026-08-06T08:47:34.787546Z  INFO agent::capture::enumeration: adaptateur DXGI sans sortie adaptateur=NVIDIA GeForce RTX 4070 index_adaptateur=1
2026-08-06T08:47:34.787576Z  INFO agent::capture::enumeration: adaptateur DXGI sans sortie adaptateur=Microsoft Basic Render Driver index_adaptateur=2
2026-08-06T08:47:34.787584Z  INFO agent::diagnostics::multifenetre::montee: topologie relevée moment="après création (voisine 2)" nombre=4 attachees=4
2026-08-06T08:47:34.787588Z  INFO agent::diagnostics::multifenetre::montee: sortie moment="après création (voisine 2)" nom=\\.\DISPLAY1 adaptateur=NVIDIA GeForce RTX 4070 index_adaptateur=0 index_sortie=0 attachee=true x=0 y=0 largeur=2400 hauteur=1080
2026-08-06T08:47:34.787592Z  INFO agent::diagnostics::multifenetre::montee: sortie moment="après création (voisine 2)" nom=\\.\DISPLAY5 adaptateur=NVIDIA GeForce RTX 4070 index_adaptateur=0 index_sortie=1 attachee=true x=2400 y=0 largeur=1280 hauteur=720
2026-08-06T08:47:34.787595Z  INFO agent::diagnostics::multifenetre::montee: sortie moment="après création (voisine 2)" nom=\\.\DISPLAY6 adaptateur=NVIDIA GeForce RTX 4070 index_adaptateur=0 index_sortie=2 attachee=true x=3680 y=0 largeur=1280 hauteur=720
2026-08-06T08:47:34.787599Z  INFO agent::diagnostics::multifenetre::montee: sortie moment="après création (voisine 2)" nom=\\.\DISPLAY7 adaptateur=NVIDIA GeForce RTX 4070 index_adaptateur=0 index_sortie=3 attachee=true x=4960 y=0 largeur=1280 hauteur=720
2026-08-06T08:47:34.787603Z  INFO agent::diagnostics::multifenetre::capture_virtuelle: sortie virtuelle retenue pour la capture id=257 nom=\\.\DISPLAY7 adaptateur=NVIDIA GeForce RTX 4070 index_adaptateur=0 index_sortie=3 attachee=true x=4960 y=0 largeur_annoncee=1280 hauteur_annoncee=720
2026-08-06T08:47:34.818324Z  INFO agent::diagnostics::multifenetre::mode_sortie::voisines: protection multi-fils activée sur le contexte immédiat D3D11 (voisine) voisine=\\.\DISPLAY7 protection_precedente=false
2026-08-06T08:47:34.818576Z  INFO agent::diagnostics::multifenetre::mode_sortie::voisines: duplication brute ouverte sur une voisine voisine=\\.\DISPLAY7
2026-08-06T08:47:34.821408Z  INFO agent::diagnostics::multifenetre::mode_sortie: modes annonces (EnumDisplaySettingsExW) avant tout changement nombre=9 largeur_avant_tentative=1280 hauteur_avant_tentative=720 contient_demande=true demande_egale_avant=true modes=[(640, 360), (800, 600), (960, 540), (1280, 720), (1366, 768), (1600, 900), (1920, 1080), (2560, 1440), (3840, 2160)]
2026-08-06T08:47:34.821428Z  WARN agent::diagnostics::multifenetre::mode_sortie: la resolution demandee egale deja la taille courante (persistance registre probable d'une execution anterieure) -- cible substituee dynamiquement parmi les modes annonces largeur_demandee=1280 hauteur_demandee=720 largeur_avant_tentative=1280 hauteur_avant_tentative=720 largeur_cible=3840 hauteur_cible=2160
2026-08-06T08:47:34.863124Z  INFO agent::diagnostics::multifenetre::mode_sortie::combinaisons: combinaison de drapeaux tentee (appel unique) etiquette="aucun drapeau (dynamique, non persisté)" code=0
2026-08-06T08:47:37.864469Z  INFO agent::diagnostics::multifenetre::mode_sortie::voisines: perte d'acces detectee sur une voisine -- reouverture pour continuer a compter voisine=\\.\DISPLAY6 hresult="0x887a0026"
2026-08-06T08:47:37.865764Z  INFO agent::diagnostics::multifenetre::mode_sortie::voisines: perte d'acces detectee sur une voisine -- reouverture pour continuer a compter voisine=\\.\DISPLAY7 hresult="0x887a0026"
2026-08-06T08:47:37.866291Z  INFO agent::capture::enumeration: adaptateur DXGI sans sortie adaptateur=NVIDIA GeForce RTX 4070 index_adaptateur=1
2026-08-06T08:47:37.866316Z  INFO agent::capture::enumeration: adaptateur DXGI sans sortie adaptateur=Microsoft Basic Render Driver index_adaptateur=2
2026-08-06T08:47:37.866322Z  INFO agent::diagnostics::multifenetre::montee: topologie relevée moment="après tentative « aucun drapeau (dynamique, non persisté) »" nombre=4 attachees=4
2026-08-06T08:47:37.866327Z  INFO agent::diagnostics::multifenetre::montee: sortie moment="après tentative « aucun drapeau (dynamique, non persisté) »" nom=\\.\DISPLAY1 adaptateur=NVIDIA GeForce RTX 4070 index_adaptateur=0 index_sortie=0 attachee=true x=0 y=0 largeur=2400 hauteur=1080
2026-08-06T08:47:37.866333Z  INFO agent::diagnostics::multifenetre::montee: sortie moment="après tentative « aucun drapeau (dynamique, non persisté) »" nom=\\.\DISPLAY5 adaptateur=NVIDIA GeForce RTX 4070 index_adaptateur=0 index_sortie=1 attachee=true x=2400 y=0 largeur=2560 hauteur=1440
2026-08-06T08:47:37.866336Z  INFO agent::diagnostics::multifenetre::montee: sortie moment="après tentative « aucun drapeau (dynamique, non persisté) »" nom=\\.\DISPLAY6 adaptateur=NVIDIA GeForce RTX 4070 index_adaptateur=0 index_sortie=2 attachee=true x=3680 y=-720 largeur=1280 hauteur=720
2026-08-06T08:47:37.866339Z  INFO agent::diagnostics::multifenetre::montee: sortie moment="après tentative « aucun drapeau (dynamique, non persisté) »" nom=\\.\DISPLAY7 adaptateur=NVIDIA GeForce RTX 4070 index_adaptateur=0 index_sortie=3 attachee=true x=6240 y=0 largeur=1280 hauteur=720
2026-08-06T08:47:37.866343Z  INFO agent::diagnostics::multifenetre::mode_sortie: relecture DXGI (GetDesc/DesktopCoordinates) apres la tentative etiquette="aucun drapeau (dynamique, non persisté)" code_brut=0 api_annonce_succes=true largeur_relue=2560 hauteur_relue=1440 mouvement=true cible_atteinte=false
2026-08-06T08:47:37.866349Z  INFO agent::diagnostics::multifenetre::mode_sortie: verdict P1 : une sortie virtuelle accepte-t-elle un autre mode que celui de sa creation verdict="P1 RECU" combinaison_gagnante=Some("aucun drapeau (dynamique, non persisté)") code_brut_dernier_essai=0 largeur_avant_tentative=1280 hauteur_avant_tentative=720 largeur_relue=2560 hauteur_relue=1440 largeur_cible=3840 hauteur_cible=2160 mouvement_observe=true cible_exacte_atteinte=false pertes_acces_voisines_pendant_le_tour=2
2026-08-06T08:47:37.866498Z  INFO agent::capture::enumeration: adaptateur DXGI sans sortie adaptateur=NVIDIA GeForce RTX 4070 index_adaptateur=1
2026-08-06T08:47:37.866516Z  INFO agent::capture::enumeration: adaptateur DXGI sans sortie adaptateur=Microsoft Basic Render Driver index_adaptateur=2
2026-08-06T08:47:37.866521Z  INFO agent::diagnostics::multifenetre::montee: topologie relevée moment="après le tour (inconnues annexes)" nombre=4 attachees=4
2026-08-06T08:47:37.866523Z  INFO agent::diagnostics::multifenetre::montee: sortie moment="après le tour (inconnues annexes)" nom=\\.\DISPLAY1 adaptateur=NVIDIA GeForce RTX 4070 index_adaptateur=0 index_sortie=0 attachee=true x=0 y=0 largeur=2400 hauteur=1080
2026-08-06T08:47:37.866526Z  INFO agent::diagnostics::multifenetre::montee: sortie moment="après le tour (inconnues annexes)" nom=\\.\DISPLAY5 adaptateur=NVIDIA GeForce RTX 4070 index_adaptateur=0 index_sortie=1 attachee=true x=2400 y=0 largeur=2560 hauteur=1440
2026-08-06T08:47:37.866530Z  INFO agent::diagnostics::multifenetre::montee: sortie moment="après le tour (inconnues annexes)" nom=\\.\DISPLAY6 adaptateur=NVIDIA GeForce RTX 4070 index_adaptateur=0 index_sortie=2 attachee=true x=3680 y=-720 largeur=1280 hauteur=720
2026-08-06T08:47:37.866532Z  INFO agent::diagnostics::multifenetre::montee: sortie moment="après le tour (inconnues annexes)" nom=\\.\DISPLAY7 adaptateur=NVIDIA GeForce RTX 4070 index_adaptateur=0 index_sortie=3 attachee=true x=6240 y=0 largeur=1280 hauteur=720
2026-08-06T08:47:37.866536Z  INFO agent::diagnostics::multifenetre::mode_sortie: inconnues annexes relevées au même moment que l'éliminatoire pertes_acces_voisines=2 nom_avant=\\.\DISPLAY5 nom_apres=\\.\DISPLAY5 nom_conserve=true
2026-08-06T08:47:37.872742Z  INFO agent::diagnostics::multifenetre::mode_sortie: duplication relâchée — début du témoin sans duplication
2026-08-06T08:47:37.890000Z  INFO agent::moniteurs_virtuels::pilote: sortie virtuelle créée id=262 adaptateur_bas=61742 adaptateur_haut=0 guid=9C4A1F6E-2B73-4D51-9E08-677541430004 largeur=1280 hauteur=720 hertz=60
2026-08-06T08:47:40.891583Z  INFO agent::capture::enumeration: adaptateur DXGI sans sortie adaptateur=NVIDIA GeForce RTX 4070 index_adaptateur=1
2026-08-06T08:47:40.891615Z  INFO agent::capture::enumeration: adaptateur DXGI sans sortie adaptateur=Microsoft Basic Render Driver index_adaptateur=2
2026-08-06T08:47:40.891624Z  INFO agent::diagnostics::multifenetre::montee: topologie relevée moment="après création (témoin)" nombre=5 attachees=5
2026-08-06T08:47:40.891628Z  INFO agent::diagnostics::multifenetre::montee: sortie moment="après création (témoin)" nom=\\.\DISPLAY1 adaptateur=NVIDIA GeForce RTX 4070 index_adaptateur=0 index_sortie=0 attachee=true x=0 y=0 largeur=2400 hauteur=1080
2026-08-06T08:47:40.891633Z  INFO agent::diagnostics::multifenetre::montee: sortie moment="après création (témoin)" nom=\\.\DISPLAY5 adaptateur=NVIDIA GeForce RTX 4070 index_adaptateur=0 index_sortie=1 attachee=true x=2400 y=0 largeur=1280 hauteur=720
2026-08-06T08:47:40.891636Z  INFO agent::diagnostics::multifenetre::montee: sortie moment="après création (témoin)" nom=\\.\DISPLAY6 adaptateur=NVIDIA GeForce RTX 4070 index_adaptateur=0 index_sortie=2 attachee=true x=3680 y=0 largeur=1280 hauteur=720
2026-08-06T08:47:40.891638Z  INFO agent::diagnostics::multifenetre::montee: sortie moment="après création (témoin)" nom=\\.\DISPLAY7 adaptateur=NVIDIA GeForce RTX 4070 index_adaptateur=0 index_sortie=3 attachee=true x=4960 y=0 largeur=1280 hauteur=720
2026-08-06T08:47:40.891641Z  INFO agent::diagnostics::multifenetre::montee: sortie moment="après création (témoin)" nom=\\.\DISPLAY8 adaptateur=NVIDIA GeForce RTX 4070 index_adaptateur=0 index_sortie=4 attachee=true x=6240 y=0 largeur=1280 hauteur=720
2026-08-06T08:47:40.891645Z  INFO agent::diagnostics::multifenetre::capture_virtuelle: sortie virtuelle retenue pour la capture id=262 nom=\\.\DISPLAY8 adaptateur=NVIDIA GeForce RTX 4070 index_adaptateur=0 index_sortie=4 attachee=true x=6240 y=0 largeur_annoncee=1280 hauteur_annoncee=720
2026-08-06T08:47:40.937531Z  INFO agent::diagnostics::multifenetre::mode_sortie::combinaisons: combinaison de drapeaux tentee (appel unique) etiquette="aucun drapeau (dynamique, non persisté)" code=0
2026-08-06T08:47:43.938912Z  INFO agent::capture::enumeration: adaptateur DXGI sans sortie adaptateur=NVIDIA GeForce RTX 4070 index_adaptateur=1
2026-08-06T08:47:43.938943Z  INFO agent::capture::enumeration: adaptateur DXGI sans sortie adaptateur=Microsoft Basic Render Driver index_adaptateur=2
2026-08-06T08:47:43.938952Z  INFO agent::diagnostics::multifenetre::montee: topologie relevée moment="après tentative TÉMOIN « aucun drapeau (dynamique, non persisté) »" nombre=5 attachees=5
2026-08-06T08:47:43.938955Z  INFO agent::diagnostics::multifenetre::montee: sortie moment="après tentative TÉMOIN « aucun drapeau (dynamique, non persisté) »" nom=\\.\DISPLAY1 adaptateur=NVIDIA GeForce RTX 4070 index_adaptateur=0 index_sortie=0 attachee=true x=0 y=0 largeur=2400 hauteur=1080
2026-08-06T08:47:43.938961Z  INFO agent::diagnostics::multifenetre::montee: sortie moment="après tentative TÉMOIN « aucun drapeau (dynamique, non persisté) »" nom=\\.\DISPLAY5 adaptateur=NVIDIA GeForce RTX 4070 index_adaptateur=0 index_sortie=1 attachee=true x=2400 y=0 largeur=1280 hauteur=720
2026-08-06T08:47:43.938964Z  INFO agent::diagnostics::multifenetre::montee: sortie moment="après tentative TÉMOIN « aucun drapeau (dynamique, non persisté) »" nom=\\.\DISPLAY6 adaptateur=NVIDIA GeForce RTX 4070 index_adaptateur=0 index_sortie=2 attachee=true x=3680 y=0 largeur=1280 hauteur=720
2026-08-06T08:47:43.938966Z  INFO agent::diagnostics::multifenetre::montee: sortie moment="après tentative TÉMOIN « aucun drapeau (dynamique, non persisté) »" nom=\\.\DISPLAY7 adaptateur=NVIDIA GeForce RTX 4070 index_adaptateur=0 index_sortie=3 attachee=true x=4960 y=0 largeur=1280 hauteur=720
2026-08-06T08:47:43.938969Z  INFO agent::diagnostics::multifenetre::montee: sortie moment="après tentative TÉMOIN « aucun drapeau (dynamique, non persisté) »" nom=\\.\DISPLAY8 adaptateur=NVIDIA GeForce RTX 4070 index_adaptateur=0 index_sortie=4 attachee=true x=6240 y=0 largeur=2560 hauteur=1440
2026-08-06T08:47:43.938978Z  INFO agent::diagnostics::multifenetre::mode_sortie::temoin: verdict TEMOIN : le meme geste, SANS duplication ouverte, sur une sortie neuve -- departage si un refus de l'eliminatoire vient de la duplication tenue ou du mode choisi etiquette="aucun drapeau (dynamique, non persisté)" code_brut=0 api_annonce_succes=true largeur_avant_tentative=1280 hauteur_avant_tentative=720 largeur_relue=2560 hauteur_relue=1440 largeur_cible=3840 hauteur_cible=2160 mouvement=true verdict="TEMOIN RECU"
2026-08-06T08:47:43.944767Z  INFO agent::moniteurs_virtuels::pilote: sortie virtuelle détruite id=262
2026-08-06T08:47:43.950198Z  INFO agent::moniteurs_virtuels::pilote: sortie virtuelle détruite id=257
2026-08-06T08:47:43.955930Z  INFO agent::moniteurs_virtuels::pilote: sortie virtuelle détruite id=258
2026-08-06T08:47:43.964031Z  INFO agent::moniteurs_virtuels::pilote: sortie virtuelle détruite id=256
2026-08-06T08:47:46.964885Z  INFO agent::capture::enumeration: adaptateur DXGI sans sortie adaptateur=NVIDIA GeForce RTX 4070 index_adaptateur=1
2026-08-06T08:47:46.964917Z  INFO agent::capture::enumeration: adaptateur DXGI sans sortie adaptateur=Microsoft Basic Render Driver index_adaptateur=2
2026-08-06T08:47:46.964926Z  INFO agent::diagnostics::multifenetre::montee: topologie relevée moment="après destruction" nombre=1 attachees=1
2026-08-06T08:47:46.964929Z  INFO agent::diagnostics::multifenetre::montee: sortie moment="après destruction" nom=\\.\DISPLAY1 adaptateur=NVIDIA GeForce RTX 4070 index_adaptateur=0 index_sortie=0 attachee=true x=0 y=0 largeur=2400 hauteur=1080
2026-08-06T08:47:46.964936Z  INFO agent::diagnostics::multifenetre::mode_sortie: état initial restauré — mêmes sorties, nommément noms=["\\\\.\\DISPLAY1"]
