2026-08-06T09:26:32.815310Z  INFO agent: accélération pointeur neutralisée rapport="seuils relus = [0, 0, 0], vitesse relue = 10 (attendu : [0, 0, 0] et 10)"
2026-08-06T09:26:32.817042Z  INFO agent::capture::enumeration: adaptateur DXGI sans sortie adaptateur=NVIDIA GeForce RTX 4070 index_adaptateur=1
2026-08-06T09:26:32.817072Z  INFO agent::capture::enumeration: adaptateur DXGI sans sortie adaptateur=Microsoft Basic Render Driver index_adaptateur=2
2026-08-06T09:26:32.817084Z  INFO agent::diagnostics::multifenetre::montee: topologie relevée moment="avant création" nombre=1 attachees=1
2026-08-06T09:26:32.817094Z  INFO agent::diagnostics::multifenetre::montee: sortie moment="avant création" nom=\\.\DISPLAY1 adaptateur=NVIDIA GeForce RTX 4070 index_adaptateur=0 index_sortie=0 attachee=true x=0 y=0 largeur=2400 hauteur=1080
2026-08-06T09:26:32.818068Z  INFO agent::moniteurs_virtuels::pilote: sortie virtuelle créée id=264 adaptateur_bas=61742 adaptateur_haut=0 guid=9C4A1F6E-2B73-4D51-9E08-677541430001 largeur=1280 hauteur=720 hertz=60
2026-08-06T09:26:35.819715Z  INFO agent::capture::enumeration: adaptateur DXGI sans sortie adaptateur=NVIDIA GeForce RTX 4070 index_adaptateur=1
2026-08-06T09:26:35.819746Z  INFO agent::capture::enumeration: adaptateur DXGI sans sortie adaptateur=Microsoft Basic Render Driver index_adaptateur=2
2026-08-06T09:26:35.819755Z  INFO agent::diagnostics::multifenetre::montee: topologie relevée moment="après création (sortie testée)" nombre=2 attachees=2
2026-08-06T09:26:35.819758Z  INFO agent::diagnostics::multifenetre::montee: sortie moment="après création (sortie testée)" nom=\\.\DISPLAY1 adaptateur=NVIDIA GeForce RTX 4070 index_adaptateur=0 index_sortie=0 attachee=true x=0 y=0 largeur=2400 hauteur=1080
2026-08-06T09:26:35.819762Z  INFO agent::diagnostics::multifenetre::montee: sortie moment="après création (sortie testée)" nom=\\.\DISPLAY5 adaptateur=NVIDIA GeForce RTX 4070 index_adaptateur=0 index_sortie=1 attachee=true x=2400 y=0 largeur=1280 hauteur=720
2026-08-06T09:26:35.819772Z  INFO agent::diagnostics::multifenetre::capture_virtuelle: sortie virtuelle retenue pour la capture id=264 nom=\\.\DISPLAY5 adaptateur=NVIDIA GeForce RTX 4070 index_adaptateur=0 index_sortie=1 attachee=true x=2400 y=0 largeur_annoncee=1280 hauteur_annoncee=720
2026-08-06T09:26:35.819778Z  INFO agent::diagnostics::multifenetre::mode_sortie: sortie de sonde créée -- taille relue par DXGI avant toute tentative de changement nom=\\.\DISPLAY5 largeur_demandee_a_la_creation=1280 hauteur_demandee_a_la_creation=720 largeur_avant_tentative=1280 hauteur_avant_tentative=720
2026-08-06T09:26:35.819886Z  INFO agent::capture::ouverture: sortie retenue pour la duplication adaptateur=NVIDIA GeForce RTX 4070 index_adaptateur=0 index_sortie=1 nom_sortie=\\.\DISPLAY5 attachee=true
2026-08-06T09:26:35.905766Z  INFO agent::capture::ouverture: protection multi-fils activée sur le contexte immédiat D3D11 protection_precedente=false
2026-08-06T09:26:35.906074Z  INFO agent::capture: duplication de sortie établie desktop_width=1280 desktop_height=720
2026-08-06T09:26:35.906084Z  INFO agent::diagnostics::multifenetre::mode_sortie: duplication ouverte et TENUE pendant les tentatives sortie=\\.\DISPLAY5
2026-08-06T09:26:35.906251Z  INFO agent::moniteurs_virtuels::pilote: sortie virtuelle créée id=263 adaptateur_bas=61742 adaptateur_haut=0 guid=9C4A1F6E-2B73-4D51-9E08-677541430002 largeur=1280 hauteur=720 hertz=60
2026-08-06T09:26:38.907864Z  INFO agent::capture::enumeration: adaptateur DXGI sans sortie adaptateur=NVIDIA GeForce RTX 4070 index_adaptateur=1
2026-08-06T09:26:38.907896Z  INFO agent::capture::enumeration: adaptateur DXGI sans sortie adaptateur=Microsoft Basic Render Driver index_adaptateur=2
2026-08-06T09:26:38.907904Z  INFO agent::diagnostics::multifenetre::montee: topologie relevée moment="après création (voisine 1)" nombre=3 attachees=3
2026-08-06T09:26:38.907912Z  INFO agent::diagnostics::multifenetre::montee: sortie moment="après création (voisine 1)" nom=\\.\DISPLAY1 adaptateur=NVIDIA GeForce RTX 4070 index_adaptateur=0 index_sortie=0 attachee=true x=0 y=0 largeur=2400 hauteur=1080
2026-08-06T09:26:38.907917Z  INFO agent::diagnostics::multifenetre::montee: sortie moment="après création (voisine 1)" nom=\\.\DISPLAY5 adaptateur=NVIDIA GeForce RTX 4070 index_adaptateur=0 index_sortie=1 attachee=true x=2400 y=0 largeur=1280 hauteur=720
2026-08-06T09:26:38.907920Z  INFO agent::diagnostics::multifenetre::montee: sortie moment="après création (voisine 1)" nom=\\.\DISPLAY6 adaptateur=NVIDIA GeForce RTX 4070 index_adaptateur=0 index_sortie=2 attachee=true x=3680 y=0 largeur=1280 hauteur=720
2026-08-06T09:26:38.907924Z  INFO agent::diagnostics::multifenetre::capture_virtuelle: sortie virtuelle retenue pour la capture id=263 nom=\\.\DISPLAY6 adaptateur=NVIDIA GeForce RTX 4070 index_adaptateur=0 index_sortie=2 attachee=true x=3680 y=0 largeur_annoncee=1280 hauteur_annoncee=720
2026-08-06T09:26:38.942236Z  INFO agent::diagnostics::multifenetre::mode_sortie::voisines: protection multi-fils activée sur le contexte immédiat D3D11 (voisine) voisine=\\.\DISPLAY6 protection_precedente=false
2026-08-06T09:26:38.942518Z  INFO agent::diagnostics::multifenetre::mode_sortie::voisines: duplication brute ouverte sur une voisine voisine=\\.\DISPLAY6
2026-08-06T09:26:38.942676Z  INFO agent::moniteurs_virtuels::pilote: sortie virtuelle créée id=262 adaptateur_bas=61742 adaptateur_haut=0 guid=9C4A1F6E-2B73-4D51-9E08-677541430003 largeur=1280 hauteur=720 hertz=60
2026-08-06T09:26:41.943857Z  INFO agent::capture::enumeration: adaptateur DXGI sans sortie adaptateur=NVIDIA GeForce RTX 4070 index_adaptateur=1
2026-08-06T09:26:41.943889Z  INFO agent::capture::enumeration: adaptateur DXGI sans sortie adaptateur=Microsoft Basic Render Driver index_adaptateur=2
2026-08-06T09:26:41.943897Z  INFO agent::diagnostics::multifenetre::montee: topologie relevée moment="après création (voisine 2)" nombre=4 attachees=4
2026-08-06T09:26:41.943900Z  INFO agent::diagnostics::multifenetre::montee: sortie moment="après création (voisine 2)" nom=\\.\DISPLAY1 adaptateur=NVIDIA GeForce RTX 4070 index_adaptateur=0 index_sortie=0 attachee=true x=0 y=0 largeur=2400 hauteur=1080
2026-08-06T09:26:41.943905Z  INFO agent::diagnostics::multifenetre::montee: sortie moment="après création (voisine 2)" nom=\\.\DISPLAY5 adaptateur=NVIDIA GeForce RTX 4070 index_adaptateur=0 index_sortie=1 attachee=true x=2400 y=0 largeur=2560 hauteur=1440
2026-08-06T09:26:41.943908Z  INFO agent::diagnostics::multifenetre::montee: sortie moment="après création (voisine 2)" nom=\\.\DISPLAY6 adaptateur=NVIDIA GeForce RTX 4070 index_adaptateur=0 index_sortie=2 attachee=true x=3680 y=-720 largeur=1280 hauteur=720
2026-08-06T09:26:41.943915Z  INFO agent::diagnostics::multifenetre::montee: sortie moment="après création (voisine 2)" nom=\\.\DISPLAY7 adaptateur=NVIDIA GeForce RTX 4070 index_adaptateur=0 index_sortie=3 attachee=true x=6240 y=0 largeur=1280 hauteur=720
2026-08-06T09:26:41.943918Z  INFO agent::diagnostics::multifenetre::capture_virtuelle: sortie virtuelle retenue pour la capture id=262 nom=\\.\DISPLAY7 adaptateur=NVIDIA GeForce RTX 4070 index_adaptateur=0 index_sortie=3 attachee=true x=6240 y=0 largeur_annoncee=1280 hauteur_annoncee=720
2026-08-06T09:26:41.976038Z  INFO agent::diagnostics::multifenetre::mode_sortie::voisines: protection multi-fils activée sur le contexte immédiat D3D11 (voisine) voisine=\\.\DISPLAY7 protection_precedente=false
2026-08-06T09:26:41.976318Z  INFO agent::diagnostics::multifenetre::mode_sortie::voisines: duplication brute ouverte sur une voisine voisine=\\.\DISPLAY7
2026-08-06T09:26:41.979815Z  INFO agent::diagnostics::multifenetre::mode_sortie::eliminatoire: modes annonces (EnumDisplaySettingsExW) avant tout changement nombre=9 largeur_avant_tentative=1280 hauteur_avant_tentative=720 contient_demande=true demande_egale_avant=true modes=[(640, 360), (800, 600), (960, 540), (1280, 720), (1366, 768), (1600, 900), (1920, 1080), (2560, 1440), (3840, 2160)]
2026-08-06T09:26:41.979844Z  WARN agent::diagnostics::multifenetre::mode_sortie::eliminatoire: la resolution demandee egale deja la taille courante (persistance registre probable d'une execution anterieure) -- cible substituee dynamiquement parmi les modes annonces largeur_demandee=1280 hauteur_demandee=720 largeur_avant_tentative=1280 hauteur_avant_tentative=720 largeur_cible=3840 hauteur_cible=2160
2026-08-06T09:26:42.006397Z  INFO agent::diagnostics::multifenetre::mode_sortie::combinaisons: combinaison de drapeaux tentee (appel unique) etiquette="CDS_UPDATEREGISTRY seul" code=0
2026-08-06T09:26:45.008017Z  INFO agent::diagnostics::multifenetre::mode_sortie::voisines: perte d'acces detectee sur une voisine -- reouverture pour continuer a compter voisine=\\.\DISPLAY6 hresult="0x887a0026"
2026-08-06T09:26:45.008876Z  INFO agent::diagnostics::multifenetre::mode_sortie::voisines: perte d'acces detectee sur une voisine -- reouverture pour continuer a compter voisine=\\.\DISPLAY7 hresult="0x887a0026"
2026-08-06T09:26:45.009645Z  INFO agent::capture::enumeration: adaptateur DXGI sans sortie adaptateur=NVIDIA GeForce RTX 4070 index_adaptateur=1
2026-08-06T09:26:45.009670Z  INFO agent::capture::enumeration: adaptateur DXGI sans sortie adaptateur=Microsoft Basic Render Driver index_adaptateur=2
2026-08-06T09:26:45.009678Z  INFO agent::diagnostics::multifenetre::montee: topologie relevée moment="après tentative « CDS_UPDATEREGISTRY seul »" nombre=4 attachees=4
2026-08-06T09:26:45.009682Z  INFO agent::diagnostics::multifenetre::montee: sortie moment="après tentative « CDS_UPDATEREGISTRY seul »" nom=\\.\DISPLAY1 adaptateur=NVIDIA GeForce RTX 4070 index_adaptateur=0 index_sortie=0 attachee=true x=0 y=0 largeur=2400 hauteur=1080
2026-08-06T09:26:45.009685Z  INFO agent::diagnostics::multifenetre::montee: sortie moment="après tentative « CDS_UPDATEREGISTRY seul »" nom=\\.\DISPLAY5 adaptateur=NVIDIA GeForce RTX 4070 index_adaptateur=0 index_sortie=1 attachee=true x=2400 y=0 largeur=2560 hauteur=1440
2026-08-06T09:26:45.009688Z  INFO agent::diagnostics::multifenetre::montee: sortie moment="après tentative « CDS_UPDATEREGISTRY seul »" nom=\\.\DISPLAY6 adaptateur=NVIDIA GeForce RTX 4070 index_adaptateur=0 index_sortie=2 attachee=true x=3680 y=-720 largeur=1280 hauteur=720
2026-08-06T09:26:45.009690Z  INFO agent::diagnostics::multifenetre::montee: sortie moment="après tentative « CDS_UPDATEREGISTRY seul »" nom=\\.\DISPLAY7 adaptateur=NVIDIA GeForce RTX 4070 index_adaptateur=0 index_sortie=3 attachee=true x=6240 y=0 largeur=1280 hauteur=720
2026-08-06T09:26:45.009693Z  INFO agent::diagnostics::multifenetre::mode_sortie::eliminatoire: relecture DXGI (GetDesc/DesktopCoordinates) apres la tentative etiquette="CDS_UPDATEREGISTRY seul" code_brut=0 api_annonce_succes=true largeur_relue=2560 hauteur_relue=1440 mouvement=true cible_atteinte=false
2026-08-06T09:26:45.009696Z  INFO agent::diagnostics::multifenetre::mode_sortie::eliminatoire: verdict P1 : une sortie virtuelle accepte-t-elle un autre mode que celui de sa creation verdict="P1 RECU" combinaison_gagnante=Some("CDS_UPDATEREGISTRY seul") code_brut_dernier_essai=0 largeur_avant_tentative=1280 hauteur_avant_tentative=720 largeur_relue=2560 hauteur_relue=1440 largeur_cible=3840 hauteur_cible=2160 mouvement_observe=true cible_exacte_atteinte=false pertes_acces_voisines_pendant_le_tour=2
2026-08-06T09:26:45.009879Z  INFO agent::capture::enumeration: adaptateur DXGI sans sortie adaptateur=NVIDIA GeForce RTX 4070 index_adaptateur=1
2026-08-06T09:26:45.009897Z  INFO agent::capture::enumeration: adaptateur DXGI sans sortie adaptateur=Microsoft Basic Render Driver index_adaptateur=2
2026-08-06T09:26:45.009905Z  INFO agent::diagnostics::multifenetre::montee: topologie relevée moment="après le tour (inconnues annexes)" nombre=4 attachees=4
2026-08-06T09:26:45.009909Z  INFO agent::diagnostics::multifenetre::montee: sortie moment="après le tour (inconnues annexes)" nom=\\.\DISPLAY1 adaptateur=NVIDIA GeForce RTX 4070 index_adaptateur=0 index_sortie=0 attachee=true x=0 y=0 largeur=2400 hauteur=1080
2026-08-06T09:26:45.009912Z  INFO agent::diagnostics::multifenetre::montee: sortie moment="après le tour (inconnues annexes)" nom=\\.\DISPLAY5 adaptateur=NVIDIA GeForce RTX 4070 index_adaptateur=0 index_sortie=1 attachee=true x=2400 y=0 largeur=2560 hauteur=1440
2026-08-06T09:26:45.009914Z  INFO agent::diagnostics::multifenetre::montee: sortie moment="après le tour (inconnues annexes)" nom=\\.\DISPLAY6 adaptateur=NVIDIA GeForce RTX 4070 index_adaptateur=0 index_sortie=2 attachee=true x=3680 y=-720 largeur=1280 hauteur=720
2026-08-06T09:26:45.009917Z  INFO agent::diagnostics::multifenetre::montee: sortie moment="après le tour (inconnues annexes)" nom=\\.\DISPLAY7 adaptateur=NVIDIA GeForce RTX 4070 index_adaptateur=0 index_sortie=3 attachee=true x=6240 y=0 largeur=1280 hauteur=720
2026-08-06T09:26:45.009922Z  INFO agent::diagnostics::multifenetre::mode_sortie: inconnues annexes relevées au même moment que l'éliminatoire pertes_acces_voisines=2 nom_avant=\\.\DISPLAY5 nom_apres=\\.\DISPLAY5 nom_conserve=true
2026-08-06T09:26:45.016370Z  INFO agent::diagnostics::multifenetre::mode_sortie: duplication relâchée — début du témoin sans duplication
2026-08-06T09:26:45.030966Z  INFO agent::moniteurs_virtuels::pilote: sortie virtuelle créée id=257 adaptateur_bas=61742 adaptateur_haut=0 guid=9C4A1F6E-2B73-4D51-9E08-677541430004 largeur=1280 hauteur=720 hertz=60
2026-08-06T09:26:48.032165Z  INFO agent::capture::enumeration: adaptateur DXGI sans sortie adaptateur=NVIDIA GeForce RTX 4070 index_adaptateur=1
2026-08-06T09:26:48.032195Z  INFO agent::capture::enumeration: adaptateur DXGI sans sortie adaptateur=Microsoft Basic Render Driver index_adaptateur=2
2026-08-06T09:26:48.032203Z  INFO agent::diagnostics::multifenetre::montee: topologie relevée moment="après création (témoin)" nombre=5 attachees=5
2026-08-06T09:26:48.032206Z  INFO agent::diagnostics::multifenetre::montee: sortie moment="après création (témoin)" nom=\\.\DISPLAY1 adaptateur=NVIDIA GeForce RTX 4070 index_adaptateur=0 index_sortie=0 attachee=true x=0 y=0 largeur=2400 hauteur=1080
2026-08-06T09:26:48.032211Z  INFO agent::diagnostics::multifenetre::montee: sortie moment="après création (témoin)" nom=\\.\DISPLAY5 adaptateur=NVIDIA GeForce RTX 4070 index_adaptateur=0 index_sortie=1 attachee=true x=2400 y=0 largeur=1280 hauteur=720
2026-08-06T09:26:48.032214Z  INFO agent::diagnostics::multifenetre::montee: sortie moment="après création (témoin)" nom=\\.\DISPLAY6 adaptateur=NVIDIA GeForce RTX 4070 index_adaptateur=0 index_sortie=2 attachee=true x=3680 y=0 largeur=1280 hauteur=720
2026-08-06T09:26:48.032216Z  INFO agent::diagnostics::multifenetre::montee: sortie moment="après création (témoin)" nom=\\.\DISPLAY7 adaptateur=NVIDIA GeForce RTX 4070 index_adaptateur=0 index_sortie=3 attachee=true x=4960 y=0 largeur=1280 hauteur=720
2026-08-06T09:26:48.032219Z  INFO agent::diagnostics::multifenetre::montee: sortie moment="après création (témoin)" nom=\\.\DISPLAY8 adaptateur=NVIDIA GeForce RTX 4070 index_adaptateur=0 index_sortie=4 attachee=true x=6240 y=0 largeur=2560 hauteur=1440
2026-08-06T09:26:48.032232Z  INFO agent::diagnostics::multifenetre::mode_sortie::persistance: PERSISTANCE : le changement de mode survit-il à la création d'une sortie ? combinaison=Some("CDS_UPDATEREGISTRY seul") avant_creation_l=2560 avant_creation_h=1440 apres_creation_l=1280 apres_creation_h=720 survit=false
2026-08-06T09:26:48.032237Z  INFO agent::diagnostics::multifenetre::capture_virtuelle: sortie virtuelle retenue pour la capture id=257 nom=\\.\DISPLAY8 adaptateur=NVIDIA GeForce RTX 4070 index_adaptateur=0 index_sortie=4 attachee=true x=6240 y=0 largeur_annoncee=2560 hauteur_annoncee=1440
2026-08-06T09:26:48.063257Z  INFO agent::diagnostics::multifenetre::mode_sortie::combinaisons: combinaison de drapeaux tentee (appel unique) etiquette="CDS_UPDATEREGISTRY seul" code=0
2026-08-06T09:26:51.064049Z  INFO agent::capture::enumeration: adaptateur DXGI sans sortie adaptateur=NVIDIA GeForce RTX 4070 index_adaptateur=1
2026-08-06T09:26:51.064079Z  INFO agent::capture::enumeration: adaptateur DXGI sans sortie adaptateur=Microsoft Basic Render Driver index_adaptateur=2
2026-08-06T09:26:51.064087Z  INFO agent::diagnostics::multifenetre::montee: topologie relevée moment="après tentative TÉMOIN « CDS_UPDATEREGISTRY seul »" nombre=5 attachees=5
2026-08-06T09:26:51.064091Z  INFO agent::diagnostics::multifenetre::montee: sortie moment="après tentative TÉMOIN « CDS_UPDATEREGISTRY seul »" nom=\\.\DISPLAY1 adaptateur=NVIDIA GeForce RTX 4070 index_adaptateur=0 index_sortie=0 attachee=true x=0 y=0 largeur=2400 hauteur=1080
2026-08-06T09:26:51.064094Z  INFO agent::diagnostics::multifenetre::montee: sortie moment="après tentative TÉMOIN « CDS_UPDATEREGISTRY seul »" nom=\\.\DISPLAY5 adaptateur=NVIDIA GeForce RTX 4070 index_adaptateur=0 index_sortie=1 attachee=true x=2400 y=0 largeur=1280 hauteur=720
2026-08-06T09:26:51.064097Z  INFO agent::diagnostics::multifenetre::montee: sortie moment="après tentative TÉMOIN « CDS_UPDATEREGISTRY seul »" nom=\\.\DISPLAY6 adaptateur=NVIDIA GeForce RTX 4070 index_adaptateur=0 index_sortie=2 attachee=true x=3680 y=0 largeur=1280 hauteur=720
2026-08-06T09:26:51.064099Z  INFO agent::diagnostics::multifenetre::montee: sortie moment="après tentative TÉMOIN « CDS_UPDATEREGISTRY seul »" nom=\\.\DISPLAY7 adaptateur=NVIDIA GeForce RTX 4070 index_adaptateur=0 index_sortie=3 attachee=true x=4960 y=0 largeur=1280 hauteur=720
2026-08-06T09:26:51.064102Z  INFO agent::diagnostics::multifenetre::montee: sortie moment="après tentative TÉMOIN « CDS_UPDATEREGISTRY seul »" nom=\\.\DISPLAY8 adaptateur=NVIDIA GeForce RTX 4070 index_adaptateur=0 index_sortie=4 attachee=true x=6240 y=0 largeur=2560 hauteur=1440
2026-08-06T09:26:51.064111Z  INFO agent::diagnostics::multifenetre::mode_sortie::temoin: verdict TEMOIN : le meme geste, SANS duplication ouverte, sur une sortie neuve -- departage si un refus de l'eliminatoire vient de la duplication tenue ou du mode choisi etiquette="CDS_UPDATEREGISTRY seul" code_brut=0 api_annonce_succes=true largeur_avant_tentative=2560 hauteur_avant_tentative=1440 largeur_relue=2560 hauteur_relue=1440 largeur_cible=3840 hauteur_cible=2160 mouvement=false verdict="TEMOIN REFUSE"
2026-08-06T09:26:51.071935Z  INFO agent::moniteurs_virtuels::pilote: sortie virtuelle détruite id=257
2026-08-06T09:26:51.080889Z  INFO agent::moniteurs_virtuels::pilote: sortie virtuelle détruite id=262
2026-08-06T09:26:51.087428Z  INFO agent::moniteurs_virtuels::pilote: sortie virtuelle détruite id=263
2026-08-06T09:26:51.099081Z  INFO agent::moniteurs_virtuels::pilote: sortie virtuelle détruite id=264
2026-08-06T09:26:54.100925Z  INFO agent::capture::enumeration: adaptateur DXGI sans sortie adaptateur=NVIDIA GeForce RTX 4070 index_adaptateur=1
2026-08-06T09:26:54.100954Z  INFO agent::capture::enumeration: adaptateur DXGI sans sortie adaptateur=Microsoft Basic Render Driver index_adaptateur=2
2026-08-06T09:26:54.100964Z  INFO agent::diagnostics::multifenetre::montee: topologie relevée moment="après destruction" nombre=1 attachees=1
2026-08-06T09:26:54.100968Z  INFO agent::diagnostics::multifenetre::montee: sortie moment="après destruction" nom=\\.\DISPLAY1 adaptateur=NVIDIA GeForce RTX 4070 index_adaptateur=0 index_sortie=0 attachee=true x=0 y=0 largeur=2400 hauteur=1080
2026-08-06T09:26:54.100975Z  INFO agent::diagnostics::multifenetre::mode_sortie: état initial restauré — mêmes sorties, nommément noms=["\\\\.\\DISPLAY1"]
