2026-08-06T09:25:30.577696Z  INFO agent: accélération pointeur neutralisée rapport="seuils relus = [0, 0, 0], vitesse relue = 10 (attendu : [0, 0, 0] et 10)"
2026-08-06T09:25:30.579387Z  INFO agent::capture::enumeration: adaptateur DXGI sans sortie adaptateur=NVIDIA GeForce RTX 4070 index_adaptateur=1
2026-08-06T09:25:30.579417Z  INFO agent::capture::enumeration: adaptateur DXGI sans sortie adaptateur=Microsoft Basic Render Driver index_adaptateur=2
2026-08-06T09:25:30.579433Z  INFO agent::diagnostics::multifenetre::montee: topologie relevée moment="avant création" nombre=1 attachees=1
2026-08-06T09:25:30.579445Z  INFO agent::diagnostics::multifenetre::montee: sortie moment="avant création" nom=\\.\DISPLAY1 adaptateur=NVIDIA GeForce RTX 4070 index_adaptateur=0 index_sortie=0 attachee=true x=0 y=0 largeur=2400 hauteur=1080
2026-08-06T09:25:30.580595Z  INFO agent::moniteurs_virtuels::pilote: sortie virtuelle créée id=261 adaptateur_bas=61742 adaptateur_haut=0 guid=9C4A1F6E-2B73-4D51-9E08-677541430001 largeur=1280 hauteur=720 hertz=60
2026-08-06T09:25:33.582272Z  INFO agent::capture::enumeration: adaptateur DXGI sans sortie adaptateur=NVIDIA GeForce RTX 4070 index_adaptateur=1
2026-08-06T09:25:33.582301Z  INFO agent::capture::enumeration: adaptateur DXGI sans sortie adaptateur=Microsoft Basic Render Driver index_adaptateur=2
2026-08-06T09:25:33.582310Z  INFO agent::diagnostics::multifenetre::montee: topologie relevée moment="après création (sortie testée)" nombre=2 attachees=2
2026-08-06T09:25:33.582313Z  INFO agent::diagnostics::multifenetre::montee: sortie moment="après création (sortie testée)" nom=\\.\DISPLAY1 adaptateur=NVIDIA GeForce RTX 4070 index_adaptateur=0 index_sortie=0 attachee=true x=0 y=0 largeur=2400 hauteur=1080
2026-08-06T09:25:33.582319Z  INFO agent::diagnostics::multifenetre::montee: sortie moment="après création (sortie testée)" nom=\\.\DISPLAY5 adaptateur=NVIDIA GeForce RTX 4070 index_adaptateur=0 index_sortie=1 attachee=true x=2400 y=0 largeur=1280 hauteur=720
2026-08-06T09:25:33.582323Z  INFO agent::diagnostics::multifenetre::capture_virtuelle: sortie virtuelle retenue pour la capture id=261 nom=\\.\DISPLAY5 adaptateur=NVIDIA GeForce RTX 4070 index_adaptateur=0 index_sortie=1 attachee=true x=2400 y=0 largeur_annoncee=1280 hauteur_annoncee=720
2026-08-06T09:25:33.582328Z  INFO agent::diagnostics::multifenetre::mode_sortie: sortie de sonde créée -- taille relue par DXGI avant toute tentative de changement nom=\\.\DISPLAY5 largeur_demandee_a_la_creation=1280 hauteur_demandee_a_la_creation=720 largeur_avant_tentative=1280 hauteur_avant_tentative=720
2026-08-06T09:25:33.582447Z  INFO agent::capture::ouverture: sortie retenue pour la duplication adaptateur=NVIDIA GeForce RTX 4070 index_adaptateur=0 index_sortie=1 nom_sortie=\\.\DISPLAY5 attachee=true
2026-08-06T09:25:33.668085Z  INFO agent::capture::ouverture: protection multi-fils activée sur le contexte immédiat D3D11 protection_precedente=false
2026-08-06T09:25:33.668385Z  INFO agent::capture: duplication de sortie établie desktop_width=1280 desktop_height=720
2026-08-06T09:25:33.668395Z  INFO agent::diagnostics::multifenetre::mode_sortie: duplication ouverte et TENUE pendant les tentatives sortie=\\.\DISPLAY5
2026-08-06T09:25:33.668525Z  INFO agent::moniteurs_virtuels::pilote: sortie virtuelle créée id=260 adaptateur_bas=61742 adaptateur_haut=0 guid=9C4A1F6E-2B73-4D51-9E08-677541430002 largeur=1280 hauteur=720 hertz=60
2026-08-06T09:25:36.670342Z  INFO agent::capture::enumeration: adaptateur DXGI sans sortie adaptateur=NVIDIA GeForce RTX 4070 index_adaptateur=1
2026-08-06T09:25:36.670373Z  INFO agent::capture::enumeration: adaptateur DXGI sans sortie adaptateur=Microsoft Basic Render Driver index_adaptateur=2
2026-08-06T09:25:36.670381Z  INFO agent::diagnostics::multifenetre::montee: topologie relevée moment="après création (voisine 1)" nombre=3 attachees=3
2026-08-06T09:25:36.670385Z  INFO agent::diagnostics::multifenetre::montee: sortie moment="après création (voisine 1)" nom=\\.\DISPLAY1 adaptateur=NVIDIA GeForce RTX 4070 index_adaptateur=0 index_sortie=0 attachee=true x=0 y=0 largeur=2400 hauteur=1080
2026-08-06T09:25:36.670391Z  INFO agent::diagnostics::multifenetre::montee: sortie moment="après création (voisine 1)" nom=\\.\DISPLAY5 adaptateur=NVIDIA GeForce RTX 4070 index_adaptateur=0 index_sortie=1 attachee=true x=2400 y=0 largeur=1280 hauteur=720
2026-08-06T09:25:36.670396Z  INFO agent::diagnostics::multifenetre::montee: sortie moment="après création (voisine 1)" nom=\\.\DISPLAY6 adaptateur=NVIDIA GeForce RTX 4070 index_adaptateur=0 index_sortie=2 attachee=true x=3680 y=0 largeur=1280 hauteur=720
2026-08-06T09:25:36.670400Z  INFO agent::diagnostics::multifenetre::capture_virtuelle: sortie virtuelle retenue pour la capture id=260 nom=\\.\DISPLAY6 adaptateur=NVIDIA GeForce RTX 4070 index_adaptateur=0 index_sortie=2 attachee=true x=3680 y=0 largeur_annoncee=1280 hauteur_annoncee=720
2026-08-06T09:25:36.702156Z  INFO agent::diagnostics::multifenetre::mode_sortie::voisines: protection multi-fils activée sur le contexte immédiat D3D11 (voisine) voisine=\\.\DISPLAY6 protection_precedente=false
2026-08-06T09:25:36.702399Z  INFO agent::diagnostics::multifenetre::mode_sortie::voisines: duplication brute ouverte sur une voisine voisine=\\.\DISPLAY6
2026-08-06T09:25:36.702550Z  INFO agent::moniteurs_virtuels::pilote: sortie virtuelle créée id=265 adaptateur_bas=61742 adaptateur_haut=0 guid=9C4A1F6E-2B73-4D51-9E08-677541430003 largeur=1280 hauteur=720 hertz=60
2026-08-06T09:25:39.704326Z  INFO agent::capture::enumeration: adaptateur DXGI sans sortie adaptateur=NVIDIA GeForce RTX 4070 index_adaptateur=1
2026-08-06T09:25:39.704357Z  INFO agent::capture::enumeration: adaptateur DXGI sans sortie adaptateur=Microsoft Basic Render Driver index_adaptateur=2
2026-08-06T09:25:39.704365Z  INFO agent::diagnostics::multifenetre::montee: topologie relevée moment="après création (voisine 2)" nombre=4 attachees=4
2026-08-06T09:25:39.704369Z  INFO agent::diagnostics::multifenetre::montee: sortie moment="après création (voisine 2)" nom=\\.\DISPLAY1 adaptateur=NVIDIA GeForce RTX 4070 index_adaptateur=0 index_sortie=0 attachee=true x=0 y=0 largeur=2400 hauteur=1080
2026-08-06T09:25:39.704373Z  INFO agent::diagnostics::multifenetre::montee: sortie moment="après création (voisine 2)" nom=\\.\DISPLAY5 adaptateur=NVIDIA GeForce RTX 4070 index_adaptateur=0 index_sortie=1 attachee=true x=2400 y=0 largeur=1280 hauteur=720
2026-08-06T09:25:39.704376Z  INFO agent::diagnostics::multifenetre::montee: sortie moment="après création (voisine 2)" nom=\\.\DISPLAY6 adaptateur=NVIDIA GeForce RTX 4070 index_adaptateur=0 index_sortie=2 attachee=true x=3680 y=0 largeur=1280 hauteur=720
2026-08-06T09:25:39.704379Z  INFO agent::diagnostics::multifenetre::montee: sortie moment="après création (voisine 2)" nom=\\.\DISPLAY7 adaptateur=NVIDIA GeForce RTX 4070 index_adaptateur=0 index_sortie=3 attachee=true x=4960 y=0 largeur=1280 hauteur=720
2026-08-06T09:25:39.704383Z  INFO agent::diagnostics::multifenetre::capture_virtuelle: sortie virtuelle retenue pour la capture id=265 nom=\\.\DISPLAY7 adaptateur=NVIDIA GeForce RTX 4070 index_adaptateur=0 index_sortie=3 attachee=true x=4960 y=0 largeur_annoncee=1280 hauteur_annoncee=720
2026-08-06T09:25:39.733658Z  INFO agent::diagnostics::multifenetre::mode_sortie::voisines: protection multi-fils activée sur le contexte immédiat D3D11 (voisine) voisine=\\.\DISPLAY7 protection_precedente=false
2026-08-06T09:25:39.733900Z  INFO agent::diagnostics::multifenetre::mode_sortie::voisines: duplication brute ouverte sur une voisine voisine=\\.\DISPLAY7
2026-08-06T09:25:39.737551Z  INFO agent::diagnostics::multifenetre::mode_sortie::eliminatoire: modes annonces (EnumDisplaySettingsExW) avant tout changement nombre=9 largeur_avant_tentative=1280 hauteur_avant_tentative=720 contient_demande=true demande_egale_avant=true modes=[(640, 360), (800, 600), (960, 540), (1280, 720), (1366, 768), (1600, 900), (1920, 1080), (2560, 1440), (3840, 2160)]
2026-08-06T09:25:39.737585Z  WARN agent::diagnostics::multifenetre::mode_sortie::eliminatoire: la resolution demandee egale deja la taille courante (persistance registre probable d'une execution anterieure) -- cible substituee dynamiquement parmi les modes annonces largeur_demandee=1280 hauteur_demandee=720 largeur_avant_tentative=1280 hauteur_avant_tentative=720 largeur_cible=3840 hauteur_cible=2160
2026-08-06T09:25:39.786004Z  INFO agent::diagnostics::multifenetre::mode_sortie::combinaisons: combinaison de drapeaux tentee (appel unique) etiquette="CDS_UPDATEREGISTRY seul" code=0
2026-08-06T09:25:42.787743Z  INFO agent::diagnostics::multifenetre::mode_sortie::voisines: perte d'acces detectee sur une voisine -- reouverture pour continuer a compter voisine=\\.\DISPLAY6 hresult="0x887a0026"
2026-08-06T09:25:42.788913Z  INFO agent::diagnostics::multifenetre::mode_sortie::voisines: perte d'acces detectee sur une voisine -- reouverture pour continuer a compter voisine=\\.\DISPLAY7 hresult="0x887a0026"
2026-08-06T09:25:42.789518Z  INFO agent::capture::enumeration: adaptateur DXGI sans sortie adaptateur=NVIDIA GeForce RTX 4070 index_adaptateur=1
2026-08-06T09:25:42.789542Z  INFO agent::capture::enumeration: adaptateur DXGI sans sortie adaptateur=Microsoft Basic Render Driver index_adaptateur=2
2026-08-06T09:25:42.789550Z  INFO agent::diagnostics::multifenetre::montee: topologie relevée moment="après tentative « CDS_UPDATEREGISTRY seul »" nombre=4 attachees=4
2026-08-06T09:25:42.789555Z  INFO agent::diagnostics::multifenetre::montee: sortie moment="après tentative « CDS_UPDATEREGISTRY seul »" nom=\\.\DISPLAY1 adaptateur=NVIDIA GeForce RTX 4070 index_adaptateur=0 index_sortie=0 attachee=true x=0 y=0 largeur=2400 hauteur=1080
2026-08-06T09:25:42.789559Z  INFO agent::diagnostics::multifenetre::montee: sortie moment="après tentative « CDS_UPDATEREGISTRY seul »" nom=\\.\DISPLAY5 adaptateur=NVIDIA GeForce RTX 4070 index_adaptateur=0 index_sortie=1 attachee=true x=2400 y=0 largeur=2560 hauteur=1440
2026-08-06T09:25:42.789562Z  INFO agent::diagnostics::multifenetre::montee: sortie moment="après tentative « CDS_UPDATEREGISTRY seul »" nom=\\.\DISPLAY6 adaptateur=NVIDIA GeForce RTX 4070 index_adaptateur=0 index_sortie=2 attachee=true x=3680 y=-720 largeur=1280 hauteur=720
2026-08-06T09:25:42.789565Z  INFO agent::diagnostics::multifenetre::montee: sortie moment="après tentative « CDS_UPDATEREGISTRY seul »" nom=\\.\DISPLAY7 adaptateur=NVIDIA GeForce RTX 4070 index_adaptateur=0 index_sortie=3 attachee=true x=6240 y=0 largeur=1280 hauteur=720
2026-08-06T09:25:42.789568Z  INFO agent::diagnostics::multifenetre::mode_sortie::eliminatoire: relecture DXGI (GetDesc/DesktopCoordinates) apres la tentative etiquette="CDS_UPDATEREGISTRY seul" code_brut=0 api_annonce_succes=true largeur_relue=2560 hauteur_relue=1440 mouvement=true cible_atteinte=false
2026-08-06T09:25:42.789571Z  INFO agent::diagnostics::multifenetre::mode_sortie::eliminatoire: verdict P1 : une sortie virtuelle accepte-t-elle un autre mode que celui de sa creation verdict="P1 RECU" combinaison_gagnante=Some("CDS_UPDATEREGISTRY seul") code_brut_dernier_essai=0 largeur_avant_tentative=1280 hauteur_avant_tentative=720 largeur_relue=2560 hauteur_relue=1440 largeur_cible=3840 hauteur_cible=2160 mouvement_observe=true cible_exacte_atteinte=false pertes_acces_voisines_pendant_le_tour=2
2026-08-06T09:25:42.789729Z  INFO agent::capture::enumeration: adaptateur DXGI sans sortie adaptateur=NVIDIA GeForce RTX 4070 index_adaptateur=1
2026-08-06T09:25:42.789747Z  INFO agent::capture::enumeration: adaptateur DXGI sans sortie adaptateur=Microsoft Basic Render Driver index_adaptateur=2
2026-08-06T09:25:42.789754Z  INFO agent::diagnostics::multifenetre::montee: topologie relevée moment="après le tour (inconnues annexes)" nombre=4 attachees=4
2026-08-06T09:25:42.789757Z  INFO agent::diagnostics::multifenetre::montee: sortie moment="après le tour (inconnues annexes)" nom=\\.\DISPLAY1 adaptateur=NVIDIA GeForce RTX 4070 index_adaptateur=0 index_sortie=0 attachee=true x=0 y=0 largeur=2400 hauteur=1080
2026-08-06T09:25:42.789760Z  INFO agent::diagnostics::multifenetre::montee: sortie moment="après le tour (inconnues annexes)" nom=\\.\DISPLAY5 adaptateur=NVIDIA GeForce RTX 4070 index_adaptateur=0 index_sortie=1 attachee=true x=2400 y=0 largeur=2560 hauteur=1440
2026-08-06T09:25:42.789763Z  INFO agent::diagnostics::multifenetre::montee: sortie moment="après le tour (inconnues annexes)" nom=\\.\DISPLAY6 adaptateur=NVIDIA GeForce RTX 4070 index_adaptateur=0 index_sortie=2 attachee=true x=3680 y=-720 largeur=1280 hauteur=720
2026-08-06T09:25:42.789768Z  INFO agent::diagnostics::multifenetre::montee: sortie moment="après le tour (inconnues annexes)" nom=\\.\DISPLAY7 adaptateur=NVIDIA GeForce RTX 4070 index_adaptateur=0 index_sortie=3 attachee=true x=6240 y=0 largeur=1280 hauteur=720
2026-08-06T09:25:42.789772Z  INFO agent::diagnostics::multifenetre::mode_sortie: inconnues annexes relevées au même moment que l'éliminatoire pertes_acces_voisines=2 nom_avant=\\.\DISPLAY5 nom_apres=\\.\DISPLAY5 nom_conserve=true
2026-08-06T09:25:42.796141Z  INFO agent::diagnostics::multifenetre::mode_sortie: duplication relâchée — début du témoin sans duplication
2026-08-06T09:25:42.810558Z  INFO agent::moniteurs_virtuels::pilote: sortie virtuelle créée id=259 adaptateur_bas=61742 adaptateur_haut=0 guid=9C4A1F6E-2B73-4D51-9E08-677541430004 largeur=1280 hauteur=720 hertz=60
2026-08-06T09:25:45.812022Z  INFO agent::capture::enumeration: adaptateur DXGI sans sortie adaptateur=NVIDIA GeForce RTX 4070 index_adaptateur=1
2026-08-06T09:25:45.812061Z  INFO agent::capture::enumeration: adaptateur DXGI sans sortie adaptateur=Microsoft Basic Render Driver index_adaptateur=2
2026-08-06T09:25:45.812070Z  INFO agent::diagnostics::multifenetre::montee: topologie relevée moment="après création (témoin)" nombre=5 attachees=5
2026-08-06T09:25:45.812074Z  INFO agent::diagnostics::multifenetre::montee: sortie moment="après création (témoin)" nom=\\.\DISPLAY1 adaptateur=NVIDIA GeForce RTX 4070 index_adaptateur=0 index_sortie=0 attachee=true x=0 y=0 largeur=2400 hauteur=1080
2026-08-06T09:25:45.812079Z  INFO agent::diagnostics::multifenetre::montee: sortie moment="après création (témoin)" nom=\\.\DISPLAY5 adaptateur=NVIDIA GeForce RTX 4070 index_adaptateur=0 index_sortie=1 attachee=true x=2400 y=0 largeur=1280 hauteur=720
2026-08-06T09:25:45.812084Z  INFO agent::diagnostics::multifenetre::montee: sortie moment="après création (témoin)" nom=\\.\DISPLAY6 adaptateur=NVIDIA GeForce RTX 4070 index_adaptateur=0 index_sortie=2 attachee=true x=3680 y=0 largeur=1280 hauteur=720
2026-08-06T09:25:45.812086Z  INFO agent::diagnostics::multifenetre::montee: sortie moment="après création (témoin)" nom=\\.\DISPLAY7 adaptateur=NVIDIA GeForce RTX 4070 index_adaptateur=0 index_sortie=3 attachee=true x=4960 y=0 largeur=1280 hauteur=720
2026-08-06T09:25:45.812147Z  INFO agent::diagnostics::multifenetre::montee: sortie moment="après création (témoin)" nom=\\.\DISPLAY8 adaptateur=NVIDIA GeForce RTX 4070 index_adaptateur=0 index_sortie=4 attachee=true x=6240 y=0 largeur=1280 hauteur=720
2026-08-06T09:25:45.812155Z  INFO agent::diagnostics::multifenetre::mode_sortie::persistance: PERSISTANCE : le changement de mode survit-il à la création d'une sortie ? combinaison=Some("CDS_UPDATEREGISTRY seul") avant_creation_l=2560 avant_creation_h=1440 apres_creation_l=1280 apres_creation_h=720 survit=false
2026-08-06T09:25:45.812161Z  INFO agent::diagnostics::multifenetre::capture_virtuelle: sortie virtuelle retenue pour la capture id=259 nom=\\.\DISPLAY8 adaptateur=NVIDIA GeForce RTX 4070 index_adaptateur=0 index_sortie=4 attachee=true x=6240 y=0 largeur_annoncee=1280 hauteur_annoncee=720
2026-08-06T09:25:45.859834Z  INFO agent::diagnostics::multifenetre::mode_sortie::combinaisons: combinaison de drapeaux tentee (appel unique) etiquette="CDS_UPDATEREGISTRY seul" code=0
2026-08-06T09:25:48.861045Z  INFO agent::capture::enumeration: adaptateur DXGI sans sortie adaptateur=NVIDIA GeForce RTX 4070 index_adaptateur=1
2026-08-06T09:25:48.861077Z  INFO agent::capture::enumeration: adaptateur DXGI sans sortie adaptateur=Microsoft Basic Render Driver index_adaptateur=2
2026-08-06T09:25:48.861085Z  INFO agent::diagnostics::multifenetre::montee: topologie relevée moment="après tentative TÉMOIN « CDS_UPDATEREGISTRY seul »" nombre=5 attachees=5
2026-08-06T09:25:48.861089Z  INFO agent::diagnostics::multifenetre::montee: sortie moment="après tentative TÉMOIN « CDS_UPDATEREGISTRY seul »" nom=\\.\DISPLAY1 adaptateur=NVIDIA GeForce RTX 4070 index_adaptateur=0 index_sortie=0 attachee=true x=0 y=0 largeur=2400 hauteur=1080
2026-08-06T09:25:48.861092Z  INFO agent::diagnostics::multifenetre::montee: sortie moment="après tentative TÉMOIN « CDS_UPDATEREGISTRY seul »" nom=\\.\DISPLAY5 adaptateur=NVIDIA GeForce RTX 4070 index_adaptateur=0 index_sortie=1 attachee=true x=2400 y=0 largeur=1280 hauteur=720
2026-08-06T09:25:48.861095Z  INFO agent::diagnostics::multifenetre::montee: sortie moment="après tentative TÉMOIN « CDS_UPDATEREGISTRY seul »" nom=\\.\DISPLAY6 adaptateur=NVIDIA GeForce RTX 4070 index_adaptateur=0 index_sortie=2 attachee=true x=3680 y=0 largeur=1280 hauteur=720
2026-08-06T09:25:48.861097Z  INFO agent::diagnostics::multifenetre::montee: sortie moment="après tentative TÉMOIN « CDS_UPDATEREGISTRY seul »" nom=\\.\DISPLAY7 adaptateur=NVIDIA GeForce RTX 4070 index_adaptateur=0 index_sortie=3 attachee=true x=4960 y=0 largeur=1280 hauteur=720
2026-08-06T09:25:48.861099Z  INFO agent::diagnostics::multifenetre::montee: sortie moment="après tentative TÉMOIN « CDS_UPDATEREGISTRY seul »" nom=\\.\DISPLAY8 adaptateur=NVIDIA GeForce RTX 4070 index_adaptateur=0 index_sortie=4 attachee=true x=6240 y=0 largeur=2560 hauteur=1440
2026-08-06T09:25:48.861103Z  INFO agent::diagnostics::multifenetre::mode_sortie::temoin: verdict TEMOIN : le meme geste, SANS duplication ouverte, sur une sortie neuve -- departage si un refus de l'eliminatoire vient de la duplication tenue ou du mode choisi etiquette="CDS_UPDATEREGISTRY seul" code_brut=0 api_annonce_succes=true largeur_avant_tentative=1280 hauteur_avant_tentative=720 largeur_relue=2560 hauteur_relue=1440 largeur_cible=3840 hauteur_cible=2160 mouvement=true verdict="TEMOIN RECU"
2026-08-06T09:25:48.866994Z  INFO agent::moniteurs_virtuels::pilote: sortie virtuelle détruite id=259
2026-08-06T09:25:48.873259Z  INFO agent::moniteurs_virtuels::pilote: sortie virtuelle détruite id=265
2026-08-06T09:25:48.878958Z  INFO agent::moniteurs_virtuels::pilote: sortie virtuelle détruite id=260
2026-08-06T09:25:48.886520Z  INFO agent::moniteurs_virtuels::pilote: sortie virtuelle détruite id=261
2026-08-06T09:25:51.887852Z  INFO agent::capture::enumeration: adaptateur DXGI sans sortie adaptateur=NVIDIA GeForce RTX 4070 index_adaptateur=1
2026-08-06T09:25:51.887890Z  INFO agent::capture::enumeration: adaptateur DXGI sans sortie adaptateur=Microsoft Basic Render Driver index_adaptateur=2
2026-08-06T09:25:51.887898Z  INFO agent::diagnostics::multifenetre::montee: topologie relevée moment="après destruction" nombre=1 attachees=1
2026-08-06T09:25:51.887902Z  INFO agent::diagnostics::multifenetre::montee: sortie moment="après destruction" nom=\\.\DISPLAY1 adaptateur=NVIDIA GeForce RTX 4070 index_adaptateur=0 index_sortie=0 attachee=true x=0 y=0 largeur=2400 hauteur=1080
2026-08-06T09:25:51.887909Z  INFO agent::diagnostics::multifenetre::mode_sortie: état initial restauré — mêmes sorties, nommément noms=["\\\\.\\DISPLAY1"]
