2026-08-06T09:58:03.777798Z  INFO agent: accélération pointeur neutralisée rapport="seuils relus = [0, 0, 0], vitesse relue = 10 (attendu : [0, 0, 0] et 10)"
2026-08-06T09:58:03.780075Z  INFO agent::capture::enumeration: adaptateur DXGI sans sortie adaptateur=NVIDIA GeForce RTX 4070 index_adaptateur=1
2026-08-06T09:58:03.780112Z  INFO agent::capture::enumeration: adaptateur DXGI sans sortie adaptateur=Microsoft Basic Render Driver index_adaptateur=2
2026-08-06T09:58:03.780124Z  INFO agent::diagnostics::multifenetre::montee: topologie relevée moment="avant création" nombre=1 attachees=1
2026-08-06T09:58:03.780137Z  INFO agent::diagnostics::multifenetre::montee: sortie moment="avant création" nom=\\.\DISPLAY1 adaptateur=NVIDIA GeForce RTX 4070 index_adaptateur=0 index_sortie=0 attachee=true x=0 y=0 largeur=2400 hauteur=1080
2026-08-06T09:58:03.781228Z  INFO agent::moniteurs_virtuels::pilote: sortie virtuelle créée id=264 adaptateur_bas=61742 adaptateur_haut=0 guid=9C4A1F6E-2B73-4D51-9E08-677541430001 largeur=1280 hauteur=720 hertz=60
2026-08-06T09:58:06.782688Z  INFO agent::capture::enumeration: adaptateur DXGI sans sortie adaptateur=NVIDIA GeForce RTX 4070 index_adaptateur=1
2026-08-06T09:58:06.782719Z  INFO agent::capture::enumeration: adaptateur DXGI sans sortie adaptateur=Microsoft Basic Render Driver index_adaptateur=2
2026-08-06T09:58:06.782727Z  INFO agent::diagnostics::multifenetre::montee: topologie relevée moment="après création (sortie testée)" nombre=2 attachees=2
2026-08-06T09:58:06.782731Z  INFO agent::diagnostics::multifenetre::montee: sortie moment="après création (sortie testée)" nom=\\.\DISPLAY1 adaptateur=NVIDIA GeForce RTX 4070 index_adaptateur=0 index_sortie=0 attachee=true x=0 y=0 largeur=2400 hauteur=1080
2026-08-06T09:58:06.782736Z  INFO agent::diagnostics::multifenetre::montee: sortie moment="après création (sortie testée)" nom=\\.\DISPLAY5 adaptateur=NVIDIA GeForce RTX 4070 index_adaptateur=0 index_sortie=1 attachee=true x=2400 y=0 largeur=1280 hauteur=720
2026-08-06T09:58:06.782745Z  INFO agent::diagnostics::multifenetre::capture_virtuelle: sortie virtuelle retenue pour la capture id=264 nom=\\.\DISPLAY5 adaptateur=NVIDIA GeForce RTX 4070 index_adaptateur=0 index_sortie=1 attachee=true x=2400 y=0 largeur_annoncee=1280 hauteur_annoncee=720
2026-08-06T09:58:06.782752Z  INFO agent::diagnostics::multifenetre::mode_sortie: sortie de sonde créée -- taille relue par DXGI avant toute tentative de changement nom=\\.\DISPLAY5 largeur_demandee_a_la_creation=1280 hauteur_demandee_a_la_creation=720 largeur_avant_tentative=1280 hauteur_avant_tentative=720
2026-08-06T09:58:06.782866Z  INFO agent::capture::ouverture: sortie retenue pour la duplication adaptateur=NVIDIA GeForce RTX 4070 index_adaptateur=0 index_sortie=1 nom_sortie=\\.\DISPLAY5 attachee=true
2026-08-06T09:58:06.861717Z  INFO agent::capture::ouverture: protection multi-fils activée sur le contexte immédiat D3D11 protection_precedente=false
2026-08-06T09:58:06.862083Z  INFO agent::capture: duplication de sortie établie desktop_width=1280 desktop_height=720
2026-08-06T09:58:06.862095Z  INFO agent::diagnostics::multifenetre::mode_sortie: duplication ouverte et TENUE pendant les tentatives sortie=\\.\DISPLAY5
2026-08-06T09:58:06.862277Z  INFO agent::moniteurs_virtuels::pilote: sortie virtuelle créée id=263 adaptateur_bas=61742 adaptateur_haut=0 guid=9C4A1F6E-2B73-4D51-9E08-677541430002 largeur=1280 hauteur=720 hertz=60
2026-08-06T09:58:09.863779Z  INFO agent::capture::enumeration: adaptateur DXGI sans sortie adaptateur=NVIDIA GeForce RTX 4070 index_adaptateur=1
2026-08-06T09:58:09.863810Z  INFO agent::capture::enumeration: adaptateur DXGI sans sortie adaptateur=Microsoft Basic Render Driver index_adaptateur=2
2026-08-06T09:58:09.863818Z  INFO agent::diagnostics::multifenetre::montee: topologie relevée moment="après création (voisine 1)" nombre=3 attachees=3
2026-08-06T09:58:09.863825Z  INFO agent::diagnostics::multifenetre::montee: sortie moment="après création (voisine 1)" nom=\\.\DISPLAY1 adaptateur=NVIDIA GeForce RTX 4070 index_adaptateur=0 index_sortie=0 attachee=true x=0 y=0 largeur=2400 hauteur=1080
2026-08-06T09:58:09.863830Z  INFO agent::diagnostics::multifenetre::montee: sortie moment="après création (voisine 1)" nom=\\.\DISPLAY5 adaptateur=NVIDIA GeForce RTX 4070 index_adaptateur=0 index_sortie=1 attachee=true x=2400 y=0 largeur=1280 hauteur=720
2026-08-06T09:58:09.863833Z  INFO agent::diagnostics::multifenetre::montee: sortie moment="après création (voisine 1)" nom=\\.\DISPLAY6 adaptateur=NVIDIA GeForce RTX 4070 index_adaptateur=0 index_sortie=2 attachee=true x=3680 y=0 largeur=1280 hauteur=720
2026-08-06T09:58:09.863837Z  INFO agent::diagnostics::multifenetre::capture_virtuelle: sortie virtuelle retenue pour la capture id=263 nom=\\.\DISPLAY6 adaptateur=NVIDIA GeForce RTX 4070 index_adaptateur=0 index_sortie=2 attachee=true x=3680 y=0 largeur_annoncee=1280 hauteur_annoncee=720
2026-08-06T09:58:09.884872Z  INFO agent::diagnostics::multifenetre::mode_sortie::voisines: protection multi-fils activée sur le contexte immédiat D3D11 (voisine) voisine=\\.\DISPLAY6 protection_precedente=false
2026-08-06T09:58:09.885119Z  INFO agent::diagnostics::multifenetre::mode_sortie::voisines: duplication brute ouverte sur une voisine voisine=\\.\DISPLAY6
2026-08-06T09:58:09.885267Z  INFO agent::moniteurs_virtuels::pilote: sortie virtuelle créée id=257 adaptateur_bas=61742 adaptateur_haut=0 guid=9C4A1F6E-2B73-4D51-9E08-677541430003 largeur=1280 hauteur=720 hertz=60
2026-08-06T09:58:12.886477Z  INFO agent::capture::enumeration: adaptateur DXGI sans sortie adaptateur=NVIDIA GeForce RTX 4070 index_adaptateur=1
2026-08-06T09:58:12.886511Z  INFO agent::capture::enumeration: adaptateur DXGI sans sortie adaptateur=Microsoft Basic Render Driver index_adaptateur=2
2026-08-06T09:58:12.886525Z  INFO agent::diagnostics::multifenetre::montee: topologie relevée moment="après création (voisine 2)" nombre=4 attachees=4
2026-08-06T09:58:12.886530Z  INFO agent::diagnostics::multifenetre::montee: sortie moment="après création (voisine 2)" nom=\\.\DISPLAY1 adaptateur=NVIDIA GeForce RTX 4070 index_adaptateur=0 index_sortie=0 attachee=true x=0 y=0 largeur=2400 hauteur=1080
2026-08-06T09:58:12.886537Z  INFO agent::diagnostics::multifenetre::montee: sortie moment="après création (voisine 2)" nom=\\.\DISPLAY5 adaptateur=NVIDIA GeForce RTX 4070 index_adaptateur=0 index_sortie=1 attachee=true x=2400 y=0 largeur=2560 hauteur=1440
2026-08-06T09:58:12.886539Z  INFO agent::diagnostics::multifenetre::montee: sortie moment="après création (voisine 2)" nom=\\.\DISPLAY6 adaptateur=NVIDIA GeForce RTX 4070 index_adaptateur=0 index_sortie=2 attachee=true x=3680 y=-720 largeur=1280 hauteur=720
2026-08-06T09:58:12.886546Z  INFO agent::diagnostics::multifenetre::montee: sortie moment="après création (voisine 2)" nom=\\.\DISPLAY7 adaptateur=NVIDIA GeForce RTX 4070 index_adaptateur=0 index_sortie=3 attachee=true x=4960 y=-720 largeur=1280 hauteur=720
2026-08-06T09:58:12.886550Z  INFO agent::diagnostics::multifenetre::capture_virtuelle: sortie virtuelle retenue pour la capture id=257 nom=\\.\DISPLAY7 adaptateur=NVIDIA GeForce RTX 4070 index_adaptateur=0 index_sortie=3 attachee=true x=4960 y=-720 largeur_annoncee=1280 hauteur_annoncee=720
2026-08-06T09:58:12.921122Z  INFO agent::diagnostics::multifenetre::mode_sortie::voisines: protection multi-fils activée sur le contexte immédiat D3D11 (voisine) voisine=\\.\DISPLAY7 protection_precedente=false
2026-08-06T09:58:12.921401Z  INFO agent::diagnostics::multifenetre::mode_sortie::voisines: duplication brute ouverte sur une voisine voisine=\\.\DISPLAY7
2026-08-06T09:58:12.921806Z  INFO agent::capture::enumeration: adaptateur DXGI sans sortie adaptateur=NVIDIA GeForce RTX 4070 index_adaptateur=1
2026-08-06T09:58:12.921832Z  INFO agent::capture::enumeration: adaptateur DXGI sans sortie adaptateur=Microsoft Basic Render Driver index_adaptateur=2
2026-08-06T09:58:12.921839Z  INFO agent::diagnostics::multifenetre::montee: topologie relevée moment="juste avant le premier essai (relecture fraîche)" nombre=4 attachees=4
2026-08-06T09:58:12.921842Z  INFO agent::diagnostics::multifenetre::montee: sortie moment="juste avant le premier essai (relecture fraîche)" nom=\\.\DISPLAY1 adaptateur=NVIDIA GeForce RTX 4070 index_adaptateur=0 index_sortie=0 attachee=true x=0 y=0 largeur=2400 hauteur=1080
2026-08-06T09:58:12.921845Z  INFO agent::diagnostics::multifenetre::montee: sortie moment="juste avant le premier essai (relecture fraîche)" nom=\\.\DISPLAY5 adaptateur=NVIDIA GeForce RTX 4070 index_adaptateur=0 index_sortie=1 attachee=true x=2400 y=0 largeur=2560 hauteur=1440
2026-08-06T09:58:12.921848Z  INFO agent::diagnostics::multifenetre::montee: sortie moment="juste avant le premier essai (relecture fraîche)" nom=\\.\DISPLAY6 adaptateur=NVIDIA GeForce RTX 4070 index_adaptateur=0 index_sortie=2 attachee=true x=3680 y=-720 largeur=1280 hauteur=720
2026-08-06T09:58:12.921851Z  INFO agent::diagnostics::multifenetre::montee: sortie moment="juste avant le premier essai (relecture fraîche)" nom=\\.\DISPLAY7 adaptateur=NVIDIA GeForce RTX 4070 index_adaptateur=0 index_sortie=3 attachee=true x=4960 y=-720 largeur=1280 hauteur=720
2026-08-06T09:58:12.921864Z  WARN agent::diagnostics::multifenetre::mode_sortie::eliminatoire: la sortie a bouge SANS appel d'API entre sa creation et ce tour -- residu probable d'une execution anterieure ; la relecture FRAICHE sert desormais de reference nom_sortie="\\\\.\\DISPLAY5" largeur_a_la_creation=1280 hauteur_a_la_creation=720 largeur_fraiche=2560 hauteur_fraiche=1440
2026-08-06T09:58:12.925394Z  INFO agent::diagnostics::multifenetre::mode_sortie::eliminatoire: modes annonces (EnumDisplaySettingsExW) avant tout changement nombre=9 largeur_avant_tentative=2560 hauteur_avant_tentative=1440 contient_demande=true demande_egale_avant=false modes=[(640, 360), (800, 600), (960, 540), (1280, 720), (1366, 768), (1600, 900), (1920, 1080), (2560, 1440), (3840, 2160)]
2026-08-06T09:58:12.925414Z  INFO agent::diagnostics::multifenetre::mode_sortie::eliminatoire: cible retenue = resolution demandee (differe deja de la taille courante) largeur_cible=1600 hauteur_cible=900
2026-08-06T09:58:12.972279Z  INFO agent::diagnostics::multifenetre::mode_sortie::combinaisons: combinaison de drapeaux tentee (appel unique) etiquette="aucun drapeau (dynamique, non persisté)" code=0
2026-08-06T09:58:15.973559Z  INFO agent::diagnostics::multifenetre::mode_sortie::voisines: perte d'acces detectee sur une voisine -- reouverture pour continuer a compter voisine=\\.\DISPLAY6 hresult="0x887a0026"
2026-08-06T09:58:15.975200Z  INFO agent::diagnostics::multifenetre::mode_sortie::voisines: perte d'acces detectee sur une voisine -- reouverture pour continuer a compter voisine=\\.\DISPLAY7 hresult="0x887a0026"
2026-08-06T09:58:15.975693Z  INFO agent::capture::enumeration: adaptateur DXGI sans sortie adaptateur=NVIDIA GeForce RTX 4070 index_adaptateur=1
2026-08-06T09:58:15.975718Z  INFO agent::capture::enumeration: adaptateur DXGI sans sortie adaptateur=Microsoft Basic Render Driver index_adaptateur=2
2026-08-06T09:58:15.975727Z  INFO agent::diagnostics::multifenetre::montee: topologie relevée moment="après tentative « aucun drapeau (dynamique, non persisté) »" nombre=4 attachees=4
2026-08-06T09:58:15.975730Z  INFO agent::diagnostics::multifenetre::montee: sortie moment="après tentative « aucun drapeau (dynamique, non persisté) »" nom=\\.\DISPLAY1 adaptateur=NVIDIA GeForce RTX 4070 index_adaptateur=0 index_sortie=0 attachee=true x=0 y=0 largeur=2400 hauteur=1080
2026-08-06T09:58:15.975735Z  INFO agent::diagnostics::multifenetre::montee: sortie moment="après tentative « aucun drapeau (dynamique, non persisté) »" nom=\\.\DISPLAY5 adaptateur=NVIDIA GeForce RTX 4070 index_adaptateur=0 index_sortie=1 attachee=true x=2400 y=0 largeur=1600 hauteur=900
2026-08-06T09:58:15.975738Z  INFO agent::diagnostics::multifenetre::montee: sortie moment="après tentative « aucun drapeau (dynamique, non persisté) »" nom=\\.\DISPLAY6 adaptateur=NVIDIA GeForce RTX 4070 index_adaptateur=0 index_sortie=2 attachee=true x=3680 y=-720 largeur=1280 hauteur=720
2026-08-06T09:58:15.975741Z  INFO agent::diagnostics::multifenetre::montee: sortie moment="après tentative « aucun drapeau (dynamique, non persisté) »" nom=\\.\DISPLAY7 adaptateur=NVIDIA GeForce RTX 4070 index_adaptateur=0 index_sortie=3 attachee=true x=4960 y=-720 largeur=1280 hauteur=720
2026-08-06T09:58:15.975744Z  INFO agent::diagnostics::multifenetre::mode_sortie::eliminatoire: relecture DXGI (GetDesc/DesktopCoordinates) apres la tentative etiquette="aucun drapeau (dynamique, non persisté)" code_brut=0 api_annonce_succes=true largeur_relue=1600 hauteur_relue=900 mouvement=true cible_atteinte=true
2026-08-06T09:58:15.975748Z  INFO agent::diagnostics::multifenetre::mode_sortie::eliminatoire: verdict P1 : une sortie virtuelle accepte-t-elle un autre mode que celui de sa creation verdict="P1 RECU" combinaison_imposee=None combinaison_gagnante=Some("aucun drapeau (dynamique, non persisté)") tentatives_effectuees=1 code_brut_dernier_essai=0 largeur_avant_tentative=2560 hauteur_avant_tentative=1440 largeur_relue=1600 hauteur_relue=900 largeur_cible=1600 hauteur_cible=900 mouvement_observe=true cible_exacte_atteinte=true pertes_acces_voisines_pendant_le_tour=2
2026-08-06T09:58:15.976071Z  INFO agent::capture::enumeration: adaptateur DXGI sans sortie adaptateur=NVIDIA GeForce RTX 4070 index_adaptateur=1
2026-08-06T09:58:15.976090Z  INFO agent::capture::enumeration: adaptateur DXGI sans sortie adaptateur=Microsoft Basic Render Driver index_adaptateur=2
2026-08-06T09:58:15.976096Z  INFO agent::diagnostics::multifenetre::montee: topologie relevée moment="après le tour (inconnues annexes)" nombre=4 attachees=4
2026-08-06T09:58:15.976099Z  INFO agent::diagnostics::multifenetre::montee: sortie moment="après le tour (inconnues annexes)" nom=\\.\DISPLAY1 adaptateur=NVIDIA GeForce RTX 4070 index_adaptateur=0 index_sortie=0 attachee=true x=0 y=0 largeur=2400 hauteur=1080
2026-08-06T09:58:15.976102Z  INFO agent::diagnostics::multifenetre::montee: sortie moment="après le tour (inconnues annexes)" nom=\\.\DISPLAY5 adaptateur=NVIDIA GeForce RTX 4070 index_adaptateur=0 index_sortie=1 attachee=true x=2400 y=0 largeur=1600 hauteur=900
2026-08-06T09:58:15.976104Z  INFO agent::diagnostics::multifenetre::montee: sortie moment="après le tour (inconnues annexes)" nom=\\.\DISPLAY6 adaptateur=NVIDIA GeForce RTX 4070 index_adaptateur=0 index_sortie=2 attachee=true x=3680 y=-720 largeur=1280 hauteur=720
2026-08-06T09:58:15.976107Z  INFO agent::diagnostics::multifenetre::montee: sortie moment="après le tour (inconnues annexes)" nom=\\.\DISPLAY7 adaptateur=NVIDIA GeForce RTX 4070 index_adaptateur=0 index_sortie=3 attachee=true x=4960 y=-720 largeur=1280 hauteur=720
2026-08-06T09:58:15.976110Z  INFO agent::diagnostics::multifenetre::mode_sortie: inconnues annexes relevées au même moment que l'éliminatoire pertes_acces_voisines=2 nom_avant=\\.\DISPLAY5 nom_apres=\\.\DISPLAY5 nom_conserve=true
2026-08-06T09:58:15.982749Z  INFO agent::diagnostics::multifenetre::mode_sortie: duplication relâchée — début du témoin sans duplication
2026-08-06T09:58:15.999467Z  INFO agent::moniteurs_virtuels::pilote: sortie virtuelle créée id=262 adaptateur_bas=61742 adaptateur_haut=0 guid=9C4A1F6E-2B73-4D51-9E08-677541430004 largeur=1280 hauteur=720 hertz=60
2026-08-06T09:58:19.001011Z  INFO agent::capture::enumeration: adaptateur DXGI sans sortie adaptateur=NVIDIA GeForce RTX 4070 index_adaptateur=1
2026-08-06T09:58:19.001047Z  INFO agent::capture::enumeration: adaptateur DXGI sans sortie adaptateur=Microsoft Basic Render Driver index_adaptateur=2
2026-08-06T09:58:19.001056Z  INFO agent::diagnostics::multifenetre::montee: topologie relevée moment="après création (témoin)" nombre=5 attachees=5
2026-08-06T09:58:19.001060Z  INFO agent::diagnostics::multifenetre::montee: sortie moment="après création (témoin)" nom=\\.\DISPLAY1 adaptateur=NVIDIA GeForce RTX 4070 index_adaptateur=0 index_sortie=0 attachee=true x=0 y=0 largeur=2400 hauteur=1080
2026-08-06T09:58:19.001064Z  INFO agent::diagnostics::multifenetre::montee: sortie moment="après création (témoin)" nom=\\.\DISPLAY5 adaptateur=NVIDIA GeForce RTX 4070 index_adaptateur=0 index_sortie=1 attachee=true x=2400 y=0 largeur=1280 hauteur=720
2026-08-06T09:58:19.001067Z  INFO agent::diagnostics::multifenetre::montee: sortie moment="après création (témoin)" nom=\\.\DISPLAY6 adaptateur=NVIDIA GeForce RTX 4070 index_adaptateur=0 index_sortie=2 attachee=true x=3680 y=0 largeur=1280 hauteur=720
2026-08-06T09:58:19.001071Z  INFO agent::diagnostics::multifenetre::montee: sortie moment="après création (témoin)" nom=\\.\DISPLAY7 adaptateur=NVIDIA GeForce RTX 4070 index_adaptateur=0 index_sortie=3 attachee=true x=4960 y=0 largeur=1280 hauteur=720
2026-08-06T09:58:19.001073Z  INFO agent::diagnostics::multifenetre::montee: sortie moment="après création (témoin)" nom=\\.\DISPLAY8 adaptateur=NVIDIA GeForce RTX 4070 index_adaptateur=0 index_sortie=4 attachee=true x=6240 y=0 largeur=2560 hauteur=1440
2026-08-06T09:58:19.001084Z  INFO agent::diagnostics::multifenetre::mode_sortie::persistance: PERSISTANCE : le changement de mode survit-il à la création d'une sortie ? combinaison_imposee=None combinaison_gagnante=Some("aucun drapeau (dynamique, non persisté)") avant_creation_mesurable=true avant_creation_l=1600 avant_creation_h=900 apres_creation_mesurable=true apres_creation_l=1280 apres_creation_h=720 survit="false"
2026-08-06T09:58:19.001092Z  INFO agent::diagnostics::multifenetre::capture_virtuelle: sortie virtuelle retenue pour la capture id=262 nom=\\.\DISPLAY8 adaptateur=NVIDIA GeForce RTX 4070 index_adaptateur=0 index_sortie=4 attachee=true x=6240 y=0 largeur_annoncee=2560 hauteur_annoncee=1440
2026-08-06T09:58:19.048634Z  INFO agent::diagnostics::multifenetre::mode_sortie::combinaisons: combinaison de drapeaux tentee (appel unique) etiquette="aucun drapeau (dynamique, non persisté)" code=0
2026-08-06T09:58:22.049871Z  INFO agent::capture::enumeration: adaptateur DXGI sans sortie adaptateur=NVIDIA GeForce RTX 4070 index_adaptateur=1
2026-08-06T09:58:22.049903Z  INFO agent::capture::enumeration: adaptateur DXGI sans sortie adaptateur=Microsoft Basic Render Driver index_adaptateur=2
2026-08-06T09:58:22.049912Z  INFO agent::diagnostics::multifenetre::montee: topologie relevée moment="après tentative TÉMOIN « aucun drapeau (dynamique, non persisté) »" nombre=5 attachees=5
2026-08-06T09:58:22.049916Z  INFO agent::diagnostics::multifenetre::montee: sortie moment="après tentative TÉMOIN « aucun drapeau (dynamique, non persisté) »" nom=\\.\DISPLAY1 adaptateur=NVIDIA GeForce RTX 4070 index_adaptateur=0 index_sortie=0 attachee=true x=0 y=0 largeur=2400 hauteur=1080
2026-08-06T09:58:22.049920Z  INFO agent::diagnostics::multifenetre::montee: sortie moment="après tentative TÉMOIN « aucun drapeau (dynamique, non persisté) »" nom=\\.\DISPLAY5 adaptateur=NVIDIA GeForce RTX 4070 index_adaptateur=0 index_sortie=1 attachee=true x=2400 y=0 largeur=1280 hauteur=720
2026-08-06T09:58:22.049923Z  INFO agent::diagnostics::multifenetre::montee: sortie moment="après tentative TÉMOIN « aucun drapeau (dynamique, non persisté) »" nom=\\.\DISPLAY6 adaptateur=NVIDIA GeForce RTX 4070 index_adaptateur=0 index_sortie=2 attachee=true x=3680 y=0 largeur=1280 hauteur=720
2026-08-06T09:58:22.049926Z  INFO agent::diagnostics::multifenetre::montee: sortie moment="après tentative TÉMOIN « aucun drapeau (dynamique, non persisté) »" nom=\\.\DISPLAY7 adaptateur=NVIDIA GeForce RTX 4070 index_adaptateur=0 index_sortie=3 attachee=true x=4960 y=0 largeur=1280 hauteur=720
2026-08-06T09:58:22.049929Z  INFO agent::diagnostics::multifenetre::montee: sortie moment="après tentative TÉMOIN « aucun drapeau (dynamique, non persisté) »" nom=\\.\DISPLAY8 adaptateur=NVIDIA GeForce RTX 4070 index_adaptateur=0 index_sortie=4 attachee=true x=6240 y=0 largeur=1600 hauteur=900
2026-08-06T09:58:22.049932Z  INFO agent::diagnostics::multifenetre::mode_sortie::temoin: verdict TEMOIN : le meme geste, SANS duplication ouverte, sur une sortie neuve -- departage si un refus de l'eliminatoire vient de la duplication tenue ou du mode choisi etiquette="aucun drapeau (dynamique, non persisté)" code_brut=0 api_annonce_succes=true largeur_avant_tentative=2560 hauteur_avant_tentative=1440 largeur_relue=1600 hauteur_relue=900 largeur_cible=1600 hauteur_cible=900 mouvement=true verdict="TEMOIN RECU"
2026-08-06T09:58:22.055972Z  INFO agent::moniteurs_virtuels::pilote: sortie virtuelle détruite id=262
2026-08-06T09:58:22.060946Z  INFO agent::moniteurs_virtuels::pilote: sortie virtuelle détruite id=257
2026-08-06T09:58:22.066291Z  INFO agent::moniteurs_virtuels::pilote: sortie virtuelle détruite id=263
2026-08-06T09:58:22.073130Z  INFO agent::moniteurs_virtuels::pilote: sortie virtuelle détruite id=264
2026-08-06T09:58:25.074271Z  INFO agent::capture::enumeration: adaptateur DXGI sans sortie adaptateur=NVIDIA GeForce RTX 4070 index_adaptateur=1
2026-08-06T09:58:25.074303Z  INFO agent::capture::enumeration: adaptateur DXGI sans sortie adaptateur=Microsoft Basic Render Driver index_adaptateur=2
2026-08-06T09:58:25.074311Z  INFO agent::diagnostics::multifenetre::montee: topologie relevée moment="après destruction" nombre=1 attachees=1
2026-08-06T09:58:25.074315Z  INFO agent::diagnostics::multifenetre::montee: sortie moment="après destruction" nom=\\.\DISPLAY1 adaptateur=NVIDIA GeForce RTX 4070 index_adaptateur=0 index_sortie=0 attachee=true x=0 y=0 largeur=2400 hauteur=1080
2026-08-06T09:58:25.074321Z  INFO agent::diagnostics::multifenetre::mode_sortie: état initial restauré — mêmes sorties, nommément noms=["\\\\.\\DISPLAY1"]
