2026-08-06T09:56:52.528128Z  INFO agent: accélération pointeur neutralisée rapport="seuils relus = [0, 0, 0], vitesse relue = 10 (attendu : [0, 0, 0] et 10)"
2026-08-06T09:56:52.529965Z  INFO agent::capture::enumeration: adaptateur DXGI sans sortie adaptateur=NVIDIA GeForce RTX 4070 index_adaptateur=1
2026-08-06T09:56:52.529995Z  INFO agent::capture::enumeration: adaptateur DXGI sans sortie adaptateur=Microsoft Basic Render Driver index_adaptateur=2
2026-08-06T09:56:52.530005Z  INFO agent::diagnostics::multifenetre::montee: topologie relevée moment="avant création" nombre=1 attachees=1
2026-08-06T09:56:52.530013Z  INFO agent::diagnostics::multifenetre::montee: sortie moment="avant création" nom=\\.\DISPLAY1 adaptateur=NVIDIA GeForce RTX 4070 index_adaptateur=0 index_sortie=0 attachee=true x=0 y=0 largeur=2400 hauteur=1080
2026-08-06T09:56:52.531036Z  INFO agent::moniteurs_virtuels::pilote: sortie virtuelle créée id=261 adaptateur_bas=61742 adaptateur_haut=0 guid=9C4A1F6E-2B73-4D51-9E08-677541430001 largeur=1280 hauteur=720 hertz=60
2026-08-06T09:56:55.532599Z  INFO agent::capture::enumeration: adaptateur DXGI sans sortie adaptateur=NVIDIA GeForce RTX 4070 index_adaptateur=1
2026-08-06T09:56:55.532632Z  INFO agent::capture::enumeration: adaptateur DXGI sans sortie adaptateur=Microsoft Basic Render Driver index_adaptateur=2
2026-08-06T09:56:55.532640Z  INFO agent::diagnostics::multifenetre::montee: topologie relevée moment="après création (sortie testée)" nombre=2 attachees=2
2026-08-06T09:56:55.532644Z  INFO agent::diagnostics::multifenetre::montee: sortie moment="après création (sortie testée)" nom=\\.\DISPLAY1 adaptateur=NVIDIA GeForce RTX 4070 index_adaptateur=0 index_sortie=0 attachee=true x=0 y=0 largeur=2400 hauteur=1080
2026-08-06T09:56:55.532649Z  INFO agent::diagnostics::multifenetre::montee: sortie moment="après création (sortie testée)" nom=\\.\DISPLAY5 adaptateur=NVIDIA GeForce RTX 4070 index_adaptateur=0 index_sortie=1 attachee=true x=2400 y=0 largeur=1280 hauteur=720
2026-08-06T09:56:55.532659Z  INFO agent::diagnostics::multifenetre::capture_virtuelle: sortie virtuelle retenue pour la capture id=261 nom=\\.\DISPLAY5 adaptateur=NVIDIA GeForce RTX 4070 index_adaptateur=0 index_sortie=1 attachee=true x=2400 y=0 largeur_annoncee=1280 hauteur_annoncee=720
2026-08-06T09:56:55.532665Z  INFO agent::diagnostics::multifenetre::mode_sortie: sortie de sonde créée -- taille relue par DXGI avant toute tentative de changement nom=\\.\DISPLAY5 largeur_demandee_a_la_creation=1280 hauteur_demandee_a_la_creation=720 largeur_avant_tentative=1280 hauteur_avant_tentative=720
2026-08-06T09:56:55.532783Z  INFO agent::capture::ouverture: sortie retenue pour la duplication adaptateur=NVIDIA GeForce RTX 4070 index_adaptateur=0 index_sortie=1 nom_sortie=\\.\DISPLAY5 attachee=true
2026-08-06T09:56:55.631543Z  INFO agent::capture::ouverture: protection multi-fils activée sur le contexte immédiat D3D11 protection_precedente=false
2026-08-06T09:56:55.631843Z  INFO agent::capture: duplication de sortie établie desktop_width=1280 desktop_height=720
2026-08-06T09:56:55.631855Z  INFO agent::diagnostics::multifenetre::mode_sortie: duplication ouverte et TENUE pendant les tentatives sortie=\\.\DISPLAY5
2026-08-06T09:56:55.632023Z  INFO agent::moniteurs_virtuels::pilote: sortie virtuelle créée id=260 adaptateur_bas=61742 adaptateur_haut=0 guid=9C4A1F6E-2B73-4D51-9E08-677541430002 largeur=1280 hauteur=720 hertz=60
2026-08-06T09:56:58.633449Z  INFO agent::capture::enumeration: adaptateur DXGI sans sortie adaptateur=NVIDIA GeForce RTX 4070 index_adaptateur=1
2026-08-06T09:56:58.633482Z  INFO agent::capture::enumeration: adaptateur DXGI sans sortie adaptateur=Microsoft Basic Render Driver index_adaptateur=2
2026-08-06T09:56:58.633490Z  INFO agent::diagnostics::multifenetre::montee: topologie relevée moment="après création (voisine 1)" nombre=3 attachees=3
2026-08-06T09:56:58.633498Z  INFO agent::diagnostics::multifenetre::montee: sortie moment="après création (voisine 1)" nom=\\.\DISPLAY1 adaptateur=NVIDIA GeForce RTX 4070 index_adaptateur=0 index_sortie=0 attachee=true x=0 y=0 largeur=2400 hauteur=1080
2026-08-06T09:56:58.633503Z  INFO agent::diagnostics::multifenetre::montee: sortie moment="après création (voisine 1)" nom=\\.\DISPLAY5 adaptateur=NVIDIA GeForce RTX 4070 index_adaptateur=0 index_sortie=1 attachee=true x=2400 y=0 largeur=1280 hauteur=720
2026-08-06T09:56:58.633507Z  INFO agent::diagnostics::multifenetre::montee: sortie moment="après création (voisine 1)" nom=\\.\DISPLAY6 adaptateur=NVIDIA GeForce RTX 4070 index_adaptateur=0 index_sortie=2 attachee=true x=3680 y=0 largeur=1280 hauteur=720
2026-08-06T09:56:58.633510Z  INFO agent::diagnostics::multifenetre::capture_virtuelle: sortie virtuelle retenue pour la capture id=260 nom=\\.\DISPLAY6 adaptateur=NVIDIA GeForce RTX 4070 index_adaptateur=0 index_sortie=2 attachee=true x=3680 y=0 largeur_annoncee=1280 hauteur_annoncee=720
2026-08-06T09:56:58.665099Z  INFO agent::diagnostics::multifenetre::mode_sortie::voisines: protection multi-fils activée sur le contexte immédiat D3D11 (voisine) voisine=\\.\DISPLAY6 protection_precedente=false
2026-08-06T09:56:58.665349Z  INFO agent::diagnostics::multifenetre::mode_sortie::voisines: duplication brute ouverte sur une voisine voisine=\\.\DISPLAY6
2026-08-06T09:56:58.665543Z  INFO agent::moniteurs_virtuels::pilote: sortie virtuelle créée id=259 adaptateur_bas=61742 adaptateur_haut=0 guid=9C4A1F6E-2B73-4D51-9E08-677541430003 largeur=1280 hauteur=720 hertz=60
2026-08-06T09:57:01.667008Z  INFO agent::capture::enumeration: adaptateur DXGI sans sortie adaptateur=NVIDIA GeForce RTX 4070 index_adaptateur=1
2026-08-06T09:57:01.667040Z  INFO agent::capture::enumeration: adaptateur DXGI sans sortie adaptateur=Microsoft Basic Render Driver index_adaptateur=2
2026-08-06T09:57:01.667048Z  INFO agent::diagnostics::multifenetre::montee: topologie relevée moment="après création (voisine 2)" nombre=4 attachees=4
2026-08-06T09:57:01.667051Z  INFO agent::diagnostics::multifenetre::montee: sortie moment="après création (voisine 2)" nom=\\.\DISPLAY1 adaptateur=NVIDIA GeForce RTX 4070 index_adaptateur=0 index_sortie=0 attachee=true x=0 y=0 largeur=2400 hauteur=1080
2026-08-06T09:57:01.667057Z  INFO agent::diagnostics::multifenetre::montee: sortie moment="après création (voisine 2)" nom=\\.\DISPLAY5 adaptateur=NVIDIA GeForce RTX 4070 index_adaptateur=0 index_sortie=1 attachee=true x=2400 y=0 largeur=1920 hauteur=1080
2026-08-06T09:57:01.667061Z  INFO agent::diagnostics::multifenetre::montee: sortie moment="après création (voisine 2)" nom=\\.\DISPLAY6 adaptateur=NVIDIA GeForce RTX 4070 index_adaptateur=0 index_sortie=2 attachee=true x=3680 y=-720 largeur=1280 hauteur=720
2026-08-06T09:57:01.667068Z  INFO agent::diagnostics::multifenetre::montee: sortie moment="après création (voisine 2)" nom=\\.\DISPLAY7 adaptateur=NVIDIA GeForce RTX 4070 index_adaptateur=0 index_sortie=3 attachee=true x=4320 y=0 largeur=1280 hauteur=720
2026-08-06T09:57:01.667072Z  INFO agent::diagnostics::multifenetre::capture_virtuelle: sortie virtuelle retenue pour la capture id=259 nom=\\.\DISPLAY7 adaptateur=NVIDIA GeForce RTX 4070 index_adaptateur=0 index_sortie=3 attachee=true x=4320 y=0 largeur_annoncee=1280 hauteur_annoncee=720
2026-08-06T09:57:01.689706Z  INFO agent::diagnostics::multifenetre::mode_sortie::voisines: protection multi-fils activée sur le contexte immédiat D3D11 (voisine) voisine=\\.\DISPLAY7 protection_precedente=false
2026-08-06T09:57:01.689967Z  INFO agent::diagnostics::multifenetre::mode_sortie::voisines: duplication brute ouverte sur une voisine voisine=\\.\DISPLAY7
2026-08-06T09:57:01.690262Z  INFO agent::capture::enumeration: adaptateur DXGI sans sortie adaptateur=NVIDIA GeForce RTX 4070 index_adaptateur=1
2026-08-06T09:57:01.690283Z  INFO agent::capture::enumeration: adaptateur DXGI sans sortie adaptateur=Microsoft Basic Render Driver index_adaptateur=2
2026-08-06T09:57:01.690292Z  INFO agent::diagnostics::multifenetre::montee: topologie relevée moment="juste avant le premier essai (relecture fraîche)" nombre=4 attachees=4
2026-08-06T09:57:01.690297Z  INFO agent::diagnostics::multifenetre::montee: sortie moment="juste avant le premier essai (relecture fraîche)" nom=\\.\DISPLAY1 adaptateur=NVIDIA GeForce RTX 4070 index_adaptateur=0 index_sortie=0 attachee=true x=0 y=0 largeur=2400 hauteur=1080
2026-08-06T09:57:01.690301Z  INFO agent::diagnostics::multifenetre::montee: sortie moment="juste avant le premier essai (relecture fraîche)" nom=\\.\DISPLAY5 adaptateur=NVIDIA GeForce RTX 4070 index_adaptateur=0 index_sortie=1 attachee=true x=2400 y=0 largeur=1920 hauteur=1080
2026-08-06T09:57:01.690305Z  INFO agent::diagnostics::multifenetre::montee: sortie moment="juste avant le premier essai (relecture fraîche)" nom=\\.\DISPLAY6 adaptateur=NVIDIA GeForce RTX 4070 index_adaptateur=0 index_sortie=2 attachee=true x=3680 y=-720 largeur=1280 hauteur=720
2026-08-06T09:57:01.690308Z  INFO agent::diagnostics::multifenetre::montee: sortie moment="juste avant le premier essai (relecture fraîche)" nom=\\.\DISPLAY7 adaptateur=NVIDIA GeForce RTX 4070 index_adaptateur=0 index_sortie=3 attachee=true x=4320 y=0 largeur=1280 hauteur=720
2026-08-06T09:57:01.690320Z  WARN agent::diagnostics::multifenetre::mode_sortie::eliminatoire: la sortie a bouge SANS appel d'API entre sa creation et ce tour -- residu probable d'une execution anterieure ; la relecture FRAICHE sert desormais de reference nom_sortie="\\\\.\\DISPLAY5" largeur_a_la_creation=1280 hauteur_a_la_creation=720 largeur_fraiche=1920 hauteur_fraiche=1080
2026-08-06T09:57:01.693458Z  INFO agent::diagnostics::multifenetre::mode_sortie::eliminatoire: modes annonces (EnumDisplaySettingsExW) avant tout changement nombre=9 largeur_avant_tentative=1920 hauteur_avant_tentative=1080 contient_demande=true demande_egale_avant=true modes=[(640, 360), (800, 600), (960, 540), (1280, 720), (1366, 768), (1600, 900), (1920, 1080), (2560, 1440), (3840, 2160)]
2026-08-06T09:57:01.693478Z  WARN agent::diagnostics::multifenetre::mode_sortie::eliminatoire: la resolution demandee egale deja la taille courante (persistance registre probable d'une execution anterieure) -- cible substituee dynamiquement parmi les modes annonces largeur_demandee=1920 hauteur_demandee=1080 largeur_avant_tentative=1920 hauteur_avant_tentative=1080 largeur_cible=3840 hauteur_cible=2160
2026-08-06T09:57:01.741400Z  INFO agent::diagnostics::multifenetre::mode_sortie::combinaisons: combinaison de drapeaux tentee (appel unique) etiquette="CDS_UPDATEREGISTRY seul" code=0
2026-08-06T09:57:04.743189Z  INFO agent::diagnostics::multifenetre::mode_sortie::voisines: perte d'acces detectee sur une voisine -- reouverture pour continuer a compter voisine=\\.\DISPLAY6 hresult="0x887a0026"
2026-08-06T09:57:04.744476Z  INFO agent::diagnostics::multifenetre::mode_sortie::voisines: perte d'acces detectee sur une voisine -- reouverture pour continuer a compter voisine=\\.\DISPLAY7 hresult="0x887a0026"
2026-08-06T09:57:04.744946Z  INFO agent::capture::enumeration: adaptateur DXGI sans sortie adaptateur=NVIDIA GeForce RTX 4070 index_adaptateur=1
2026-08-06T09:57:04.744971Z  INFO agent::capture::enumeration: adaptateur DXGI sans sortie adaptateur=Microsoft Basic Render Driver index_adaptateur=2
2026-08-06T09:57:04.744981Z  INFO agent::diagnostics::multifenetre::montee: topologie relevée moment="après tentative « CDS_UPDATEREGISTRY seul »" nombre=4 attachees=4
2026-08-06T09:57:04.744986Z  INFO agent::diagnostics::multifenetre::montee: sortie moment="après tentative « CDS_UPDATEREGISTRY seul »" nom=\\.\DISPLAY1 adaptateur=NVIDIA GeForce RTX 4070 index_adaptateur=0 index_sortie=0 attachee=true x=0 y=0 largeur=2400 hauteur=1080
2026-08-06T09:57:04.744990Z  INFO agent::diagnostics::multifenetre::montee: sortie moment="après tentative « CDS_UPDATEREGISTRY seul »" nom=\\.\DISPLAY5 adaptateur=NVIDIA GeForce RTX 4070 index_adaptateur=0 index_sortie=1 attachee=true x=2400 y=0 largeur=2560 hauteur=1440
2026-08-06T09:57:04.744993Z  INFO agent::diagnostics::multifenetre::montee: sortie moment="après tentative « CDS_UPDATEREGISTRY seul »" nom=\\.\DISPLAY6 adaptateur=NVIDIA GeForce RTX 4070 index_adaptateur=0 index_sortie=2 attachee=true x=3680 y=-720 largeur=1280 hauteur=720
2026-08-06T09:57:04.744996Z  INFO agent::diagnostics::multifenetre::montee: sortie moment="après tentative « CDS_UPDATEREGISTRY seul »" nom=\\.\DISPLAY7 adaptateur=NVIDIA GeForce RTX 4070 index_adaptateur=0 index_sortie=3 attachee=true x=4960 y=-720 largeur=1280 hauteur=720
2026-08-06T09:57:04.744999Z  INFO agent::diagnostics::multifenetre::mode_sortie::eliminatoire: relecture DXGI (GetDesc/DesktopCoordinates) apres la tentative etiquette="CDS_UPDATEREGISTRY seul" code_brut=0 api_annonce_succes=true largeur_relue=2560 hauteur_relue=1440 mouvement=true cible_atteinte=false
2026-08-06T09:57:04.745003Z  INFO agent::diagnostics::multifenetre::mode_sortie::eliminatoire: verdict P1 : une sortie virtuelle accepte-t-elle un autre mode que celui de sa creation verdict="P1 RECU" combinaison_imposee=Some("CDS_UPDATEREGISTRY seul") combinaison_gagnante=Some("CDS_UPDATEREGISTRY seul") tentatives_effectuees=1 code_brut_dernier_essai=0 largeur_avant_tentative=1920 hauteur_avant_tentative=1080 largeur_relue=2560 hauteur_relue=1440 largeur_cible=3840 hauteur_cible=2160 mouvement_observe=true cible_exacte_atteinte=false pertes_acces_voisines_pendant_le_tour=2
2026-08-06T09:57:04.745185Z  INFO agent::capture::enumeration: adaptateur DXGI sans sortie adaptateur=NVIDIA GeForce RTX 4070 index_adaptateur=1
2026-08-06T09:57:04.745203Z  INFO agent::capture::enumeration: adaptateur DXGI sans sortie adaptateur=Microsoft Basic Render Driver index_adaptateur=2
2026-08-06T09:57:04.745210Z  INFO agent::diagnostics::multifenetre::montee: topologie relevée moment="après le tour (inconnues annexes)" nombre=4 attachees=4
2026-08-06T09:57:04.745213Z  INFO agent::diagnostics::multifenetre::montee: sortie moment="après le tour (inconnues annexes)" nom=\\.\DISPLAY1 adaptateur=NVIDIA GeForce RTX 4070 index_adaptateur=0 index_sortie=0 attachee=true x=0 y=0 largeur=2400 hauteur=1080
2026-08-06T09:57:04.745216Z  INFO agent::diagnostics::multifenetre::montee: sortie moment="après le tour (inconnues annexes)" nom=\\.\DISPLAY5 adaptateur=NVIDIA GeForce RTX 4070 index_adaptateur=0 index_sortie=1 attachee=true x=2400 y=0 largeur=2560 hauteur=1440
2026-08-06T09:57:04.745218Z  INFO agent::diagnostics::multifenetre::montee: sortie moment="après le tour (inconnues annexes)" nom=\\.\DISPLAY6 adaptateur=NVIDIA GeForce RTX 4070 index_adaptateur=0 index_sortie=2 attachee=true x=3680 y=-720 largeur=1280 hauteur=720
2026-08-06T09:57:04.745221Z  INFO agent::diagnostics::multifenetre::montee: sortie moment="après le tour (inconnues annexes)" nom=\\.\DISPLAY7 adaptateur=NVIDIA GeForce RTX 4070 index_adaptateur=0 index_sortie=3 attachee=true x=4960 y=-720 largeur=1280 hauteur=720
2026-08-06T09:57:04.745224Z  INFO agent::diagnostics::multifenetre::mode_sortie: inconnues annexes relevées au même moment que l'éliminatoire pertes_acces_voisines=2 nom_avant=\\.\DISPLAY5 nom_apres=\\.\DISPLAY5 nom_conserve=true
2026-08-06T09:57:04.750874Z  INFO agent::diagnostics::multifenetre::mode_sortie: duplication relâchée — début du témoin sans duplication
2026-08-06T09:57:04.765541Z  INFO agent::moniteurs_virtuels::pilote: sortie virtuelle créée id=265 adaptateur_bas=61742 adaptateur_haut=0 guid=9C4A1F6E-2B73-4D51-9E08-677541430004 largeur=1280 hauteur=720 hertz=60
2026-08-06T09:57:07.766791Z  INFO agent::capture::enumeration: adaptateur DXGI sans sortie adaptateur=NVIDIA GeForce RTX 4070 index_adaptateur=1
2026-08-06T09:57:07.766821Z  INFO agent::capture::enumeration: adaptateur DXGI sans sortie adaptateur=Microsoft Basic Render Driver index_adaptateur=2
2026-08-06T09:57:07.766829Z  INFO agent::diagnostics::multifenetre::montee: topologie relevée moment="après création (témoin)" nombre=5 attachees=5
2026-08-06T09:57:07.766833Z  INFO agent::diagnostics::multifenetre::montee: sortie moment="après création (témoin)" nom=\\.\DISPLAY1 adaptateur=NVIDIA GeForce RTX 4070 index_adaptateur=0 index_sortie=0 attachee=true x=0 y=0 largeur=2400 hauteur=1080
2026-08-06T09:57:07.766838Z  INFO agent::diagnostics::multifenetre::montee: sortie moment="après création (témoin)" nom=\\.\DISPLAY5 adaptateur=NVIDIA GeForce RTX 4070 index_adaptateur=0 index_sortie=1 attachee=true x=2400 y=0 largeur=1280 hauteur=720
2026-08-06T09:57:07.766840Z  INFO agent::diagnostics::multifenetre::montee: sortie moment="après création (témoin)" nom=\\.\DISPLAY6 adaptateur=NVIDIA GeForce RTX 4070 index_adaptateur=0 index_sortie=2 attachee=true x=3680 y=0 largeur=1280 hauteur=720
2026-08-06T09:57:07.766843Z  INFO agent::diagnostics::multifenetre::montee: sortie moment="après création (témoin)" nom=\\.\DISPLAY7 adaptateur=NVIDIA GeForce RTX 4070 index_adaptateur=0 index_sortie=3 attachee=true x=4960 y=0 largeur=1280 hauteur=720
2026-08-06T09:57:07.766845Z  INFO agent::diagnostics::multifenetre::montee: sortie moment="après création (témoin)" nom=\\.\DISPLAY8 adaptateur=NVIDIA GeForce RTX 4070 index_adaptateur=0 index_sortie=4 attachee=true x=6240 y=0 largeur=1920 hauteur=1080
2026-08-06T09:57:07.766855Z  INFO agent::diagnostics::multifenetre::mode_sortie::persistance: PERSISTANCE : le changement de mode survit-il à la création d'une sortie ? combinaison_imposee=Some("CDS_UPDATEREGISTRY seul") combinaison_gagnante=Some("CDS_UPDATEREGISTRY seul") avant_creation_mesurable=true avant_creation_l=2560 avant_creation_h=1440 apres_creation_mesurable=true apres_creation_l=1280 apres_creation_h=720 survit="false"
2026-08-06T09:57:07.766861Z  INFO agent::diagnostics::multifenetre::capture_virtuelle: sortie virtuelle retenue pour la capture id=265 nom=\\.\DISPLAY8 adaptateur=NVIDIA GeForce RTX 4070 index_adaptateur=0 index_sortie=4 attachee=true x=6240 y=0 largeur_annoncee=1920 hauteur_annoncee=1080
2026-08-06T09:57:07.815098Z  INFO agent::diagnostics::multifenetre::mode_sortie::combinaisons: combinaison de drapeaux tentee (appel unique) etiquette="CDS_UPDATEREGISTRY seul" code=0
2026-08-06T09:57:10.816287Z  INFO agent::capture::enumeration: adaptateur DXGI sans sortie adaptateur=NVIDIA GeForce RTX 4070 index_adaptateur=1
2026-08-06T09:57:10.816317Z  INFO agent::capture::enumeration: adaptateur DXGI sans sortie adaptateur=Microsoft Basic Render Driver index_adaptateur=2
2026-08-06T09:57:10.816325Z  INFO agent::diagnostics::multifenetre::montee: topologie relevée moment="après tentative TÉMOIN « CDS_UPDATEREGISTRY seul »" nombre=5 attachees=5
2026-08-06T09:57:10.816328Z  INFO agent::diagnostics::multifenetre::montee: sortie moment="après tentative TÉMOIN « CDS_UPDATEREGISTRY seul »" nom=\\.\DISPLAY1 adaptateur=NVIDIA GeForce RTX 4070 index_adaptateur=0 index_sortie=0 attachee=true x=0 y=0 largeur=2400 hauteur=1080
2026-08-06T09:57:10.816332Z  INFO agent::diagnostics::multifenetre::montee: sortie moment="après tentative TÉMOIN « CDS_UPDATEREGISTRY seul »" nom=\\.\DISPLAY5 adaptateur=NVIDIA GeForce RTX 4070 index_adaptateur=0 index_sortie=1 attachee=true x=2400 y=0 largeur=1280 hauteur=720
2026-08-06T09:57:10.816334Z  INFO agent::diagnostics::multifenetre::montee: sortie moment="après tentative TÉMOIN « CDS_UPDATEREGISTRY seul »" nom=\\.\DISPLAY6 adaptateur=NVIDIA GeForce RTX 4070 index_adaptateur=0 index_sortie=2 attachee=true x=3680 y=0 largeur=1280 hauteur=720
2026-08-06T09:57:10.816337Z  INFO agent::diagnostics::multifenetre::montee: sortie moment="après tentative TÉMOIN « CDS_UPDATEREGISTRY seul »" nom=\\.\DISPLAY7 adaptateur=NVIDIA GeForce RTX 4070 index_adaptateur=0 index_sortie=3 attachee=true x=4960 y=0 largeur=1280 hauteur=720
2026-08-06T09:57:10.816339Z  INFO agent::diagnostics::multifenetre::montee: sortie moment="après tentative TÉMOIN « CDS_UPDATEREGISTRY seul »" nom=\\.\DISPLAY8 adaptateur=NVIDIA GeForce RTX 4070 index_adaptateur=0 index_sortie=4 attachee=true x=6240 y=0 largeur=2560 hauteur=1440
2026-08-06T09:57:10.816343Z  INFO agent::diagnostics::multifenetre::mode_sortie::temoin: verdict TEMOIN : le meme geste, SANS duplication ouverte, sur une sortie neuve -- departage si un refus de l'eliminatoire vient de la duplication tenue ou du mode choisi etiquette="CDS_UPDATEREGISTRY seul" code_brut=0 api_annonce_succes=true largeur_avant_tentative=1920 hauteur_avant_tentative=1080 largeur_relue=2560 hauteur_relue=1440 largeur_cible=3840 hauteur_cible=2160 mouvement=true verdict="TEMOIN RECU"
2026-08-06T09:57:10.821841Z  INFO agent::moniteurs_virtuels::pilote: sortie virtuelle détruite id=265
2026-08-06T09:57:10.827165Z  INFO agent::moniteurs_virtuels::pilote: sortie virtuelle détruite id=259
2026-08-06T09:57:10.832272Z  INFO agent::moniteurs_virtuels::pilote: sortie virtuelle détruite id=260
2026-08-06T09:57:10.839897Z  INFO agent::moniteurs_virtuels::pilote: sortie virtuelle détruite id=261
2026-08-06T09:57:13.841208Z  INFO agent::capture::enumeration: adaptateur DXGI sans sortie adaptateur=NVIDIA GeForce RTX 4070 index_adaptateur=1
2026-08-06T09:57:13.841242Z  INFO agent::capture::enumeration: adaptateur DXGI sans sortie adaptateur=Microsoft Basic Render Driver index_adaptateur=2
2026-08-06T09:57:13.841251Z  INFO agent::diagnostics::multifenetre::montee: topologie relevée moment="après destruction" nombre=1 attachees=1
2026-08-06T09:57:13.841255Z  INFO agent::diagnostics::multifenetre::montee: sortie moment="après destruction" nom=\\.\DISPLAY1 adaptateur=NVIDIA GeForce RTX 4070 index_adaptateur=0 index_sortie=0 attachee=true x=0 y=0 largeur=2400 hauteur=1080
2026-08-06T09:57:13.841262Z  INFO agent::diagnostics::multifenetre::mode_sortie: état initial restauré — mêmes sorties, nommément noms=["\\\\.\\DISPLAY1"]
