2026-08-21T06:15:02.199Z préparation VM
2026-08-21T06:15:05.574Z prep : notepad=0
2026-08-21T06:15:05.574Z purge du vivier de sorties virtuelles (lancement SÉPARÉ)
2026-08-21T06:15:11.034Z ouverture de 3 Bloc-notes
2026-08-21T06:15:16.156Z   Bloc-notes ouverts (essai 1) : 3
2026-08-21T06:15:27.680Z lecteur prêt : true
2026-08-21T06:15:28.491Z   lecture 1 (inventaire) : inventaire pid=3276 hwnd=14221532 mainwindow=14221532 classe=Notepad titre=[Sans titre - Bloc-notes] ; pid=22440 hwnd=17957206 mainwindow=17957206 classe=Notepa
2026-08-21T06:15:29.484Z + page attachée F928711C http://127.0.0.1:5173/shell.html?signaling=ws%3A%2F%2F192.168.3.1%3A8080&prefixe=F4z7KQooOQfJqh47PM0ETA
2026-08-21T06:15:29.527Z + page attachée 92EFD2A1 chrome://newtab/
2026-08-21T06:15:32.407Z page-shell attachée : true
2026-08-21T06:15:32.407Z lancement du superviseur
2026-08-21T06:15:32.884Z run-agent.sh : Opration russie : tentative d'excution de la tche planifie "guacamole-agent".agent lancé en session interactive ; journal : /media/vm/dev/agent.log
2026-08-21T06:15:36.154Z + page attachée 8E4ADD56 
2026-08-21T06:15:36.190Z + page attachée D8BC6332 
2026-08-21T06:15:36.237Z + page attachée 61559D59 
2026-08-21T06:15:36.906Z pages d'application : F4z7KQooOQfJqh47PM0ETA:w-1 F4z7KQooOQfJqh47PM0ETA:w-2 F4z7KQooOQfJqh47PM0ETA:w-3
2026-08-21T06:15:38.937Z attributions session ↔ pid : [{"session":"F4z7KQooOQfJqh47PM0ETA:w-3","pid":23640},{"session":"F4z7KQooOQfJqh47PM0ETA:w-1","pid":3276},{"session":"F4z7KQooOQfJqh47PM0ETA:w-2","pid":22440}]
2026-08-21T06:15:39.745Z   lecture 2 (semer|23640|AAA-e1-fm43wp) : semer pid=23640 : ecrit longueur=13
2026-08-21T06:15:40.567Z   lecture 3 (semer|3276|BBB-e1-fm43wp) : semer pid=3276 : ecrit longueur=13
2026-08-21T06:15:42.185Z   lecture 4 (semer|22440|CCC-e1-fm43wp) : semer pid=22440 : ecrit longueur=13
2026-08-21T06:15:42.317Z + page attachée 6C830AFF http://127.0.0.1:5173/
2026-08-21T06:15:45.388Z témoin focus : bringToFront(F4z7KQooOQfJqh47PM0ETA:w-1) → F4z7KQooOQfJqh47PM0ETA:w-1:true F4z7KQooOQfJqh47PM0ETA:w-2:false F4z7KQooOQfJqh47PM0ETA:w-3:false
2026-08-21T06:15:46.025Z témoin focus : bringToFront(F4z7KQooOQfJqh47PM0ETA:w-2) → F4z7KQooOQfJqh47PM0ETA:w-1:false F4z7KQooOQfJqh47PM0ETA:w-2:true F4z7KQooOQfJqh47PM0ETA:w-3:false
2026-08-21T06:15:46.666Z témoin focus : bringToFront(F4z7KQooOQfJqh47PM0ETA:w-3) → F4z7KQooOQfJqh47PM0ETA:w-1:false F4z7KQooOQfJqh47PM0ETA:w-2:false F4z7KQooOQfJqh47PM0ETA:w-3:true
2026-08-21T06:15:46.667Z ④ mesurable (le focus discrimine) : true
2026-08-21T06:15:47.486Z   lecture 5 (fenetre|3276) : fenetre pid=3276 longueur=13 texte=[BBB-e1-fm43wp]
2026-08-21T06:15:49.110Z   lecture 6 (fenetre|22440) : fenetre pid=22440 longueur=13 texte=[CCC-e1-fm43wp]
2026-08-21T06:15:49.927Z   lecture 7 (fenetre|23640) : fenetre pid=23640 longueur=13 texte=[AAA-e1-fm43wp]
2026-08-21T06:15:50.736Z   lecture 8 (clipboard) : clipboard longueur=16 debut=[quatre-r1-olykjm]
2026-08-21T06:15:50.737Z [0-avant-toute-copie] focus=false,false,true messages=0,0,0
2026-08-21T06:15:50.738Z ① copie dans la VM : un-e1-fm43wp
2026-08-21T06:15:51.236Z + page attachée A7B0AC08 
2026-08-21T06:15:59.977Z   lecture 9 (fenetre|3276) : fenetre pid=3276 longueur=13 texte=[BBB-e1-fm43wp]
2026-08-21T06:16:01.599Z   lecture 10 (fenetre|22440) : fenetre pid=22440 longueur=13 texte=[CCC-e1-fm43wp]
2026-08-21T06:16:02.418Z   lecture 11 (fenetre|23640) : fenetre pid=23640 longueur=13 texte=[AAA-e1-fm43wp]
2026-08-21T06:16:03.226Z   lecture 12 (clipboard) : clipboard longueur=12 debut=[un-e1-fm43wp]
2026-08-21T06:16:03.226Z [1-apres-copie-dans-la-vm] focus=false,false,true messages=1,1,1
2026-08-21T06:16:03.227Z ① bis : une fenêtre de plus, attachée APRÈS la copie
2026-08-21T06:16:03.814Z + page attachée 532BEFB3 
2026-08-21T06:16:03.987Z + page attachée E0719510 
2026-08-21T06:16:04.072Z + cible TARDIVE amorcée 3578B515 http://127.0.0.1:5173/?session=F4z7KQooOQfJqh47PM0ETA%3Aw-6&signaling=ws%3A%2F%2F192.168.3.1%3A8080
2026-08-21T06:16:04.076Z + page attachée 3578B515 http://127.0.0.1:5173/?session=F4z7KQooOQfJqh47PM0ETA%3Aw-6&signaling=ws%3A%2F%2F192.168.3.1%3A8080
2026-08-21T06:16:07.116Z ① bis — la fenêtre tardive a reçu le contenu courant : true
2026-08-21T06:16:07.117Z ② collage depuis F4z7KQooOQfJqh47PM0ETA:w-1 : deux-A-e1-fm43wp
2026-08-21T06:16:16.914Z   lecture 13 (clipboard) : clipboard longueur=16 debut=[deux-A-e1-fm43wp]
2026-08-21T06:16:18.533Z   lecture 14 (fenetre|3276) : fenetre pid=3276 longueur=29 texte=[deux-A-e1-fm43wpBBB-e1-fm43wp]
2026-08-21T06:16:19.350Z   lecture 15 (fenetre|23640) : fenetre pid=23640 longueur=13 texte=[AAA-e1-fm43wp]
2026-08-21T06:16:20.970Z   lecture 16 (fenetre|3276) : fenetre pid=3276 longueur=29 texte=[deux-A-e1-fm43wpBBB-e1-fm43wp]
2026-08-21T06:16:21.786Z   lecture 17 (fenetre|22440) : fenetre pid=22440 longueur=13 texte=[CCC-e1-fm43wp]
2026-08-21T06:16:21.786Z ② collage depuis F4z7KQooOQfJqh47PM0ETA:w-2 : deux-B-e1-fm43wp
2026-08-21T06:16:31.577Z   lecture 18 (clipboard) : clipboard longueur=16 debut=[deux-B-e1-fm43wp]
2026-08-21T06:16:33.194Z   lecture 19 (fenetre|22440) : fenetre pid=22440 longueur=29 texte=[deux-B-e1-fm43wpCCC-e1-fm43wp]
2026-08-21T06:16:34.011Z   lecture 20 (fenetre|23640) : fenetre pid=23640 longueur=13 texte=[AAA-e1-fm43wp]
2026-08-21T06:16:35.629Z   lecture 21 (fenetre|3276) : fenetre pid=3276 longueur=29 texte=[deux-A-e1-fm43wpBBB-e1-fm43wp]
2026-08-21T06:16:37.248Z   lecture 22 (fenetre|22440) : fenetre pid=22440 longueur=29 texte=[deux-B-e1-fm43wpCCC-e1-fm43wp]
2026-08-21T06:16:38.066Z   lecture 23 (fenetre|3276) : fenetre pid=3276 longueur=29 texte=[deux-A-e1-fm43wpBBB-e1-fm43wp]
2026-08-21T06:16:39.688Z   lecture 24 (fenetre|22440) : fenetre pid=22440 longueur=29 texte=[deux-B-e1-fm43wpCCC-e1-fm43wp]
2026-08-21T06:16:40.508Z   lecture 25 (fenetre|23640) : fenetre pid=23640 longueur=13 texte=[AAA-e1-fm43wp]
2026-08-21T06:16:41.325Z   lecture 26 (clipboard) : clipboard longueur=16 debut=[deux-B-e1-fm43wp]
2026-08-21T06:16:41.325Z [2-apres-les-collages-attribues] focus=false,true,false,false messages=1,1,1,1
2026-08-21T06:16:41.325Z ③ deux collages à moins de 250 ms
2026-08-21T06:16:42.945Z   lecture 27 (fenetre|3276) : fenetre pid=3276 longueur=29 texte=[deux-A-e1-fm43wpBBB-e1-fm43wp]
2026-08-21T06:16:44.563Z   lecture 28 (fenetre|22440) : fenetre pid=22440 longueur=29 texte=[deux-B-e1-fm43wpCCC-e1-fm43wp]
2026-08-21T06:16:45.380Z   lecture 29 (fenetre|23640) : fenetre pid=23640 longueur=13 texte=[AAA-e1-fm43wp]
2026-08-21T06:16:46.198Z   lecture 30 (clipboard) : clipboard longueur=16 debut=[deux-B-e1-fm43wp]
2026-08-21T06:16:46.199Z [3-avant-simultane] focus=false,true,false,false messages=1,1,1,1
2026-08-21T06:16:59.921Z   lecture 31 (fenetre|3276) : fenetre pid=3276 longueur=47 texte=[deux-A-e1-fm43wptrois-T1-e1-fm43wpBBB-e1-fm43wp]
2026-08-21T06:17:01.531Z   lecture 32 (fenetre|22440) : fenetre pid=22440 longueur=47 texte=[deux-B-e1-fm43wptrois-T2-e1-fm43wpCCC-e1-fm43wp]
2026-08-21T06:17:02.342Z   lecture 33 (fenetre|23640) : fenetre pid=23640 longueur=13 texte=[AAA-e1-fm43wp]
2026-08-21T06:17:03.152Z   lecture 34 (clipboard) : clipboard longueur=18 debut=[trois-T2-e1-fm43wp]
2026-08-21T06:17:03.152Z [3-apres-simultane] focus=false,true,false,false messages=1,1,1,1
2026-08-21T06:17:04.761Z   lecture 35 (fenetre|23640) : fenetre pid=23640 longueur=13 texte=[AAA-e1-fm43wp]
2026-08-21T06:17:06.371Z   lecture 36 (fenetre|3276) : fenetre pid=3276 longueur=47 texte=[deux-A-e1-fm43wptrois-T1-e1-fm43wpBBB-e1-fm43wp]
2026-08-21T06:17:07.981Z   lecture 37 (fenetre|22440) : fenetre pid=22440 longueur=47 texte=[deux-B-e1-fm43wptrois-T2-e1-fm43wpCCC-e1-fm43wp]
2026-08-21T06:17:09.131Z + page attachée 01A7EAF5 
2026-08-21T06:17:17.862Z   lecture 38 (fenetre|3276) : fenetre pid=3276 longueur=47 texte=[deux-A-e1-fm43wptrois-T1-e1-fm43wpBBB-e1-fm43wp]
2026-08-21T06:17:19.473Z   lecture 39 (fenetre|22440) : fenetre pid=22440 longueur=47 texte=[deux-B-e1-fm43wptrois-T2-e1-fm43wpCCC-e1-fm43wp]
2026-08-21T06:17:20.289Z   lecture 40 (fenetre|23640) : fenetre pid=23640 longueur=13 texte=[AAA-e1-fm43wp]
2026-08-21T06:17:21.098Z   lecture 41 (clipboard) : clipboard longueur=16 debut=[quatre-e1-fm43wp]
2026-08-21T06:17:21.098Z [4-copie-pendant-que-B-est-sans-focus] focus=true,false,false,false messages=2,2,2,2
2026-08-21T06:17:24.925Z   lecture 42 (fenetre|3276) : fenetre pid=3276 longueur=47 texte=[deux-A-e1-fm43wptrois-T1-e1-fm43wpBBB-e1-fm43wp]
2026-08-21T06:17:26.544Z   lecture 43 (fenetre|22440) : fenetre pid=22440 longueur=47 texte=[deux-B-e1-fm43wptrois-T2-e1-fm43wpCCC-e1-fm43wp]
2026-08-21T06:17:27.361Z   lecture 44 (fenetre|23640) : fenetre pid=23640 longueur=13 texte=[AAA-e1-fm43wp]
2026-08-21T06:17:28.180Z   lecture 45 (clipboard) : clipboard longueur=16 debut=[quatre-e1-fm43wp]
2026-08-21T06:17:28.180Z [4-apres-reprise-du-focus-par-B] focus=false,false,false,true messages=2,2,2,2
2026-08-21T06:17:28.180Z ④ verdict : TENU — sans focus elle n'écrit pas, et elle écrit à la reprise
2026-08-21T06:17:28.210Z relevé écrit dans pp3-e1.json
2026-08-21T06:17:32.844Z journal copié : agent-e1.log (+ -plat)
2026-08-21T06:17:32.896Z virsh domstate : en cours d’exécution
