# F5 — tâches 14 et 15 : le côté navigateur, et le `send()` refusé qui dénonce.
# 21 août 2026. HÔTE.

## 🔴 UN ROUGE DE `verify-all.sh` QUI ÉTAIT LE MIEN, ET LA LEÇON QU'IL PORTE
Après la tâche 8, `verify-all.sh` sortait en **1** : `client : npm test`,
`protocole.annonces.test.ts` — 1 failed sur 531.

**Cause** : la tâche 8 a rendu `Dues.retenues` REQUIS ; le test extrait à la tâche 7
construisait `encoder(TYPE_DUES, 0, { dues: [...] })` sans lui. Le parseur le refuse
désormais — ce qui est **exactement ce qu'on lui demande**.

**Ce qui l'a laissé passer** : après la tâche 8 j'ai lancé
`npx vitest run --dir ../proto` (304 passed) **et pas** `npx vitest run` (client).
C'est le §1.3 du plan, « DEUX commandes, jamais une », **payé en ne lançant que
l'autre**. Un `proto` vert ne dit rien du client, et réciproquement.

**Corrigé par la tâche 14, jamais par un rustine sur le test** : le champ requis
remonte jusqu'au rappel (`onDues(dues, retenues)`), et le test porte la forme complète
— plus DEUX tests neufs, dont un qui vérifie qu'une annonce SANS `retenues` est
**refusée** et non complétée.

## LES DEUX ANNONCES PARTENT DU NAVIGATEUR
`trameBonjour(racine, forcer)` et `trameRafraichir()` — **pures, sans DOM**, dans
`protocole.ts`. Corrélation `0`, qui est un remplissage et non un identifiant : le pont
les aiguille avant de chercher une corrélation.

`Bonjour` part **APRÈS** que l'écrivain, le mutateur, l'adaptateur sont posés et le
canal ouvert. `forcer: false` au montage, **toujours** — forcer est un geste de
l'utilisateur, et un `true` par défaut rendrait le bouton « Reprendre » inatteignable
tout en réintroduisant le danger du §6.4 cas 2.
« Reprendre l'enregistrement » est un `Bonjour` **FORCÉ**, et non un verbe de plus.

## LES DEUX BOUTONS
`#rafraichir` est toujours là. `#reprendre-enregistrement` est `hidden` par défaut et
n'apparaît QUE si `retenues` — *un bouton toujours présent qui ne fait rien la plupart
du temps est un piège à clic*. Les données d'instrument passent par
`data-retenues` sur `#actions-fichiers`, **jamais par le texte ni par la visibilité**
(piège de F1, payé neuf minutes sur deux messages qui partageaient une sous-chaîne).

## 🔴 `retenues` EST FILTRÉ PAR « il y a des dues », ET SA ROUGE LE PROUVE
Retenir sans aucune due proposerait de reprendre ce qu'il n'y a pas à reprendre.
ROUGE jouée (`shell.ts:265`, `retenues && neuves.length > 0` -> `retenues`,
diff non vide vérifié) : **1 failed | 537 passed**, et le test qui tombe est
`🔴 retenues SANS aucune due n'est PAS annoncé`. Restauré, `diff` vide.

Retenir porte le ton **`alerte`**, jamais `neutre` : rien ne repartira sans un geste, et
un neutre laisserait croire que le pont travaille encore. Test dédié.

## TÂCHE 15 (D10) — LE `send()` REFUSÉ DÉNONCE AU LIEU DE GELER
`canal.ts` : la corrélation est capturée **AVANT tout `await`** — c'est la trame
ENTRANTE qui la porte, et le `catch` doit la connaître même si la contre-pression a
duré. ⚠️ **Un décodage qui échoue rend `undefined`, pas zéro** : zéro est une corrélation
licite, et répondre dessus dirigerait un échec vers une commande étrangère.
Trois chemins dénoncent désormais par `TYPE_ECHEC { code: 'interne' }` : `send` qui
lève (**c'est là que le mur de F4 se manifeste**), canal fermé pendant l'attente, et
`traiter` qui lève.

⚠️ **LE MUR NE BOUGE PAS**, et c'est écrit dans le code : un listage de plus de
~3 150 entrées **échoue toujours** ; il échoue seulement **vite et en le disant**.

⛔ **SA ROUGE EXIGE LA VM** : franchir le mur demande un répertoire de plus de 3 200
entrées. Elle n'est pas jouable sur l'hôte, et elle est **due à la recette**.

## COMPTES
  cd client && npx vitest run            : 531 -> **538** (+7)
  cd client && npx vitest run --dir ../proto : **304** (inchangé)
  npm run typecheck (client)             : exit 0
