[2026-08-21T13:16:44.061Z] jeton de recette obtenu
[2026-08-21T13:16:44.394Z] chrome : Chrome/151.0.7922.169
[2026-08-21T13:16:44.593Z] navigation : http://127.0.0.1:5173/shell.html?signaling=ws%3A%2F%2F192.168.3.1%3A8080&prefixe=F4z7KQooOQfJqh47PM0ETA
[2026-08-21T13:16:48.618Z] OPFS peuple : 5 entrees
[2026-08-21T13:16:48.618Z] la page-shell est connectee : lancement de l agent
[2026-08-21T13:16:48.998Z] agent lance : Opration russie : tentative d'excution de la tche planifie "guacamole-agent".agent lancé en session interactive ; journal : /media/vm/dev/agent.log
[2026-08-21T13:18:19.225Z] etat avant le clic : {"href":"http://127.0.0.1:5173/shell.html?signaling=ws%3A%2F%2F192.168.3.1%3A8080&prefixe=F4z7KQooOQfJqh47PM0ETA","jeton":true,"bouton":true}
[2026-08-21T13:18:19.225Z] clic sur #choisir-dossier
[2026-08-21T13:18:23.243Z] #etat-fichiers : "Lecteur « Mes Fichiers » monté sur « Mes documents »."
[2026-08-21T13:18:23.243Z] repos de 8000 ms avant la mesure
[2026-08-21T13:18:31.246Z] PORTE P3 : creation DANS la VM, puis relistage immediat
[2026-08-21T13:18:34.431Z] P3 : present_apres=true
[2026-08-21T13:18:34.431Z] PORTE P1 : les candidates d occupation disque
[2026-08-21T13:18:37.367Z] (1) amorcage du cache
[2026-08-21T13:18:40.313Z] (1) 5 entrees en 0 ms
[2026-08-21T13:18:40.313Z] (2) ajout d un fichier COTE NAVIGATEUR, hors du pont
[2026-08-21T13:18:40.326Z] (2) {"ok":true,"entrees":6}
[2026-08-21T13:18:40.327Z] (3) relistage : le fichier doit etre ABSENT
[2026-08-21T13:18:43.274Z] (3) ecart (1)->(3) = 5907 ms — admissible : true
[2026-08-21T13:18:43.274Z] (4) clic sur #rafraichir
[2026-08-21T13:18:43.276Z] (4) clique
[2026-08-21T13:18:45.278Z] (5) relistage : le fichier doit etre PRESENT
[2026-08-21T13:18:48.215Z] boutons : {"rafraichir":true,"reprendre_present":true,"reprendre_cache":true,"retenues":"false","dues":"0","vues":"2"}
[2026-08-21T13:18:48.216Z] CRITERE ④ : creer / renommer / supprimer dans la VM, cache arme
[2026-08-21T13:18:51.061Z] ④ avant=6 creation=7 renommage=OK/6 suppression=OK/5
[2026-08-21T13:18:51.062Z] ④ verdict : {"creation_vue":true,"ancien_nom_disparu":true,"nouveau_nom_vu":true,"supprime_disparu":true}
[2026-08-21T13:18:51.067Z] maintien de 8 s
[2026-08-21T13:18:59.068Z] releve ecrit : /tmp/f5/pilote-c4-1.json
