[2026-08-21T13:23:12.262Z] jeton de recette obtenu
[2026-08-21T13:23:12.972Z] chrome : Chrome/151.0.7922.169
[2026-08-21T13:23:13.679Z] navigation : http://127.0.0.1:5173/shell.html?signaling=ws%3A%2F%2F192.168.3.1%3A8080&prefixe=F4z7KQooOQfJqh47PM0ETA
[2026-08-21T13:23:17.946Z] OPFS peuple : 5 entrees
[2026-08-21T13:23:17.946Z] la page-shell est connectee : lancement de l agent
[2026-08-21T13:23:18.491Z] agent lance : Opration russie : tentative d'excution de la tche planifie "guacamole-agent".agent lancé en session interactive ; journal : /media/vm/dev/agent.log
[2026-08-21T13:24:48.851Z] etat avant le clic : {"href":"http://127.0.0.1:5173/shell.html?signaling=ws%3A%2F%2F192.168.3.1%3A8080&prefixe=F4z7KQooOQfJqh47PM0ETA","jeton":true,"bouton":true}
[2026-08-21T13:24:48.852Z] clic sur #choisir-dossier
[2026-08-21T13:24:52.879Z] #etat-fichiers : "Lecteur « Mes Fichiers » monté sur « Mes documents »."
[2026-08-21T13:24:52.879Z] repos de 8000 ms avant la mesure
[2026-08-21T13:25:00.882Z] PORTE P3 : creation DANS la VM, puis relistage immediat
[2026-08-21T13:25:04.001Z] P3 : present_apres=true
[2026-08-21T13:25:04.002Z] PORTE P1 : les candidates d occupation disque
[2026-08-21T13:25:07.107Z] (1) amorcage du cache
[2026-08-21T13:25:10.267Z] (1) 5 entrees en 0 ms
[2026-08-21T13:25:10.267Z] (2) ajout d un fichier COTE NAVIGATEUR, hors du pont
[2026-08-21T13:25:10.286Z] (2) {"ok":true,"entrees":6}
[2026-08-21T13:25:10.286Z] (3) relistage : le fichier doit etre ABSENT
[2026-08-21T13:25:13.587Z] (3) ecart (1)->(3) = 6480 ms — admissible : true
[2026-08-21T13:25:13.588Z] (4) clic sur #rafraichir
[2026-08-21T13:25:13.590Z] (4) clique
[2026-08-21T13:25:15.594Z] (5) relistage : le fichier doit etre PRESENT
[2026-08-21T13:25:18.756Z] boutons : {"rafraichir":true,"reprendre_present":true,"reprendre_cache":true,"retenues":"false","dues":"0","vues":"2"}
[2026-08-21T13:25:18.757Z] rang 10 : peuplement OPFS
[2026-08-21T13:25:23.234Z] rang 10 : 10 entrees | froid 94 ms | chaud 0 ms | chaud2 0 ms | coherent true
[2026-08-21T13:25:23.234Z] rang 100 : peuplement OPFS
[2026-08-21T13:25:27.785Z] rang 100 : 100 entrees | froid 283 ms | chaud 0 ms | chaud2 0 ms | coherent true
[2026-08-21T13:25:27.785Z] rang 1000 : peuplement OPFS
[2026-08-21T13:25:35.338Z] rang 1000 : 1000 entrees | froid 3110 ms | chaud 31 ms | chaud2 16 ms | coherent true
[2026-08-21T13:25:36.097Z] maintien de 5 s
[2026-08-21T13:25:41.100Z] releve ecrit : /tmp/f5/pilote-rangs-1.json
