[2026-08-21T13:19:59.156Z] jeton de recette obtenu
[2026-08-21T13:19:59.505Z] chrome : Chrome/151.0.7922.169
[2026-08-21T13:19:59.872Z] navigation : http://127.0.0.1:5173/shell.html?signaling=ws%3A%2F%2F192.168.3.1%3A8080&prefixe=F4z7KQooOQfJqh47PM0ETA
[2026-08-21T13:20:03.979Z] OPFS peuple : 5 entrees
[2026-08-21T13:20:03.979Z] la page-shell est connectee : lancement de l agent
[2026-08-21T13:20:04.340Z] agent lance : Opration russie : tentative d'excution de la tche planifie "guacamole-agent".agent lancé en session interactive ; journal : /media/vm/dev/agent.log
[2026-08-21T13:21:34.642Z] etat avant le clic : {"href":"http://127.0.0.1:5173/shell.html?signaling=ws%3A%2F%2F192.168.3.1%3A8080&prefixe=F4z7KQooOQfJqh47PM0ETA","jeton":true,"bouton":true}
[2026-08-21T13:21:34.642Z] clic sur #choisir-dossier
[2026-08-21T13:21:38.698Z] #etat-fichiers : "Lecteur « Mes Fichiers » monté sur « Mes documents »."
[2026-08-21T13:21:38.698Z] repos de 8000 ms avant la mesure
[2026-08-21T13:21:46.702Z] PORTE P3 : creation DANS la VM, puis relistage immediat
[2026-08-21T13:21:49.600Z] P3 : present_apres=true
[2026-08-21T13:21:49.600Z] PORTE P1 : les candidates d occupation disque
[2026-08-21T13:21:52.504Z] (1) amorcage du cache
[2026-08-21T13:21:55.445Z] (1) 5 entrees en 99 ms
[2026-08-21T13:21:55.445Z] (2) ajout d un fichier COTE NAVIGATEUR, hors du pont
[2026-08-21T13:21:55.459Z] (2) {"ok":true,"entrees":6}
[2026-08-21T13:21:55.459Z] (3) relistage : le fichier doit etre ABSENT
[2026-08-21T13:21:58.406Z] (3) ecart (1)->(3) = 5902 ms — admissible : true
[2026-08-21T13:21:58.406Z] (4) clic sur #rafraichir
[2026-08-21T13:21:58.409Z] (4) clique
[2026-08-21T13:22:00.413Z] (5) relistage : le fichier doit etre PRESENT
[2026-08-21T13:22:03.354Z] boutons : {"rafraichir":true,"reprendre_present":true,"reprendre_cache":true,"retenues":"false","dues":"0","vues":"2"}
[2026-08-21T13:22:03.354Z] CRITERE ④ : creer / renommer / supprimer dans la VM, cache arme
[2026-08-21T13:22:06.294Z] ④ avant=6 creation=7 renommage=OK/6 suppression=OK/6
[2026-08-21T13:22:06.294Z] ④ verdict : {"creation_vue":true,"ancien_nom_disparu":true,"nouveau_nom_vu":true,"supprime_disparu":true}
[2026-08-21T13:22:06.304Z] maintien de 8 s
[2026-08-21T13:22:14.306Z] releve ecrit : /tmp/f5/pilote-c4-sanscache.json
