[2026-08-21T12:28:50.414Z] jeton de recette obtenu
[2026-08-21T12:28:51.007Z] chrome : Chrome/151.0.7922.169
[2026-08-21T12:28:51.305Z] navigation : http://127.0.0.1:5173/shell.html?signaling=ws%3A%2F%2F192.168.3.1%3A8080&prefixe=F4z7KQooOQfJqh47PM0ETA
[2026-08-21T12:28:55.358Z] OPFS peuple : 5 entrees
[2026-08-21T12:28:55.358Z] la page-shell est connectee : lancement de l agent
[2026-08-21T12:28:55.770Z] agent lance : Opration russie : tentative d'excution de la tche planifie "guacamole-agent".agent lancé en session interactive ; journal : /media/vm/dev/agent.log
[2026-08-21T12:28:59.808Z] 2 fenetre(s) d application apres 4 s
[2026-08-21T12:28:59.814Z] etat avant le clic : {"href":"http://127.0.0.1:5173/shell.html?signaling=ws%3A%2F%2F192.168.3.1%3A8080&prefixe=F4z7KQooOQfJqh47PM0ETA","jeton":true,"bouton":true}
[2026-08-21T12:28:59.815Z] clic sur #choisir-dossier
[2026-08-21T12:29:03.851Z] #etat-fichiers : "Lecteur « Mes Fichiers » monté sur « Mes documents »."
[2026-08-21T12:29:03.851Z] repos de 8000 ms avant la mesure
[2026-08-21T12:29:11.854Z] PORTE P3 : creation DANS la VM, puis relistage immediat
[2026-08-21T12:29:14.833Z] P3 : present_apres=true
[2026-08-21T12:29:14.834Z] PORTE P1 : les candidates d occupation disque
[2026-08-21T12:29:17.785Z] (1) amorcage du cache
[2026-08-21T12:29:20.671Z] (1) 5 entrees en 7 ms
[2026-08-21T12:29:20.672Z] (2) ajout d un fichier COTE NAVIGATEUR, hors du pont
[2026-08-21T12:29:20.678Z] (2) {"ok":true,"entrees":6}
[2026-08-21T12:29:20.678Z] (3) relistage : le fichier doit etre ABSENT
[2026-08-21T12:29:23.571Z] (3) ecart (1)->(3) = 5786 ms — admissible : true
[2026-08-21T12:29:23.571Z] (4) clic sur #rafraichir
[2026-08-21T12:29:23.575Z] (4) clique
[2026-08-21T12:29:25.577Z] (5) relistage : le fichier doit etre PRESENT
[2026-08-21T12:29:28.454Z] boutons : {"rafraichir":true,"reprendre_present":true,"reprendre_cache":true,"retenues":"false","dues":"0","vues":"2"}
[2026-08-21T12:29:28.461Z] maintien de 15 s
[2026-08-21T12:29:43.466Z] releve ecrit : /tmp/f5/pilote-arme-3.json
