[2026-08-21T12:31:17.534Z] jeton de recette obtenu
[2026-08-21T12:31:17.985Z] chrome : Chrome/151.0.7922.169
[2026-08-21T12:31:18.334Z] navigation : http://127.0.0.1:5173/shell.html?signaling=ws%3A%2F%2F192.168.3.1%3A8080&prefixe=F4z7KQooOQfJqh47PM0ETA
[2026-08-21T12:31:22.418Z] OPFS peuple : 5 entrees
[2026-08-21T12:31:22.418Z] la page-shell est connectee : lancement de l agent
[2026-08-21T12:31:22.966Z] agent lance : Opration russie : tentative d'excution de la tche planifie "guacamole-agent".agent lancé en session interactive ; journal : /media/vm/dev/agent.log
[2026-08-21T12:31:27.037Z] 2 fenetre(s) d application apres 4 s
[2026-08-21T12:31:27.043Z] etat avant le clic : {"href":"http://127.0.0.1:5173/shell.html?signaling=ws%3A%2F%2F192.168.3.1%3A8080&prefixe=F4z7KQooOQfJqh47PM0ETA","jeton":true,"bouton":true}
[2026-08-21T12:31:27.043Z] clic sur #choisir-dossier
[2026-08-21T12:31:31.095Z] #etat-fichiers : "Lecteur « Mes Fichiers » monté sur « Mes documents »."
[2026-08-21T12:31:31.095Z] repos de 8000 ms avant la mesure
[2026-08-21T12:31:39.098Z] PORTE P3 : creation DANS la VM, puis relistage immediat
[2026-08-21T12:31:42.071Z] P3 : present_apres=true
[2026-08-21T12:31:42.071Z] PORTE P1 : les candidates d occupation disque
[2026-08-21T12:31:45.061Z] (1) amorcage du cache
[2026-08-21T12:31:48.043Z] (1) 5 entrees en 71 ms
[2026-08-21T12:31:48.044Z] (2) ajout d un fichier COTE NAVIGATEUR, hors du pont
[2026-08-21T12:31:48.055Z] (2) {"ok":true,"entrees":6}
[2026-08-21T12:31:48.055Z] (3) relistage : le fichier doit etre ABSENT
[2026-08-21T12:31:50.965Z] (3) ecart (1)->(3) = 5904 ms — admissible : true
[2026-08-21T12:31:50.965Z] (4) clic sur #rafraichir
[2026-08-21T12:31:50.967Z] (4) clique
[2026-08-21T12:31:52.969Z] (5) relistage : le fichier doit etre PRESENT
[2026-08-21T12:31:55.896Z] boutons : {"rafraichir":true,"reprendre_present":true,"reprendre_cache":true,"retenues":"false","dues":"0","vues":"0"}
[2026-08-21T12:31:55.910Z] maintien de 10 s
[2026-08-21T12:32:05.913Z] releve ecrit : /tmp/f5/pilote-rouge-2.json
