[2026-08-21T12:48:39.798Z] jeton de recette obtenu
[2026-08-21T12:48:40.409Z] chrome : Chrome/151.0.7922.169
[2026-08-21T12:48:40.586Z] navigation : http://127.0.0.1:5173/shell.html?signaling=ws%3A%2F%2F192.168.3.1%3A8080&prefixe=F4z7KQooOQfJqh47PM0ETA
[2026-08-21T12:48:44.775Z] OPFS peuple : 5 entrees
[2026-08-21T12:48:44.775Z] la page-shell est connectee : lancement de l agent
[2026-08-21T12:48:45.187Z] agent lance : Opration russie : tentative d'excution de la tche planifie "guacamole-agent".agent lancé en session interactive ; journal : /media/vm/dev/agent.log
[2026-08-21T12:50:15.449Z] etat avant le clic : {"href":"http://127.0.0.1:5173/shell.html?signaling=ws%3A%2F%2F192.168.3.1%3A8080&prefixe=F4z7KQooOQfJqh47PM0ETA","jeton":true,"bouton":true}
[2026-08-21T12:50:15.449Z] clic sur #choisir-dossier
[2026-08-21T12:50:19.480Z] #etat-fichiers : "Lecteur « Mes Fichiers » monté sur « Mes documents »."
[2026-08-21T12:50:19.480Z] repos de 8000 ms avant la mesure
[2026-08-21T12:50:27.482Z] PORTE P3 : creation DANS la VM, puis relistage immediat
[2026-08-21T12:50:30.476Z] P3 : present_apres=true
[2026-08-21T12:50:30.477Z] PORTE P1 : les candidates d occupation disque
[2026-08-21T12:50:33.453Z] (1) amorcage du cache
[2026-08-21T12:50:36.383Z] (1) 5 entrees en 15 ms
[2026-08-21T12:50:36.383Z] (2) ajout d un fichier COTE NAVIGATEUR, hors du pont
[2026-08-21T12:50:36.408Z] (2) {"ok":true,"entrees":5}
[2026-08-21T12:50:36.408Z] (3) relistage : le fichier doit etre ABSENT
[2026-08-21T12:50:39.368Z] (3) ecart (1)->(3) = 5915 ms — admissible : true
[2026-08-21T12:50:39.368Z] (4) clic sur #rafraichir
[2026-08-21T12:50:39.371Z] (4) clique
[2026-08-21T12:50:41.373Z] (5) relistage : le fichier doit etre PRESENT
[2026-08-21T12:50:44.295Z] boutons : {"rafraichir":true,"reprendre_present":true,"reprendre_cache":true,"retenues":"false","dues":"1","vues":"2"}
[2026-08-21T12:50:44.295Z] CRITERE ③ : remontage sur un AUTRE repertoire
[2026-08-21T12:50:44.306Z] ② second repertoire : {"nom":"Autre dossier"}
[2026-08-21T12:50:52.337Z] ③ {"etat":"Lecteur « Mes Fichiers » monté sur « Autre dossier ».","dues":"1","texte":"1 fichier enregistré dans la VM n'a pas encore été recopié sur ce poste : « ne-vient-pas-du-navigateur.txt ». Ne fermez pas cet onglet.","retenues":"true","reprendre_cache":false}
[2026-08-21T12:50:52.348Z] maintien de 8 s
[2026-08-21T12:51:00.350Z] releve ecrit : /tmp/f5/pilote-c3-1.json
