[2026-08-21T12:25:08.825Z] jeton de recette obtenu
[2026-08-21T12:25:09.162Z] chrome : Chrome/151.0.7922.169
[2026-08-21T12:25:09.331Z] navigation : http://127.0.0.1:5173/shell.html?signaling=ws%3A%2F%2F192.168.3.1%3A8080&prefixe=F4z7KQooOQfJqh47PM0ETA
[2026-08-21T12:25:13.375Z] OPFS peuple : 5 entrees
[2026-08-21T12:25:13.375Z] la page-shell est connectee : lancement de l agent
[2026-08-21T12:25:13.785Z] agent lance : Opration russie : tentative d'excution de la tche planifie "guacamole-agent".agent lancé en session interactive ; journal : /media/vm/dev/agent.log
[2026-08-21T12:25:17.819Z] 2 fenetre(s) d application apres 4 s
[2026-08-21T12:25:17.823Z] etat avant le clic : {"href":"http://127.0.0.1:5173/shell.html?signaling=ws%3A%2F%2F192.168.3.1%3A8080&prefixe=F4z7KQooOQfJqh47PM0ETA","jeton":true,"bouton":true}
[2026-08-21T12:25:17.823Z] clic sur #choisir-dossier
[2026-08-21T12:25:21.846Z] #etat-fichiers : "Lecteur « Mes Fichiers » monté sur « Mes documents »."
[2026-08-21T12:25:21.846Z] repos de 8000 ms avant la mesure
[2026-08-21T12:25:29.849Z] PORTE P3 : creation DANS la VM, puis relistage immediat
[2026-08-21T12:25:32.797Z] P3 : present_apres=true
[2026-08-21T12:25:32.797Z] PORTE P1 : les candidates d occupation disque
[2026-08-21T12:25:35.726Z] (1) amorcage du cache
[2026-08-21T12:25:38.664Z] (1) 5 entrees en 7 ms
[2026-08-21T12:25:38.664Z] (2) ajout d un fichier COTE NAVIGATEUR, hors du pont
[2026-08-21T12:25:38.672Z] (2) {"ok":true,"entrees":6}
[2026-08-21T12:25:38.672Z] (3) relistage : le fichier doit etre ABSENT
[2026-08-21T12:25:41.604Z] (3) ecart (1)->(3) = 5878 ms — admissible : true
[2026-08-21T12:25:41.604Z] (4) clic sur #rafraichir
[2026-08-21T12:25:41.609Z] (4) clique
[2026-08-21T12:25:43.610Z] (5) relistage : le fichier doit etre PRESENT
[2026-08-21T12:25:46.625Z] boutons : {"rafraichir":true,"reprendre_present":true,"reprendre_cache":true,"retenues":"false","dues":"0","vues":"2"}
[2026-08-21T12:25:46.635Z] maintien de 15 s
[2026-08-21T12:26:01.642Z] releve ecrit : /tmp/f5/pilote-arme-2.json
