[2026-08-21T12:23:07.447Z] jeton de recette obtenu
[2026-08-21T12:23:07.891Z] chrome : Chrome/151.0.7922.169
[2026-08-21T12:23:08.145Z] navigation : http://127.0.0.1:5173/shell.html?signaling=ws%3A%2F%2F192.168.3.1%3A8080&prefixe=F4z7KQooOQfJqh47PM0ETA
[2026-08-21T12:23:12.182Z] OPFS peuple : 5 entrees
[2026-08-21T12:23:12.182Z] la page-shell est connectee : lancement de l agent
[2026-08-21T12:23:12.575Z] agent lance : Opration russie : tentative d'excution de la tche planifie "guacamole-agent".agent lancé en session interactive ; journal : /media/vm/dev/agent.log
[2026-08-21T12:23:16.602Z] 2 fenetre(s) d application apres 4 s
[2026-08-21T12:23:16.606Z] etat avant le clic : {"href":"http://127.0.0.1:5173/shell.html?signaling=ws%3A%2F%2F192.168.3.1%3A8080&prefixe=F4z7KQooOQfJqh47PM0ETA","jeton":true,"bouton":true}
[2026-08-21T12:23:16.607Z] clic sur #choisir-dossier
[2026-08-21T12:23:20.651Z] #etat-fichiers : "Lecteur « Mes Fichiers » monté sur « Mes documents »."
[2026-08-21T12:23:20.651Z] repos de 8000 ms avant la mesure
[2026-08-21T12:23:28.654Z] PORTE P3 : creation DANS la VM, puis relistage immediat
[2026-08-21T12:23:31.888Z] P3 : present_apres=undefined
[2026-08-21T12:23:31.888Z] PORTE P1 : les candidates d occupation disque
[2026-08-21T12:23:34.934Z] (1) amorcage du cache
[2026-08-21T12:23:37.847Z] (1) undefined entrees en undefined ms
[2026-08-21T12:23:37.847Z] (2) ajout d un fichier COTE NAVIGATEUR, hors du pont
[2026-08-21T12:23:37.858Z] (2) {"ok":true,"entrees":6}
[2026-08-21T12:23:37.858Z] (3) relistage : le fichier doit etre ABSENT
[2026-08-21T12:23:40.777Z] (3) ecart (1)->(3) = 5843 ms — admissible : true
[2026-08-21T12:23:40.777Z] (4) clic sur #rafraichir
[2026-08-21T12:23:40.779Z] (4) clique
[2026-08-21T12:23:42.781Z] (5) relistage : le fichier doit etre PRESENT
[2026-08-21T12:23:45.695Z] boutons : {"rafraichir":true,"reprendre_present":true,"reprendre_cache":true,"retenues":"false","dues":"0","vues":"2"}
[2026-08-21T12:23:45.703Z] maintien de 20 s
[2026-08-21T12:24:05.714Z] releve ecrit : /tmp/f5/pilote-arme-1.json
