[2026-08-21T12:34:05.510Z] jeton de recette obtenu
[2026-08-21T12:34:06.091Z] chrome : Chrome/151.0.7922.169
[2026-08-21T12:34:06.483Z] navigation : http://127.0.0.1:5173/shell.html?signaling=ws%3A%2F%2F192.168.3.1%3A8080&prefixe=F4z7KQooOQfJqh47PM0ETA
[2026-08-21T12:34:10.552Z] OPFS peuple : 5 entrees
[2026-08-21T12:34:10.552Z] la page-shell est connectee : lancement de l agent
[2026-08-21T12:34:10.955Z] agent lance : Opration russie : tentative d'excution de la tche planifie "guacamole-agent".agent lancé en session interactive ; journal : /media/vm/dev/agent.log
[2026-08-21T12:34:14.994Z] 2 fenetre(s) d application apres 4 s
[2026-08-21T12:34:15.000Z] etat avant le clic : {"href":"http://127.0.0.1:5173/shell.html?signaling=ws%3A%2F%2F192.168.3.1%3A8080&prefixe=F4z7KQooOQfJqh47PM0ETA","jeton":true,"bouton":true}
[2026-08-21T12:34:15.001Z] clic sur #choisir-dossier
[2026-08-21T12:34:19.059Z] #etat-fichiers : "Lecteur « Mes Fichiers » monté sur « Mes documents »."
[2026-08-21T12:34:19.059Z] repos de 8000 ms avant la mesure
[2026-08-21T12:34:27.062Z] PORTE P3 : creation DANS la VM, puis relistage immediat
[2026-08-21T12:34:30.051Z] P3 : present_apres=true
[2026-08-21T12:34:30.052Z] PORTE P1 : les candidates d occupation disque
[2026-08-21T12:34:33.016Z] (1) amorcage du cache
[2026-08-21T12:34:35.980Z] (1) 5 entrees en 7 ms
[2026-08-21T12:34:35.980Z] (2) ajout d un fichier COTE NAVIGATEUR, hors du pont
[2026-08-21T12:34:35.992Z] (2) {"ok":true,"entrees":5}
[2026-08-21T12:34:35.992Z] (3) relistage : le fichier doit etre ABSENT
[2026-08-21T12:34:38.921Z] (3) ecart (1)->(3) = 5905 ms — admissible : true
[2026-08-21T12:34:38.921Z] (4) clic sur #rafraichir
[2026-08-21T12:34:38.924Z] (4) clique
[2026-08-21T12:34:40.926Z] (5) relistage : le fichier doit etre PRESENT
[2026-08-21T12:35:11.966Z] boutons : [object Object]
[2026-08-21T12:35:41.994Z] maintien de 8 s
[2026-08-21T12:35:50.002Z] releve ecrit : /tmp/f5/pilote-p2-dues.json
