[2026-08-21T12:37:41.851Z] jeton de recette obtenu
[2026-08-21T12:37:42.436Z] chrome : Chrome/151.0.7922.169
[2026-08-21T12:37:42.698Z] navigation : http://127.0.0.1:5173/shell.html?signaling=ws%3A%2F%2F192.168.3.1%3A8080&prefixe=F4z7KQooOQfJqh47PM0ETA
[2026-08-21T12:37:46.788Z] OPFS peuple : 5 entrees
[2026-08-21T12:37:46.788Z] la page-shell est connectee : lancement de l agent
[2026-08-21T12:37:47.253Z] agent lance : Opration russie : tentative d'excution de la tche planifie "guacamole-agent".agent lancé en session interactive ; journal : /media/vm/dev/agent.log
[2026-08-21T12:39:17.626Z] etat avant le clic : {"href":"http://127.0.0.1:5173/shell.html?signaling=ws%3A%2F%2F192.168.3.1%3A8080&prefixe=F4z7KQooOQfJqh47PM0ETA","jeton":true,"bouton":true}
[2026-08-21T12:39:17.627Z] clic sur #choisir-dossier
[2026-08-21T12:39:21.687Z] #etat-fichiers : "Lecteur « Mes Fichiers » monté sur « Mes documents »."
[2026-08-21T12:39:21.688Z] repos de 8000 ms avant la mesure
[2026-08-21T12:39:29.690Z] PORTE P3 : creation DANS la VM, puis relistage immediat
[2026-08-21T12:39:32.894Z] P3 : present_apres=true
[2026-08-21T12:39:32.894Z] PORTE P1 : les candidates d occupation disque
[2026-08-21T12:39:35.979Z] (1) amorcage du cache
[2026-08-21T12:39:39.202Z] (1) 5 entrees en 16 ms
[2026-08-21T12:39:39.202Z] (2) ajout d un fichier COTE NAVIGATEUR, hors du pont
[2026-08-21T12:39:39.218Z] (2) {"ok":true,"entrees":6}
[2026-08-21T12:39:39.219Z] (3) relistage : le fichier doit etre ABSENT
[2026-08-21T12:39:42.395Z] (3) ecart (1)->(3) = 6416 ms — admissible : true
[2026-08-21T12:39:42.395Z] (4) clic sur #rafraichir
[2026-08-21T12:39:42.406Z] (4) clique
[2026-08-21T12:39:44.408Z] (5) relistage : le fichier doit etre PRESENT
[2026-08-21T12:39:47.567Z] boutons : {"rafraichir":true,"reprendre_present":true,"reprendre_cache":true,"retenues":"false","dues":"0","vues":"3"}
[2026-08-21T12:39:47.583Z] maintien de 15 s
[2026-08-21T12:40:11.627Z] releve ecrit : /tmp/f5/pilote-p2-apres.json
