[2026-08-21T13:29:05.830Z] jeton de recette obtenu
[2026-08-21T13:29:06.371Z] chrome : Chrome/151.0.7922.169
[2026-08-21T13:29:06.632Z] navigation : http://127.0.0.1:5173/shell.html?signaling=ws%3A%2F%2F192.168.3.1%3A8080&prefixe=F4z7KQooOQfJqh47PM0ETA
[2026-08-21T13:29:10.768Z] OPFS peuple : 5 entrees
[2026-08-21T13:29:10.768Z] la page-shell est connectee : lancement de l agent
[2026-08-21T13:29:11.176Z] agent lance : Opration russie : tentative d'excution de la tche planifie "guacamole-agent".agent lancé en session interactive ; journal : /media/vm/dev/agent.log
[2026-08-21T13:30:41.469Z] etat avant le clic : {"href":"http://127.0.0.1:5173/shell.html?signaling=ws%3A%2F%2F192.168.3.1%3A8080&prefixe=F4z7KQooOQfJqh47PM0ETA","jeton":true,"bouton":true}
[2026-08-21T13:30:41.469Z] clic sur #choisir-dossier
[2026-08-21T13:30:45.487Z] #etat-fichiers : "Lecteur « Mes Fichiers » monté sur « Mes documents »."
[2026-08-21T13:30:45.487Z] repos de 8000 ms avant la mesure
[2026-08-21T13:30:53.490Z] PORTE P3 : creation DANS la VM, puis relistage immediat
[2026-08-21T13:30:56.442Z] P3 : present_apres=true
[2026-08-21T13:30:56.442Z] PORTE P1 : les candidates d occupation disque
[2026-08-21T13:30:59.401Z] (1) amorcage du cache
[2026-08-21T13:31:02.379Z] (1) 5 entrees en 0 ms
[2026-08-21T13:31:02.379Z] (2) ajout d un fichier COTE NAVIGATEUR, hors du pont
[2026-08-21T13:31:02.387Z] (2) {"ok":true,"entrees":6}
[2026-08-21T13:31:02.387Z] (3) relistage : le fichier doit etre ABSENT
[2026-08-21T13:31:05.311Z] (3) ecart (1)->(3) = 5910 ms — admissible : true
[2026-08-21T13:31:05.311Z] (4) clic sur #rafraichir
[2026-08-21T13:31:05.318Z] (4) clique
[2026-08-21T13:31:07.318Z] (5) relistage : le fichier doit etre PRESENT
[2026-08-21T13:31:10.265Z] boutons : {"rafraichir":true,"reprendre_present":true,"reprendre_cache":true,"retenues":"false","dues":"0","vues":"2"}
[2026-08-21T13:31:10.265Z] CRITERE ④ : creer / renommer / supprimer dans la VM, cache arme
[2026-08-21T13:31:13.196Z] ④ avant=6 creation=7 renommage=OK/6 suppression=OK/6
[2026-08-21T13:31:13.196Z] ④ verdict : {"creation_vue":true,"ancien_nom_disparu":true,"nouveau_nom_vu":true,"supprime_disparu":true}
[2026-08-21T13:31:13.207Z] maintien de 6 s
[2026-08-21T13:31:19.209Z] releve ecrit : /tmp/f5/pilote-c4-2.json
