### BRAS TEMOIN — ARME, AUCUN GESTE : le recensement doit COMPTER ZERO
[2m2026-09-05T00:44:17.300939Z[0m [32m INFO[0m [2magent::pont::service::recensement[0m[2m:[0m pont en vol=0 sans_commande=0 plus_ancienne_ms=0 sessions=0 octets_hydrates=0 entrees_hydratees=0
[2m2026-09-05T00:44:17.300997Z[0m [32m INFO[0m [2magent::pont::service::recensement[0m[2m:[0m codes rendus total=0 introuvable=0 chemin-introuvable=0 acces-refuse=0 canal-ferme=0 delai-depasse=0 abandonnee=0 disque-plein=0 non-supporte=0 repertoire-non-vide=0 deja-present=0 protege-en-ecriture=0 inattendue=0 | jamais rendus : introuvable,chemin-introuvable,acces-refuse,canal-ferme,delai-depasse,abandonnee,disque-plein,non-supporte,repertoire-non-vide,deja-present,protege-en-ecriture,inattendue
[2m2026-09-05T00:44:17.301032Z[0m [32m INFO[0m [2magent::pont::service::recensement[0m[2m:[0m traversees attributs=n:0 moy_us:0 max_us:0 lister=n:0 moy_us:0 max_us:0 lire=n:0 moy_us:0 max_us:0 ecrire=n:0 moy_us:0 max_us:0 mutation=n:0 moy_us:0 max_us:0 | seaux_ms attributs=1:0,2:0,5:0,10:0,20:0,50:0,100:0,200:0,500:0,1000:0,2000:0,5000:0,inf:0 lister=1:0,2:0,5:0,10:0,20:0,50:0,100:0,200:0,500:0,1000:0,2000:0,5000:0,inf:0 lire=1:0,2:0,5:0,10:0,20:0,50:0,100:0,200:0,500:0,1000:0,2000:0,5000:0,inf:0 ecrire=1:0,2:0,5:0,10:0,20:0,50:0,100:0,200:0,500:0,1000:0,2000:0,5000:0,inf:0 mutation=1:0,2:0,5:0,10:0,20:0,50:0,100:0,200:0,500:0,1000:0,2000:0,5000:0,inf:0

### 🔴 TEMOIN POSITIF DU RANG, SONDE EN PREMIER
rang 100 AVANT toute lecture : ABOUTIT, rendues=100

### ECHELLE DE TAILLE — duree et ISSUE a chaque barreau
4 Kio : ABOUTIT       151 ms  lus=   4096 o  26,57 Kio/s
    16 Kio : ABOUTIT       513 ms  lus=  16384 o  31,22 Kio/s
    32 Kio : ABOUTIT     1 170 ms  lus=  32768 o  27,34 Kio/s
    64 Kio : ABOUTIT     2 026 ms  lus=  65536 o  31,59 Kio/s
   128 Kio : ABOUTIT     4 165 ms  lus= 131072 o  30,73 Kio/s
   192 Kio : ECHOUE     10 264 ms  -- Exception calling "ReadAllBytes" with "1" argument(s): "An internal error occurred.
"
   256 Kio : ECHOUE      2 012 ms  -- Exception calling "ReadAllBytes" with "1" argument(s): "An internal error occurred.
"
   512 Kio : ECHOUE      2 024 ms  -- Exception calling "ReadAllBytes" with "1" argument(s): "An internal error occurred.
"

### 🔴 TEMOIN NEGATIF DE LA LECTURE — l'instrument sait-il seulement ECHOUER ?
temoin OK : la lecture d un fichier absent ECHOUE -- MethodInvocationException

### ECHELLE D ENTREES — duree, ISSUE, et le COMPTE RENDU
rang   100 : ABOUTIT        28 ms  rendues=  100  COMPLET
  rang  1000 : ECHOUE      2 146 ms  -- Cannot find path 'C:\Users\Administrator\Mes Fichiers\rang-1000' because it does not exist
  rang  2000 : ABOUTIT     5 828 ms  rendues= 2000  COMPLET
  rang  3000 : ABOUTIT     8 484 ms  rendues= 3000  COMPLET
  rang  3150 : ABOUTIT     8 573 ms  rendues= 3150  COMPLET
  rang  3200 : ABOUTIT     9 052 ms  rendues= 3200  COMPLET
  rang  4000 : ECHOUE      2 421 ms  -- An internal error occurred.

### 🔴 TEMOIN NEGATIF DE L ENUMERATION — un repertoire absent doit ECHOUER
temoin OK : le listage d un repertoire absent ECHOUE -- ItemNotFoundException

### DEBIT SOUTENU — au moins 60 s de lecture continue, FICHIERS DISTINCTS
fichiers lus=20  echecs=0  octets=2 621 440  duree=78,0 s
  DEBIT SOUTENU = 32,82 Kio/s   (palier de 78,0 s, soit 7,8 periodes de recensement)

[2m2026-09-05T00:46:28.630204Z[0m [32m INFO[0m [2magent::pont::service::recensement[0m[2m:[0m traversees attributs=n:30 moy_us:81693 max_us:153530 lister=n:6 moy_us:5687331 max_us:8938634 lire=n:40 moy_us:2670479 max_us:5085219 ecrire=n:0 moy_us:0 max_us:0 mutation=n:0 moy_us:0 max_us:0 | seaux_ms attributs=1:0,2:0,5:0,10:0,20:0,50:8,100:12,200:10,500:0,1000:0,2000:0,5000:0,inf:0 lister=1:0,2:0,5:0,10:0,20:0,50:0,100:0,200:0,500:1,1000:0,2000:0,5000:1,inf:4 lire=1:0,2:0,5:0,10:0,20:0,50:0,100:0,200:1,500:1,1000:0,2000:20,5000:17,inf:1 ecrire=1:0,2:0,5:0,10:0,20:0,50:0,100:0,200:0,500:0,1000:0,2000:0,5000:0,inf:0 mutation=1:0,2:0,5:0,10:0,20:0,50:0,100:0,200:0,500:0,1000:0,2000:0,5000:0,inf:0
[2m2026-09-05T00:46:38.826225Z[0m [32m INFO[0m [2magent::pont::service::recensement[0m[2m:[0m pont en vol=1 sans_commande=0 plus_ancienne_ms=2145 sessions=0 octets_hydrates=2805760 entrees_hydratees=23
[2m2026-09-05T00:46:38.826314Z[0m [32m INFO[0m [2magent::pont::service::recensement[0m[2m:[0m codes rendus total=10 introuvable=1 chemin-introuvable=0 acces-refuse=0 canal-ferme=0 delai-depasse=8 abandonnee=0 disque-plein=0 non-supporte=0 repertoire-non-vide=0 deja-present=0 protege-en-ecriture=0 inattendue=1 | jamais rendus : chemin-introuvable,acces-refuse,canal-ferme,abandonnee,disque-plein,non-supporte,repertoire-non-vide,deja-present,protege-en-ecriture
[2m2026-09-05T00:46:38.826347Z[0m [32m INFO[0m [2magent::pont::service::recensement[0m[2m:[0m traversees attributs=n:33 moy_us:87055 max_us:245327 lister=n:6 moy_us:5687331 max_us:8938634 lire=n:45 moy_us:2667676 max_us:5085219 ecrire=n:0 moy_us:0 max_us:0 mutation=n:0 moy_us:0 max_us:0 | seaux_ms attributs=1:0,2:0,5:0,10:0,20:0,50:8,100:13,200:11,500:1,1000:0,2000:0,5000:0,inf:0 lister=1:0,2:0,5:0,10:0,20:0,50:0,100:0,200:0,500:1,1000:0,2000:0,5000:1,inf:4 lire=1:0,2:0,5:0,10:0,20:0,50:0,100:0,200:1,500:1,1000:0,2000:23,5000:19,inf:1 ecrire=1:0,2:0,5:0,10:0,20:0,50:0,100:0,200:0,500:0,1000:0,2000:0,5000:0,inf:0 mutation=1:0,2:0,5:0,10:0,20:0,50:0,100:0,200:0,500:0,1000:0,2000:0,5000:0,inf:0
