2026-09-05T01:32:06.131253Z  INFO agent: accélération pointeur neutralisée rapport="seuils relus = [0, 0, 0], vitesse relue = 10 (attendu : [0, 0, 0] et 10)"
2026-09-05T01:32:06.247337Z  INFO agent::plateforme::session: agent enrôlé auprès de la plateforme url="ws://192.168.3.1:3445/agent" prefixe=3sxuA9dd56NpVdHi37R86g expire_a=1788572526522
2026-09-05T01:32:06.247447Z  INFO agent::apps: mode de surveillance retenu mode=Armee
2026-09-05T01:32:06.248896Z  INFO agent::superviseur::signalisation: déclaration du superviseur émise sur la session de contrôle (acceptation encore inconnue) session="3sxuA9dd56NpVdHi37R86g:bureau" jeton_present=true
2026-09-05T01:32:06.252619Z  INFO agent::apps::surveillance::fil: racine surveillée racine=C:\ProgramData\Microsoft\Windows\Start Menu
2026-09-05T01:32:06.252719Z  INFO agent::apps::surveillance::fil: racine surveillée racine=C:\Users\Administrator\AppData\Roaming\Microsoft\Windows\Start Menu
2026-09-05T01:32:06.252778Z  INFO agent::apps::surveillance::fil: racine surveillée racine=C:\Users\Administrator\Desktop
2026-09-05T01:32:06.252829Z  INFO agent::apps::surveillance::fil: racine surveillée racine=C:\Users\Public\Desktop
2026-09-05T01:32:06.252853Z  INFO agent::apps::surveillance::fil: surveillance des raccourcis armée racines=4
2026-09-05T01:32:06.263368Z  INFO agent::capture::enumeration: adaptateur DXGI sans sortie adaptateur=NVIDIA GeForce RTX 4070 index_adaptateur=1
2026-09-05T01:32:06.263518Z  INFO agent::capture::enumeration: adaptateur DXGI sans sortie adaptateur=NVIDIA GeForce RTX 4070 index_adaptateur=2
2026-09-05T01:32:06.263655Z  INFO agent::capture::enumeration: adaptateur DXGI sans sortie adaptateur=Microsoft Basic Render Driver index_adaptateur=3
2026-09-05T01:32:06.263692Z  INFO agent::diagnostics::multifenetre::montee: topologie relevée moment="avant purge" nombre=1 attachees=1
2026-09-05T01:32:06.263706Z  INFO agent::diagnostics::multifenetre::montee: sortie moment="avant purge" nom=\\.\DISPLAY1 adaptateur=Microsoft Basic Render Driver index_adaptateur=0 index_sortie=0 attachee=true x=0 y=0 largeur=1280 hauteur=800
2026-09-05T01:32:06.362474Z  INFO agent::apps::boucle::memoire: raccourci ecarte chemin=C:\Users\Administrator\AppData\Roaming\Microsoft\Windows\Start Menu\Programs\File Explorer.lnk motif="cible-vide"
2026-09-05T01:32:06.395368Z  INFO agent::apps::boucle::memoire: raccourci ecarte chemin=C:\Users\Administrator\AppData\Roaming\Microsoft\Windows\Start Menu\Programs\System Tools\Control Panel.lnk motif="cible-vide"
2026-09-05T01:32:06.395391Z  INFO agent::apps::boucle::memoire: raccourci ecarte chemin=C:\Users\Administrator\AppData\Roaming\Microsoft\Windows\Start Menu\Programs\System Tools\Run.lnk motif="cible-vide"
2026-09-05T01:32:06.569411Z  INFO agent::apps::boucle::memoire: raccourci ecarte chemin=C:\ProgramData\Microsoft\Windows\Start Menu\Programs\Blue Ripple Sound\Rapture3D - Help.lnk motif="extension" extension=chm
2026-09-05T01:32:06.601285Z  INFO agent::apps::boucle::memoire: raccourci ecarte chemin=C:\ProgramData\Microsoft\Windows\Start Menu\Programs\Administrative Tools\Component Services.lnk motif="extension" extension=msc
2026-09-05T01:32:06.601309Z  INFO agent::apps::boucle::memoire: raccourci ecarte chemin=C:\ProgramData\Microsoft\Windows\Start Menu\Programs\Administrative Tools\Computer Management.lnk motif="extension" extension=msc
2026-09-05T01:32:06.626645Z  INFO agent::apps::boucle::memoire: raccourci ecarte chemin=C:\ProgramData\Microsoft\Windows\Start Menu\Programs\Administrative Tools\Event Viewer.lnk motif="extension" extension=msc
2026-09-05T01:32:06.675277Z  INFO agent::apps::boucle::memoire: raccourci ecarte chemin=C:\ProgramData\Microsoft\Windows\Start Menu\Programs\Administrative Tools\Performance Monitor.lnk motif="extension" extension=msc
2026-09-05T01:32:06.675302Z  INFO agent::apps::boucle::memoire: raccourci ecarte chemin=C:\ProgramData\Microsoft\Windows\Start Menu\Programs\Administrative Tools\Print Management.lnk motif="extension" extension=msc
2026-09-05T01:32:06.707290Z  INFO agent::apps::boucle::memoire: raccourci ecarte chemin=C:\ProgramData\Microsoft\Windows\Start Menu\Programs\Administrative Tools\Security Configuration Management.lnk motif="extension" extension=msc
2026-09-05T01:32:06.707314Z  INFO agent::apps::boucle::memoire: raccourci ecarte chemin=C:\ProgramData\Microsoft\Windows\Start Menu\Programs\Administrative Tools\services.lnk motif="extension" extension=msc
2026-09-05T01:32:06.731826Z  INFO agent::apps::boucle::memoire: raccourci ecarte chemin=C:\ProgramData\Microsoft\Windows\Start Menu\Programs\Administrative Tools\Task Scheduler.lnk motif="extension" extension=msc
2026-09-05T01:32:06.731847Z  INFO agent::apps::boucle::memoire: raccourci ecarte chemin=C:\ProgramData\Microsoft\Windows\Start Menu\Programs\Administrative Tools\Windows Defender Firewall with Advanced Security.lnk motif="extension" extension=msc
2026-09-05T01:32:06.779285Z  INFO agent::apps::boucle::memoire: catalogue reconcilie total=58 retenus=45 cles=41 icones=41 icones_echouees=0 icones_distinctes=37 apparues=41 modifiees=0 disparues=0 duree_ms=528 declencheur="demarrage" notifications=0 debordements=0
2026-09-05T01:32:09.266993Z  INFO agent::capture::enumeration: adaptateur DXGI sans sortie adaptateur=NVIDIA GeForce RTX 4070 index_adaptateur=1
2026-09-05T01:32:09.267156Z  INFO agent::capture::enumeration: adaptateur DXGI sans sortie adaptateur=NVIDIA GeForce RTX 4070 index_adaptateur=2
2026-09-05T01:32:09.267303Z  INFO agent::capture::enumeration: adaptateur DXGI sans sortie adaptateur=Microsoft Basic Render Driver index_adaptateur=3
2026-09-05T01:32:09.267332Z  INFO agent::diagnostics::multifenetre::montee: topologie relevée moment="après purge" nombre=1 attachees=1
2026-09-05T01:32:09.267357Z  INFO agent::diagnostics::multifenetre::montee: sortie moment="après purge" nom=\\.\DISPLAY1 adaptateur=Microsoft Basic Render Driver index_adaptateur=0 index_sortie=0 attachee=true x=0 y=0 largeur=1280 hauteur=800
2026-09-05T01:32:09.267389Z  INFO agent::moniteurs_virtuels::purge: purge terminée retirees=0 avant=1 apres=1
2026-09-05T01:32:09.273026Z  INFO agent::superviseur::lanceur: capteur lancé pid=8372
2026-09-05T01:32:09.274767Z  INFO agent::superviseur::lanceur::pont: pont fichiers lancé pid=5528 session="3sxuA9dd56NpVdHi37R86g:fichiers"
2026-09-05T01:32:09.274803Z  WARN agent::superviseur::boucle::surveillance_pont: pont fichiers lancé ou relancé (tentatives suivantes silencieuses tant que le cycle se répète) pid_neuf=5528 tentative=1 espacement_ms=500
2026-09-05T01:32:09.274954Z  INFO agent::appartenance::win: job d'appartenance créé (aucune limite : il ne tue rien)
2026-09-05T01:32:09.275024Z  INFO agent::superviseur::hook: fenêtre ÉCARTÉE : desk ne l'a pas lancée (règle d'appartenance). Désarmer par APPARTENANCE=0 pour retrouver le comportement d'avant titre="New tab - Personal - Microsoft\u{200b} Edge" pid=10260 processus=msedge.exe
2026-09-05T01:32:09.275094Z  INFO agent::superviseur::hook: fenêtre ÉCARTÉE : desk ne l'a pas lancée (règle d'appartenance). Désarmer par APPARTENANCE=0 pour retrouver le comportement d'avant titre="New tab - Personal - Microsoft\u{200b} Edge" pid=10260 processus=msedge.exe
2026-09-05T01:32:09.275155Z  INFO agent::superviseur::hook: fenêtre ÉCARTÉE : desk ne l'a pas lancée (règle d'appartenance). Désarmer par APPARTENANCE=0 pour retrouver le comportement d'avant titre="New tab - Personal - Microsoft\u{200b} Edge" pid=10260 processus=msedge.exe
2026-09-05T01:32:09.275192Z  INFO agent::superviseur::hook: fenêtre ÉCARTÉE : desk ne l'a pas lancée (règle d'appartenance). Désarmer par APPARTENANCE=0 pour retrouver le comportement d'avant titre="New tab - Personal - Microsoft\u{200b} Edge" pid=10260 processus=msedge.exe
2026-09-05T01:32:09.284190Z  INFO agent: accélération pointeur neutralisée rapport="seuils relus = [0, 0, 0], vitesse relue = 10 (attendu : [0, 0, 0] et 10)"
2026-09-05T01:32:09.284235Z  INFO agent::capteur: capteur démarré tube="\\\\.\\pipe\\agent-capteur"
2026-09-05T01:32:09.285474Z  INFO agent: accélération pointeur neutralisée rapport="seuils relus = [0, 0, 0], vitesse relue = 10 (attendu : [0, 0, 0] et 10)"
2026-09-05T01:32:09.285510Z  INFO agent: identité héritée du superviseur (AGENT_JETON) : ce processus n'ouvre aucun canal /agent, un seul socket par VM
2026-09-05T01:32:09.285538Z  WARN agent::apps: decouverte d'applications inactive : ce processus n'a pas de canal /agent (identité héritée du superviseur, ou AGENT_VM/AGENT_SECRET absents)
2026-09-05T01:32:09.287223Z  INFO agent::pont::transport: socket UDP du pont fichiers addr=192.168.3.2:60500
2026-09-05T01:32:09.308878Z  INFO agent::signaling: déclaration de l'agent émise au signaling (acceptation encore inconnue) session="3sxuA9dd56NpVdHi37R86g:fichiers"
2026-09-05T01:32:09.310237Z  INFO agent::signaling: configuration TURN reçue serveur=90.87.35.18:3478
2026-09-05T01:32:36.228130Z  INFO agent::apps::boucle: identité changée : le prochain catalogue sera COMPLET (rafraîchissement de jeton OU réenrôlement — cette boucle ne les distingue pas)
2026-09-05T01:32:36.814272Z  INFO agent::apps::boucle::memoire: catalogue reconcilie total=58 retenus=45 cles=41 icones=0 icones_echouees=0 icones_distinctes=37 apparues=0 modifiees=0 disparues=0 duree_ms=34 declencheur="periode" notifications=0 debordements=0
2026-09-05T01:32:42.619658Z  INFO agent::superviseur::boucle: une page-shell a rejoint la session de contrôle : les fenêtres sont réannoncées
2026-09-05T01:32:42.620189Z  INFO agent::superviseur::hook: fenêtre ÉCARTÉE : desk ne l'a pas lancée (règle d'appartenance). Désarmer par APPARTENANCE=0 pour retrouver le comportement d'avant titre="New tab - Personal - Microsoft\u{200b} Edge" pid=10260 processus=msedge.exe
2026-09-05T01:32:42.620351Z  INFO agent::superviseur::hook: fenêtre ÉCARTÉE : desk ne l'a pas lancée (règle d'appartenance). Désarmer par APPARTENANCE=0 pour retrouver le comportement d'avant titre="New tab - Personal - Microsoft\u{200b} Edge" pid=10260 processus=msedge.exe
2026-09-05T01:32:42.620438Z  INFO agent::superviseur::hook: fenêtre ÉCARTÉE : desk ne l'a pas lancée (règle d'appartenance). Désarmer par APPARTENANCE=0 pour retrouver le comportement d'avant titre="New tab - Personal - Microsoft\u{200b} Edge" pid=10260 processus=msedge.exe
2026-09-05T01:32:42.620511Z  INFO agent::superviseur::hook: fenêtre ÉCARTÉE : desk ne l'a pas lancée (règle d'appartenance). Désarmer par APPARTENANCE=0 pour retrouver le comportement d'avant titre="New tab - Personal - Microsoft\u{200b} Edge" pid=10260 processus=msedge.exe
2026-09-05T01:32:44.327536Z  INFO agent::superviseur::boucle::surveillance_pont: pont fichiers de nouveau stable pid=5528
2026-09-05T01:32:46.488816Z  INFO agent::plateforme::session: ordre de lancement reçu url="ws://192.168.3.1:3445/agent" demande=1db7c226-6c44-4377-8564-058917e7937b cle=741924e4a3ec3408bc2797010e48446c92b7364090a6be5ad2ce8ff4060e631c
2026-09-05T01:32:46.655871Z  INFO agent::appartenance::win: processus lancé inscrit au job d'appartenance
2026-09-05T01:32:46.655933Z  INFO agent::apps::lancement: raccourci lancé chemin="C:\\ProgramData\\Microsoft\\Windows\\Start Menu\\Programs\\Notepad.lnk"
2026-09-05T01:32:46.655956Z  INFO agent::apps::boucle: lancement demande="1db7c226-6c44-4377-8564-058917e7937b" cle="741924e4a3ec3408bc2797010e48446c92b7364090a6be5ad2ce8ff4060e631c" issue=Raccourci
2026-09-05T01:32:47.441410Z  INFO agent::superviseur::boucle: viewport recu de la page-shell session=3sxuA9dd56NpVdHi37R86g:w-1 demande="780x492" effets=1 etat=Some(AttendLaSortie)
2026-09-05T01:32:47.442529Z  INFO agent::capture::enumeration: adaptateur DXGI sans sortie adaptateur=NVIDIA GeForce RTX 4070 index_adaptateur=1
2026-09-05T01:32:47.442696Z  INFO agent::capture::enumeration: adaptateur DXGI sans sortie adaptateur=NVIDIA GeForce RTX 4070 index_adaptateur=2
2026-09-05T01:32:47.442829Z  INFO agent::capture::enumeration: adaptateur DXGI sans sortie adaptateur=Microsoft Basic Render Driver index_adaptateur=3
2026-09-05T01:32:47.442859Z  INFO agent::diagnostics::multifenetre::montee: topologie relevée moment="avant création de sortie" nombre=1 attachees=1
2026-09-05T01:32:47.442874Z  INFO agent::diagnostics::multifenetre::montee: sortie moment="avant création de sortie" nom=\\.\DISPLAY1 adaptateur=Microsoft Basic Render Driver index_adaptateur=0 index_sortie=0 attachee=true x=0 y=0 largeur=1280 hauteur=800
2026-09-05T01:32:47.443171Z  INFO agent::moniteurs_virtuels::pilote: sortie virtuelle créée id=259 adaptateur_bas=67235 adaptateur_haut=0 guid=9C4A1F6E-2B73-4D51-9E08-677541430001 largeur=780 hauteur=492 hertz=60
2026-09-05T01:32:47.523138Z  INFO agent::superviseur::hook: fenêtre ÉCARTÉE : desk ne l'a pas lancée (règle d'appartenance). Désarmer par APPARTENANCE=0 pour retrouver le comportement d'avant titre="Chrome Legacy Window" pid=10260 processus=msedge.exe
2026-09-05T01:32:47.555274Z  INFO agent::superviseur::hook: fenêtre ÉCARTÉE : desk ne l'a pas lancée (règle d'appartenance). Désarmer par APPARTENANCE=0 pour retrouver le comportement d'avant titre="Chrome Legacy Window" pid=10260 processus=msedge.exe
2026-09-05T01:32:47.558598Z  INFO agent::superviseur::hook: fenêtre ÉCARTÉE : desk ne l'a pas lancée (règle d'appartenance). Désarmer par APPARTENANCE=0 pour retrouver le comportement d'avant titre="Chrome Legacy Window" pid=10260 processus=msedge.exe
2026-09-05T01:32:47.564284Z  INFO agent::superviseur::hook: fenêtre ÉCARTÉE : desk ne l'a pas lancée (règle d'appartenance). Désarmer par APPARTENANCE=0 pour retrouver le comportement d'avant titre="Chrome Legacy Window" pid=10260 processus=msedge.exe
2026-09-05T01:32:47.691245Z  INFO agent::superviseur::hook: fenêtre ÉCARTÉE : desk ne l'a pas lancée (règle d'appartenance). Désarmer par APPARTENANCE=0 pour retrouver le comportement d'avant titre="DesktopWindowXamlSource" pid=8836 processus=explorer.exe
2026-09-05T01:32:47.760317Z  INFO agent::superviseur::boucle::creation_sortie: sortie DESIGNEE par son identifiant de cible (chemin ① — la correspondance CCD a rendu son nom GDI) id_pilote=259 adaptateur=Some((67235, 0)) nom_designe="\\\\.\\DISPLAY6"
2026-09-05T01:32:47.760354Z  INFO agent::superviseur::boucle::creation_sortie: sortie retenue pour cette fenetre session=3sxuA9dd56NpVdHi37R86g:w-1 sortie=\\.\DISPLAY6 demande="780x492" sortie_reelle="1860x1080" exemptee=false
2026-09-05T01:32:47.780289Z  INFO agent::superviseur::enfants: enfant lancé session=3sxuA9dd56NpVdHi37R86g:w-1 pid=240 sortie=\\.\DISPLAY6
2026-09-05T01:32:47.794923Z  INFO agent: accélération pointeur neutralisée rapport="seuils relus = [0, 0, 0], vitesse relue = 10 (attendu : [0, 0, 0] et 10)"
2026-09-05T01:32:47.794972Z  INFO agent: identité héritée du superviseur (AGENT_JETON) : ce processus n'ouvre aucun canal /agent, un seul socket par VM
2026-09-05T01:32:47.795006Z  WARN agent::apps: decouverte d'applications inactive : ce processus n'a pas de canal /agent (identité héritée du superviseur, ou AGENT_VM/AGENT_SECRET absents)
2026-09-05T01:32:47.795025Z  INFO agent::demarrage::source: source distante servie par le capteur (mode multi-fenêtres) nom_sortie=\\.\DISPLAY6 bitrate=12000000 fps=90
2026-09-05T01:32:47.808634Z  INFO agent::capture::ouverture: sortie retenue pour la duplication adaptateur=NVIDIA GeForce RTX 4070 index_adaptateur=1 index_sortie=0 nom_sortie=\\.\DISPLAY6 attachee=true
2026-09-05T01:32:47.808841Z  INFO agent::capteur::tube: attaché au capteur session=3sxuA9dd56NpVdHi37R86g:w-1 sortie=\\.\DISPLAY6 largeur=780 hauteur=492
2026-09-05T01:32:47.809092Z  INFO fenetre{session=3sxuA9dd56NpVdHi37R86g:w-1}: agent::capteur::fenetre: fenêtre attachée au capteur session=3sxuA9dd56NpVdHi37R86g:w-1 pid=452 sortie=\\.\DISPLAY6 largeur=780 hauteur=492
2026-09-05T01:32:47.809203Z  INFO fenetre{session=3sxuA9dd56NpVdHi37R86g:w-1}: agent::capteur::sommeil::parts: budget de debit de la session budget_bps=12000000
2026-09-05T01:32:47.812010Z  INFO agent::signaling: déclaration de l'agent émise au signaling (acceptation encore inconnue) session="3sxuA9dd56NpVdHi37R86g:w-1"
2026-09-05T01:32:47.812103Z  INFO agent::transport::initialisation: socket UDP de l'agent addr=192.168.3.2:54528
2026-09-05T01:32:47.813044Z  INFO agent::signaling: configuration TURN reçue serveur=90.87.35.18:3478
2026-09-05T01:32:47.838148Z  INFO agent::windows_audio: source audio démarrée format=process loopback pid=452 — 48000 Hz, 2 canaux, 16 bits entiers
2026-09-05T01:32:47.838168Z  INFO agent::demarrage::audio: audio activé format="process loopback pid=452 — 48000 Hz, 2 canaux, 16 bits entiers" pid=452
2026-09-05T01:32:47.838245Z  WARN agent::windows_audio::fil: injection de fautes de lecture audio ARMEE (banc) fautes_a_injecter=15
2026-09-05T01:32:47.840597Z  WARN agent::demarrage::micro: micro indisponible, la session continue sans session=3sxuA9dd56NpVdHi37R86g:w-1 erreur=aucun peripherique de rendu ne correspond a « VB-Audio » (MICRO_PERIPHERIQUE) :                  pas de micro. Disponibles : «Speakers (Steam Streaming Speakers)» [{0.0.0.00000000}.{fc5b7410-2341-47a7-88a1-894b051a02f1}]. Le cable virtuel est-il installe ?
2026-09-05T01:32:47.840628Z  INFO agent::demarrage: offre reçue
2026-09-05T01:32:47.851486Z  INFO agent::demarrage: relais TURN alloué avant la réponse SDP
2026-09-05T01:32:47.853963Z  INFO agent::demarrage: réponse envoyée
2026-09-05T01:32:47.854179Z  INFO agent::input::win: reference des entrees retenue (batie par le match qui choisit le mode de capture ; la taille de l'image y est PARTAGEE avec la source, jamais recalculee) reference=SortieCapturee { nom: "\\\\.\\DISPLAY6", image: TailleImage(3350074491372) }
2026-09-05T01:32:47.854282Z  INFO agent::transport::evenements: état ICE state=Checking écoulé=19.4629ms
2026-09-05T01:32:47.860914Z  INFO agent::transport::evenements: état ICE state=Connected écoulé=26.0905ms
2026-09-05T01:32:47.870310Z  INFO agent::transport::evenements: piste négociée mid=Mid(0) kind=Video direction=SendOnly
2026-09-05T01:32:47.870332Z  INFO agent::transport::evenements: piste négociée mid=Mid(1) kind=Audio direction=SendOnly
2026-09-05T01:32:47.870335Z  INFO agent::transport::evenements: piste négociée mid=Mid(2) kind=Audio direction=RecvOnly
2026-09-05T01:32:47.870409Z  INFO agent::transport::part: part de budget appliquee session=3sxuA9dd56NpVdHi37R86g:w-1 part_bps=256000 endormie=true
2026-09-05T01:32:47.870421Z  INFO agent::transport::piste_audio: ordre audio applique session=3sxuA9dd56NpVdHi37R86g:w-1 actif=true capture_morte=false
2026-09-05T01:32:47.875257Z  WARN agent::windows_audio::fil: lecture audio échouée, nouvelle tentative erreur=faute injectée (AUDIO_FAUTE_LECTURE) consecutives=1
2026-09-05T01:32:47.880542Z  WARN agent::windows_audio::fil: lecture audio échouée, nouvelle tentative erreur=faute injectée (AUDIO_FAUTE_LECTURE) consecutives=2
2026-09-05T01:32:47.883662Z  INFO agent::transport::evenements: canal de données ouvert label=input
2026-09-05T01:32:47.883720Z  INFO agent::transport::evenements: canal de données ouvert label=control
2026-09-05T01:32:47.890753Z  WARN agent::windows_audio::fil: lecture audio échouée, nouvelle tentative erreur=faute injectée (AUDIO_FAUTE_LECTURE) consecutives=3
2026-09-05T01:32:47.911285Z  WARN agent::windows_audio::fil: lecture audio échouée, nouvelle tentative erreur=faute injectée (AUDIO_FAUTE_LECTURE) consecutives=4
2026-09-05T01:32:47.951987Z  WARN agent::windows_audio::fil: lecture audio échouée, nouvelle tentative erreur=faute injectée (AUDIO_FAUTE_LECTURE) consecutives=5
2026-09-05T01:32:48.017291Z  INFO agent::demarrage: contrôle reçu session=3sxuA9dd56NpVdHi37R86g:w-1 Visibility { v: 3, visible: true, focused: true }
2026-09-05T01:32:48.032242Z  WARN agent::windows_audio::fil: lecture audio échouée, nouvelle tentative erreur=faute injectée (AUDIO_FAUTE_LECTURE) consecutives=6
2026-09-05T01:32:48.036848Z  INFO fenetre{session=3sxuA9dd56NpVdHi37R86g:w-1}: agent::capture::ouverture: sortie retenue pour la duplication adaptateur=NVIDIA GeForce RTX 4070 index_adaptateur=1 index_sortie=0 nom_sortie=\\.\DISPLAY6 attachee=true
2026-09-05T01:32:48.174105Z  INFO fenetre{session=3sxuA9dd56NpVdHi37R86g:w-1}: agent::capture::ouverture: protection multi-fils activée sur le contexte immédiat D3D11 protection_precedente=false
2026-09-05T01:32:48.176292Z  INFO fenetre{session=3sxuA9dd56NpVdHi37R86g:w-1}: agent::capture: duplication de sortie établie desktop_width=1860 desktop_height=1080
2026-09-05T01:32:48.178224Z  INFO fenetre{session=3sxuA9dd56NpVdHi37R86g:w-1}: agent::encode_nvenc::porte: porte NVENC : pilote compatible version_pilote="0xd1" version_attendue="0xc2"
2026-09-05T01:32:48.192549Z  WARN agent::windows_audio::fil: lecture audio échouée, nouvelle tentative erreur=faute injectée (AUDIO_FAUTE_LECTURE) consecutives=7
2026-09-05T01:32:48.196340Z  INFO fenetre{session=3sxuA9dd56NpVdHi37R86g:w-1}: agent::encode_nvenc::session: session NVENC native initialisée (P1, ultra faible latence, CBR) largeur=780 hauteur=492 fps=90 debit_bps=12000000
2026-09-05T01:32:48.196365Z  INFO fenetre{session=3sxuA9dd56NpVdHi37R86g:w-1}: agent::encode: encodeur NVENC natif retenu adaptateur=NVIDIA GeForce RTX 4070 luid="00000000:0000771F"
2026-09-05T01:32:48.196377Z  INFO fenetre{session=3sxuA9dd56NpVdHi37R86g:w-1}: agent::capteur::fenetre::transitions: fenêtre réveillée session=3sxuA9dd56NpVdHi37R86g:w-1 largeur=780 hauteur=492 duree_ms=160
2026-09-05T01:32:48.200954Z  INFO agent::transport::part: part de budget appliquee session=3sxuA9dd56NpVdHi37R86g:w-1 part_bps=12000000 endormie=false
2026-09-05T01:32:48.219919Z  INFO agent::demarrage: contrôle reçu session=3sxuA9dd56NpVdHi37R86g:w-1 Resize { v: 3, width: 780, height: 493 }
2026-09-05T01:32:48.221975Z  INFO fenetre{session=3sxuA9dd56NpVdHi37R86g:w-1}: agent::windows_source::redimensionnement: Resize recu par le capteur demande="780x493" borne="1860x1080" texture="1860x1080" retenue="780x492" courante="780x492" change=false
2026-09-05T01:32:48.281844Z  INFO agent::superviseur::boucle: viewport recu de la page-shell session=3sxuA9dd56NpVdHi37R86g:w-1 demande="780x493" effets=1 etat=Some(Vivante)
2026-09-05T01:32:48.282975Z  INFO agent::superviseur::boucle::placement_periodique: viewport recu par le superviseur session=3sxuA9dd56NpVdHi37R86g:w-1 demande="780x492" nom_sortie="\\\\.\\DISPLAY6" borne="1860x1080" retenue="780x492" precedente="780x492" decision="taille INCHANGEE : rien a reposer (viewport sature la borne, ou geste sans effet)"
2026-09-05T01:32:48.392890Z  WARN agent::windows_audio::fil: lecture audio échouée, nouvelle tentative erreur=faute injectée (AUDIO_FAUTE_LECTURE) consecutives=8
2026-09-05T01:32:48.593829Z  WARN agent::windows_audio::fil: lecture audio échouée, nouvelle tentative erreur=faute injectée (AUDIO_FAUTE_LECTURE) consecutives=9
2026-09-05T01:32:48.794419Z  WARN agent::windows_audio::fil: lecture audio échouée, capture arrêtée définitivement erreur=faute injectée (AUDIO_FAUTE_LECTURE) consecutives=10 rejetes=0 complements=0 echantillons_jetes=0
2026-09-05T01:32:48.795205Z  INFO agent::windows_audio: source audio démarrée format=process loopback pid=452 — 48000 Hz, 2 canaux, 16 bits entiers
2026-09-05T01:32:48.795220Z  INFO agent::transport::piste_audio: capture audio reconstruite restantes=2
2026-09-05T01:32:48.795311Z  WARN agent::windows_audio::fil: lecture audio échouée, nouvelle tentative erreur=faute injectée (AUDIO_FAUTE_LECTURE) consecutives=1
2026-09-05T01:32:48.800421Z  WARN agent::windows_audio::fil: lecture audio échouée, nouvelle tentative erreur=faute injectée (AUDIO_FAUTE_LECTURE) consecutives=2
2026-09-05T01:32:48.810493Z  WARN agent::windows_audio::fil: lecture audio échouée, nouvelle tentative erreur=faute injectée (AUDIO_FAUTE_LECTURE) consecutives=3
2026-09-05T01:32:48.831034Z  WARN agent::windows_audio::fil: lecture audio échouée, nouvelle tentative erreur=faute injectée (AUDIO_FAUTE_LECTURE) consecutives=4
2026-09-05T01:32:48.871728Z  WARN agent::windows_audio::fil: lecture audio échouée, nouvelle tentative erreur=faute injectée (AUDIO_FAUTE_LECTURE) consecutives=5
2026-09-05T01:32:52.811691Z  INFO fenetre{session=3sxuA9dd56NpVdHi37R86g:w-1}: agent::capteur::fenetre::accent_fenetre: accent de la fenetre Windows session=3sxuA9dd56NpVdHi37R86g:w-1 couleur=#8ec7d4
2026-09-05T01:32:57.809687Z  INFO fenetre{session=3sxuA9dd56NpVdHi37R86g:w-1}: agent::capteur::fenetre: cadence du capteur session=3sxuA9dd56NpVdHi37R86g:w-1 images=43 endormie=false cadence="4.3"
2026-09-05T01:32:57.840667Z  INFO agent::transport::cadence_video: cadence de la piste vidéo (côté enfant) session=3sxuA9dd56NpVdHi37R86g:w-1 unites=43 cadence="4.3"
2026-09-05T01:33:06.289057Z  INFO agent::apps::boucle: identité changée : le prochain catalogue sera COMPLET (rafraîchissement de jeton OU réenrôlement — cette boucle ne les distingue pas)
2026-09-05T01:33:06.845737Z  INFO agent::apps::boucle::memoire: catalogue reconcilie total=58 retenus=45 cles=41 icones=0 icones_echouees=0 icones_distinctes=37 apparues=0 modifiees=0 disparues=0 duree_ms=30 declencheur="periode" notifications=0 debordements=0
2026-09-05T01:33:07.815105Z  INFO fenetre{session=3sxuA9dd56NpVdHi37R86g:w-1}: agent::capteur::fenetre: cadence du capteur session=3sxuA9dd56NpVdHi37R86g:w-1 images=3 endormie=false cadence="0.3"
2026-09-05T01:33:07.850700Z  INFO agent::transport::cadence_video: cadence de la piste vidéo (côté enfant) session=3sxuA9dd56NpVdHi37R86g:w-1 unites=3 cadence="0.3"
2026-09-05T01:33:17.817989Z  INFO fenetre{session=3sxuA9dd56NpVdHi37R86g:w-1}: agent::capteur::fenetre: cadence du capteur session=3sxuA9dd56NpVdHi37R86g:w-1 images=4 endormie=false cadence="0.4"
2026-09-05T01:33:17.850952Z  INFO agent::transport::cadence_video: cadence de la piste vidéo (côté enfant) session=3sxuA9dd56NpVdHi37R86g:w-1 unites=4 cadence="0.4"
2026-09-05T01:33:18.797392Z  INFO agent::windows_audio::fil: compteurs audio pid=452 actif=true rejetes=0 complements=0 echantillons_jetes=1920
2026-09-05T01:33:27.820943Z  INFO fenetre{session=3sxuA9dd56NpVdHi37R86g:w-1}: agent::capteur::fenetre: cadence du capteur session=3sxuA9dd56NpVdHi37R86g:w-1 images=3 endormie=false cadence="0.3"
2026-09-05T01:33:27.860943Z  INFO agent::transport::cadence_video: cadence de la piste vidéo (côté enfant) session=3sxuA9dd56NpVdHi37R86g:w-1 unites=3 cadence="0.3"
2026-09-05T01:33:36.295390Z  INFO agent::apps::boucle: identité changée : le prochain catalogue sera COMPLET (rafraîchissement de jeton OU réenrôlement — cette boucle ne les distingue pas)
2026-09-05T01:33:36.875067Z  INFO agent::apps::boucle::memoire: catalogue reconcilie total=58 retenus=45 cles=41 icones=0 icones_echouees=0 icones_distinctes=37 apparues=0 modifiees=0 disparues=0 duree_ms=28 declencheur="periode" notifications=0 debordements=0
2026-09-05T01:33:37.822223Z  INFO fenetre{session=3sxuA9dd56NpVdHi37R86g:w-1}: agent::capteur::fenetre: cadence du capteur session=3sxuA9dd56NpVdHi37R86g:w-1 images=3 endormie=false cadence="0.3"
2026-09-05T01:33:37.870924Z  INFO agent::transport::cadence_video: cadence de la piste vidéo (côté enfant) session=3sxuA9dd56NpVdHi37R86g:w-1 unites=3 cadence="0.3"
2026-09-05T01:33:47.828231Z  INFO fenetre{session=3sxuA9dd56NpVdHi37R86g:w-1}: agent::capteur::fenetre: cadence du capteur session=3sxuA9dd56NpVdHi37R86g:w-1 images=4 endormie=false cadence="0.4"
2026-09-05T01:33:47.840890Z  INFO agent::turn::allocation: état du client TURN etat="allouée" prochaine_echeance_s=90 canaux=8
2026-09-05T01:33:47.880674Z  INFO agent::transport::cadence_video: cadence de la piste vidéo (côté enfant) session=3sxuA9dd56NpVdHi37R86g:w-1 unites=4 cadence="0.4"
2026-09-05T01:33:48.801163Z  INFO agent::windows_audio::fil: compteurs audio pid=452 actif=true rejetes=0 complements=0 echantillons_jetes=1920
2026-09-05T01:33:57.833520Z  INFO fenetre{session=3sxuA9dd56NpVdHi37R86g:w-1}: agent::capteur::fenetre: cadence du capteur session=3sxuA9dd56NpVdHi37R86g:w-1 images=3 endormie=false cadence="0.3"
2026-09-05T01:33:57.880815Z  INFO agent::transport::cadence_video: cadence de la piste vidéo (côté enfant) session=3sxuA9dd56NpVdHi37R86g:w-1 unites=3 cadence="0.3"
2026-09-05T01:34:06.325682Z  INFO agent::apps::boucle: identité changée : le prochain catalogue sera COMPLET (rafraîchissement de jeton OU réenrôlement — cette boucle ne les distingue pas)
2026-09-05T01:34:06.905102Z  INFO agent::apps::boucle::memoire: catalogue reconcilie total=58 retenus=45 cles=41 icones=0 icones_echouees=0 icones_distinctes=37 apparues=0 modifiees=0 disparues=0 duree_ms=29 declencheur="periode" notifications=0 debordements=0
2026-09-05T01:34:07.835093Z  INFO fenetre{session=3sxuA9dd56NpVdHi37R86g:w-1}: agent::capteur::fenetre: cadence du capteur session=3sxuA9dd56NpVdHi37R86g:w-1 images=3 endormie=false cadence="0.3"
2026-09-05T01:34:07.891091Z  INFO agent::transport::cadence_video: cadence de la piste vidéo (côté enfant) session=3sxuA9dd56NpVdHi37R86g:w-1 unites=3 cadence="0.3"
2026-09-05T01:34:09.875479Z  WARN agent::transport::evenements: aucune estimation de bande passante reçue : l'adaptation reste indisponible et le débit demeure au plafond configuré
2026-09-05T01:34:17.845014Z  INFO fenetre{session=3sxuA9dd56NpVdHi37R86g:w-1}: agent::capteur::fenetre: cadence du capteur session=3sxuA9dd56NpVdHi37R86g:w-1 images=4 endormie=false cadence="0.4"
2026-09-05T01:34:17.900891Z  INFO agent::transport::cadence_video: cadence de la piste vidéo (côté enfant) session=3sxuA9dd56NpVdHi37R86g:w-1 unites=4 cadence="0.4"
2026-09-05T01:34:18.802830Z  INFO agent::windows_audio::fil: compteurs audio pid=452 actif=true rejetes=0 complements=0 echantillons_jetes=1920
2026-09-05T01:34:27.852528Z  INFO fenetre{session=3sxuA9dd56NpVdHi37R86g:w-1}: agent::capteur::fenetre: cadence du capteur session=3sxuA9dd56NpVdHi37R86g:w-1 images=3 endormie=false cadence="0.3"
2026-09-05T01:34:27.910694Z  INFO agent::transport::cadence_video: cadence de la piste vidéo (côté enfant) session=3sxuA9dd56NpVdHi37R86g:w-1 unites=3 cadence="0.3"
2026-09-05T01:34:36.154510Z  INFO agent::apps::boucle: identité changée : le prochain catalogue sera COMPLET (rafraîchissement de jeton OU réenrôlement — cette boucle ne les distingue pas)
2026-09-05T01:34:36.935777Z  INFO agent::apps::boucle::memoire: catalogue reconcilie total=58 retenus=45 cles=41 icones=0 icones_echouees=0 icones_distinctes=37 apparues=0 modifiees=0 disparues=0 duree_ms=29 declencheur="periode" notifications=0 debordements=0
2026-09-05T01:34:37.858824Z  INFO fenetre{session=3sxuA9dd56NpVdHi37R86g:w-1}: agent::capteur::fenetre: cadence du capteur session=3sxuA9dd56NpVdHi37R86g:w-1 images=3 endormie=false cadence="0.3"
2026-09-05T01:34:37.910864Z  INFO agent::transport::cadence_video: cadence de la piste vidéo (côté enfant) session=3sxuA9dd56NpVdHi37R86g:w-1 unites=3 cadence="0.3"

