2026-09-05T01:41:45.590508Z  INFO agent: accélération pointeur neutralisée rapport="seuils relus = [0, 0, 0], vitesse relue = 10 (attendu : [0, 0, 0] et 10)"
2026-09-05T01:41:45.749984Z  INFO agent::plateforme::session: agent enrôlé auprès de la plateforme url="ws://192.168.3.1:3445/agent" prefixe=3sxuA9dd56NpVdHi37R86g expire_a=1788573106026
2026-09-05T01:41:45.750109Z  INFO agent::apps: mode de surveillance retenu mode=Armee
2026-09-05T01:41:45.751895Z  INFO agent::superviseur::signalisation: déclaration du superviseur émise sur la session de contrôle (acceptation encore inconnue) session="3sxuA9dd56NpVdHi37R86g:bureau" jeton_present=true
2026-09-05T01:41:45.754578Z  INFO agent::apps::surveillance::fil: racine surveillée racine=C:\ProgramData\Microsoft\Windows\Start Menu
2026-09-05T01:41:45.760866Z  INFO agent::apps::surveillance::fil: racine surveillée racine=C:\Users\Administrator\AppData\Roaming\Microsoft\Windows\Start Menu
2026-09-05T01:41:45.760975Z  INFO agent::apps::surveillance::fil: racine surveillée racine=C:\Users\Administrator\Desktop
2026-09-05T01:41:45.761069Z  INFO agent::apps::surveillance::fil: racine surveillée racine=C:\Users\Public\Desktop
2026-09-05T01:41:45.761077Z  INFO agent::apps::surveillance::fil: surveillance des raccourcis armée racines=4
2026-09-05T01:41:45.764902Z  INFO agent::capture::enumeration: adaptateur DXGI sans sortie adaptateur=NVIDIA GeForce RTX 4070 index_adaptateur=2
2026-09-05T01:41:45.765056Z  INFO agent::capture::enumeration: adaptateur DXGI sans sortie adaptateur=Microsoft Basic Render Driver index_adaptateur=3
2026-09-05T01:41:45.765099Z  INFO agent::diagnostics::multifenetre::montee: topologie relevée moment="avant purge" nombre=2 attachees=2
2026-09-05T01:41:45.765111Z  INFO agent::diagnostics::multifenetre::montee: sortie moment="avant purge" nom=\\.\DISPLAY1 adaptateur=Microsoft Basic Render Driver index_adaptateur=0 index_sortie=0 attachee=true x=0 y=0 largeur=1280 hauteur=800
2026-09-05T01:41:45.765120Z  INFO agent::diagnostics::multifenetre::montee: sortie moment="avant purge" nom=\\.\DISPLAY6 adaptateur=NVIDIA GeForce RTX 4070 index_adaptateur=1 index_sortie=0 attachee=true x=1280 y=0 largeur=1860 hauteur=1080
2026-09-05T01:41:45.780311Z  INFO agent::moniteurs_virtuels::purge: sortie virtuelle retirée par la purge numero=1 guid=9C4A1F6E-2B73-4D51-9E08-677541430001
2026-09-05T01:41:45.947197Z  INFO agent::apps::boucle::memoire: raccourci ecarte chemin=C:\Users\Administrator\AppData\Roaming\Microsoft\Windows\Start Menu\Programs\File Explorer.lnk motif="cible-vide"
2026-09-05T01:41:45.991828Z  INFO agent::apps::boucle::memoire: raccourci ecarte chemin=C:\Users\Administrator\AppData\Roaming\Microsoft\Windows\Start Menu\Programs\System Tools\Control Panel.lnk motif="cible-vide"
2026-09-05T01:41:45.991853Z  INFO agent::apps::boucle::memoire: raccourci ecarte chemin=C:\Users\Administrator\AppData\Roaming\Microsoft\Windows\Start Menu\Programs\System Tools\Run.lnk motif="cible-vide"
2026-09-05T01:41:46.193029Z  INFO agent::apps::boucle::memoire: raccourci ecarte chemin=C:\ProgramData\Microsoft\Windows\Start Menu\Programs\Blue Ripple Sound\Rapture3D - Help.lnk motif="extension" extension=chm
2026-09-05T01:41:46.228964Z  INFO agent::apps::boucle::memoire: raccourci ecarte chemin=C:\ProgramData\Microsoft\Windows\Start Menu\Programs\Administrative Tools\Component Services.lnk motif="extension" extension=msc
2026-09-05T01:41:46.228988Z  INFO agent::apps::boucle::memoire: raccourci ecarte chemin=C:\ProgramData\Microsoft\Windows\Start Menu\Programs\Administrative Tools\Computer Management.lnk motif="extension" extension=msc
2026-09-05T01:41:46.257817Z  INFO agent::apps::boucle::memoire: raccourci ecarte chemin=C:\ProgramData\Microsoft\Windows\Start Menu\Programs\Administrative Tools\Event Viewer.lnk motif="extension" extension=msc
2026-09-05T01:41:46.310135Z  INFO agent::apps::boucle::memoire: raccourci ecarte chemin=C:\ProgramData\Microsoft\Windows\Start Menu\Programs\Administrative Tools\Performance Monitor.lnk motif="extension" extension=msc
2026-09-05T01:41:46.310158Z  INFO agent::apps::boucle::memoire: raccourci ecarte chemin=C:\ProgramData\Microsoft\Windows\Start Menu\Programs\Administrative Tools\Print Management.lnk motif="extension" extension=msc
2026-09-05T01:41:46.347064Z  INFO agent::apps::boucle::memoire: raccourci ecarte chemin=C:\ProgramData\Microsoft\Windows\Start Menu\Programs\Administrative Tools\Security Configuration Management.lnk motif="extension" extension=msc
2026-09-05T01:41:46.347088Z  INFO agent::apps::boucle::memoire: raccourci ecarte chemin=C:\ProgramData\Microsoft\Windows\Start Menu\Programs\Administrative Tools\services.lnk motif="extension" extension=msc
2026-09-05T01:41:46.376546Z  INFO agent::apps::boucle::memoire: raccourci ecarte chemin=C:\ProgramData\Microsoft\Windows\Start Menu\Programs\Administrative Tools\Task Scheduler.lnk motif="extension" extension=msc
2026-09-05T01:41:46.376572Z  INFO agent::apps::boucle::memoire: raccourci ecarte chemin=C:\ProgramData\Microsoft\Windows\Start Menu\Programs\Administrative Tools\Windows Defender Firewall with Advanced Security.lnk motif="extension" extension=msc
2026-09-05T01:41:46.433414Z  INFO agent::apps::boucle::memoire: catalogue reconcilie total=58 retenus=45 cles=41 icones=41 icones_echouees=0 icones_distinctes=37 apparues=41 modifiees=0 disparues=0 duree_ms=680 declencheur="demarrage" notifications=0 debordements=0
2026-09-05T01:41:48.782548Z  INFO agent::capture::enumeration: adaptateur DXGI sans sortie adaptateur=NVIDIA GeForce RTX 4070 index_adaptateur=1
2026-09-05T01:41:48.782696Z  INFO agent::capture::enumeration: adaptateur DXGI sans sortie adaptateur=NVIDIA GeForce RTX 4070 index_adaptateur=2
2026-09-05T01:41:48.782847Z  INFO agent::capture::enumeration: adaptateur DXGI sans sortie adaptateur=Microsoft Basic Render Driver index_adaptateur=3
2026-09-05T01:41:48.782877Z  INFO agent::diagnostics::multifenetre::montee: topologie relevée moment="après purge" nombre=1 attachees=1
2026-09-05T01:41:48.782892Z  INFO agent::diagnostics::multifenetre::montee: sortie moment="après purge" nom=\\.\DISPLAY1 adaptateur=Microsoft Basic Render Driver index_adaptateur=0 index_sortie=0 attachee=true x=0 y=0 largeur=1280 hauteur=800
2026-09-05T01:41:48.782907Z  INFO agent::moniteurs_virtuels::purge: purge terminée retirees=1 avant=2 apres=1
2026-09-05T01:41:48.788664Z  INFO agent::superviseur::lanceur: capteur lancé pid=13352
2026-09-05T01:41:48.790948Z  INFO agent::superviseur::lanceur::pont: pont fichiers lancé pid=15160 session="3sxuA9dd56NpVdHi37R86g:fichiers"
2026-09-05T01:41:48.790999Z  WARN agent::superviseur::boucle::surveillance_pont: pont fichiers lancé ou relancé (tentatives suivantes silencieuses tant que le cycle se répète) pid_neuf=15160 tentative=1 espacement_ms=500
2026-09-05T01:41:48.791271Z  INFO agent::appartenance::win: job d'appartenance créé (aucune limite : il ne tue rien)
2026-09-05T01:41:48.791324Z  INFO agent::superviseur::hook: fenêtre ÉCARTÉE : desk ne l'a pas lancée (règle d'appartenance). Désarmer par APPARTENANCE=0 pour retrouver le comportement d'avant titre="New tab - Personal - Microsoft\u{200b} Edge" pid=10260 processus=msedge.exe
2026-09-05T01:41:48.791396Z  INFO agent::superviseur::hook: fenêtre ÉCARTÉE : desk ne l'a pas lancée (règle d'appartenance). Désarmer par APPARTENANCE=0 pour retrouver le comportement d'avant titre="New tab - Personal - Microsoft\u{200b} Edge" pid=10260 processus=msedge.exe
2026-09-05T01:41:48.791431Z  INFO agent::superviseur::hook: fenêtre ÉCARTÉE : desk ne l'a pas lancée (règle d'appartenance). Désarmer par APPARTENANCE=0 pour retrouver le comportement d'avant titre="New tab - Personal - Microsoft\u{200b} Edge" pid=10260 processus=msedge.exe
2026-09-05T01:41:48.791461Z  INFO agent::superviseur::hook: fenêtre ÉCARTÉE : desk ne l'a pas lancée (règle d'appartenance). Désarmer par APPARTENANCE=0 pour retrouver le comportement d'avant titre="New tab - Personal - Microsoft\u{200b} Edge" pid=10260 processus=msedge.exe
2026-09-05T01:41:48.801148Z  INFO agent: accélération pointeur neutralisée rapport="seuils relus = [0, 0, 0], vitesse relue = 10 (attendu : [0, 0, 0] et 10)"
2026-09-05T01:41:48.801205Z  INFO agent::capteur: capteur démarré tube="\\\\.\\pipe\\agent-capteur"
2026-09-05T01:41:48.801887Z  INFO agent: accélération pointeur neutralisée rapport="seuils relus = [0, 0, 0], vitesse relue = 10 (attendu : [0, 0, 0] et 10)"
2026-09-05T01:41:48.801918Z  INFO agent: identité héritée du superviseur (AGENT_JETON) : ce processus n'ouvre aucun canal /agent, un seul socket par VM
2026-09-05T01:41:48.801944Z  WARN agent::apps: decouverte d'applications inactive : ce processus n'a pas de canal /agent (identité héritée du superviseur, ou AGENT_VM/AGENT_SECRET absents)
2026-09-05T01:41:48.803533Z  INFO agent::pont::transport: socket UDP du pont fichiers addr=192.168.3.2:59125
2026-09-05T01:41:48.825673Z  INFO agent::signaling: déclaration de l'agent émise au signaling (acceptation encore inconnue) session="3sxuA9dd56NpVdHi37R86g:fichiers"
2026-09-05T01:41:48.826609Z  INFO agent::signaling: configuration TURN reçue serveur=90.87.35.18:3478
2026-09-05T01:42:15.679087Z  INFO agent::apps::boucle: identité changée : le prochain catalogue sera COMPLET (rafraîchissement de jeton OU réenrôlement — cette boucle ne les distingue pas)
2026-09-05T01:42:16.465158Z  INFO agent::apps::boucle::memoire: catalogue reconcilie total=58 retenus=45 cles=41 icones=0 icones_echouees=0 icones_distinctes=37 apparues=0 modifiees=0 disparues=0 duree_ms=31 declencheur="periode" notifications=0 debordements=0
2026-09-05T01:42:21.933446Z  INFO agent::superviseur::boucle: une page-shell a rejoint la session de contrôle : les fenêtres sont réannoncées
2026-09-05T01:42:21.933710Z  INFO agent::superviseur::hook: fenêtre ÉCARTÉE : desk ne l'a pas lancée (règle d'appartenance). Désarmer par APPARTENANCE=0 pour retrouver le comportement d'avant titre="New tab - Personal - Microsoft\u{200b} Edge" pid=10260 processus=msedge.exe
2026-09-05T01:42:21.933779Z  INFO agent::superviseur::hook: fenêtre ÉCARTÉE : desk ne l'a pas lancée (règle d'appartenance). Désarmer par APPARTENANCE=0 pour retrouver le comportement d'avant titre="New tab - Personal - Microsoft\u{200b} Edge" pid=10260 processus=msedge.exe
2026-09-05T01:42:21.933834Z  INFO agent::superviseur::hook: fenêtre ÉCARTÉE : desk ne l'a pas lancée (règle d'appartenance). Désarmer par APPARTENANCE=0 pour retrouver le comportement d'avant titre="New tab - Personal - Microsoft\u{200b} Edge" pid=10260 processus=msedge.exe
2026-09-05T01:42:21.933875Z  INFO agent::superviseur::hook: fenêtre ÉCARTÉE : desk ne l'a pas lancée (règle d'appartenance). Désarmer par APPARTENANCE=0 pour retrouver le comportement d'avant titre="New tab - Personal - Microsoft\u{200b} Edge" pid=10260 processus=msedge.exe
2026-09-05T01:42:23.841891Z  INFO agent::superviseur::boucle::surveillance_pont: pont fichiers de nouveau stable pid=15160
2026-09-05T01:42:25.756029Z  INFO agent::plateforme::session: ordre de lancement reçu url="ws://192.168.3.1:3445/agent" demande=ae1810ce-e231-4638-b518-489e8ef3bdcc cle=741924e4a3ec3408bc2797010e48446c92b7364090a6be5ad2ce8ff4060e631c
2026-09-05T01:42:25.913351Z  INFO agent::appartenance::win: processus lancé inscrit au job d'appartenance
2026-09-05T01:42:25.913479Z  INFO agent::apps::lancement: raccourci lancé chemin="C:\\ProgramData\\Microsoft\\Windows\\Start Menu\\Programs\\Notepad.lnk"
2026-09-05T01:42:25.913503Z  INFO agent::apps::boucle: lancement demande="ae1810ce-e231-4638-b518-489e8ef3bdcc" cle="741924e4a3ec3408bc2797010e48446c92b7364090a6be5ad2ce8ff4060e631c" issue=Raccourci
2026-09-05T01:42:26.554247Z  INFO agent::superviseur::boucle: viewport recu de la page-shell session=3sxuA9dd56NpVdHi37R86g:w-1 demande="780x492" effets=1 etat=Some(AttendLaSortie)
2026-09-05T01:42:26.554960Z  INFO agent::capture::enumeration: adaptateur DXGI sans sortie adaptateur=NVIDIA GeForce RTX 4070 index_adaptateur=1
2026-09-05T01:42:26.555117Z  INFO agent::capture::enumeration: adaptateur DXGI sans sortie adaptateur=NVIDIA GeForce RTX 4070 index_adaptateur=2
2026-09-05T01:42:26.555263Z  INFO agent::capture::enumeration: adaptateur DXGI sans sortie adaptateur=Microsoft Basic Render Driver index_adaptateur=3
2026-09-05T01:42:26.555299Z  INFO agent::diagnostics::multifenetre::montee: topologie relevée moment="avant création de sortie" nombre=1 attachees=1
2026-09-05T01:42:26.555305Z  INFO agent::diagnostics::multifenetre::montee: sortie moment="avant création de sortie" nom=\\.\DISPLAY1 adaptateur=Microsoft Basic Render Driver index_adaptateur=0 index_sortie=0 attachee=true x=0 y=0 largeur=1280 hauteur=800
2026-09-05T01:42:26.555671Z  INFO agent::moniteurs_virtuels::pilote: sortie virtuelle créée id=265 adaptateur_bas=67235 adaptateur_haut=0 guid=9C4A1F6E-2B73-4D51-9E08-677541430001 largeur=780 hauteur=492 hertz=60
2026-09-05T01:42:26.645178Z  INFO agent::superviseur::hook: fenêtre ÉCARTÉE : desk ne l'a pas lancée (règle d'appartenance). Désarmer par APPARTENANCE=0 pour retrouver le comportement d'avant titre="Chrome Legacy Window" pid=10260 processus=msedge.exe
2026-09-05T01:42:26.807706Z  INFO agent::superviseur::hook: fenêtre ÉCARTÉE : desk ne l'a pas lancée (règle d'appartenance). Désarmer par APPARTENANCE=0 pour retrouver le comportement d'avant titre="DesktopWindowXamlSource" pid=8836 processus=explorer.exe
2026-09-05T01:42:26.866580Z  INFO agent::superviseur::boucle::creation_sortie: sortie DESIGNEE par son identifiant de cible (chemin ① — la correspondance CCD a rendu son nom GDI) id_pilote=265 adaptateur=Some((67235, 0)) nom_designe="\\\\.\\DISPLAY6"
2026-09-05T01:42:26.866638Z  INFO agent::superviseur::boucle::creation_sortie: sortie retenue pour cette fenetre session=3sxuA9dd56NpVdHi37R86g:w-1 sortie=\\.\DISPLAY6 demande="780x492" sortie_reelle="1860x1080" exemptee=false
2026-09-05T01:42:26.883219Z  INFO agent::superviseur::enfants: enfant lancé session=3sxuA9dd56NpVdHi37R86g:w-1 pid=1568 sortie=\\.\DISPLAY6
2026-09-05T01:42:26.896858Z  INFO agent: accélération pointeur neutralisée rapport="seuils relus = [0, 0, 0], vitesse relue = 10 (attendu : [0, 0, 0] et 10)"
2026-09-05T01:42:26.896899Z  INFO agent: identité héritée du superviseur (AGENT_JETON) : ce processus n'ouvre aucun canal /agent, un seul socket par VM
2026-09-05T01:42:26.896925Z  WARN agent::apps: decouverte d'applications inactive : ce processus n'a pas de canal /agent (identité héritée du superviseur, ou AGENT_VM/AGENT_SECRET absents)
2026-09-05T01:42:26.896938Z  INFO agent::demarrage::source: source distante servie par le capteur (mode multi-fenêtres) nom_sortie=\\.\DISPLAY6 bitrate=12000000 fps=90
2026-09-05T01:42:26.908913Z  INFO agent::capture::ouverture: sortie retenue pour la duplication adaptateur=NVIDIA GeForce RTX 4070 index_adaptateur=1 index_sortie=0 nom_sortie=\\.\DISPLAY6 attachee=true
2026-09-05T01:42:26.909062Z  INFO agent::capteur::tube: attaché au capteur session=3sxuA9dd56NpVdHi37R86g:w-1 sortie=\\.\DISPLAY6 largeur=780 hauteur=492
2026-09-05T01:42:26.909274Z  INFO fenetre{session=3sxuA9dd56NpVdHi37R86g:w-1}: agent::capteur::fenetre: fenêtre attachée au capteur session=3sxuA9dd56NpVdHi37R86g:w-1 pid=1992 sortie=\\.\DISPLAY6 largeur=780 hauteur=492
2026-09-05T01:42:26.909376Z  INFO fenetre{session=3sxuA9dd56NpVdHi37R86g:w-1}: agent::capteur::sommeil::parts: budget de debit de la session budget_bps=12000000
2026-09-05T01:42:26.912066Z  INFO agent::signaling: déclaration de l'agent émise au signaling (acceptation encore inconnue) session="3sxuA9dd56NpVdHi37R86g:w-1"
2026-09-05T01:42:26.912157Z  INFO agent::transport::initialisation: socket UDP de l'agent addr=192.168.3.2:59329
2026-09-05T01:42:26.913134Z  INFO agent::signaling: configuration TURN reçue serveur=90.87.35.18:3478
2026-09-05T01:42:26.936066Z  INFO agent::windows_audio: source audio démarrée format=process loopback pid=1992 — 48000 Hz, 2 canaux, 16 bits entiers
2026-09-05T01:42:26.936113Z  INFO agent::demarrage::audio: audio activé format="process loopback pid=1992 — 48000 Hz, 2 canaux, 16 bits entiers" pid=1992
2026-09-05T01:42:26.938361Z  WARN agent::demarrage::micro: micro indisponible, la session continue sans session=3sxuA9dd56NpVdHi37R86g:w-1 erreur=aucun peripherique de rendu ne correspond a « VB-Audio » (MICRO_PERIPHERIQUE) :                  pas de micro. Disponibles : «Speakers (Steam Streaming Speakers)» [{0.0.0.00000000}.{fc5b7410-2341-47a7-88a1-894b051a02f1}]. Le cable virtuel est-il installe ?
2026-09-05T01:42:26.938397Z  INFO agent::demarrage: offre reçue
2026-09-05T01:42:26.949277Z  INFO agent::demarrage: relais TURN alloué avant la réponse SDP
2026-09-05T01:42:26.951473Z  INFO agent::demarrage: réponse envoyée
2026-09-05T01:42:26.951681Z  INFO agent::input::win: reference des entrees retenue (batie par le match qui choisit le mode de capture ; la taille de l'image y est PARTAGEE avec la source, jamais recalculee) reference=SortieCapturee { nom: "\\\\.\\DISPLAY6", image: TailleImage(3350074491372) }
2026-09-05T01:42:26.951824Z  INFO agent::transport::evenements: état ICE state=Checking écoulé=18.6954ms
2026-09-05T01:42:26.957978Z  INFO agent::transport::evenements: état ICE state=Connected écoulé=24.8476ms
2026-09-05T01:42:26.966587Z  INFO agent::transport::evenements: piste négociée mid=Mid(0) kind=Video direction=SendOnly
2026-09-05T01:42:26.966607Z  INFO agent::transport::evenements: piste négociée mid=Mid(1) kind=Audio direction=SendOnly
2026-09-05T01:42:26.966612Z  INFO agent::transport::evenements: piste négociée mid=Mid(2) kind=Audio direction=RecvOnly
2026-09-05T01:42:26.966663Z  INFO agent::transport::part: part de budget appliquee session=3sxuA9dd56NpVdHi37R86g:w-1 part_bps=256000 endormie=true
2026-09-05T01:42:26.966672Z  INFO agent::transport::piste_audio: ordre audio applique session=3sxuA9dd56NpVdHi37R86g:w-1 actif=true capture_morte=false
2026-09-05T01:42:26.978316Z  INFO agent::transport::evenements: canal de données ouvert label=input
2026-09-05T01:42:26.978417Z  INFO agent::transport::evenements: canal de données ouvert label=control
2026-09-05T01:42:27.096227Z  INFO agent::demarrage: contrôle reçu session=3sxuA9dd56NpVdHi37R86g:w-1 Visibility { v: 3, visible: true, focused: true }
2026-09-05T01:42:27.116620Z  INFO fenetre{session=3sxuA9dd56NpVdHi37R86g:w-1}: agent::capture::ouverture: sortie retenue pour la duplication adaptateur=NVIDIA GeForce RTX 4070 index_adaptateur=1 index_sortie=0 nom_sortie=\\.\DISPLAY6 attachee=true
2026-09-05T01:42:27.252767Z  INFO fenetre{session=3sxuA9dd56NpVdHi37R86g:w-1}: agent::capture::ouverture: protection multi-fils activée sur le contexte immédiat D3D11 protection_precedente=false
2026-09-05T01:42:27.255323Z  INFO fenetre{session=3sxuA9dd56NpVdHi37R86g:w-1}: agent::capture: duplication de sortie établie desktop_width=1860 desktop_height=1080
2026-09-05T01:42:27.256972Z  INFO fenetre{session=3sxuA9dd56NpVdHi37R86g:w-1}: agent::encode_nvenc::porte: porte NVENC : pilote compatible version_pilote="0xd1" version_attendue="0xc2"
2026-09-05T01:42:27.274399Z  INFO fenetre{session=3sxuA9dd56NpVdHi37R86g:w-1}: agent::encode_nvenc::session: session NVENC native initialisée (P1, ultra faible latence, CBR) largeur=780 hauteur=492 fps=90 debit_bps=12000000
2026-09-05T01:42:27.274431Z  INFO fenetre{session=3sxuA9dd56NpVdHi37R86g:w-1}: agent::encode: encodeur NVENC natif retenu adaptateur=NVIDIA GeForce RTX 4070 luid="00000000:0000771F"
2026-09-05T01:42:27.274442Z  INFO fenetre{session=3sxuA9dd56NpVdHi37R86g:w-1}: agent::capteur::fenetre::transitions: fenêtre réveillée session=3sxuA9dd56NpVdHi37R86g:w-1 largeur=780 hauteur=492 duree_ms=158
2026-09-05T01:42:27.277219Z  INFO agent::transport::part: part de budget appliquee session=3sxuA9dd56NpVdHi37R86g:w-1 part_bps=12000000 endormie=false
2026-09-05T01:42:27.295706Z  INFO agent::demarrage: contrôle reçu session=3sxuA9dd56NpVdHi37R86g:w-1 Resize { v: 3, width: 780, height: 493 }
2026-09-05T01:42:27.299719Z  INFO fenetre{session=3sxuA9dd56NpVdHi37R86g:w-1}: agent::windows_source::redimensionnement: Resize recu par le capteur demande="780x493" borne="1860x1080" texture="1860x1080" retenue="780x492" courante="780x492" change=false
2026-09-05T01:42:27.387811Z  INFO agent::superviseur::boucle: viewport recu de la page-shell session=3sxuA9dd56NpVdHi37R86g:w-1 demande="780x493" effets=1 etat=Some(Vivante)
2026-09-05T01:42:27.388565Z  INFO agent::superviseur::boucle::placement_periodique: viewport recu par le superviseur session=3sxuA9dd56NpVdHi37R86g:w-1 demande="780x492" nom_sortie="\\\\.\\DISPLAY6" borne="1860x1080" retenue="780x492" precedente="780x492" decision="taille INCHANGEE : rien a reposer (viewport sature la borne, ou geste sans effet)"
2026-09-05T01:42:31.919797Z  INFO fenetre{session=3sxuA9dd56NpVdHi37R86g:w-1}: agent::capteur::fenetre::accent_fenetre: accent de la fenetre Windows session=3sxuA9dd56NpVdHi37R86g:w-1 couleur=#8ec7d4
2026-09-05T01:42:36.913205Z  INFO fenetre{session=3sxuA9dd56NpVdHi37R86g:w-1}: agent::capteur::fenetre: cadence du capteur session=3sxuA9dd56NpVdHi37R86g:w-1 images=43 endormie=false cadence="4.3"
2026-09-05T01:42:36.937085Z  INFO agent::transport::cadence_video: cadence de la piste vidéo (côté enfant) session=3sxuA9dd56NpVdHi37R86g:w-1 unites=43 cadence="4.3"
2026-09-05T01:42:45.747185Z  INFO agent::apps::boucle: identité changée : le prochain catalogue sera COMPLET (rafraîchissement de jeton OU réenrôlement — cette boucle ne les distingue pas)
2026-09-05T01:42:46.496628Z  INFO agent::apps::boucle::memoire: catalogue reconcilie total=58 retenus=45 cles=41 icones=0 icones_echouees=0 icones_distinctes=37 apparues=0 modifiees=0 disparues=0 duree_ms=30 declencheur="periode" notifications=0 debordements=0
2026-09-05T01:42:46.916804Z  INFO fenetre{session=3sxuA9dd56NpVdHi37R86g:w-1}: agent::capteur::fenetre: cadence du capteur session=3sxuA9dd56NpVdHi37R86g:w-1 images=3 endormie=false cadence="0.3"
2026-09-05T01:42:46.947173Z  INFO agent::transport::cadence_video: cadence de la piste vidéo (côté enfant) session=3sxuA9dd56NpVdHi37R86g:w-1 unites=3 cadence="0.3"
2026-09-05T01:42:56.919846Z  INFO fenetre{session=3sxuA9dd56NpVdHi37R86g:w-1}: agent::capteur::fenetre: cadence du capteur session=3sxuA9dd56NpVdHi37R86g:w-1 images=4 endormie=false cadence="0.4"
2026-09-05T01:42:56.939358Z  INFO agent::windows_audio::fil: compteurs audio pid=1992 actif=true rejetes=0 complements=1 echantillons_jetes=0
2026-09-05T01:42:56.956980Z  INFO agent::transport::cadence_video: cadence de la piste vidéo (côté enfant) session=3sxuA9dd56NpVdHi37R86g:w-1 unites=4 cadence="0.4"
2026-09-05T01:43:06.925432Z  INFO fenetre{session=3sxuA9dd56NpVdHi37R86g:w-1}: agent::capteur::fenetre: cadence du capteur session=3sxuA9dd56NpVdHi37R86g:w-1 images=3 endormie=false cadence="0.3"
2026-09-05T01:43:06.960360Z  INFO agent::transport::cadence_video: cadence de la piste vidéo (côté enfant) session=3sxuA9dd56NpVdHi37R86g:w-1 unites=3 cadence="0.3"
2026-09-05T01:43:15.747550Z  INFO agent::apps::boucle: identité changée : le prochain catalogue sera COMPLET (rafraîchissement de jeton OU réenrôlement — cette boucle ne les distingue pas)
2026-09-05T01:43:16.529088Z  INFO agent::apps::boucle::memoire: catalogue reconcilie total=58 retenus=45 cles=41 icones=0 icones_echouees=0 icones_distinctes=37 apparues=0 modifiees=0 disparues=0 duree_ms=31 declencheur="periode" notifications=0 debordements=0
2026-09-05T01:43:16.932143Z  INFO fenetre{session=3sxuA9dd56NpVdHi37R86g:w-1}: agent::capteur::fenetre: cadence du capteur session=3sxuA9dd56NpVdHi37R86g:w-1 images=3 endormie=false cadence="0.3"
2026-09-05T01:43:16.960682Z  INFO agent::transport::cadence_video: cadence de la piste vidéo (côté enfant) session=3sxuA9dd56NpVdHi37R86g:w-1 unites=3 cadence="0.3"
2026-09-05T01:43:26.940489Z  INFO agent::windows_audio::fil: compteurs audio pid=1992 actif=true rejetes=0 complements=2 echantillons_jetes=0
2026-09-05T01:43:26.940529Z  INFO agent::turn::allocation: état du client TURN etat="allouée" prochaine_echeance_s=90 canaux=8
2026-09-05T01:43:26.941511Z  INFO fenetre{session=3sxuA9dd56NpVdHi37R86g:w-1}: agent::capteur::fenetre: cadence du capteur session=3sxuA9dd56NpVdHi37R86g:w-1 images=4 endormie=false cadence="0.4"
2026-09-05T01:43:26.970260Z  INFO agent::transport::cadence_video: cadence de la piste vidéo (côté enfant) session=3sxuA9dd56NpVdHi37R86g:w-1 unites=4 cadence="0.4"
2026-09-05T01:43:36.944665Z  INFO fenetre{session=3sxuA9dd56NpVdHi37R86g:w-1}: agent::capteur::fenetre: cadence du capteur session=3sxuA9dd56NpVdHi37R86g:w-1 images=3 endormie=false cadence="0.3"
2026-09-05T01:43:36.970756Z  INFO agent::transport::cadence_video: cadence de la piste vidéo (côté enfant) session=3sxuA9dd56NpVdHi37R86g:w-1 unites=3 cadence="0.3"
2026-09-05T01:43:45.780114Z  INFO agent::apps::boucle: identité changée : le prochain catalogue sera COMPLET (rafraîchissement de jeton OU réenrôlement — cette boucle ne les distingue pas)
2026-09-05T01:43:46.557430Z  INFO agent::apps::boucle::memoire: catalogue reconcilie total=58 retenus=45 cles=41 icones=0 icones_echouees=0 icones_distinctes=37 apparues=0 modifiees=0 disparues=0 duree_ms=27 declencheur="periode" notifications=0 debordements=0
2026-09-05T01:43:46.949474Z  INFO fenetre{session=3sxuA9dd56NpVdHi37R86g:w-1}: agent::capteur::fenetre: cadence du capteur session=3sxuA9dd56NpVdHi37R86g:w-1 images=3 endormie=false cadence="0.3"
2026-09-05T01:43:46.980490Z  INFO agent::transport::cadence_video: cadence de la piste vidéo (côté enfant) session=3sxuA9dd56NpVdHi37R86g:w-1 unites=3 cadence="0.3"
2026-09-05T01:43:56.943251Z  INFO agent::windows_audio::fil: compteurs audio pid=1992 actif=true rejetes=0 complements=2 echantillons_jetes=0
2026-09-05T01:43:56.959662Z  INFO fenetre{session=3sxuA9dd56NpVdHi37R86g:w-1}: agent::capteur::fenetre: cadence du capteur session=3sxuA9dd56NpVdHi37R86g:w-1 images=4 endormie=false cadence="0.4"
2026-09-05T01:43:56.980837Z  INFO agent::transport::cadence_video: cadence de la piste vidéo (côté enfant) session=3sxuA9dd56NpVdHi37R86g:w-1 unites=4 cadence="0.4"
2026-09-05T01:44:06.968606Z  INFO fenetre{session=3sxuA9dd56NpVdHi37R86g:w-1}: agent::capteur::fenetre: cadence du capteur session=3sxuA9dd56NpVdHi37R86g:w-1 images=3 endormie=false cadence="0.3"
2026-09-05T01:44:06.990635Z  INFO agent::transport::cadence_video: cadence de la piste vidéo (côté enfant) session=3sxuA9dd56NpVdHi37R86g:w-1 unites=3 cadence="0.3"
2026-09-05T01:44:15.812137Z  INFO agent::apps::boucle: identité changée : le prochain catalogue sera COMPLET (rafraîchissement de jeton OU réenrôlement — cette boucle ne les distingue pas)
2026-09-05T01:44:16.586351Z  INFO agent::apps::boucle::memoire: catalogue reconcilie total=58 retenus=45 cles=41 icones=0 icones_echouees=0 icones_distinctes=37 apparues=0 modifiees=0 disparues=0 duree_ms=28 declencheur="periode" notifications=0 debordements=0
2026-09-05T01:44:16.976168Z  INFO fenetre{session=3sxuA9dd56NpVdHi37R86g:w-1}: agent::capteur::fenetre: cadence du capteur session=3sxuA9dd56NpVdHi37R86g:w-1 images=3 endormie=false cadence="0.3"
2026-09-05T01:44:17.000666Z  INFO agent::transport::cadence_video: cadence de la piste vidéo (côté enfant) session=3sxuA9dd56NpVdHi37R86g:w-1 unites=3 cadence="0.3"
2026-09-05T01:44:20.067634Z  INFO agent::signaling: le client s'est déconnecté

