2026-09-05T01:38:50.656547Z  INFO agent: accélération pointeur neutralisée rapport="seuils relus = [0, 0, 0], vitesse relue = 10 (attendu : [0, 0, 0] et 10)"
2026-09-05T01:38:50.733357Z  INFO agent::plateforme::session: agent enrôlé auprès de la plateforme url="ws://192.168.3.1:3445/agent" prefixe=3sxuA9dd56NpVdHi37R86g expire_a=1788572931009
2026-09-05T01:38:50.733490Z  INFO agent::apps: mode de surveillance retenu mode=Armee
2026-09-05T01:38:50.735098Z  INFO agent::superviseur::signalisation: déclaration du superviseur émise sur la session de contrôle (acceptation encore inconnue) session="3sxuA9dd56NpVdHi37R86g:bureau" jeton_present=true
2026-09-05T01:38:50.738451Z  INFO agent::apps::surveillance::fil: racine surveillée racine=C:\ProgramData\Microsoft\Windows\Start Menu
2026-09-05T01:38:50.738505Z  INFO agent::apps::surveillance::fil: racine surveillée racine=C:\Users\Administrator\AppData\Roaming\Microsoft\Windows\Start Menu
2026-09-05T01:38:50.738555Z  INFO agent::apps::surveillance::fil: racine surveillée racine=C:\Users\Administrator\Desktop
2026-09-05T01:38:50.738595Z  INFO agent::apps::surveillance::fil: racine surveillée racine=C:\Users\Public\Desktop
2026-09-05T01:38:50.738601Z  INFO agent::apps::surveillance::fil: surveillance des raccourcis armée racines=4
2026-09-05T01:38:50.749388Z  INFO agent::capture::enumeration: adaptateur DXGI sans sortie adaptateur=NVIDIA GeForce RTX 4070 index_adaptateur=2
2026-09-05T01:38:50.749533Z  INFO agent::capture::enumeration: adaptateur DXGI sans sortie adaptateur=Microsoft Basic Render Driver index_adaptateur=3
2026-09-05T01:38:50.749574Z  INFO agent::diagnostics::multifenetre::montee: topologie relevée moment="avant purge" nombre=2 attachees=2
2026-09-05T01:38:50.749588Z  INFO agent::diagnostics::multifenetre::montee: sortie moment="avant purge" nom=\\.\DISPLAY1 adaptateur=Microsoft Basic Render Driver index_adaptateur=0 index_sortie=0 attachee=true x=0 y=0 largeur=1280 hauteur=800
2026-09-05T01:38:50.749596Z  INFO agent::diagnostics::multifenetre::montee: sortie moment="avant purge" nom=\\.\DISPLAY6 adaptateur=NVIDIA GeForce RTX 4070 index_adaptateur=1 index_sortie=0 attachee=true x=1280 y=0 largeur=1860 hauteur=1080
2026-09-05T01:38:50.762808Z  INFO agent::moniteurs_virtuels::purge: sortie virtuelle retirée par la purge numero=1 guid=9C4A1F6E-2B73-4D51-9E08-677541430001
2026-09-05T01:38:50.936281Z  INFO agent::apps::boucle::memoire: raccourci ecarte chemin=C:\Users\Administrator\AppData\Roaming\Microsoft\Windows\Start Menu\Programs\File Explorer.lnk motif="cible-vide"
2026-09-05T01:38:50.988025Z  INFO agent::apps::boucle::memoire: raccourci ecarte chemin=C:\Users\Administrator\AppData\Roaming\Microsoft\Windows\Start Menu\Programs\System Tools\Control Panel.lnk motif="cible-vide"
2026-09-05T01:38:50.988047Z  INFO agent::apps::boucle::memoire: raccourci ecarte chemin=C:\Users\Administrator\AppData\Roaming\Microsoft\Windows\Start Menu\Programs\System Tools\Run.lnk motif="cible-vide"
2026-09-05T01:38:51.196343Z  INFO agent::apps::boucle::memoire: raccourci ecarte chemin=C:\ProgramData\Microsoft\Windows\Start Menu\Programs\Blue Ripple Sound\Rapture3D - Help.lnk motif="extension" extension=chm
2026-09-05T01:38:51.232358Z  INFO agent::apps::boucle::memoire: raccourci ecarte chemin=C:\ProgramData\Microsoft\Windows\Start Menu\Programs\Administrative Tools\Component Services.lnk motif="extension" extension=msc
2026-09-05T01:38:51.232381Z  INFO agent::apps::boucle::memoire: raccourci ecarte chemin=C:\ProgramData\Microsoft\Windows\Start Menu\Programs\Administrative Tools\Computer Management.lnk motif="extension" extension=msc
2026-09-05T01:38:51.261174Z  INFO agent::apps::boucle::memoire: raccourci ecarte chemin=C:\ProgramData\Microsoft\Windows\Start Menu\Programs\Administrative Tools\Event Viewer.lnk motif="extension" extension=msc
2026-09-05T01:38:51.315805Z  INFO agent::apps::boucle::memoire: raccourci ecarte chemin=C:\ProgramData\Microsoft\Windows\Start Menu\Programs\Administrative Tools\Performance Monitor.lnk motif="extension" extension=msc
2026-09-05T01:38:51.315828Z  INFO agent::apps::boucle::memoire: raccourci ecarte chemin=C:\ProgramData\Microsoft\Windows\Start Menu\Programs\Administrative Tools\Print Management.lnk motif="extension" extension=msc
2026-09-05T01:38:51.355475Z  INFO agent::apps::boucle::memoire: raccourci ecarte chemin=C:\ProgramData\Microsoft\Windows\Start Menu\Programs\Administrative Tools\Security Configuration Management.lnk motif="extension" extension=msc
2026-09-05T01:38:51.355499Z  INFO agent::apps::boucle::memoire: raccourci ecarte chemin=C:\ProgramData\Microsoft\Windows\Start Menu\Programs\Administrative Tools\services.lnk motif="extension" extension=msc
2026-09-05T01:38:51.387007Z  INFO agent::apps::boucle::memoire: raccourci ecarte chemin=C:\ProgramData\Microsoft\Windows\Start Menu\Programs\Administrative Tools\Task Scheduler.lnk motif="extension" extension=msc
2026-09-05T01:38:51.387034Z  INFO agent::apps::boucle::memoire: raccourci ecarte chemin=C:\ProgramData\Microsoft\Windows\Start Menu\Programs\Administrative Tools\Windows Defender Firewall with Advanced Security.lnk motif="extension" extension=msc
2026-09-05T01:38:51.441437Z  INFO agent::apps::boucle::memoire: catalogue reconcilie total=58 retenus=45 cles=41 icones=41 icones_echouees=0 icones_distinctes=37 apparues=41 modifiees=0 disparues=0 duree_ms=704 declencheur="demarrage" notifications=0 debordements=0
2026-09-05T01:38:53.764459Z  INFO agent::capture::enumeration: adaptateur DXGI sans sortie adaptateur=NVIDIA GeForce RTX 4070 index_adaptateur=1
2026-09-05T01:38:53.764614Z  INFO agent::capture::enumeration: adaptateur DXGI sans sortie adaptateur=NVIDIA GeForce RTX 4070 index_adaptateur=2
2026-09-05T01:38:53.764759Z  INFO agent::capture::enumeration: adaptateur DXGI sans sortie adaptateur=Microsoft Basic Render Driver index_adaptateur=3
2026-09-05T01:38:53.764799Z  INFO agent::diagnostics::multifenetre::montee: topologie relevée moment="après purge" nombre=1 attachees=1
2026-09-05T01:38:53.764816Z  INFO agent::diagnostics::multifenetre::montee: sortie moment="après purge" nom=\\.\DISPLAY1 adaptateur=Microsoft Basic Render Driver index_adaptateur=0 index_sortie=0 attachee=true x=0 y=0 largeur=1280 hauteur=800
2026-09-05T01:38:53.764830Z  INFO agent::moniteurs_virtuels::purge: purge terminée retirees=1 avant=2 apres=1
2026-09-05T01:38:53.770747Z  INFO agent::superviseur::lanceur: capteur lancé pid=15032
2026-09-05T01:38:53.772610Z  INFO agent::superviseur::lanceur::pont: pont fichiers lancé pid=3392 session="3sxuA9dd56NpVdHi37R86g:fichiers"
2026-09-05T01:38:53.772634Z  WARN agent::superviseur::boucle::surveillance_pont: pont fichiers lancé ou relancé (tentatives suivantes silencieuses tant que le cycle se répète) pid_neuf=3392 tentative=1 espacement_ms=500
2026-09-05T01:38:53.773023Z  INFO agent::appartenance::win: job d'appartenance créé (aucune limite : il ne tue rien)
2026-09-05T01:38:53.773087Z  INFO agent::superviseur::hook: fenêtre ÉCARTÉE : desk ne l'a pas lancée (règle d'appartenance). Désarmer par APPARTENANCE=0 pour retrouver le comportement d'avant titre="New tab - Personal - Microsoft\u{200b} Edge" pid=10260 processus=msedge.exe
2026-09-05T01:38:53.773165Z  INFO agent::superviseur::hook: fenêtre ÉCARTÉE : desk ne l'a pas lancée (règle d'appartenance). Désarmer par APPARTENANCE=0 pour retrouver le comportement d'avant titre="New tab - Personal - Microsoft\u{200b} Edge" pid=10260 processus=msedge.exe
2026-09-05T01:38:53.773219Z  INFO agent::superviseur::hook: fenêtre ÉCARTÉE : desk ne l'a pas lancée (règle d'appartenance). Désarmer par APPARTENANCE=0 pour retrouver le comportement d'avant titre="New tab - Personal - Microsoft\u{200b} Edge" pid=10260 processus=msedge.exe
2026-09-05T01:38:53.773273Z  INFO agent::superviseur::hook: fenêtre ÉCARTÉE : desk ne l'a pas lancée (règle d'appartenance). Désarmer par APPARTENANCE=0 pour retrouver le comportement d'avant titre="New tab - Personal - Microsoft\u{200b} Edge" pid=10260 processus=msedge.exe
2026-09-05T01:38:53.782289Z  INFO agent: accélération pointeur neutralisée rapport="seuils relus = [0, 0, 0], vitesse relue = 10 (attendu : [0, 0, 0] et 10)"
2026-09-05T01:38:53.782338Z  INFO agent::capteur: capteur démarré tube="\\\\.\\pipe\\agent-capteur"
2026-09-05T01:38:53.783341Z  INFO agent: accélération pointeur neutralisée rapport="seuils relus = [0, 0, 0], vitesse relue = 10 (attendu : [0, 0, 0] et 10)"
2026-09-05T01:38:53.783374Z  INFO agent: identité héritée du superviseur (AGENT_JETON) : ce processus n'ouvre aucun canal /agent, un seul socket par VM
2026-09-05T01:38:53.783401Z  WARN agent::apps: decouverte d'applications inactive : ce processus n'a pas de canal /agent (identité héritée du superviseur, ou AGENT_VM/AGENT_SECRET absents)
2026-09-05T01:38:53.784938Z  INFO agent::pont::transport: socket UDP du pont fichiers addr=192.168.3.2:62608
2026-09-05T01:38:53.806722Z  INFO agent::signaling: déclaration de l'agent émise au signaling (acceptation encore inconnue) session="3sxuA9dd56NpVdHi37R86g:fichiers"
2026-09-05T01:38:53.807667Z  INFO agent::signaling: configuration TURN reçue serveur=90.87.35.18:3478
2026-09-05T01:39:20.688032Z  INFO agent::apps::boucle: identité changée : le prochain catalogue sera COMPLET (rafraîchissement de jeton OU réenrôlement — cette boucle ne les distingue pas)
2026-09-05T01:39:21.474359Z  INFO agent::apps::boucle::memoire: catalogue reconcilie total=58 retenus=45 cles=41 icones=0 icones_echouees=0 icones_distinctes=37 apparues=0 modifiees=0 disparues=0 duree_ms=32 declencheur="periode" notifications=0 debordements=0
2026-09-05T01:39:27.030527Z  INFO agent::superviseur::boucle: une page-shell a rejoint la session de contrôle : les fenêtres sont réannoncées
2026-09-05T01:39:27.030770Z  INFO agent::superviseur::hook: fenêtre ÉCARTÉE : desk ne l'a pas lancée (règle d'appartenance). Désarmer par APPARTENANCE=0 pour retrouver le comportement d'avant titre="New tab - Personal - Microsoft\u{200b} Edge" pid=10260 processus=msedge.exe
2026-09-05T01:39:27.030840Z  INFO agent::superviseur::hook: fenêtre ÉCARTÉE : desk ne l'a pas lancée (règle d'appartenance). Désarmer par APPARTENANCE=0 pour retrouver le comportement d'avant titre="New tab - Personal - Microsoft\u{200b} Edge" pid=10260 processus=msedge.exe
2026-09-05T01:39:27.030893Z  INFO agent::superviseur::hook: fenêtre ÉCARTÉE : desk ne l'a pas lancée (règle d'appartenance). Désarmer par APPARTENANCE=0 pour retrouver le comportement d'avant titre="New tab - Personal - Microsoft\u{200b} Edge" pid=10260 processus=msedge.exe
2026-09-05T01:39:27.030941Z  INFO agent::superviseur::hook: fenêtre ÉCARTÉE : desk ne l'a pas lancée (règle d'appartenance). Désarmer par APPARTENANCE=0 pour retrouver le comportement d'avant titre="New tab - Personal - Microsoft\u{200b} Edge" pid=10260 processus=msedge.exe
2026-09-05T01:39:28.838193Z  INFO agent::superviseur::boucle::surveillance_pont: pont fichiers de nouveau stable pid=3392
2026-09-05T01:39:30.865238Z  INFO agent::plateforme::session: ordre de lancement reçu url="ws://192.168.3.1:3445/agent" demande=1cd79cbc-5fea-421e-9b6f-144d36244bbc cle=741924e4a3ec3408bc2797010e48446c92b7364090a6be5ad2ce8ff4060e631c
2026-09-05T01:39:30.912874Z  INFO agent::appartenance::win: processus lancé inscrit au job d'appartenance
2026-09-05T01:39:30.912943Z  INFO agent::apps::lancement: raccourci lancé chemin="C:\\ProgramData\\Microsoft\\Windows\\Start Menu\\Programs\\Notepad.lnk"
2026-09-05T01:39:30.912950Z  INFO agent::apps::boucle: lancement demande="1cd79cbc-5fea-421e-9b6f-144d36244bbc" cle="741924e4a3ec3408bc2797010e48446c92b7364090a6be5ad2ce8ff4060e631c" issue=Raccourci
2026-09-05T01:39:31.651330Z  INFO agent::superviseur::boucle: viewport recu de la page-shell session=3sxuA9dd56NpVdHi37R86g:w-1 demande="780x492" effets=1 etat=Some(AttendLaSortie)
2026-09-05T01:39:31.651885Z  INFO agent::capture::enumeration: adaptateur DXGI sans sortie adaptateur=NVIDIA GeForce RTX 4070 index_adaptateur=1
2026-09-05T01:39:31.652040Z  INFO agent::capture::enumeration: adaptateur DXGI sans sortie adaptateur=NVIDIA GeForce RTX 4070 index_adaptateur=2
2026-09-05T01:39:31.652173Z  INFO agent::capture::enumeration: adaptateur DXGI sans sortie adaptateur=Microsoft Basic Render Driver index_adaptateur=3
2026-09-05T01:39:31.652206Z  INFO agent::diagnostics::multifenetre::montee: topologie relevée moment="avant création de sortie" nombre=1 attachees=1
2026-09-05T01:39:31.652222Z  INFO agent::diagnostics::multifenetre::montee: sortie moment="avant création de sortie" nom=\\.\DISPLAY1 adaptateur=Microsoft Basic Render Driver index_adaptateur=0 index_sortie=0 attachee=true x=0 y=0 largeur=1280 hauteur=800
2026-09-05T01:39:31.652513Z  INFO agent::moniteurs_virtuels::pilote: sortie virtuelle créée id=257 adaptateur_bas=67235 adaptateur_haut=0 guid=9C4A1F6E-2B73-4D51-9E08-677541430001 largeur=780 hauteur=492 hertz=60
2026-09-05T01:39:31.768139Z  INFO agent::superviseur::hook: fenêtre ÉCARTÉE : desk ne l'a pas lancée (règle d'appartenance). Désarmer par APPARTENANCE=0 pour retrouver le comportement d'avant titre="Chrome Legacy Window" pid=10260 processus=msedge.exe
2026-09-05T01:39:31.919158Z  INFO agent::superviseur::hook: fenêtre ÉCARTÉE : desk ne l'a pas lancée (règle d'appartenance). Désarmer par APPARTENANCE=0 pour retrouver le comportement d'avant titre="DesktopWindowXamlSource" pid=8836 processus=explorer.exe
2026-09-05T01:39:31.994050Z  INFO agent::superviseur::boucle::creation_sortie: sortie DESIGNEE par son identifiant de cible (chemin ① — la correspondance CCD a rendu son nom GDI) id_pilote=257 adaptateur=Some((67235, 0)) nom_designe="\\\\.\\DISPLAY6"
2026-09-05T01:39:31.994085Z  INFO agent::superviseur::boucle::creation_sortie: sortie retenue pour cette fenetre session=3sxuA9dd56NpVdHi37R86g:w-1 sortie=\\.\DISPLAY6 demande="780x492" sortie_reelle="1860x1080" exemptee=false
2026-09-05T01:39:32.013984Z  INFO agent::superviseur::enfants: enfant lancé session=3sxuA9dd56NpVdHi37R86g:w-1 pid=15292 sortie=\\.\DISPLAY6
2026-09-05T01:39:32.029299Z  INFO agent: accélération pointeur neutralisée rapport="seuils relus = [0, 0, 0], vitesse relue = 10 (attendu : [0, 0, 0] et 10)"
2026-09-05T01:39:32.029352Z  INFO agent: identité héritée du superviseur (AGENT_JETON) : ce processus n'ouvre aucun canal /agent, un seul socket par VM
2026-09-05T01:39:32.029388Z  WARN agent::apps: decouverte d'applications inactive : ce processus n'a pas de canal /agent (identité héritée du superviseur, ou AGENT_VM/AGENT_SECRET absents)
2026-09-05T01:39:32.029409Z  INFO agent::demarrage::source: source distante servie par le capteur (mode multi-fenêtres) nom_sortie=\\.\DISPLAY6 bitrate=12000000 fps=90
2026-09-05T01:39:32.045205Z  INFO agent::capture::ouverture: sortie retenue pour la duplication adaptateur=NVIDIA GeForce RTX 4070 index_adaptateur=1 index_sortie=0 nom_sortie=\\.\DISPLAY6 attachee=true
2026-09-05T01:39:32.045360Z  INFO agent::capteur::tube: attaché au capteur session=3sxuA9dd56NpVdHi37R86g:w-1 sortie=\\.\DISPLAY6 largeur=780 hauteur=492
2026-09-05T01:39:32.045570Z  INFO fenetre{session=3sxuA9dd56NpVdHi37R86g:w-1}: agent::capteur::fenetre: fenêtre attachée au capteur session=3sxuA9dd56NpVdHi37R86g:w-1 pid=2376 sortie=\\.\DISPLAY6 largeur=780 hauteur=492
2026-09-05T01:39:32.045684Z  INFO fenetre{session=3sxuA9dd56NpVdHi37R86g:w-1}: agent::capteur::sommeil::parts: budget de debit de la session budget_bps=12000000
2026-09-05T01:39:32.048677Z  INFO agent::signaling: déclaration de l'agent émise au signaling (acceptation encore inconnue) session="3sxuA9dd56NpVdHi37R86g:w-1"
2026-09-05T01:39:32.049267Z  INFO agent::transport::initialisation: socket UDP de l'agent addr=192.168.3.2:56112
2026-09-05T01:39:32.050328Z  INFO agent::signaling: configuration TURN reçue serveur=90.87.35.18:3478
2026-09-05T01:39:32.073038Z  INFO agent::windows_audio: source audio démarrée format=process loopback pid=2376 — 48000 Hz, 2 canaux, 16 bits entiers
2026-09-05T01:39:32.073056Z  INFO agent::demarrage::audio: audio activé format="process loopback pid=2376 — 48000 Hz, 2 canaux, 16 bits entiers" pid=2376
2026-09-05T01:39:32.075385Z  WARN agent::demarrage::micro: micro indisponible, la session continue sans session=3sxuA9dd56NpVdHi37R86g:w-1 erreur=aucun peripherique de rendu ne correspond a « VB-Audio » (MICRO_PERIPHERIQUE) :                  pas de micro. Disponibles : «Speakers (Steam Streaming Speakers)» [{0.0.0.00000000}.{fc5b7410-2341-47a7-88a1-894b051a02f1}]. Le cable virtuel est-il installe ?
2026-09-05T01:39:32.075417Z  INFO agent::demarrage: offre reçue
2026-09-05T01:39:32.086289Z  INFO agent::demarrage: relais TURN alloué avant la réponse SDP
2026-09-05T01:39:32.088544Z  INFO agent::demarrage: réponse envoyée
2026-09-05T01:39:32.088768Z  INFO agent::input::win: reference des entrees retenue (batie par le match qui choisit le mode de capture ; la taille de l'image y est PARTAGEE avec la source, jamais recalculee) reference=SortieCapturee { nom: "\\\\.\\DISPLAY6", image: TailleImage(3350074491372) }
2026-09-05T01:39:32.088851Z  INFO agent::transport::evenements: état ICE state=Checking écoulé=18.7378ms
2026-09-05T01:39:32.096592Z  INFO agent::transport::evenements: état ICE state=Connected écoulé=26.4756ms
2026-09-05T01:39:32.105421Z  INFO agent::transport::evenements: piste négociée mid=Mid(0) kind=Video direction=SendOnly
2026-09-05T01:39:32.105443Z  INFO agent::transport::evenements: piste négociée mid=Mid(1) kind=Audio direction=SendOnly
2026-09-05T01:39:32.105446Z  INFO agent::transport::evenements: piste négociée mid=Mid(2) kind=Audio direction=RecvOnly
2026-09-05T01:39:32.105499Z  INFO agent::transport::part: part de budget appliquee session=3sxuA9dd56NpVdHi37R86g:w-1 part_bps=256000 endormie=true
2026-09-05T01:39:32.105508Z  INFO agent::transport::piste_audio: ordre audio applique session=3sxuA9dd56NpVdHi37R86g:w-1 actif=true capture_morte=false
2026-09-05T01:39:32.118002Z  INFO agent::transport::evenements: canal de données ouvert label=input
2026-09-05T01:39:32.118083Z  INFO agent::transport::evenements: canal de données ouvert label=control
2026-09-05T01:39:32.241043Z  INFO agent::demarrage: contrôle reçu session=3sxuA9dd56NpVdHi37R86g:w-1 Visibility { v: 3, visible: true, focused: true }
2026-09-05T01:39:32.253480Z  INFO fenetre{session=3sxuA9dd56NpVdHi37R86g:w-1}: agent::capture::ouverture: sortie retenue pour la duplication adaptateur=NVIDIA GeForce RTX 4070 index_adaptateur=1 index_sortie=0 nom_sortie=\\.\DISPLAY6 attachee=true
2026-09-05T01:39:32.389547Z  INFO fenetre{session=3sxuA9dd56NpVdHi37R86g:w-1}: agent::capture::ouverture: protection multi-fils activée sur le contexte immédiat D3D11 protection_precedente=false
2026-09-05T01:39:32.391554Z  INFO fenetre{session=3sxuA9dd56NpVdHi37R86g:w-1}: agent::capture: duplication de sortie établie desktop_width=1860 desktop_height=1080
2026-09-05T01:39:32.393391Z  INFO fenetre{session=3sxuA9dd56NpVdHi37R86g:w-1}: agent::encode_nvenc::porte: porte NVENC : pilote compatible version_pilote="0xd1" version_attendue="0xc2"
2026-09-05T01:39:32.412841Z  INFO fenetre{session=3sxuA9dd56NpVdHi37R86g:w-1}: agent::encode_nvenc::session: session NVENC native initialisée (P1, ultra faible latence, CBR) largeur=780 hauteur=492 fps=90 debit_bps=12000000
2026-09-05T01:39:32.412872Z  INFO fenetre{session=3sxuA9dd56NpVdHi37R86g:w-1}: agent::encode: encodeur NVENC natif retenu adaptateur=NVIDIA GeForce RTX 4070 luid="00000000:0000771F"
2026-09-05T01:39:32.412884Z  INFO fenetre{session=3sxuA9dd56NpVdHi37R86g:w-1}: agent::capteur::fenetre::transitions: fenêtre réveillée session=3sxuA9dd56NpVdHi37R86g:w-1 largeur=780 hauteur=492 duree_ms=159
2026-09-05T01:39:32.415848Z  INFO agent::transport::part: part de budget appliquee session=3sxuA9dd56NpVdHi37R86g:w-1 part_bps=12000000 endormie=false
2026-09-05T01:39:32.442587Z  INFO agent::demarrage: contrôle reçu session=3sxuA9dd56NpVdHi37R86g:w-1 Resize { v: 3, width: 780, height: 493 }
2026-09-05T01:39:32.447637Z  INFO fenetre{session=3sxuA9dd56NpVdHi37R86g:w-1}: agent::windows_source::redimensionnement: Resize recu par le capteur demande="780x493" borne="1860x1080" texture="1860x1080" retenue="780x492" courante="780x492" change=false
2026-09-05T01:39:32.515955Z  INFO agent::superviseur::boucle: viewport recu de la page-shell session=3sxuA9dd56NpVdHi37R86g:w-1 demande="780x493" effets=1 etat=Some(Vivante)
2026-09-05T01:39:32.517101Z  INFO agent::superviseur::boucle::placement_periodique: viewport recu par le superviseur session=3sxuA9dd56NpVdHi37R86g:w-1 demande="780x492" nom_sortie="\\\\.\\DISPLAY6" borne="1860x1080" retenue="780x492" precedente="780x492" decision="taille INCHANGEE : rien a reposer (viewport sature la borne, ou geste sans effet)"
2026-09-05T01:39:37.049854Z  INFO fenetre{session=3sxuA9dd56NpVdHi37R86g:w-1}: agent::capteur::fenetre::accent_fenetre: accent de la fenetre Windows session=3sxuA9dd56NpVdHi37R86g:w-1 couleur=#8ec7d4
2026-09-05T01:39:42.046289Z  INFO fenetre{session=3sxuA9dd56NpVdHi37R86g:w-1}: agent::capteur::fenetre: cadence du capteur session=3sxuA9dd56NpVdHi37R86g:w-1 images=42 endormie=false cadence="4.2"
2026-09-05T01:39:42.075904Z  INFO agent::transport::cadence_video: cadence de la piste vidéo (côté enfant) session=3sxuA9dd56NpVdHi37R86g:w-1 unites=42 cadence="4.2"
2026-09-05T01:39:50.744064Z  INFO agent::apps::boucle: identité changée : le prochain catalogue sera COMPLET (rafraîchissement de jeton OU réenrôlement — cette boucle ne les distingue pas)
2026-09-05T01:39:51.504007Z  INFO agent::apps::boucle::memoire: catalogue reconcilie total=58 retenus=45 cles=41 icones=0 icones_echouees=0 icones_distinctes=37 apparues=0 modifiees=0 disparues=0 duree_ms=28 declencheur="periode" notifications=0 debordements=0
2026-09-05T01:39:52.054103Z  INFO fenetre{session=3sxuA9dd56NpVdHi37R86g:w-1}: agent::capteur::fenetre: cadence du capteur session=3sxuA9dd56NpVdHi37R86g:w-1 images=3 endormie=false cadence="0.3"
2026-09-05T01:39:52.075972Z  INFO agent::transport::cadence_video: cadence de la piste vidéo (côté enfant) session=3sxuA9dd56NpVdHi37R86g:w-1 unites=3 cadence="0.3"
2026-09-05T01:40:02.056539Z  INFO fenetre{session=3sxuA9dd56NpVdHi37R86g:w-1}: agent::capteur::fenetre: cadence du capteur session=3sxuA9dd56NpVdHi37R86g:w-1 images=4 endormie=false cadence="0.4"
2026-09-05T01:40:02.073584Z  INFO agent::windows_audio::fil: compteurs audio pid=2376 actif=true rejetes=0 complements=1 echantillons_jetes=0
2026-09-05T01:40:02.085879Z  INFO agent::transport::cadence_video: cadence de la piste vidéo (côté enfant) session=3sxuA9dd56NpVdHi37R86g:w-1 unites=4 cadence="0.4"
2026-09-05T01:40:12.060854Z  INFO fenetre{session=3sxuA9dd56NpVdHi37R86g:w-1}: agent::capteur::fenetre: cadence du capteur session=3sxuA9dd56NpVdHi37R86g:w-1 images=3 endormie=false cadence="0.3"
2026-09-05T01:40:12.085925Z  INFO agent::transport::cadence_video: cadence de la piste vidéo (côté enfant) session=3sxuA9dd56NpVdHi37R86g:w-1 unites=3 cadence="0.3"
2026-09-05T01:40:20.753446Z  INFO agent::apps::boucle: identité changée : le prochain catalogue sera COMPLET (rafraîchissement de jeton OU réenrôlement — cette boucle ne les distingue pas)
2026-09-05T01:40:21.534962Z  INFO agent::apps::boucle::memoire: catalogue reconcilie total=58 retenus=45 cles=41 icones=0 icones_echouees=0 icones_distinctes=37 apparues=0 modifiees=0 disparues=0 duree_ms=30 declencheur="periode" notifications=0 debordements=0
2026-09-05T01:40:22.070643Z  INFO fenetre{session=3sxuA9dd56NpVdHi37R86g:w-1}: agent::capteur::fenetre: cadence du capteur session=3sxuA9dd56NpVdHi37R86g:w-1 images=3 endormie=false cadence="0.3"
2026-09-05T01:40:22.095917Z  INFO agent::transport::cadence_video: cadence de la piste vidéo (côté enfant) session=3sxuA9dd56NpVdHi37R86g:w-1 unites=3 cadence="0.3"
2026-09-05T01:40:32.075730Z  INFO agent::turn::allocation: état du client TURN etat="allouée" prochaine_echeance_s=90 canaux=8
2026-09-05T01:40:32.077118Z  INFO fenetre{session=3sxuA9dd56NpVdHi37R86g:w-1}: agent::capteur::fenetre: cadence du capteur session=3sxuA9dd56NpVdHi37R86g:w-1 images=4 endormie=false cadence="0.4"
2026-09-05T01:40:32.079140Z  INFO agent::windows_audio::fil: compteurs audio pid=2376 actif=true rejetes=0 complements=2 echantillons_jetes=0
2026-09-05T01:40:32.106036Z  INFO agent::transport::cadence_video: cadence de la piste vidéo (côté enfant) session=3sxuA9dd56NpVdHi37R86g:w-1 unites=4 cadence="0.4"
2026-09-05T01:40:42.081585Z  INFO fenetre{session=3sxuA9dd56NpVdHi37R86g:w-1}: agent::capteur::fenetre: cadence du capteur session=3sxuA9dd56NpVdHi37R86g:w-1 images=3 endormie=false cadence="0.3"
2026-09-05T01:40:42.116091Z  INFO agent::transport::cadence_video: cadence de la piste vidéo (côté enfant) session=3sxuA9dd56NpVdHi37R86g:w-1 unites=3 cadence="0.3"
2026-09-05T01:40:50.786228Z  INFO agent::apps::boucle: identité changée : le prochain catalogue sera COMPLET (rafraîchissement de jeton OU réenrôlement — cette boucle ne les distingue pas)
2026-09-05T01:40:51.565677Z  INFO agent::apps::boucle::memoire: catalogue reconcilie total=58 retenus=45 cles=41 icones=0 icones_echouees=0 icones_distinctes=37 apparues=0 modifiees=0 disparues=0 duree_ms=30 declencheur="periode" notifications=0 debordements=0
2026-09-05T01:40:52.083410Z  INFO fenetre{session=3sxuA9dd56NpVdHi37R86g:w-1}: agent::capteur::fenetre: cadence du capteur session=3sxuA9dd56NpVdHi37R86g:w-1 images=3 endormie=false cadence="0.3"
2026-09-05T01:40:52.125796Z  INFO agent::transport::cadence_video: cadence de la piste vidéo (côté enfant) session=3sxuA9dd56NpVdHi37R86g:w-1 unites=3 cadence="0.3"
2026-09-05T01:41:02.081528Z  INFO agent::windows_audio::fil: compteurs audio pid=2376 actif=true rejetes=0 complements=2 echantillons_jetes=0
2026-09-05T01:41:02.088872Z  INFO fenetre{session=3sxuA9dd56NpVdHi37R86g:w-1}: agent::capteur::fenetre: cadence du capteur session=3sxuA9dd56NpVdHi37R86g:w-1 images=4 endormie=false cadence="0.4"
2026-09-05T01:41:02.135564Z  INFO agent::transport::cadence_video: cadence de la piste vidéo (côté enfant) session=3sxuA9dd56NpVdHi37R86g:w-1 unites=4 cadence="0.4"
2026-09-05T01:41:12.098413Z  INFO fenetre{session=3sxuA9dd56NpVdHi37R86g:w-1}: agent::capteur::fenetre: cadence du capteur session=3sxuA9dd56NpVdHi37R86g:w-1 images=3 endormie=false cadence="0.3"
2026-09-05T01:41:12.135834Z  INFO agent::transport::cadence_video: cadence de la piste vidéo (côté enfant) session=3sxuA9dd56NpVdHi37R86g:w-1 unites=3 cadence="0.3"
2026-09-05T01:41:20.816085Z  INFO agent::apps::boucle: identité changée : le prochain catalogue sera COMPLET (rafraîchissement de jeton OU réenrôlement — cette boucle ne les distingue pas)
2026-09-05T01:41:21.596197Z  INFO agent::apps::boucle::memoire: catalogue reconcilie total=58 retenus=45 cles=41 icones=0 icones_echouees=0 icones_distinctes=37 apparues=0 modifiees=0 disparues=0 duree_ms=29 declencheur="periode" notifications=0 debordements=0
2026-09-05T01:41:22.104366Z  INFO fenetre{session=3sxuA9dd56NpVdHi37R86g:w-1}: agent::capteur::fenetre: cadence du capteur session=3sxuA9dd56NpVdHi37R86g:w-1 images=3 endormie=false cadence="0.3"
2026-09-05T01:41:22.145606Z  INFO agent::transport::cadence_video: cadence de la piste vidéo (côté enfant) session=3sxuA9dd56NpVdHi37R86g:w-1 unites=3 cadence="0.3"

