=== ROUGE DE LA TACHE 11 : la procedure du plan, pas a pas ===
⚠️ Le fichier d'essai porte une valeur FACTICE, jamais un vrai secret.

--- 1. git status --porcelain AVANT ---
?? agent/src/capteur/sommeil/presse_papier.rs
?? docs/superpowers/plans/journaux-plateforme-p5/mutations-t10-entetes.log
?? docs/superpowers/plans/journaux-plateforme-p5/mutations-t1-frein.log
?? docs/superpowers/plans/journaux-plateforme-p5/mutations-t2-adresse-source.log
?? docs/superpowers/plans/journaux-plateforme-p5/mutations-t3-t4.log
?? docs/superpowers/plans/journaux-plateforme-p5/mutations-t5-config.log
?? docs/superpowers/plans/journaux-plateforme-p5/mutations-t6-maxpayload.log
?? docs/superpowers/plans/journaux-plateforme-p5/mutations-t7-frein-auth.log
?? docs/superpowers/plans/journaux-plateforme-p5/mutations-t8-frein-agent.log
?? docs/superpowers/plans/journaux-plateforme-p5/mutations-t9-sante.log
?? docs/superpowers/plans/journaux-plateforme-p5/rouge-t11-secrets.log

--- 2. creation de essai-secret.env, puis git add (le balayage lit git ls-files) ---
A  essai-secret.env

--- 3. le test, VU ROUGE ---
   × aucun secret dans un fichier versionné > 🔴 ne trouve aucune affectation littérale hors des exceptions déclarées 429ms
AssertionError: des secrets sont affectés en clair dans des fichiers versionnés (la valeur n'est volontairement pas affichée): expected [ …(3) ] to deeply equal []
+   "essai-secret.env:1 affecte TURN_SECRET [empreinte ec28ee00227a9e6b]",
+   "plateforme/src/securite/secrets.test.ts:172 affecte TURN_SECRET [empreinte 8d33f520a3c4cef8]",
+   "plateforme/src/securite/secrets.test.ts:179 affecte PLATEFORME_SECRET_JETON [empreinte 2a51469f6500625f]",
 Test Files  1 failed (1)
      Tests  1 failed | 3 passed (4)

--- 4. git rm --cached PUIS suppression NOMMEE (jamais git clean : le chantier
---    concurrent a des fichiers non suivis dans cet arbre) ---
ls: impossible d'accéder à 'essai-secret.env': Aucun fichier ou dossier de ce nom

--- 5. git status --porcelain APRES ---
?? agent/src/capteur/sommeil/presse_papier.rs
?? docs/superpowers/plans/journaux-plateforme-p5/mutations-t10-entetes.log
?? docs/superpowers/plans/journaux-plateforme-p5/mutations-t1-frein.log
?? docs/superpowers/plans/journaux-plateforme-p5/mutations-t2-adresse-source.log
?? docs/superpowers/plans/journaux-plateforme-p5/mutations-t3-t4.log
?? docs/superpowers/plans/journaux-plateforme-p5/mutations-t5-config.log
?? docs/superpowers/plans/journaux-plateforme-p5/mutations-t6-maxpayload.log
?? docs/superpowers/plans/journaux-plateforme-p5/mutations-t7-frein-auth.log
?? docs/superpowers/plans/journaux-plateforme-p5/mutations-t8-frein-agent.log
?? docs/superpowers/plans/journaux-plateforme-p5/mutations-t9-sante.log
?? docs/superpowers/plans/journaux-plateforme-p5/rouge-t11-secrets.log

--- verdict de la restauration ---
✅ git status --porcelain IDENTIQUE avant et apres
