[2m2026-07-31T11:03:43.193109Z[0m [32m INFO[0m [2magent[0m[2m:[0m accélération pointeur neutralisée [3mrapport[0m[2m=[0m"seuils relus = [0, 0, 0], vitesse relue = 10 (attendu : [0, 0, 0] et 10)"
[2m2026-07-31T11:03:43.194934Z[0m [32m INFO[0m [2magent::capture[0m[2m:[0m adaptateur DXGI sans sortie [3madaptateur[0m[2m=[0mNVIDIA GeForce RTX 4070 [3mindex_adaptateur[0m[2m=[0m1
[2m2026-07-31T11:03:43.194967Z[0m [32m INFO[0m [2magent::capture[0m[2m:[0m adaptateur DXGI sans sortie [3madaptateur[0m[2m=[0mMicrosoft Basic Render Driver [3mindex_adaptateur[0m[2m=[0m2
[2m2026-07-31T11:03:43.194980Z[0m [32m INFO[0m [2magent::diagnostics::multifenetre::montee[0m[2m:[0m topologie relevée [3mmoment[0m[2m=[0m"avant création" [3mnombre[0m[2m=[0m1 [3mattachees[0m[2m=[0m1
[2m2026-07-31T11:03:43.194992Z[0m [32m INFO[0m [2magent::diagnostics::multifenetre::montee[0m[2m:[0m sortie [3mmoment[0m[2m=[0m"avant création" [3mnom[0m[2m=[0m\\.\DISPLAY1 [3madaptateur[0m[2m=[0mNVIDIA GeForce RTX 4070 [3mindex_adaptateur[0m[2m=[0m0 [3mindex_sortie[0m[2m=[0m0 [3mattachee[0m[2m=[0mtrue [3mx[0m[2m=[0m0 [3my[0m[2m=[0m0 [3mlargeur[0m[2m=[0m2400 [3mhauteur[0m[2m=[0m1080
[2m2026-07-31T11:03:43.196097Z[0m [32m INFO[0m [2magent::diagnostics::multifenetre::moniteurs[0m[2m:[0m sortie virtuelle créée [3mid[0m[2m=[0m256 [3madaptateur_bas[0m[2m=[0m62534 [3madaptateur_haut[0m[2m=[0m0 [3mguid[0m[2m=[0m9C4A1F6E-2B73-4D51-9E08-677541430001 [3mlargeur[0m[2m=[0m1280 [3mhauteur[0m[2m=[0m720 [3mhertz[0m[2m=[0m60
[2m2026-07-31T11:03:46.197845Z[0m [32m INFO[0m [2magent::capture[0m[2m:[0m adaptateur DXGI sans sortie [3madaptateur[0m[2m=[0mNVIDIA GeForce RTX 4070 [3mindex_adaptateur[0m[2m=[0m1
[2m2026-07-31T11:03:46.197877Z[0m [32m INFO[0m [2magent::capture[0m[2m:[0m adaptateur DXGI sans sortie [3madaptateur[0m[2m=[0mMicrosoft Basic Render Driver [3mindex_adaptateur[0m[2m=[0m2
[2m2026-07-31T11:03:46.197886Z[0m [32m INFO[0m [2magent::diagnostics::multifenetre::montee[0m[2m:[0m topologie relevée [3mmoment[0m[2m=[0m"après création" [3mnombre[0m[2m=[0m2 [3mattachees[0m[2m=[0m2
[2m2026-07-31T11:03:46.197890Z[0m [32m INFO[0m [2magent::diagnostics::multifenetre::montee[0m[2m:[0m sortie [3mmoment[0m[2m=[0m"après création" [3mnom[0m[2m=[0m\\.\DISPLAY1 [3madaptateur[0m[2m=[0mNVIDIA GeForce RTX 4070 [3mindex_adaptateur[0m[2m=[0m0 [3mindex_sortie[0m[2m=[0m0 [3mattachee[0m[2m=[0mtrue [3mx[0m[2m=[0m0 [3my[0m[2m=[0m0 [3mlargeur[0m[2m=[0m2400 [3mhauteur[0m[2m=[0m1080
[2m2026-07-31T11:03:46.197895Z[0m [32m INFO[0m [2magent::diagnostics::multifenetre::montee[0m[2m:[0m sortie [3mmoment[0m[2m=[0m"après création" [3mnom[0m[2m=[0m\\.\DISPLAY5 [3madaptateur[0m[2m=[0mNVIDIA GeForce RTX 4070 [3mindex_adaptateur[0m[2m=[0m0 [3mindex_sortie[0m[2m=[0m1 [3mattachee[0m[2m=[0mtrue [3mx[0m[2m=[0m2400 [3my[0m[2m=[0m0 [3mlargeur[0m[2m=[0m1280 [3mhauteur[0m[2m=[0m720
[2m2026-07-31T11:03:46.197899Z[0m [32m INFO[0m [2magent::diagnostics::multifenetre::capture_virtuelle[0m[2m:[0m sortie virtuelle retenue pour la capture [3mid[0m[2m=[0m256 [3mnom[0m[2m=[0m\\.\DISPLAY5 [3madaptateur[0m[2m=[0mNVIDIA GeForce RTX 4070 [3mindex_adaptateur[0m[2m=[0m0 [3mindex_sortie[0m[2m=[0m1 [3mattachee[0m[2m=[0mtrue [3mx[0m[2m=[0m2400 [3my[0m[2m=[0m0 [3mlargeur_annoncee[0m[2m=[0m1280 [3mhauteur_annoncee[0m[2m=[0m720
[2m2026-07-31T11:03:46.198107Z[0m [32m INFO[0m [2magent::capture[0m[2m:[0m sortie retenue pour la duplication [3madaptateur[0m[2m=[0mNVIDIA GeForce RTX 4070 [3mindex_adaptateur[0m[2m=[0m0 [3mindex_sortie[0m[2m=[0m1 [3mattachee[0m[2m=[0mtrue
[2m2026-07-31T11:03:46.287295Z[0m [32m INFO[0m [2magent::capture[0m[2m:[0m protection multi-fils activée sur le contexte immédiat D3D11 [3mprotection_precedente[0m[2m=[0mfalse
[2m2026-07-31T11:03:46.287677Z[0m [32m INFO[0m [2magent::capture[0m[2m:[0m duplication de sortie établie [3mdesktop_width[0m[2m=[0m1280 [3mdesktop_height[0m[2m=[0m720
[2m2026-07-31T11:03:46.288005Z[0m [32m INFO[0m [2magent::capture[0m[2m:[0m adaptateur DXGI sans sortie [3madaptateur[0m[2m=[0mNVIDIA GeForce RTX 4070 [3mindex_adaptateur[0m[2m=[0m1
[2m2026-07-31T11:03:46.288027Z[0m [32m INFO[0m [2magent::capture[0m[2m:[0m adaptateur DXGI sans sortie [3madaptateur[0m[2m=[0mMicrosoft Basic Render Driver [3mindex_adaptateur[0m[2m=[0m2
[2m2026-07-31T11:03:46.288051Z[0m [32m INFO[0m [2magent::diagnostics::multifenetre::banc[0m[2m:[0m banc : coordonnées de fenêtre et de texture [3mbureau_x[0m[2m=[0m2400 [3mbureau_y[0m[2m=[0m0 [3mbureau_largeur[0m[2m=[0m1280 [3mbureau_hauteur[0m[2m=[0m720 [3mtexture_largeur[0m[2m=[0m1280 [3mtexture_hauteur[0m[2m=[0m720 [3mfacteur_horizontal[0m[2m=[0m1.0 [3mfacteur_vertical[0m[2m=[0m1.0
[2m2026-07-31T11:03:46.288078Z[0m [32m INFO[0m [2magent::diagnostics::multifenetre::banc[0m[2m:[0m banc : disposition retenue [3mvoie[0m[2m=[0m"duplication" [3mnombre[0m[2m=[0m2 [3mplaces[0m[2m=[0m[Rect { x: 2400, y: 0, width: 640, height: 720 }, Rect { x: 3040, y: 0, width: 640, height: 720 }] [3mplaces_texture[0m[2m=[0m[Rect { x: 0, y: 0, width: 640, height: 720 }, Rect { x: 640, y: 0, width: 640, height: 720 }]
[2m2026-07-31T11:03:56.293520Z[0m [32m INFO[0m [2magent::diagnostics::multifenetre::banc[0m[2m:[0m passe TÉMOIN — cadence de peinture sans capture [3mmires[0m[2m=[0m2 [3mtrames[0m[2m=[0m67189 [3mcadence[0m[2m=[0m6718.8143351172275
[2m2026-07-31T11:03:56.293771Z[0m [32m INFO[0m [2magent::capture[0m[2m:[0m sortie retenue pour la duplication [3madaptateur[0m[2m=[0mNVIDIA GeForce RTX 4070 [3mindex_adaptateur[0m[2m=[0m0 [3mindex_sortie[0m[2m=[0m1 [3mattachee[0m[2m=[0mtrue
[2m2026-07-31T11:03:56.315482Z[0m [32m INFO[0m [2magent::capture[0m[2m:[0m protection multi-fils activée sur le contexte immédiat D3D11 [3mprotection_precedente[0m[2m=[0mfalse
[2m2026-07-31T11:03:56.316477Z[0m [32m INFO[0m [2magent::capture[0m[2m:[0m duplication de sortie établie [3mdesktop_width[0m[2m=[0m1280 [3mdesktop_height[0m[2m=[0m720
[2m2026-07-31T11:03:57.316760Z[0m [32m INFO[0m [2magent::diagnostics::multifenetre::banc[0m[2m:[0m banc en cours [3mimages[0m[2m=[0m[90, 90] [3munites[0m[2m=[0m[0, 0] [3mverdicts_faux[0m[2m=[0m0 [3mavant[0m[2m=[0mVerdicts { justes: 90, voisines: 0, noires: 0, inconnues: 0 } [3mapres[0m[2m=[0mVerdicts { justes: 0, voisines: 0, noires: 0, inconnues: 0 }
[2m2026-07-31T11:03:58.316798Z[0m [32m INFO[0m [2magent::diagnostics::multifenetre::banc[0m[2m:[0m banc en cours [3mimages[0m[2m=[0m[180, 180] [3munites[0m[2m=[0m[0, 0] [3mverdicts_faux[0m[2m=[0m0 [3mavant[0m[2m=[0mVerdicts { justes: 180, voisines: 0, noires: 0, inconnues: 0 } [3mapres[0m[2m=[0mVerdicts { justes: 0, voisines: 0, noires: 0, inconnues: 0 }
[2m2026-07-31T11:03:59.316818Z[0m [32m INFO[0m [2magent::diagnostics::multifenetre::banc[0m[2m:[0m banc en cours [3mimages[0m[2m=[0m[270, 270] [3munites[0m[2m=[0m[0, 0] [3mverdicts_faux[0m[2m=[0m0 [3mavant[0m[2m=[0mVerdicts { justes: 270, voisines: 0, noires: 0, inconnues: 0 } [3mapres[0m[2m=[0mVerdicts { justes: 0, voisines: 0, noires: 0, inconnues: 0 }
[2m2026-07-31T11:04:00.316770Z[0m [32m INFO[0m [2magent::diagnostics::multifenetre::banc[0m[2m:[0m banc en cours [3mimages[0m[2m=[0m[360, 360] [3munites[0m[2m=[0m[0, 0] [3mverdicts_faux[0m[2m=[0m0 [3mavant[0m[2m=[0mVerdicts { justes: 360, voisines: 0, noires: 0, inconnues: 0 } [3mapres[0m[2m=[0mVerdicts { justes: 0, voisines: 0, noires: 0, inconnues: 0 }
[2m2026-07-31T11:04:01.317373Z[0m [32m INFO[0m [2magent::diagnostics::multifenetre::banc[0m[2m:[0m recouvrement posé : la mire 0 est sous la mire 1
[2m2026-07-31T11:04:01.317404Z[0m [32m INFO[0m [2magent::diagnostics::multifenetre::banc[0m[2m:[0m banc en cours [3mimages[0m[2m=[0m[450, 450] [3munites[0m[2m=[0m[0, 0] [3mverdicts_faux[0m[2m=[0m0 [3mavant[0m[2m=[0mVerdicts { justes: 450, voisines: 0, noires: 0, inconnues: 0 } [3mapres[0m[2m=[0mVerdicts { justes: 0, voisines: 0, noires: 0, inconnues: 0 }
[2m2026-07-31T11:04:02.316763Z[0m [32m INFO[0m [2magent::diagnostics::multifenetre::banc[0m[2m:[0m banc en cours [3mimages[0m[2m=[0m[540, 540] [3munites[0m[2m=[0m[0, 0] [3mverdicts_faux[0m[2m=[0m90 [3mavant[0m[2m=[0mVerdicts { justes: 450, voisines: 0, noires: 0, inconnues: 0 } [3mapres[0m[2m=[0mVerdicts { justes: 0, voisines: 90, noires: 0, inconnues: 0 }
[2m2026-07-31T11:04:03.316785Z[0m [32m INFO[0m [2magent::diagnostics::multifenetre::banc[0m[2m:[0m banc en cours [3mimages[0m[2m=[0m[630, 630] [3munites[0m[2m=[0m[0, 0] [3mverdicts_faux[0m[2m=[0m180 [3mavant[0m[2m=[0mVerdicts { justes: 450, voisines: 0, noires: 0, inconnues: 0 } [3mapres[0m[2m=[0mVerdicts { justes: 0, voisines: 180, noires: 0, inconnues: 0 }
[2m2026-07-31T11:04:04.316761Z[0m [32m INFO[0m [2magent::diagnostics::multifenetre::banc[0m[2m:[0m banc en cours [3mimages[0m[2m=[0m[720, 720] [3munites[0m[2m=[0m[0, 0] [3mverdicts_faux[0m[2m=[0m270 [3mavant[0m[2m=[0mVerdicts { justes: 450, voisines: 0, noires: 0, inconnues: 0 } [3mapres[0m[2m=[0mVerdicts { justes: 0, voisines: 270, noires: 0, inconnues: 0 }
[2m2026-07-31T11:04:05.316846Z[0m [32m INFO[0m [2magent::diagnostics::multifenetre::banc[0m[2m:[0m banc en cours [3mimages[0m[2m=[0m[810, 810] [3munites[0m[2m=[0m[0, 0] [3mverdicts_faux[0m[2m=[0m360 [3mavant[0m[2m=[0mVerdicts { justes: 450, voisines: 0, noires: 0, inconnues: 0 } [3mapres[0m[2m=[0mVerdicts { justes: 0, voisines: 360, noires: 0, inconnues: 0 }
[2m2026-07-31T11:04:06.316810Z[0m [32m INFO[0m [2magent::diagnostics::multifenetre::banc[0m[2m:[0m banc en cours [3mimages[0m[2m=[0m[900, 900] [3munites[0m[2m=[0m[0, 0] [3mverdicts_faux[0m[2m=[0m450 [3mavant[0m[2m=[0mVerdicts { justes: 450, voisines: 0, noires: 0, inconnues: 0 } [3mapres[0m[2m=[0mVerdicts { justes: 0, voisines: 450, noires: 0, inconnues: 0 }
[2m2026-07-31T11:04:06.316851Z[0m [32m INFO[0m [2magent::diagnostics::multifenetre::banc[0m[2m:[0m passe terminée [3mpasse[0m[2m=[0m"capture" [3mvoie[0m[2m=[0m"duplication" [3mnombre[0m[2m=[0m2 [3mcadences[0m[2m=[0m[90.0, 90.0] [3munites[0m[2m=[0m[0, 0] [3mverdicts_faux[0m[2m=[0m450 [3mmire0_avant_recouvrement[0m[2m=[0mVerdicts { justes: 450, voisines: 0, noires: 0, inconnues: 0 } [3mmire0_apres_recouvrement[0m[2m=[0mVerdicts { justes: 0, voisines: 450, noires: 0, inconnues: 0 }
[2m2026-07-31T11:04:06.316866Z[0m [31mERROR[0m [2magent::diagnostics::multifenetre::banc[0m[2m:[0m verdict : ÉLIMINÉE sous recouvrement — la passe d'encodage est sautée [3mvoie[0m[2m=[0m"duplication" [3mverdicts_faux[0m[2m=[0m450 [3mnoires[0m[2m=[0m0 [3mvoisines[0m[2m=[0m450 [3minconnues[0m[2m=[0m0
[2m2026-07-31T11:04:06.332538Z[0m [32m INFO[0m [2magent::capture[0m[2m:[0m adaptateur DXGI sans sortie [3madaptateur[0m[2m=[0mNVIDIA GeForce RTX 4070 [3mindex_adaptateur[0m[2m=[0m1
[2m2026-07-31T11:04:06.332569Z[0m [32m INFO[0m [2magent::capture[0m[2m:[0m adaptateur DXGI sans sortie [3madaptateur[0m[2m=[0mMicrosoft Basic Render Driver [3mindex_adaptateur[0m[2m=[0m2
[2m2026-07-31T11:04:06.332577Z[0m [32m INFO[0m [2magent::diagnostics::multifenetre::capture_virtuelle[0m[2m:[0m la sortie virtuelle a survécu au banc — le verdict porte bien sur elle [3mnom[0m[2m=[0m\\.\DISPLAY5
[2m2026-07-31T11:04:06.339667Z[0m [32m INFO[0m [2magent::diagnostics::multifenetre::moniteurs[0m[2m:[0m sortie virtuelle détruite [3mid[0m[2m=[0m256
[2m2026-07-31T11:04:09.340770Z[0m [32m INFO[0m [2magent::capture[0m[2m:[0m adaptateur DXGI sans sortie [3madaptateur[0m[2m=[0mNVIDIA GeForce RTX 4070 [3mindex_adaptateur[0m[2m=[0m1
[2m2026-07-31T11:04:09.340804Z[0m [32m INFO[0m [2magent::capture[0m[2m:[0m adaptateur DXGI sans sortie [3madaptateur[0m[2m=[0mMicrosoft Basic Render Driver [3mindex_adaptateur[0m[2m=[0m2
[2m2026-07-31T11:04:09.340814Z[0m [32m INFO[0m [2magent::diagnostics::multifenetre::montee[0m[2m:[0m topologie relevée [3mmoment[0m[2m=[0m"après destruction" [3mnombre[0m[2m=[0m1 [3mattachees[0m[2m=[0m1
[2m2026-07-31T11:04:09.340818Z[0m [32m INFO[0m [2magent::diagnostics::multifenetre::montee[0m[2m:[0m sortie [3mmoment[0m[2m=[0m"après destruction" [3mnom[0m[2m=[0m\\.\DISPLAY1 [3madaptateur[0m[2m=[0mNVIDIA GeForce RTX 4070 [3mindex_adaptateur[0m[2m=[0m0 [3mindex_sortie[0m[2m=[0m0 [3mattachee[0m[2m=[0mtrue [3mx[0m[2m=[0m0 [3my[0m[2m=[0m0 [3mlargeur[0m[2m=[0m2400 [3mhauteur[0m[2m=[0m1080
[2m2026-07-31T11:04:09.340825Z[0m [32m INFO[0m [2magent::diagnostics::multifenetre::capture_virtuelle[0m[2m:[0m état initial restauré — mêmes sorties, nommément [3mnoms[0m[2m=[0m["\\\\.\\DISPLAY1"]
