[2m2026-07-31T11:49:24.586978Z[0m [32m INFO[0m [2magent[0m[2m:[0m accélération pointeur neutralisée [3mrapport[0m[2m=[0m"seuils relus = [0, 0, 0], vitesse relue = 10 (attendu : [0, 0, 0] et 10)"
[2m2026-07-31T11:49:24.589815Z[0m [32m INFO[0m [2magent::capture[0m[2m:[0m sortie retenue pour la duplication [3madaptateur[0m[2m=[0mNVIDIA GeForce RTX 4070 [3mindex_adaptateur[0m[2m=[0m0 [3mindex_sortie[0m[2m=[0m0 [3mattachee[0m[2m=[0mtrue
[2m2026-07-31T11:49:24.720370Z[0m [32m INFO[0m [2magent::capture[0m[2m:[0m protection multi-fils activée sur le contexte immédiat D3D11 [3mprotection_precedente[0m[2m=[0mfalse
[2m2026-07-31T11:49:24.720665Z[0m [32m INFO[0m [2magent::capture[0m[2m:[0m duplication de sortie établie [3mdesktop_width[0m[2m=[0m2400 [3mdesktop_height[0m[2m=[0m1080
[2m2026-07-31T11:49:24.720687Z[0m [32m INFO[0m [2magent::diagnostics::multifenetre::nvenc[0m[2m:[0m plafond d'encodeurs : mode retenu [3mmode[0m[2m=[0m"partage"
[2m2026-07-31T11:49:24.722209Z[0m [32m INFO[0m [2magent::encode[0m[2m:[0m encodeur matériel retenu [3mencodeur[0m[2m=[0mNVIDIA H.264 Encoder MFT
[2m2026-07-31T11:49:24.833560Z[0m [32m INFO[0m [2magent::encode[0m[2m:[0m convertisseur BGRA→NV12 (Video Processor MFT) configuré [3mconverter_provides_samples[0m[2m=[0mtrue
[2m2026-07-31T11:49:24.836019Z[0m [32m INFO[0m [2magent::diagnostics::multifenetre::nvenc[0m[2m:[0m encodeur créé [3mrang[0m[2m=[0m1 [3mmode[0m[2m=[0m"partage"
[2m2026-07-31T11:49:24.836062Z[0m [32m INFO[0m [2magent::encode[0m[2m:[0m encodeur matériel retenu [3mencodeur[0m[2m=[0mNVIDIA H.264 Encoder MFT
[2m2026-07-31T11:49:24.864895Z[0m [32m INFO[0m [2magent::encode[0m[2m:[0m convertisseur BGRA→NV12 (Video Processor MFT) configuré [3mconverter_provides_samples[0m[2m=[0mtrue
[2m2026-07-31T11:49:24.865159Z[0m [32m INFO[0m [2magent::diagnostics::multifenetre::nvenc[0m[2m:[0m encodeur créé [3mrang[0m[2m=[0m2 [3mmode[0m[2m=[0m"partage"
[2m2026-07-31T11:49:24.865187Z[0m [32m INFO[0m [2magent::encode[0m[2m:[0m encodeur matériel retenu [3mencodeur[0m[2m=[0mNVIDIA H.264 Encoder MFT
[2m2026-07-31T11:49:24.894303Z[0m [32m INFO[0m [2magent::encode[0m[2m:[0m convertisseur BGRA→NV12 (Video Processor MFT) configuré [3mconverter_provides_samples[0m[2m=[0mtrue
[2m2026-07-31T11:49:24.894599Z[0m [32m INFO[0m [2magent::diagnostics::multifenetre::nvenc[0m[2m:[0m encodeur créé [3mrang[0m[2m=[0m3 [3mmode[0m[2m=[0m"partage"
[2m2026-07-31T11:49:24.894633Z[0m [32m INFO[0m [2magent::encode[0m[2m:[0m encodeur matériel retenu [3mencodeur[0m[2m=[0mNVIDIA H.264 Encoder MFT
[2m2026-07-31T11:49:24.923211Z[0m [32m INFO[0m [2magent::encode[0m[2m:[0m convertisseur BGRA→NV12 (Video Processor MFT) configuré [3mconverter_provides_samples[0m[2m=[0mtrue
[2m2026-07-31T11:49:24.923493Z[0m [32m INFO[0m [2magent::diagnostics::multifenetre::nvenc[0m[2m:[0m encodeur créé [3mrang[0m[2m=[0m4 [3mmode[0m[2m=[0m"partage"
[2m2026-07-31T11:49:24.923520Z[0m [32m INFO[0m [2magent::encode[0m[2m:[0m encodeur matériel retenu [3mencodeur[0m[2m=[0mNVIDIA H.264 Encoder MFT
[2m2026-07-31T11:49:24.956704Z[0m [32m INFO[0m [2magent::encode[0m[2m:[0m convertisseur BGRA→NV12 (Video Processor MFT) configuré [3mconverter_provides_samples[0m[2m=[0mtrue
[2m2026-07-31T11:49:24.956940Z[0m [32m INFO[0m [2magent::diagnostics::multifenetre::nvenc[0m[2m:[0m encodeur créé [3mrang[0m[2m=[0m5 [3mmode[0m[2m=[0m"partage"
[2m2026-07-31T11:49:24.956966Z[0m [32m INFO[0m [2magent::encode[0m[2m:[0m encodeur matériel retenu [3mencodeur[0m[2m=[0mNVIDIA H.264 Encoder MFT
[2m2026-07-31T11:49:24.985704Z[0m [32m INFO[0m [2magent::encode[0m[2m:[0m convertisseur BGRA→NV12 (Video Processor MFT) configuré [3mconverter_provides_samples[0m[2m=[0mtrue
[2m2026-07-31T11:49:24.985992Z[0m [32m INFO[0m [2magent::diagnostics::multifenetre::nvenc[0m[2m:[0m encodeur créé [3mrang[0m[2m=[0m6 [3mmode[0m[2m=[0m"partage"
[2m2026-07-31T11:49:24.986019Z[0m [32m INFO[0m [2magent::encode[0m[2m:[0m encodeur matériel retenu [3mencodeur[0m[2m=[0mNVIDIA H.264 Encoder MFT
[2m2026-07-31T11:49:25.015789Z[0m [32m INFO[0m [2magent::encode[0m[2m:[0m convertisseur BGRA→NV12 (Video Processor MFT) configuré [3mconverter_provides_samples[0m[2m=[0mtrue
[2m2026-07-31T11:49:25.016056Z[0m [32m INFO[0m [2magent::diagnostics::multifenetre::nvenc[0m[2m:[0m encodeur créé [3mrang[0m[2m=[0m7 [3mmode[0m[2m=[0m"partage"
[2m2026-07-31T11:49:25.016088Z[0m [32m INFO[0m [2magent::encode[0m[2m:[0m encodeur matériel retenu [3mencodeur[0m[2m=[0mNVIDIA H.264 Encoder MFT
[2m2026-07-31T11:49:25.043701Z[0m [32m INFO[0m [2magent::encode[0m[2m:[0m convertisseur BGRA→NV12 (Video Processor MFT) configuré [3mconverter_provides_samples[0m[2m=[0mtrue
[2m2026-07-31T11:49:25.043924Z[0m [32m INFO[0m [2magent::diagnostics::multifenetre::nvenc[0m[2m:[0m encodeur créé [3mrang[0m[2m=[0m8 [3mmode[0m[2m=[0m"partage"
[2m2026-07-31T11:49:25.043947Z[0m [32m INFO[0m [2magent::encode[0m[2m:[0m encodeur matériel retenu [3mencodeur[0m[2m=[0mNVIDIA H.264 Encoder MFT
[2m2026-07-31T11:49:25.072218Z[0m [32m INFO[0m [2magent::diagnostics::multifenetre::nvenc[0m[2m:[0m plafond d'encodeurs atteint — création du suivant refusée [3mplafond[0m[2m=[0m8 [3mmode[0m[2m=[0m"partage" [3mcauses[0m[2m=[0mLe type d’entrée n’est pas pris en charge pour le périphérique D3D. (0xC00D6D76)
[2m2026-07-31T11:49:25.072234Z[0m [32m INFO[0m [2magent::diagnostics::multifenetre::nvenc[0m[2m:[0m relâchement des encodeurs et des périphériques [3mencodeurs[0m[2m=[0m8 [3mperipheriques[0m[2m=[0m0
[2m2026-07-31T11:49:25.092005Z[0m [32m INFO[0m [2magent::diagnostics::multifenetre::nvenc[0m[2m:[0m relâchement terminé — le processus a survécu à la destruction
