[2m2026-07-31T07:58:57.105579Z[0m [32m INFO[0m [2magent[0m[2m:[0m accélération pointeur neutralisée [3mrapport[0m[2m=[0m"seuils relus = [0, 0, 0], vitesse relue = 10 (attendu : [0, 0, 0] et 10)"
[2m2026-07-31T07:58:57.107422Z[0m [32m INFO[0m [2magent::capture[0m[2m:[0m sortie retenue pour la duplication [3madaptateur[0m[2m=[0mNVIDIA GeForce RTX 4070 [3mindex_adaptateur[0m[2m=[0m0 [3mindex_sortie[0m[2m=[0m0 [3mattachee[0m[2m=[0mtrue
[2m2026-07-31T07:58:57.201511Z[0m [32m INFO[0m [2magent::capture[0m[2m:[0m protection multi-fils activée sur le contexte immédiat D3D11 [3mprotection_precedente[0m[2m=[0mfalse
[2m2026-07-31T07:58:57.201820Z[0m [32m INFO[0m [2magent::capture[0m[2m:[0m duplication de sortie établie [3mdesktop_width[0m[2m=[0m2400 [3mdesktop_height[0m[2m=[0m1080
[2m2026-07-31T07:58:57.201837Z[0m [32m INFO[0m [2magent::diagnostics::multifenetre::banc[0m[2m:[0m banc : disposition retenue [3mvoie[0m[2m=[0m"printwindow" [3mnombre[0m[2m=[0m8 [3mplaces[0m[2m=[0m[Rect { x: 0, y: 0, width: 800, height: 360 }, Rect { x: 800, y: 0, width: 800, height: 360 }, Rect { x: 1600, y: 0, width: 800, height: 360 }, Rect { x: 0, y: 360, width: 800, height: 360 }, Rect { x: 800, y: 360, width: 800, height: 360 }, Rect { x: 1600, y: 360, width: 800, height: 360 }, Rect { x: 0, y: 720, width: 800, height: 360 }, Rect { x: 800, y: 720, width: 800, height: 360 }]
[2m2026-07-31T07:59:07.213592Z[0m [32m INFO[0m [2magent::diagnostics::multifenetre::banc[0m[2m:[0m passe TÉMOIN — cadence de peinture sans capture [3mmires[0m[2m=[0m8 [3mtrames[0m[2m=[0m19897 [3mcadence[0m[2m=[0m1989.6564464203877
[2m2026-07-31T07:59:08.331780Z[0m [32m INFO[0m [2magent::diagnostics::multifenetre::banc[0m[2m:[0m banc en cours [3mimages[0m[2m=[0m[10, 10, 10, 10, 10, 10, 10, 10] [3munites[0m[2m=[0m[0, 0, 0, 0, 0, 0, 0, 0] [3mverdicts_faux[0m[2m=[0m0
[2m2026-07-31T07:59:09.331796Z[0m [32m INFO[0m [2magent::diagnostics::multifenetre::banc[0m[2m:[0m banc en cours [3mimages[0m[2m=[0m[19, 19, 19, 19, 19, 19, 19, 19] [3munites[0m[2m=[0m[0, 0, 0, 0, 0, 0, 0, 0] [3mverdicts_faux[0m[2m=[0m0
[2m2026-07-31T07:59:10.320822Z[0m [32m INFO[0m [2magent::diagnostics::multifenetre::banc[0m[2m:[0m banc en cours [3mimages[0m[2m=[0m[28, 28, 28, 28, 28, 28, 28, 28] [3munites[0m[2m=[0m[0, 0, 0, 0, 0, 0, 0, 0] [3mverdicts_faux[0m[2m=[0m0
[2m2026-07-31T07:59:11.320620Z[0m [32m INFO[0m [2magent::diagnostics::multifenetre::banc[0m[2m:[0m banc en cours [3mimages[0m[2m=[0m[37, 37, 37, 37, 37, 37, 37, 37] [3munites[0m[2m=[0m[0, 0, 0, 0, 0, 0, 0, 0] [3mverdicts_faux[0m[2m=[0m0
[2m2026-07-31T07:59:12.299463Z[0m [32m INFO[0m [2magent::diagnostics::multifenetre::banc[0m[2m:[0m banc en cours [3mimages[0m[2m=[0m[45, 45, 45, 45, 45, 45, 45, 45] [3munites[0m[2m=[0m[0, 0, 0, 0, 0, 0, 0, 0] [3mverdicts_faux[0m[2m=[0m0
[2m2026-07-31T07:59:12.301024Z[0m [32m INFO[0m [2magent::diagnostics::multifenetre::banc[0m[2m:[0m recouvrement posé : la mire 0 est sous la mire 7
[2m2026-07-31T07:59:13.310029Z[0m [32m INFO[0m [2magent::diagnostics::multifenetre::banc[0m[2m:[0m banc en cours [3mimages[0m[2m=[0m[53, 53, 53, 53, 53, 53, 53, 53] [3munites[0m[2m=[0m[0, 0, 0, 0, 0, 0, 0, 0] [3mverdicts_faux[0m[2m=[0m0
[2m2026-07-31T07:59:14.298951Z[0m [32m INFO[0m [2magent::diagnostics::multifenetre::banc[0m[2m:[0m banc en cours [3mimages[0m[2m=[0m[62, 62, 62, 62, 62, 62, 62, 62] [3munites[0m[2m=[0m[0, 0, 0, 0, 0, 0, 0, 0] [3mverdicts_faux[0m[2m=[0m0
[2m2026-07-31T07:59:15.342599Z[0m [32m INFO[0m [2magent::diagnostics::multifenetre::banc[0m[2m:[0m banc en cours [3mimages[0m[2m=[0m[71, 71, 71, 71, 71, 71, 71, 71] [3munites[0m[2m=[0m[0, 0, 0, 0, 0, 0, 0, 0] [3mverdicts_faux[0m[2m=[0m0
[2m2026-07-31T07:59:16.353592Z[0m [32m INFO[0m [2magent::diagnostics::multifenetre::banc[0m[2m:[0m banc en cours [3mimages[0m[2m=[0m[80, 80, 80, 80, 80, 80, 80, 80] [3munites[0m[2m=[0m[0, 0, 0, 0, 0, 0, 0, 0] [3mverdicts_faux[0m[2m=[0m0
[2m2026-07-31T07:59:17.243287Z[0m [32m INFO[0m [2magent::diagnostics::multifenetre::banc[0m[2m:[0m banc en cours [3mimages[0m[2m=[0m[88, 88, 88, 88, 88, 88, 88, 88] [3munites[0m[2m=[0m[0, 0, 0, 0, 0, 0, 0, 0] [3mverdicts_faux[0m[2m=[0m0
[2m2026-07-31T07:59:17.243314Z[0m [32m INFO[0m [2magent::diagnostics::multifenetre::banc[0m[2m:[0m passe terminée [3mpasse[0m[2m=[0m"capture" [3mvoie[0m[2m=[0m"printwindow" [3mnombre[0m[2m=[0m8 [3mcadences[0m[2m=[0m[8.8, 8.8, 8.8, 8.8, 8.8, 8.8, 8.8, 8.8] [3munites[0m[2m=[0m[0, 0, 0, 0, 0, 0, 0, 0] [3mverdicts_faux[0m[2m=[0m0
[2m2026-07-31T07:59:17.244160Z[0m [32m INFO[0m [2magent::encode[0m[2m:[0m encodeur matériel retenu [3mencodeur[0m[2m=[0mNVIDIA H.264 Encoder MFT
[2m2026-07-31T07:59:17.316485Z[0m [32m INFO[0m [2magent::encode[0m[2m:[0m convertisseur BGRA→NV12 (Video Processor MFT) configuré [3mconverter_provides_samples[0m[2m=[0mtrue
[2m2026-07-31T07:59:17.316900Z[0m [32m INFO[0m [2magent::encode[0m[2m:[0m encodeur matériel retenu [3mencodeur[0m[2m=[0mNVIDIA H.264 Encoder MFT
[2m2026-07-31T07:59:17.347666Z[0m [32m INFO[0m [2magent::encode[0m[2m:[0m convertisseur BGRA→NV12 (Video Processor MFT) configuré [3mconverter_provides_samples[0m[2m=[0mtrue
[2m2026-07-31T07:59:17.347932Z[0m [32m INFO[0m [2magent::encode[0m[2m:[0m encodeur matériel retenu [3mencodeur[0m[2m=[0mNVIDIA H.264 Encoder MFT
[2m2026-07-31T07:59:17.377974Z[0m [32m INFO[0m [2magent::encode[0m[2m:[0m convertisseur BGRA→NV12 (Video Processor MFT) configuré [3mconverter_provides_samples[0m[2m=[0mtrue
[2m2026-07-31T07:59:17.378263Z[0m [32m INFO[0m [2magent::encode[0m[2m:[0m encodeur matériel retenu [3mencodeur[0m[2m=[0mNVIDIA H.264 Encoder MFT
[2m2026-07-31T07:59:17.407927Z[0m [32m INFO[0m [2magent::encode[0m[2m:[0m convertisseur BGRA→NV12 (Video Processor MFT) configuré [3mconverter_provides_samples[0m[2m=[0mtrue
[2m2026-07-31T07:59:17.408192Z[0m [32m INFO[0m [2magent::encode[0m[2m:[0m encodeur matériel retenu [3mencodeur[0m[2m=[0mNVIDIA H.264 Encoder MFT
[2m2026-07-31T07:59:17.436151Z[0m [32m INFO[0m [2magent::encode[0m[2m:[0m convertisseur BGRA→NV12 (Video Processor MFT) configuré [3mconverter_provides_samples[0m[2m=[0mtrue
[2m2026-07-31T07:59:17.436427Z[0m [32m INFO[0m [2magent::encode[0m[2m:[0m encodeur matériel retenu [3mencodeur[0m[2m=[0mNVIDIA H.264 Encoder MFT
[2m2026-07-31T07:59:17.465916Z[0m [32m INFO[0m [2magent::encode[0m[2m:[0m convertisseur BGRA→NV12 (Video Processor MFT) configuré [3mconverter_provides_samples[0m[2m=[0mtrue
[2m2026-07-31T07:59:17.466239Z[0m [32m INFO[0m [2magent::encode[0m[2m:[0m encodeur matériel retenu [3mencodeur[0m[2m=[0mNVIDIA H.264 Encoder MFT
[2m2026-07-31T07:59:17.493677Z[0m [32m INFO[0m [2magent::encode[0m[2m:[0m convertisseur BGRA→NV12 (Video Processor MFT) configuré [3mconverter_provides_samples[0m[2m=[0mtrue
[2m2026-07-31T07:59:17.493995Z[0m [32m INFO[0m [2magent::encode[0m[2m:[0m encodeur matériel retenu [3mencodeur[0m[2m=[0mNVIDIA H.264 Encoder MFT
[2m2026-07-31T07:59:17.523930Z[0m [32m INFO[0m [2magent::encode[0m[2m:[0m convertisseur BGRA→NV12 (Video Processor MFT) configuré [3mconverter_provides_samples[0m[2m=[0mtrue
[2m2026-07-31T07:59:18.675195Z[0m [32m INFO[0m [2magent::diagnostics::multifenetre::banc[0m[2m:[0m banc en cours [3mimages[0m[2m=[0m[10, 10, 10, 10, 10, 10, 10, 10] [3munites[0m[2m=[0m[5, 5, 5, 5, 5, 5, 5, 5] [3mverdicts_faux[0m[2m=[0m0
[2m2026-07-31T07:59:19.664292Z[0m [32m INFO[0m [2magent::diagnostics::multifenetre::banc[0m[2m:[0m banc en cours [3mimages[0m[2m=[0m[19, 19, 19, 19, 19, 19, 19, 19] [3munites[0m[2m=[0m[9, 9, 9, 9, 9, 9, 9, 9] [3mverdicts_faux[0m[2m=[0m0
[2m2026-07-31T07:59:20.554233Z[0m [32m INFO[0m [2magent::diagnostics::multifenetre::banc[0m[2m:[0m banc en cours [3mimages[0m[2m=[0m[27, 27, 27, 27, 27, 27, 27, 27] [3munites[0m[2m=[0m[13, 13, 13, 13, 13, 13, 13, 13] [3mverdicts_faux[0m[2m=[0m0
[2m2026-07-31T07:59:21.543591Z[0m [32m INFO[0m [2magent::diagnostics::multifenetre::banc[0m[2m:[0m banc en cours [3mimages[0m[2m=[0m[36, 36, 36, 36, 36, 36, 36, 36] [3munites[0m[2m=[0m[18, 18, 18, 18, 18, 18, 18, 18] [3mverdicts_faux[0m[2m=[0m0
[2m2026-07-31T07:59:22.532361Z[0m [32m INFO[0m [2magent::diagnostics::multifenetre::banc[0m[2m:[0m banc en cours [3mimages[0m[2m=[0m[45, 45, 45, 45, 45, 45, 45, 45] [3munites[0m[2m=[0m[22, 22, 22, 22, 22, 22, 22, 22] [3mverdicts_faux[0m[2m=[0m0
[2m2026-07-31T07:59:22.534739Z[0m [32m INFO[0m [2magent::diagnostics::multifenetre::banc[0m[2m:[0m recouvrement posé : la mire 0 est sous la mire 7
[2m2026-07-31T07:59:23.531826Z[0m [32m INFO[0m [2magent::diagnostics::multifenetre::banc[0m[2m:[0m banc en cours [3mimages[0m[2m=[0m[53, 53, 53, 53, 53, 53, 53, 53] [3munites[0m[2m=[0m[26, 26, 26, 26, 26, 26, 26, 26] [3mverdicts_faux[0m[2m=[0m0
[2m2026-07-31T07:59:24.576753Z[0m [32m INFO[0m [2magent::diagnostics::multifenetre::banc[0m[2m:[0m banc en cours [3mimages[0m[2m=[0m[62, 62, 62, 62, 62, 62, 62, 62] [3munites[0m[2m=[0m[31, 31, 31, 31, 31, 31, 31, 31] [3mverdicts_faux[0m[2m=[0m0
[2m2026-07-31T07:59:25.621081Z[0m [32m INFO[0m [2magent::diagnostics::multifenetre::banc[0m[2m:[0m banc en cours [3mimages[0m[2m=[0m[71, 71, 71, 71, 71, 71, 71, 71] [3munites[0m[2m=[0m[35, 35, 35, 35, 35, 35, 35, 35] [3mverdicts_faux[0m[2m=[0m0
[2m2026-07-31T07:59:26.554281Z[0m [32m INFO[0m [2magent::diagnostics::multifenetre::banc[0m[2m:[0m banc en cours [3mimages[0m[2m=[0m[79, 79, 79, 79, 79, 79, 79, 79] [3munites[0m[2m=[0m[39, 39, 39, 39, 39, 39, 39, 39] [3mverdicts_faux[0m[2m=[0m0
[2m2026-07-31T07:59:27.575986Z[0m [32m INFO[0m [2magent::diagnostics::multifenetre::banc[0m[2m:[0m banc en cours [3mimages[0m[2m=[0m[88, 88, 88, 88, 88, 88, 88, 88] [3munites[0m[2m=[0m[44, 44, 44, 44, 44, 44, 44, 44] [3mverdicts_faux[0m[2m=[0m0
[2m2026-07-31T07:59:27.588521Z[0m [32m INFO[0m [2magent::diagnostics::multifenetre::banc[0m[2m:[0m passe terminée [3mpasse[0m[2m=[0m"capture+encodage" [3mvoie[0m[2m=[0m"printwindow" [3mnombre[0m[2m=[0m8 [3mcadences[0m[2m=[0m[8.8, 8.8, 8.8, 8.8, 8.8, 8.8, 8.8, 8.8] [3munites[0m[2m=[0m[44, 44, 44, 44, 44, 44, 44, 44] [3mverdicts_faux[0m[2m=[0m0
