[2m2026-07-31T07:57:47.487881Z[0m [32m INFO[0m [2magent[0m[2m:[0m accélération pointeur neutralisée [3mrapport[0m[2m=[0m"seuils relus = [0, 0, 0], vitesse relue = 10 (attendu : [0, 0, 0] et 10)"
[2m2026-07-31T07:57:47.489868Z[0m [32m INFO[0m [2magent::capture[0m[2m:[0m sortie retenue pour la duplication [3madaptateur[0m[2m=[0mNVIDIA GeForce RTX 4070 [3mindex_adaptateur[0m[2m=[0m0 [3mindex_sortie[0m[2m=[0m0 [3mattachee[0m[2m=[0mtrue
[2m2026-07-31T07:57:47.598817Z[0m [32m INFO[0m [2magent::capture[0m[2m:[0m protection multi-fils activée sur le contexte immédiat D3D11 [3mprotection_precedente[0m[2m=[0mfalse
[2m2026-07-31T07:57:47.599174Z[0m [32m INFO[0m [2magent::capture[0m[2m:[0m duplication de sortie établie [3mdesktop_width[0m[2m=[0m2400 [3mdesktop_height[0m[2m=[0m1080
[2m2026-07-31T07:57:47.599200Z[0m [32m INFO[0m [2magent::diagnostics::multifenetre::banc[0m[2m:[0m banc : disposition retenue [3mvoie[0m[2m=[0m"printwindow" [3mnombre[0m[2m=[0m4 [3mplaces[0m[2m=[0m[Rect { x: 0, y: 0, width: 1200, height: 540 }, Rect { x: 1200, y: 0, width: 1200, height: 540 }, Rect { x: 0, y: 540, width: 1200, height: 540 }, Rect { x: 1200, y: 540, width: 1200, height: 540 }]
[2m2026-07-31T07:57:57.607264Z[0m [32m INFO[0m [2magent::diagnostics::multifenetre::banc[0m[2m:[0m passe TÉMOIN — cadence de peinture sans capture [3mmires[0m[2m=[0m4 [3mtrames[0m[2m=[0m38623 [3mcadence[0m[2m=[0m3862.2005869568916
[2m2026-07-31T07:57:58.691925Z[0m [32m INFO[0m [2magent::diagnostics::multifenetre::banc[0m[2m:[0m banc en cours [3mimages[0m[2m=[0m[19, 19, 19, 19] [3munites[0m[2m=[0m[0, 0, 0, 0] [3mverdicts_faux[0m[2m=[0m0
[2m2026-07-31T07:57:59.691977Z[0m [32m INFO[0m [2magent::diagnostics::multifenetre::banc[0m[2m:[0m banc en cours [3mimages[0m[2m=[0m[37, 37, 37, 37] [3munites[0m[2m=[0m[0, 0, 0, 0] [3mverdicts_faux[0m[2m=[0m0
[2m2026-07-31T07:58:00.692362Z[0m [32m INFO[0m [2magent::diagnostics::multifenetre::banc[0m[2m:[0m banc en cours [3mimages[0m[2m=[0m[55, 55, 55, 55] [3munites[0m[2m=[0m[0, 0, 0, 0] [3mverdicts_faux[0m[2m=[0m0
[2m2026-07-31T07:58:01.692008Z[0m [32m INFO[0m [2magent::diagnostics::multifenetre::banc[0m[2m:[0m banc en cours [3mimages[0m[2m=[0m[73, 73, 73, 73] [3munites[0m[2m=[0m[0, 0, 0, 0] [3mverdicts_faux[0m[2m=[0m0
[2m2026-07-31T07:58:02.636981Z[0m [32m INFO[0m [2magent::diagnostics::multifenetre::banc[0m[2m:[0m banc en cours [3mimages[0m[2m=[0m[90, 90, 90, 90] [3munites[0m[2m=[0m[0, 0, 0, 0] [3mverdicts_faux[0m[2m=[0m0
[2m2026-07-31T07:58:02.638352Z[0m [32m INFO[0m [2magent::diagnostics::multifenetre::banc[0m[2m:[0m recouvrement posé : la mire 0 est sous la mire 3
[2m2026-07-31T07:58:03.647922Z[0m [32m INFO[0m [2magent::diagnostics::multifenetre::banc[0m[2m:[0m banc en cours [3mimages[0m[2m=[0m[105, 105, 105, 105] [3munites[0m[2m=[0m[0, 0, 0, 0] [3mverdicts_faux[0m[2m=[0m0
[2m2026-07-31T07:58:04.659047Z[0m [32m INFO[0m [2magent::diagnostics::multifenetre::banc[0m[2m:[0m banc en cours [3mimages[0m[2m=[0m[123, 123, 123, 123] [3munites[0m[2m=[0m[0, 0, 0, 0] [3mverdicts_faux[0m[2m=[0m0
[2m2026-07-31T07:58:05.681601Z[0m [32m INFO[0m [2magent::diagnostics::multifenetre::banc[0m[2m:[0m banc en cours [3mimages[0m[2m=[0m[141, 141, 141, 141] [3munites[0m[2m=[0m[0, 0, 0, 0] [3mverdicts_faux[0m[2m=[0m0
[2m2026-07-31T07:58:06.636907Z[0m [32m INFO[0m [2magent::diagnostics::multifenetre::banc[0m[2m:[0m banc en cours [3mimages[0m[2m=[0m[158, 158, 158, 158] [3munites[0m[2m=[0m[0, 0, 0, 0] [3mverdicts_faux[0m[2m=[0m0
[2m2026-07-31T07:58:07.636983Z[0m [32m INFO[0m [2magent::diagnostics::multifenetre::banc[0m[2m:[0m banc en cours [3mimages[0m[2m=[0m[176, 176, 176, 176] [3munites[0m[2m=[0m[0, 0, 0, 0] [3mverdicts_faux[0m[2m=[0m0
[2m2026-07-31T07:58:07.637013Z[0m [32m INFO[0m [2magent::diagnostics::multifenetre::banc[0m[2m:[0m passe terminée [3mpasse[0m[2m=[0m"capture" [3mvoie[0m[2m=[0m"printwindow" [3mnombre[0m[2m=[0m4 [3mcadences[0m[2m=[0m[17.6, 17.6, 17.6, 17.6] [3munites[0m[2m=[0m[0, 0, 0, 0] [3mverdicts_faux[0m[2m=[0m0
[2m2026-07-31T07:58:07.639328Z[0m [32m INFO[0m [2magent::encode[0m[2m:[0m encodeur matériel retenu [3mencodeur[0m[2m=[0mNVIDIA H.264 Encoder MFT
[2m2026-07-31T07:58:07.742604Z[0m [32m INFO[0m [2magent::encode[0m[2m:[0m convertisseur BGRA→NV12 (Video Processor MFT) configuré [3mconverter_provides_samples[0m[2m=[0mtrue
[2m2026-07-31T07:58:07.744175Z[0m [32m INFO[0m [2magent::encode[0m[2m:[0m encodeur matériel retenu [3mencodeur[0m[2m=[0mNVIDIA H.264 Encoder MFT
[2m2026-07-31T07:58:07.775016Z[0m [32m INFO[0m [2magent::encode[0m[2m:[0m convertisseur BGRA→NV12 (Video Processor MFT) configuré [3mconverter_provides_samples[0m[2m=[0mtrue
[2m2026-07-31T07:58:07.775262Z[0m [32m INFO[0m [2magent::encode[0m[2m:[0m encodeur matériel retenu [3mencodeur[0m[2m=[0mNVIDIA H.264 Encoder MFT
[2m2026-07-31T07:58:07.804028Z[0m [32m INFO[0m [2magent::encode[0m[2m:[0m convertisseur BGRA→NV12 (Video Processor MFT) configuré [3mconverter_provides_samples[0m[2m=[0mtrue
[2m2026-07-31T07:58:07.804293Z[0m [32m INFO[0m [2magent::encode[0m[2m:[0m encodeur matériel retenu [3mencodeur[0m[2m=[0mNVIDIA H.264 Encoder MFT
[2m2026-07-31T07:58:07.832297Z[0m [32m INFO[0m [2magent::encode[0m[2m:[0m convertisseur BGRA→NV12 (Video Processor MFT) configuré [3mconverter_provides_samples[0m[2m=[0mtrue
[2m2026-07-31T07:58:08.835238Z[0m [32m INFO[0m [2magent::diagnostics::multifenetre::banc[0m[2m:[0m banc en cours [3mimages[0m[2m=[0m[18, 18, 18, 18] [3munites[0m[2m=[0m[9, 9, 9, 9] [3mverdicts_faux[0m[2m=[0m0
[2m2026-07-31T07:58:09.835584Z[0m [32m INFO[0m [2magent::diagnostics::multifenetre::banc[0m[2m:[0m banc en cours [3mimages[0m[2m=[0m[36, 36, 36, 36] [3munites[0m[2m=[0m[18, 18, 18, 18] [3mverdicts_faux[0m[2m=[0m0
[2m2026-07-31T07:58:10.835869Z[0m [32m INFO[0m [2magent::diagnostics::multifenetre::banc[0m[2m:[0m banc en cours [3mimages[0m[2m=[0m[54, 54, 54, 54] [3munites[0m[2m=[0m[27, 27, 27, 27] [3mverdicts_faux[0m[2m=[0m0
[2m2026-07-31T07:58:11.836113Z[0m [32m INFO[0m [2magent::diagnostics::multifenetre::banc[0m[2m:[0m banc en cours [3mimages[0m[2m=[0m[72, 72, 72, 72] [3munites[0m[2m=[0m[36, 36, 36, 36] [3mverdicts_faux[0m[2m=[0m0
[2m2026-07-31T07:58:12.836561Z[0m [32m INFO[0m [2magent::diagnostics::multifenetre::banc[0m[2m:[0m banc en cours [3mimages[0m[2m=[0m[90, 90, 90, 90] [3munites[0m[2m=[0m[45, 45, 45, 45] [3mverdicts_faux[0m[2m=[0m0
[2m2026-07-31T07:58:12.837821Z[0m [32m INFO[0m [2magent::diagnostics::multifenetre::banc[0m[2m:[0m recouvrement posé : la mire 0 est sous la mire 3
[2m2026-07-31T07:58:13.881238Z[0m [32m INFO[0m [2magent::diagnostics::multifenetre::banc[0m[2m:[0m banc en cours [3mimages[0m[2m=[0m[107, 107, 107, 107] [3munites[0m[2m=[0m[53, 53, 53, 53] [3mverdicts_faux[0m[2m=[0m0
[2m2026-07-31T07:58:14.859163Z[0m [32m INFO[0m [2magent::diagnostics::multifenetre::banc[0m[2m:[0m banc en cours [3mimages[0m[2m=[0m[123, 123, 123, 123] [3munites[0m[2m=[0m[61, 61, 61, 61] [3mverdicts_faux[0m[2m=[0m0
[2m2026-07-31T07:58:15.837045Z[0m [32m INFO[0m [2magent::diagnostics::multifenetre::banc[0m[2m:[0m banc en cours [3mimages[0m[2m=[0m[139, 139, 139, 139] [3munites[0m[2m=[0m[69, 69, 69, 69] [3mverdicts_faux[0m[2m=[0m0
[2m2026-07-31T07:58:16.871169Z[0m [32m INFO[0m [2magent::diagnostics::multifenetre::banc[0m[2m:[0m banc en cours [3mimages[0m[2m=[0m[156, 156, 156, 156] [3munites[0m[2m=[0m[78, 78, 78, 78] [3mverdicts_faux[0m[2m=[0m0
[2m2026-07-31T07:58:17.836981Z[0m [32m INFO[0m [2magent::diagnostics::multifenetre::banc[0m[2m:[0m banc en cours [3mimages[0m[2m=[0m[172, 172, 172, 172] [3munites[0m[2m=[0m[86, 86, 86, 86] [3mverdicts_faux[0m[2m=[0m0
[2m2026-07-31T07:58:17.845288Z[0m [32m INFO[0m [2magent::diagnostics::multifenetre::banc[0m[2m:[0m passe terminée [3mpasse[0m[2m=[0m"capture+encodage" [3mvoie[0m[2m=[0m"printwindow" [3mnombre[0m[2m=[0m4 [3mcadences[0m[2m=[0m[17.2, 17.2, 17.2, 17.2] [3munites[0m[2m=[0m[86, 86, 86, 86] [3mverdicts_faux[0m[2m=[0m0
