[2m2026-07-30T21:00:06.529706Z[0m [32m INFO[0m [2magent[0m[2m:[0m acc├®l├®ration pointeur neutralis├®e [3mrapport[0m[2m=[0m"seuils relus = [0, 0, 0], vitesse relue = 10 (attendu : [0, 0, 0] et 10)"
[2m2026-07-30T21:00:06.531447Z[0m [32m INFO[0m [2magent::capture[0m[2m:[0m sortie retenue pour la duplication [3madaptateur[0m[2m=[0mNVIDIA GeForce RTX 4070 [3mindex_adaptateur[0m[2m=[0m0 [3mindex_sortie[0m[2m=[0m0 [3mattachee[0m[2m=[0mtrue
[2m2026-07-30T21:00:06.620528Z[0m [32m INFO[0m [2magent::capture[0m[2m:[0m protection multi-fils activ├®e sur le contexte imm├®diat D3D11 [3mprotection_precedente[0m[2m=[0mfalse
[2m2026-07-30T21:00:06.620936Z[0m [32m INFO[0m [2magent::capture[0m[2m:[0m duplication de sortie ├®tablie [3mdesktop_width[0m[2m=[0m2400 [3mdesktop_height[0m[2m=[0m1080
[2m2026-07-30T21:00:06.620953Z[0m [32m INFO[0m [2magent::diagnostics::multifenetre::banc[0m[2m:[0m banc : disposition retenue [3mvoie[0m[2m=[0m"printwindow" [3mnombre[0m[2m=[0m1 [3mplaces[0m[2m=[0m[Rect { x: 0, y: 0, width: 2400, height: 1080 }]
[2m2026-07-30T21:00:16.634896Z[0m [32m INFO[0m [2magent::diagnostics::multifenetre::banc[0m[2m:[0m passe T├ëMOIN ÔÇö cadence de peinture sans capture [3mmires[0m[2m=[0m1 [3mtrames[0m[2m=[0m1027 [3mcadence[0m[2m=[0m102.6040723746148
[2m2026-07-30T21:00:17.682013Z[0m [32m INFO[0m [2magent::diagnostics::multifenetre::banc[0m[2m:[0m banc en cours [3mimages[0m[2m=[0m[46] [3munites[0m[2m=[0m[0] [3mverdicts_faux[0m[2m=[0m0
[2m2026-07-30T21:00:18.682417Z[0m [32m INFO[0m [2magent::diagnostics::multifenetre::banc[0m[2m:[0m banc en cours [3mimages[0m[2m=[0m[91] [3munites[0m[2m=[0m[0] [3mverdicts_faux[0m[2m=[0m0
[2m2026-07-30T21:00:19.685222Z[0m [32m INFO[0m [2magent::diagnostics::multifenetre::banc[0m[2m:[0m banc en cours [3mimages[0m[2m=[0m[136] [3munites[0m[2m=[0m[0] [3mverdicts_faux[0m[2m=[0m0
[2m2026-07-30T21:00:20.665800Z[0m [32m INFO[0m [2magent::diagnostics::multifenetre::banc[0m[2m:[0m banc en cours [3mimages[0m[2m=[0m[180] [3munites[0m[2m=[0m[0] [3mverdicts_faux[0m[2m=[0m0
[2m2026-07-30T21:00:21.675511Z[0m [32m INFO[0m [2magent::diagnostics::multifenetre::banc[0m[2m:[0m banc en cours [3mimages[0m[2m=[0m[225] [3munites[0m[2m=[0m[0] [3mverdicts_faux[0m[2m=[0m0
[2m2026-07-30T21:00:22.676010Z[0m [32m INFO[0m [2magent::diagnostics::multifenetre::banc[0m[2m:[0m banc en cours [3mimages[0m[2m=[0m[270] [3munites[0m[2m=[0m[0] [3mverdicts_faux[0m[2m=[0m0
[2m2026-07-30T21:00:23.676638Z[0m [32m INFO[0m [2magent::diagnostics::multifenetre::banc[0m[2m:[0m banc en cours [3mimages[0m[2m=[0m[315] [3munites[0m[2m=[0m[0] [3mverdicts_faux[0m[2m=[0m0
[2m2026-07-30T21:00:24.676638Z[0m [32m INFO[0m [2magent::diagnostics::multifenetre::banc[0m[2m:[0m banc en cours [3mimages[0m[2m=[0m[360] [3munites[0m[2m=[0m[0] [3mverdicts_faux[0m[2m=[0m0
[2m2026-07-30T21:00:25.674811Z[0m [32m INFO[0m [2magent::diagnostics::multifenetre::banc[0m[2m:[0m banc en cours [3mimages[0m[2m=[0m[405] [3munites[0m[2m=[0m[0] [3mverdicts_faux[0m[2m=[0m0
[2m2026-07-30T21:00:26.675777Z[0m [32m INFO[0m [2magent::diagnostics::multifenetre::banc[0m[2m:[0m banc en cours [3mimages[0m[2m=[0m[450] [3munites[0m[2m=[0m[0] [3mverdicts_faux[0m[2m=[0m0
[2m2026-07-30T21:00:26.675807Z[0m [32m INFO[0m [2magent::diagnostics::multifenetre::banc[0m[2m:[0m passe termin├®e [3mpasse[0m[2m=[0m"capture" [3mvoie[0m[2m=[0m"printwindow" [3mnombre[0m[2m=[0m1 [3mcadences[0m[2m=[0m[45.0] [3munites[0m[2m=[0m[0] [3mverdicts_faux[0m[2m=[0m0
[2m2026-07-30T21:00:26.685935Z[0m [32m INFO[0m [2magent::encode[0m[2m:[0m encodeur mat├®riel retenu [3mencodeur[0m[2m=[0mNVIDIA H.264 Encoder MFT
[2m2026-07-30T21:00:27.197620Z[0m [32m INFO[0m [2magent::encode[0m[2m:[0m convertisseur BGRAÔåÆNV12 (Video Processor MFT) configur├® [3mconverter_provides_samples[0m[2m=[0mtrue
[2m2026-07-30T21:00:28.225509Z[0m [32m INFO[0m [2magent::diagnostics::multifenetre::banc[0m[2m:[0m banc en cours [3mimages[0m[2m=[0m[45] [3munites[0m[2m=[0m[22] [3mverdicts_faux[0m[2m=[0m0
[2m2026-07-30T21:00:29.203666Z[0m [32m INFO[0m [2magent::diagnostics::multifenetre::banc[0m[2m:[0m banc en cours [3mimages[0m[2m=[0m[89] [3munites[0m[2m=[0m[44] [3mverdicts_faux[0m[2m=[0m0
[2m2026-07-30T21:00:30.204417Z[0m [32m INFO[0m [2magent::diagnostics::multifenetre::banc[0m[2m:[0m banc en cours [3mimages[0m[2m=[0m[134] [3munites[0m[2m=[0m[67] [3mverdicts_faux[0m[2m=[0m0
[2m2026-07-30T21:00:31.204521Z[0m [32m INFO[0m [2magent::diagnostics::multifenetre::banc[0m[2m:[0m banc en cours [3mimages[0m[2m=[0m[179] [3munites[0m[2m=[0m[89] [3mverdicts_faux[0m[2m=[0m0
[2m2026-07-30T21:00:32.204586Z[0m [32m INFO[0m [2magent::diagnostics::multifenetre::banc[0m[2m:[0m banc en cours [3mimages[0m[2m=[0m[224] [3munites[0m[2m=[0m[112] [3mverdicts_faux[0m[2m=[0m0
[2m2026-07-30T21:00:33.206997Z[0m [32m INFO[0m [2magent::diagnostics::multifenetre::banc[0m[2m:[0m banc en cours [3mimages[0m[2m=[0m[269] [3munites[0m[2m=[0m[134] [3mverdicts_faux[0m[2m=[0m0
[2m2026-07-30T21:00:34.207671Z[0m [32m INFO[0m [2magent::diagnostics::multifenetre::banc[0m[2m:[0m banc en cours [3mimages[0m[2m=[0m[314] [3munites[0m[2m=[0m[157] [3mverdicts_faux[0m[2m=[0m0
[2m2026-07-30T21:00:35.207032Z[0m [32m INFO[0m [2magent::diagnostics::multifenetre::banc[0m[2m:[0m banc en cours [3mimages[0m[2m=[0m[359] [3munites[0m[2m=[0m[179] [3mverdicts_faux[0m[2m=[0m0
[2m2026-07-30T21:00:36.206488Z[0m [32m INFO[0m [2magent::diagnostics::multifenetre::banc[0m[2m:[0m banc en cours [3mimages[0m[2m=[0m[404] [3munites[0m[2m=[0m[201] [3mverdicts_faux[0m[2m=[0m0
[2m2026-07-30T21:00:37.206373Z[0m [32m INFO[0m [2magent::diagnostics::multifenetre::banc[0m[2m:[0m banc en cours [3mimages[0m[2m=[0m[449] [3munites[0m[2m=[0m[224] [3mverdicts_faux[0m[2m=[0m0
[2m2026-07-30T21:00:37.217060Z[0m [32m INFO[0m [2magent::diagnostics::multifenetre::banc[0m[2m:[0m passe termin├®e [3mpasse[0m[2m=[0m"capture+encodage" [3mvoie[0m[2m=[0m"printwindow" [3mnombre[0m[2m=[0m1 [3mcadences[0m[2m=[0m[44.9] [3munites[0m[2m=[0m[224] [3mverdicts_faux[0m[2m=[0m0
