[2m2026-07-30T21:25:40.611402Z[0m [32m INFO[0m [2magent[0m[2m:[0m acc├®l├®ration pointeur neutralis├®e [3mrapport[0m[2m=[0m"seuils relus = [0, 0, 0], vitesse relue = 10 (attendu : [0, 0, 0] et 10)"
[2m2026-07-30T21:25:40.613218Z[0m [32m INFO[0m [2magent::capture[0m[2m:[0m sortie retenue pour la duplication [3madaptateur[0m[2m=[0mNVIDIA GeForce RTX 4070 [3mindex_adaptateur[0m[2m=[0m0 [3mindex_sortie[0m[2m=[0m0 [3mattachee[0m[2m=[0mtrue
[2m2026-07-30T21:25:40.711714Z[0m [32m INFO[0m [2magent::capture[0m[2m:[0m protection multi-fils activ├®e sur le contexte imm├®diat D3D11 [3mprotection_precedente[0m[2m=[0mfalse
[2m2026-07-30T21:25:40.712187Z[0m [32m INFO[0m [2magent::capture[0m[2m:[0m duplication de sortie ├®tablie [3mdesktop_width[0m[2m=[0m2400 [3mdesktop_height[0m[2m=[0m1080
[2m2026-07-30T21:25:40.712214Z[0m [32m INFO[0m [2magent::diagnostics::multifenetre::banc[0m[2m:[0m banc : disposition retenue [3mvoie[0m[2m=[0m"duplication" [3mnombre[0m[2m=[0m1 [3mplaces[0m[2m=[0m[Rect { x: 0, y: 0, width: 2400, height: 1080 }]
[2m2026-07-30T21:25:50.716453Z[0m [32m INFO[0m [2magent::diagnostics::multifenetre::banc[0m[2m:[0m passe T├ëMOIN ÔÇö cadence de peinture sans capture [3mmires[0m[2m=[0m1 [3mtrames[0m[2m=[0m1055 [3mcadence[0m[2m=[0m105.4987139706767
[2m2026-07-30T21:25:50.717062Z[0m [32m INFO[0m [2magent::capture[0m[2m:[0m sortie retenue pour la duplication [3madaptateur[0m[2m=[0mNVIDIA GeForce RTX 4070 [3mindex_adaptateur[0m[2m=[0m0 [3mindex_sortie[0m[2m=[0m0 [3mattachee[0m[2m=[0mtrue
[2m2026-07-30T21:25:50.749889Z[0m [32m INFO[0m [2magent::capture[0m[2m:[0m protection multi-fils activ├®e sur le contexte imm├®diat D3D11 [3mprotection_precedente[0m[2m=[0mfalse
[2m2026-07-30T21:25:50.750216Z[0m [32m INFO[0m [2magent::capture[0m[2m:[0m duplication de sortie ├®tablie [3mdesktop_width[0m[2m=[0m2400 [3mdesktop_height[0m[2m=[0m1080
[2m2026-07-30T21:25:51.760403Z[0m [32m INFO[0m [2magent::diagnostics::multifenetre::banc[0m[2m:[0m banc en cours [3mimages[0m[2m=[0m[55] [3munites[0m[2m=[0m[0] [3mverdicts_faux[0m[2m=[0m0
[2m2026-07-30T21:25:52.760322Z[0m [32m INFO[0m [2magent::diagnostics::multifenetre::banc[0m[2m:[0m banc en cours [3mimages[0m[2m=[0m[111] [3munites[0m[2m=[0m[0] [3mverdicts_faux[0m[2m=[0m0
[2m2026-07-30T21:25:53.760730Z[0m [32m INFO[0m [2magent::diagnostics::multifenetre::banc[0m[2m:[0m banc en cours [3mimages[0m[2m=[0m[172] [3munites[0m[2m=[0m[0] [3mverdicts_faux[0m[2m=[0m0
[2m2026-07-30T21:25:54.760711Z[0m [32m INFO[0m [2magent::diagnostics::multifenetre::banc[0m[2m:[0m banc en cours [3mimages[0m[2m=[0m[262] [3munites[0m[2m=[0m[0] [3mverdicts_faux[0m[2m=[0m0
[2m2026-07-30T21:25:55.760423Z[0m [32m INFO[0m [2magent::diagnostics::multifenetre::banc[0m[2m:[0m banc en cours [3mimages[0m[2m=[0m[352] [3munites[0m[2m=[0m[0] [3mverdicts_faux[0m[2m=[0m0
[2m2026-07-30T21:25:56.760795Z[0m [32m INFO[0m [2magent::diagnostics::multifenetre::banc[0m[2m:[0m banc en cours [3mimages[0m[2m=[0m[442] [3munites[0m[2m=[0m[0] [3mverdicts_faux[0m[2m=[0m0
[2m2026-07-30T21:25:57.760672Z[0m [32m INFO[0m [2magent::diagnostics::multifenetre::banc[0m[2m:[0m banc en cours [3mimages[0m[2m=[0m[532] [3munites[0m[2m=[0m[0] [3mverdicts_faux[0m[2m=[0m0
[2m2026-07-30T21:25:58.760707Z[0m [32m INFO[0m [2magent::diagnostics::multifenetre::banc[0m[2m:[0m banc en cours [3mimages[0m[2m=[0m[622] [3munites[0m[2m=[0m[0] [3mverdicts_faux[0m[2m=[0m0
[2m2026-07-30T21:25:59.760388Z[0m [32m INFO[0m [2magent::diagnostics::multifenetre::banc[0m[2m:[0m banc en cours [3mimages[0m[2m=[0m[712] [3munites[0m[2m=[0m[0] [3mverdicts_faux[0m[2m=[0m0
[2m2026-07-30T21:26:00.760846Z[0m [32m INFO[0m [2magent::diagnostics::multifenetre::banc[0m[2m:[0m banc en cours [3mimages[0m[2m=[0m[802] [3munites[0m[2m=[0m[0] [3mverdicts_faux[0m[2m=[0m0
[2m2026-07-30T21:26:00.760882Z[0m [32m INFO[0m [2magent::diagnostics::multifenetre::banc[0m[2m:[0m passe termin├®e [3mpasse[0m[2m=[0m"capture" [3mvoie[0m[2m=[0m"duplication" [3mnombre[0m[2m=[0m1 [3mcadences[0m[2m=[0m[80.2] [3munites[0m[2m=[0m[0] [3mverdicts_faux[0m[2m=[0m0
[2m2026-07-30T21:26:00.761702Z[0m [32m INFO[0m [2magent::encode[0m[2m:[0m encodeur mat├®riel retenu [3mencodeur[0m[2m=[0mNVIDIA H.264 Encoder MFT
[2m2026-07-30T21:26:00.833626Z[0m [32m INFO[0m [2magent::encode[0m[2m:[0m convertisseur BGRAÔåÆNV12 (Video Processor MFT) configur├® [3mconverter_provides_samples[0m[2m=[0mtrue
[2m2026-07-30T21:26:01.837899Z[0m [32m INFO[0m [2magent::diagnostics::multifenetre::banc[0m[2m:[0m banc en cours [3mimages[0m[2m=[0m[58] [3munites[0m[2m=[0m[29] [3mverdicts_faux[0m[2m=[0m0
[2m2026-07-30T21:26:02.837886Z[0m [32m INFO[0m [2magent::diagnostics::multifenetre::banc[0m[2m:[0m banc en cours [3mimages[0m[2m=[0m[116] [3munites[0m[2m=[0m[58] [3mverdicts_faux[0m[2m=[0m0
[2m2026-07-30T21:26:03.838172Z[0m [32m INFO[0m [2magent::diagnostics::multifenetre::banc[0m[2m:[0m banc en cours [3mimages[0m[2m=[0m[169] [3munites[0m[2m=[0m[84] [3mverdicts_faux[0m[2m=[0m0
[2m2026-07-30T21:26:04.837573Z[0m [32m INFO[0m [2magent::diagnostics::multifenetre::banc[0m[2m:[0m banc en cours [3mimages[0m[2m=[0m[229] [3munites[0m[2m=[0m[114] [3mverdicts_faux[0m[2m=[0m0
[2m2026-07-30T21:26:05.838235Z[0m [32m INFO[0m [2magent::diagnostics::multifenetre::banc[0m[2m:[0m banc en cours [3mimages[0m[2m=[0m[302] [3munites[0m[2m=[0m[151] [3mverdicts_faux[0m[2m=[0m0
[2m2026-07-30T21:26:06.837876Z[0m [32m INFO[0m [2magent::diagnostics::multifenetre::banc[0m[2m:[0m banc en cours [3mimages[0m[2m=[0m[392] [3munites[0m[2m=[0m[196] [3mverdicts_faux[0m[2m=[0m0
[2m2026-07-30T21:26:07.838337Z[0m [32m INFO[0m [2magent::diagnostics::multifenetre::banc[0m[2m:[0m banc en cours [3mimages[0m[2m=[0m[482] [3munites[0m[2m=[0m[238] [3mverdicts_faux[0m[2m=[0m0
[2m2026-07-30T21:26:08.838304Z[0m [32m INFO[0m [2magent::diagnostics::multifenetre::banc[0m[2m:[0m banc en cours [3mimages[0m[2m=[0m[572] [3munites[0m[2m=[0m[281] [3mverdicts_faux[0m[2m=[0m0
[2m2026-07-30T21:26:09.838279Z[0m [32m INFO[0m [2magent::diagnostics::multifenetre::banc[0m[2m:[0m banc en cours [3mimages[0m[2m=[0m[661] [3munites[0m[2m=[0m[325] [3mverdicts_faux[0m[2m=[0m0
[2m2026-07-30T21:26:10.838105Z[0m [32m INFO[0m [2magent::diagnostics::multifenetre::banc[0m[2m:[0m banc en cours [3mimages[0m[2m=[0m[751] [3munites[0m[2m=[0m[369] [3mverdicts_faux[0m[2m=[0m0
[2m2026-07-30T21:26:10.839796Z[0m [32m INFO[0m [2magent::diagnostics::multifenetre::banc[0m[2m:[0m passe termin├®e [3mpasse[0m[2m=[0m"capture+encodage" [3mvoie[0m[2m=[0m"duplication" [3mnombre[0m[2m=[0m1 [3mcadences[0m[2m=[0m[75.1] [3munites[0m[2m=[0m[369] [3mverdicts_faux[0m[2m=[0m0
