[2m2026-07-30T21:27:22.215752Z[0m [32m INFO[0m [2magent[0m[2m:[0m acc├®l├®ration pointeur neutralis├®e [3mrapport[0m[2m=[0m"seuils relus = [0, 0, 0], vitesse relue = 10 (attendu : [0, 0, 0] et 10)"
[2m2026-07-30T21:27:22.217500Z[0m [32m INFO[0m [2magent::capture[0m[2m:[0m sortie retenue pour la duplication [3madaptateur[0m[2m=[0mNVIDIA GeForce RTX 4070 [3mindex_adaptateur[0m[2m=[0m0 [3mindex_sortie[0m[2m=[0m0 [3mattachee[0m[2m=[0mtrue
[2m2026-07-30T21:27:22.314136Z[0m [32m INFO[0m [2magent::capture[0m[2m:[0m protection multi-fils activ├®e sur le contexte imm├®diat D3D11 [3mprotection_precedente[0m[2m=[0mfalse
[2m2026-07-30T21:27:22.314526Z[0m [32m INFO[0m [2magent::capture[0m[2m:[0m duplication de sortie ├®tablie [3mdesktop_width[0m[2m=[0m2400 [3mdesktop_height[0m[2m=[0m1080
[2m2026-07-30T21:27:22.314542Z[0m [32m INFO[0m [2magent::diagnostics::multifenetre::banc[0m[2m:[0m banc : disposition retenue [3mvoie[0m[2m=[0m"duplication" [3mnombre[0m[2m=[0m4 [3mplaces[0m[2m=[0m[Rect { x: 0, y: 0, width: 1200, height: 540 }, Rect { x: 1200, y: 0, width: 1200, height: 540 }, Rect { x: 0, y: 540, width: 1200, height: 540 }, Rect { x: 1200, y: 540, width: 1200, height: 540 }]
[2m2026-07-30T21:27:32.321767Z[0m [32m INFO[0m [2magent::diagnostics::multifenetre::banc[0m[2m:[0m passe T├ëMOIN ÔÇö cadence de peinture sans capture [3mmires[0m[2m=[0m4 [3mtrames[0m[2m=[0m37282 [3mcadence[0m[2m=[0m3728.175394042399
[2m2026-07-30T21:27:32.322028Z[0m [32m INFO[0m [2magent::capture[0m[2m:[0m sortie retenue pour la duplication [3madaptateur[0m[2m=[0mNVIDIA GeForce RTX 4070 [3mindex_adaptateur[0m[2m=[0m0 [3mindex_sortie[0m[2m=[0m0 [3mattachee[0m[2m=[0mtrue
[2m2026-07-30T21:27:32.344001Z[0m [32m INFO[0m [2magent::capture[0m[2m:[0m protection multi-fils activ├®e sur le contexte imm├®diat D3D11 [3mprotection_precedente[0m[2m=[0mfalse
[2m2026-07-30T21:27:32.344333Z[0m [32m INFO[0m [2magent::capture[0m[2m:[0m duplication de sortie ├®tablie [3mdesktop_width[0m[2m=[0m2400 [3mdesktop_height[0m[2m=[0m1080
[2m2026-07-30T21:27:33.344742Z[0m [32m INFO[0m [2magent::diagnostics::multifenetre::banc[0m[2m:[0m banc en cours [3mimages[0m[2m=[0m[109, 109, 109, 109] [3munites[0m[2m=[0m[0, 0, 0, 0] [3mverdicts_faux[0m[2m=[0m0
[2m2026-07-30T21:27:34.344953Z[0m [32m INFO[0m [2magent::diagnostics::multifenetre::banc[0m[2m:[0m banc en cours [3mimages[0m[2m=[0m[217, 217, 217, 217] [3munites[0m[2m=[0m[0, 0, 0, 0] [3mverdicts_faux[0m[2m=[0m0
[2m2026-07-30T21:27:35.344867Z[0m [32m INFO[0m [2magent::diagnostics::multifenetre::banc[0m[2m:[0m banc en cours [3mimages[0m[2m=[0m[325, 325, 325, 325] [3munites[0m[2m=[0m[0, 0, 0, 0] [3mverdicts_faux[0m[2m=[0m0
[2m2026-07-30T21:27:36.344840Z[0m [32m INFO[0m [2magent::diagnostics::multifenetre::banc[0m[2m:[0m banc en cours [3mimages[0m[2m=[0m[430, 430, 430, 430] [3munites[0m[2m=[0m[0, 0, 0, 0] [3mverdicts_faux[0m[2m=[0m0
[2m2026-07-30T21:27:37.344866Z[0m [32m INFO[0m [2magent::diagnostics::multifenetre::banc[0m[2m:[0m recouvrement pos├® : la mire 0 est sous la mire 3
[2m2026-07-30T21:27:37.344913Z[0m [32m INFO[0m [2magent::diagnostics::multifenetre::banc[0m[2m:[0m banc en cours [3mimages[0m[2m=[0m[538, 538, 538, 538] [3munites[0m[2m=[0m[0, 0, 0, 0] [3mverdicts_faux[0m[2m=[0m0
[2m2026-07-30T21:27:38.344780Z[0m [32m INFO[0m [2magent::diagnostics::multifenetre::banc[0m[2m:[0m banc en cours [3mimages[0m[2m=[0m[628, 628, 628, 628] [3munites[0m[2m=[0m[0, 0, 0, 0] [3mverdicts_faux[0m[2m=[0m89
[2m2026-07-30T21:27:39.344778Z[0m [32m INFO[0m [2magent::diagnostics::multifenetre::banc[0m[2m:[0m banc en cours [3mimages[0m[2m=[0m[718, 718, 718, 718] [3munites[0m[2m=[0m[0, 0, 0, 0] [3mverdicts_faux[0m[2m=[0m179
[2m2026-07-30T21:27:40.344664Z[0m [32m INFO[0m [2magent::diagnostics::multifenetre::banc[0m[2m:[0m banc en cours [3mimages[0m[2m=[0m[808, 808, 808, 808] [3munites[0m[2m=[0m[0, 0, 0, 0] [3mverdicts_faux[0m[2m=[0m269
[2m2026-07-30T21:27:41.344759Z[0m [32m INFO[0m [2magent::diagnostics::multifenetre::banc[0m[2m:[0m banc en cours [3mimages[0m[2m=[0m[898, 898, 898, 898] [3munites[0m[2m=[0m[0, 0, 0, 0] [3mverdicts_faux[0m[2m=[0m359
[2m2026-07-30T21:27:42.344828Z[0m [32m INFO[0m [2magent::diagnostics::multifenetre::banc[0m[2m:[0m banc en cours [3mimages[0m[2m=[0m[988, 988, 988, 988] [3munites[0m[2m=[0m[0, 0, 0, 0] [3mverdicts_faux[0m[2m=[0m449
[2m2026-07-30T21:27:42.344855Z[0m [32m INFO[0m [2magent::diagnostics::multifenetre::banc[0m[2m:[0m passe termin├®e [3mpasse[0m[2m=[0m"capture" [3mvoie[0m[2m=[0m"duplication" [3mnombre[0m[2m=[0m4 [3mcadences[0m[2m=[0m[98.8, 98.8, 98.8, 98.8] [3munites[0m[2m=[0m[0, 0, 0, 0] [3mverdicts_faux[0m[2m=[0m449
[2m2026-07-30T21:27:42.344862Z[0m [31mERROR[0m [2magent::diagnostics::multifenetre::banc[0m[2m:[0m verdict : ├ëLIMIN├ëE sous recouvrement ÔÇö la passe d'encodage est saut├®e [3mvoie[0m[2m=[0m"duplication" [3mverdicts_faux[0m[2m=[0m449
