[2m2026-07-30T21:28:10.647267Z[0m [32m INFO[0m [2magent[0m[2m:[0m acc├®l├®ration pointeur neutralis├®e [3mrapport[0m[2m=[0m"seuils relus = [0, 0, 0], vitesse relue = 10 (attendu : [0, 0, 0] et 10)"
[2m2026-07-30T21:28:10.649005Z[0m [32m INFO[0m [2magent::capture[0m[2m:[0m sortie retenue pour la duplication [3madaptateur[0m[2m=[0mNVIDIA GeForce RTX 4070 [3mindex_adaptateur[0m[2m=[0m0 [3mindex_sortie[0m[2m=[0m0 [3mattachee[0m[2m=[0mtrue
[2m2026-07-30T21:28:10.736936Z[0m [32m INFO[0m [2magent::capture[0m[2m:[0m protection multi-fils activ├®e sur le contexte imm├®diat D3D11 [3mprotection_precedente[0m[2m=[0mfalse
[2m2026-07-30T21:28:10.737352Z[0m [32m INFO[0m [2magent::capture[0m[2m:[0m duplication de sortie ├®tablie [3mdesktop_width[0m[2m=[0m2400 [3mdesktop_height[0m[2m=[0m1080
[2m2026-07-30T21:28:10.737368Z[0m [32m INFO[0m [2magent::diagnostics::multifenetre::banc[0m[2m:[0m banc : disposition retenue [3mvoie[0m[2m=[0m"duplication" [3mnombre[0m[2m=[0m8 [3mplaces[0m[2m=[0m[Rect { x: 0, y: 0, width: 800, height: 360 }, Rect { x: 800, y: 0, width: 800, height: 360 }, Rect { x: 1600, y: 0, width: 800, height: 360 }, Rect { x: 0, y: 360, width: 800, height: 360 }, Rect { x: 800, y: 360, width: 800, height: 360 }, Rect { x: 1600, y: 360, width: 800, height: 360 }, Rect { x: 0, y: 720, width: 800, height: 360 }, Rect { x: 800, y: 720, width: 800, height: 360 }]
[2m2026-07-30T21:28:20.749666Z[0m [32m INFO[0m [2magent::diagnostics::multifenetre::banc[0m[2m:[0m passe T├ëMOIN ÔÇö cadence de peinture sans capture [3mmires[0m[2m=[0m8 [3mtrames[0m[2m=[0m20269 [3mcadence[0m[2m=[0m2026.8673268986902
[2m2026-07-30T21:28:20.749894Z[0m [32m INFO[0m [2magent::capture[0m[2m:[0m sortie retenue pour la duplication [3madaptateur[0m[2m=[0mNVIDIA GeForce RTX 4070 [3mindex_adaptateur[0m[2m=[0m0 [3mindex_sortie[0m[2m=[0m0 [3mattachee[0m[2m=[0mtrue
[2m2026-07-30T21:28:20.771974Z[0m [32m INFO[0m [2magent::capture[0m[2m:[0m protection multi-fils activ├®e sur le contexte imm├®diat D3D11 [3mprotection_precedente[0m[2m=[0mfalse
[2m2026-07-30T21:28:20.772332Z[0m [32m INFO[0m [2magent::capture[0m[2m:[0m duplication de sortie ├®tablie [3mdesktop_width[0m[2m=[0m2400 [3mdesktop_height[0m[2m=[0m1080
[2m2026-07-30T21:28:21.773202Z[0m [32m INFO[0m [2magent::diagnostics::multifenetre::banc[0m[2m:[0m banc en cours [3mimages[0m[2m=[0m[109, 109, 109, 109, 109, 109, 109, 109] [3munites[0m[2m=[0m[0, 0, 0, 0, 0, 0, 0, 0] [3mverdicts_faux[0m[2m=[0m0
[2m2026-07-30T21:28:22.773151Z[0m [32m INFO[0m [2magent::diagnostics::multifenetre::banc[0m[2m:[0m banc en cours [3mimages[0m[2m=[0m[218, 218, 218, 218, 218, 218, 218, 218] [3munites[0m[2m=[0m[0, 0, 0, 0, 0, 0, 0, 0] [3mverdicts_faux[0m[2m=[0m0
[2m2026-07-30T21:28:23.773225Z[0m [32m INFO[0m [2magent::diagnostics::multifenetre::banc[0m[2m:[0m banc en cours [3mimages[0m[2m=[0m[324, 324, 324, 324, 324, 324, 324, 324] [3munites[0m[2m=[0m[0, 0, 0, 0, 0, 0, 0, 0] [3mverdicts_faux[0m[2m=[0m0
[2m2026-07-30T21:28:24.773454Z[0m [32m INFO[0m [2magent::diagnostics::multifenetre::banc[0m[2m:[0m banc en cours [3mimages[0m[2m=[0m[430, 430, 430, 430, 430, 430, 430, 430] [3munites[0m[2m=[0m[0, 0, 0, 0, 0, 0, 0, 0] [3mverdicts_faux[0m[2m=[0m0
[2m2026-07-30T21:28:25.773473Z[0m [32m INFO[0m [2magent::diagnostics::multifenetre::banc[0m[2m:[0m recouvrement pos├® : la mire 0 est sous la mire 7
[2m2026-07-30T21:28:25.773501Z[0m [32m INFO[0m [2magent::diagnostics::multifenetre::banc[0m[2m:[0m banc en cours [3mimages[0m[2m=[0m[539, 539, 539, 539, 539, 539, 539, 539] [3munites[0m[2m=[0m[0, 0, 0, 0, 0, 0, 0, 0] [3mverdicts_faux[0m[2m=[0m0
[2m2026-07-30T21:28:26.772914Z[0m [32m INFO[0m [2magent::diagnostics::multifenetre::banc[0m[2m:[0m banc en cours [3mimages[0m[2m=[0m[646, 646, 646, 646, 646, 646, 646, 646] [3munites[0m[2m=[0m[0, 0, 0, 0, 0, 0, 0, 0] [3mverdicts_faux[0m[2m=[0m107
[2m2026-07-30T21:28:27.773357Z[0m [32m INFO[0m [2magent::diagnostics::multifenetre::banc[0m[2m:[0m banc en cours [3mimages[0m[2m=[0m[752, 752, 752, 752, 752, 752, 752, 752] [3munites[0m[2m=[0m[0, 0, 0, 0, 0, 0, 0, 0] [3mverdicts_faux[0m[2m=[0m213
[2m2026-07-30T21:28:28.772976Z[0m [32m INFO[0m [2magent::diagnostics::multifenetre::banc[0m[2m:[0m banc en cours [3mimages[0m[2m=[0m[860, 860, 860, 860, 860, 860, 860, 860] [3munites[0m[2m=[0m[0, 0, 0, 0, 0, 0, 0, 0] [3mverdicts_faux[0m[2m=[0m321
[2m2026-07-30T21:28:29.773259Z[0m [32m INFO[0m [2magent::diagnostics::multifenetre::banc[0m[2m:[0m banc en cours [3mimages[0m[2m=[0m[968, 968, 968, 968, 968, 968, 968, 968] [3munites[0m[2m=[0m[0, 0, 0, 0, 0, 0, 0, 0] [3mverdicts_faux[0m[2m=[0m429
[2m2026-07-30T21:28:30.773092Z[0m [32m INFO[0m [2magent::diagnostics::multifenetre::banc[0m[2m:[0m banc en cours [3mimages[0m[2m=[0m[1075, 1075, 1075, 1075, 1075, 1075, 1075, 1075] [3munites[0m[2m=[0m[0, 0, 0, 0, 0, 0, 0, 0] [3mverdicts_faux[0m[2m=[0m536
[2m2026-07-30T21:28:30.773123Z[0m [32m INFO[0m [2magent::diagnostics::multifenetre::banc[0m[2m:[0m passe termin├®e [3mpasse[0m[2m=[0m"capture" [3mvoie[0m[2m=[0m"duplication" [3mnombre[0m[2m=[0m8 [3mcadences[0m[2m=[0m[107.5, 107.5, 107.5, 107.5, 107.5, 107.5, 107.5, 107.5] [3munites[0m[2m=[0m[0, 0, 0, 0, 0, 0, 0, 0] [3mverdicts_faux[0m[2m=[0m536
[2m2026-07-30T21:28:30.773131Z[0m [31mERROR[0m [2magent::diagnostics::multifenetre::banc[0m[2m:[0m verdict : ├ëLIMIN├ëE sous recouvrement ÔÇö la passe d'encodage est saut├®e [3mvoie[0m[2m=[0m"duplication" [3mverdicts_faux[0m[2m=[0m536
