[2m2026-07-30T21:26:33.644843Z[0m [32m INFO[0m [2magent[0m[2m:[0m acc├®l├®ration pointeur neutralis├®e [3mrapport[0m[2m=[0m"seuils relus = [0, 0, 0], vitesse relue = 10 (attendu : [0, 0, 0] et 10)"
[2m2026-07-30T21:26:33.647527Z[0m [32m INFO[0m [2magent::capture[0m[2m:[0m sortie retenue pour la duplication [3madaptateur[0m[2m=[0mNVIDIA GeForce RTX 4070 [3mindex_adaptateur[0m[2m=[0m0 [3mindex_sortie[0m[2m=[0m0 [3mattachee[0m[2m=[0mtrue
[2m2026-07-30T21:26:33.747279Z[0m [32m INFO[0m [2magent::capture[0m[2m:[0m protection multi-fils activ├®e sur le contexte imm├®diat D3D11 [3mprotection_precedente[0m[2m=[0mfalse
[2m2026-07-30T21:26:33.747661Z[0m [32m INFO[0m [2magent::capture[0m[2m:[0m duplication de sortie ├®tablie [3mdesktop_width[0m[2m=[0m2400 [3mdesktop_height[0m[2m=[0m1080
[2m2026-07-30T21:26:33.747676Z[0m [32m INFO[0m [2magent::diagnostics::multifenetre::banc[0m[2m:[0m banc : disposition retenue [3mvoie[0m[2m=[0m"duplication" [3mnombre[0m[2m=[0m2 [3mplaces[0m[2m=[0m[Rect { x: 0, y: 0, width: 1200, height: 1080 }, Rect { x: 1200, y: 0, width: 1200, height: 1080 }]
[2m2026-07-30T21:26:43.752895Z[0m [32m INFO[0m [2magent::diagnostics::multifenetre::banc[0m[2m:[0m passe T├ëMOIN ÔÇö cadence de peinture sans capture [3mmires[0m[2m=[0m2 [3mtrames[0m[2m=[0m71351 [3mcadence[0m[2m=[0m7135.046201751638
[2m2026-07-30T21:26:43.753147Z[0m [32m INFO[0m [2magent::capture[0m[2m:[0m sortie retenue pour la duplication [3madaptateur[0m[2m=[0mNVIDIA GeForce RTX 4070 [3mindex_adaptateur[0m[2m=[0m0 [3mindex_sortie[0m[2m=[0m0 [3mattachee[0m[2m=[0mtrue
[2m2026-07-30T21:26:43.775832Z[0m [32m INFO[0m [2magent::capture[0m[2m:[0m protection multi-fils activ├®e sur le contexte imm├®diat D3D11 [3mprotection_precedente[0m[2m=[0mfalse
[2m2026-07-30T21:26:43.776143Z[0m [32m INFO[0m [2magent::capture[0m[2m:[0m duplication de sortie ├®tablie [3mdesktop_width[0m[2m=[0m2400 [3mdesktop_height[0m[2m=[0m1080
[2m2026-07-30T21:26:44.776394Z[0m [32m INFO[0m [2magent::diagnostics::multifenetre::banc[0m[2m:[0m banc en cours [3mimages[0m[2m=[0m[110, 110] [3munites[0m[2m=[0m[0, 0] [3mverdicts_faux[0m[2m=[0m0
[2m2026-07-30T21:26:45.776484Z[0m [32m INFO[0m [2magent::diagnostics::multifenetre::banc[0m[2m:[0m banc en cours [3mimages[0m[2m=[0m[217, 217] [3munites[0m[2m=[0m[0, 0] [3mverdicts_faux[0m[2m=[0m0
[2m2026-07-30T21:26:46.776412Z[0m [32m INFO[0m [2magent::diagnostics::multifenetre::banc[0m[2m:[0m banc en cours [3mimages[0m[2m=[0m[326, 326] [3munites[0m[2m=[0m[0, 0] [3mverdicts_faux[0m[2m=[0m0
[2m2026-07-30T21:26:47.776370Z[0m [32m INFO[0m [2magent::diagnostics::multifenetre::banc[0m[2m:[0m banc en cours [3mimages[0m[2m=[0m[434, 434] [3munites[0m[2m=[0m[0, 0] [3mverdicts_faux[0m[2m=[0m0
[2m2026-07-30T21:26:48.776555Z[0m [32m INFO[0m [2magent::diagnostics::multifenetre::banc[0m[2m:[0m recouvrement pos├® : la mire 0 est sous la mire 1
[2m2026-07-30T21:26:48.776587Z[0m [32m INFO[0m [2magent::diagnostics::multifenetre::banc[0m[2m:[0m banc en cours [3mimages[0m[2m=[0m[544, 544] [3munites[0m[2m=[0m[0, 0] [3mverdicts_faux[0m[2m=[0m0
[2m2026-07-30T21:26:49.776338Z[0m [32m INFO[0m [2magent::diagnostics::multifenetre::banc[0m[2m:[0m banc en cours [3mimages[0m[2m=[0m[634, 634] [3munites[0m[2m=[0m[0, 0] [3mverdicts_faux[0m[2m=[0m89
[2m2026-07-30T21:26:50.776352Z[0m [32m INFO[0m [2magent::diagnostics::multifenetre::banc[0m[2m:[0m banc en cours [3mimages[0m[2m=[0m[724, 724] [3munites[0m[2m=[0m[0, 0] [3mverdicts_faux[0m[2m=[0m179
[2m2026-07-30T21:26:51.776387Z[0m [32m INFO[0m [2magent::diagnostics::multifenetre::banc[0m[2m:[0m banc en cours [3mimages[0m[2m=[0m[814, 814] [3munites[0m[2m=[0m[0, 0] [3mverdicts_faux[0m[2m=[0m269
[2m2026-07-30T21:26:52.776337Z[0m [32m INFO[0m [2magent::diagnostics::multifenetre::banc[0m[2m:[0m banc en cours [3mimages[0m[2m=[0m[904, 904] [3munites[0m[2m=[0m[0, 0] [3mverdicts_faux[0m[2m=[0m359
[2m2026-07-30T21:26:53.776379Z[0m [32m INFO[0m [2magent::diagnostics::multifenetre::banc[0m[2m:[0m banc en cours [3mimages[0m[2m=[0m[994, 994] [3munites[0m[2m=[0m[0, 0] [3mverdicts_faux[0m[2m=[0m449
[2m2026-07-30T21:26:53.776408Z[0m [32m INFO[0m [2magent::diagnostics::multifenetre::banc[0m[2m:[0m passe termin├®e [3mpasse[0m[2m=[0m"capture" [3mvoie[0m[2m=[0m"duplication" [3mnombre[0m[2m=[0m2 [3mcadences[0m[2m=[0m[99.4, 99.4] [3munites[0m[2m=[0m[0, 0] [3mverdicts_faux[0m[2m=[0m449
[2m2026-07-30T21:26:53.776414Z[0m [31mERROR[0m [2magent::diagnostics::multifenetre::banc[0m[2m:[0m verdict : ├ëLIMIN├ëE sous recouvrement ÔÇö la passe d'encodage est saut├®e [3mvoie[0m[2m=[0m"duplication" [3mverdicts_faux[0m[2m=[0m449
