[2m2026-07-30T21:00:57.338694Z[0m [32m INFO[0m [2magent[0m[2m:[0m acc├®l├®ration pointeur neutralis├®e [3mrapport[0m[2m=[0m"seuils relus = [0, 0, 0], vitesse relue = 10 (attendu : [0, 0, 0] et 10)"
[2m2026-07-30T21:00:57.341226Z[0m [32m INFO[0m [2magent::capture[0m[2m:[0m sortie retenue pour la duplication [3madaptateur[0m[2m=[0mNVIDIA GeForce RTX 4070 [3mindex_adaptateur[0m[2m=[0m0 [3mindex_sortie[0m[2m=[0m0 [3mattachee[0m[2m=[0mtrue
[2m2026-07-30T21:00:57.450582Z[0m [32m INFO[0m [2magent::capture[0m[2m:[0m protection multi-fils activ├®e sur le contexte imm├®diat D3D11 [3mprotection_precedente[0m[2m=[0mfalse
[2m2026-07-30T21:00:57.450984Z[0m [32m INFO[0m [2magent::capture[0m[2m:[0m duplication de sortie ├®tablie [3mdesktop_width[0m[2m=[0m2400 [3mdesktop_height[0m[2m=[0m1080
[2m2026-07-30T21:00:57.451001Z[0m [32m INFO[0m [2magent::diagnostics::multifenetre::banc[0m[2m:[0m banc : disposition retenue [3mvoie[0m[2m=[0m"printwindow" [3mnombre[0m[2m=[0m2 [3mplaces[0m[2m=[0m[Rect { x: 0, y: 0, width: 1200, height: 1080 }, Rect { x: 1200, y: 0, width: 1200, height: 1080 }]
[2m2026-07-30T21:01:07.456923Z[0m [32m INFO[0m [2magent::diagnostics::multifenetre::banc[0m[2m:[0m passe T├ëMOIN ÔÇö cadence de peinture sans capture [3mmires[0m[2m=[0m2 [3mtrames[0m[2m=[0m72672 [3mcadence[0m[2m=[0m7266.909686958006
[2m2026-07-30T21:01:08.519655Z[0m [32m INFO[0m [2magent::diagnostics::multifenetre::banc[0m[2m:[0m banc en cours [3mimages[0m[2m=[0m[31, 31] [3munites[0m[2m=[0m[0, 0] [3mverdicts_faux[0m[2m=[0m0
[2m2026-07-30T21:01:09.519750Z[0m [32m INFO[0m [2magent::diagnostics::multifenetre::banc[0m[2m:[0m banc en cours [3mimages[0m[2m=[0m[61, 61] [3munites[0m[2m=[0m[0, 0] [3mverdicts_faux[0m[2m=[0m0
[2m2026-07-30T21:01:10.486597Z[0m [32m INFO[0m [2magent::diagnostics::multifenetre::banc[0m[2m:[0m banc en cours [3mimages[0m[2m=[0m[90, 90] [3munites[0m[2m=[0m[0, 0] [3mverdicts_faux[0m[2m=[0m0
[2m2026-07-30T21:01:11.519612Z[0m [32m INFO[0m [2magent::diagnostics::multifenetre::banc[0m[2m:[0m banc en cours [3mimages[0m[2m=[0m[121, 121] [3munites[0m[2m=[0m[0, 0] [3mverdicts_faux[0m[2m=[0m0
[2m2026-07-30T21:01:12.486844Z[0m [32m INFO[0m [2magent::diagnostics::multifenetre::banc[0m[2m:[0m recouvrement pos├® : la mire 0 est sous la mire 1
[2m2026-07-30T21:01:12.751876Z[0m [32m INFO[0m [2magent::diagnostics::multifenetre::banc[0m[2m:[0m banc en cours [3mimages[0m[2m=[0m[151, 151] [3munites[0m[2m=[0m[0, 0] [3mverdicts_faux[0m[2m=[0m0
[2m2026-07-30T21:01:13.496107Z[0m [32m INFO[0m [2magent::diagnostics::multifenetre::banc[0m[2m:[0m banc en cours [3mimages[0m[2m=[0m[173, 173] [3munites[0m[2m=[0m[0, 0] [3mverdicts_faux[0m[2m=[0m0
[2m2026-07-30T21:01:14.496017Z[0m [32m INFO[0m [2magent::diagnostics::multifenetre::banc[0m[2m:[0m banc en cours [3mimages[0m[2m=[0m[203, 203] [3munites[0m[2m=[0m[0, 0] [3mverdicts_faux[0m[2m=[0m0
[2m2026-07-30T21:01:15.496063Z[0m [32m INFO[0m [2magent::diagnostics::multifenetre::banc[0m[2m:[0m banc en cours [3mimages[0m[2m=[0m[233, 233] [3munites[0m[2m=[0m[0, 0] [3mverdicts_faux[0m[2m=[0m0
[2m2026-07-30T21:01:16.507531Z[0m [32m INFO[0m [2magent::diagnostics::multifenetre::banc[0m[2m:[0m banc en cours [3mimages[0m[2m=[0m[263, 263] [3munites[0m[2m=[0m[0, 0] [3mverdicts_faux[0m[2m=[0m0
[2m2026-07-30T21:01:17.486852Z[0m [32m INFO[0m [2magent::diagnostics::multifenetre::banc[0m[2m:[0m banc en cours [3mimages[0m[2m=[0m[291, 291] [3munites[0m[2m=[0m[0, 0] [3mverdicts_faux[0m[2m=[0m0
[2m2026-07-30T21:01:17.486921Z[0m [32m INFO[0m [2magent::diagnostics::multifenetre::banc[0m[2m:[0m passe termin├®e [3mpasse[0m[2m=[0m"capture" [3mvoie[0m[2m=[0m"printwindow" [3mnombre[0m[2m=[0m2 [3mcadences[0m[2m=[0m[29.1, 29.1] [3munites[0m[2m=[0m[0, 0] [3mverdicts_faux[0m[2m=[0m0
[2m2026-07-30T21:01:17.487930Z[0m [32m INFO[0m [2magent::encode[0m[2m:[0m encodeur mat├®riel retenu [3mencodeur[0m[2m=[0mNVIDIA H.264 Encoder MFT
[2m2026-07-30T21:01:17.575840Z[0m [32m INFO[0m [2magent::encode[0m[2m:[0m convertisseur BGRAÔåÆNV12 (Video Processor MFT) configur├® [3mconverter_provides_samples[0m[2m=[0mtrue
[2m2026-07-30T21:01:17.576409Z[0m [32m INFO[0m [2magent::encode[0m[2m:[0m encodeur mat├®riel retenu [3mencodeur[0m[2m=[0mNVIDIA H.264 Encoder MFT
[2m2026-07-30T21:01:17.605029Z[0m [32m INFO[0m [2magent::encode[0m[2m:[0m convertisseur BGRAÔåÆNV12 (Video Processor MFT) configur├® [3mconverter_provides_samples[0m[2m=[0mtrue
[2m2026-07-30T21:01:18.606991Z[0m [32m INFO[0m [2magent::diagnostics::multifenetre::banc[0m[2m:[0m banc en cours [3mimages[0m[2m=[0m[30, 30] [3munites[0m[2m=[0m[15, 15] [3mverdicts_faux[0m[2m=[0m0
[2m2026-07-30T21:01:19.606908Z[0m [32m INFO[0m [2magent::diagnostics::multifenetre::banc[0m[2m:[0m banc en cours [3mimages[0m[2m=[0m[60, 60] [3munites[0m[2m=[0m[30, 30] [3mverdicts_faux[0m[2m=[0m0
[2m2026-07-30T21:01:20.607517Z[0m [32m INFO[0m [2magent::diagnostics::multifenetre::banc[0m[2m:[0m banc en cours [3mimages[0m[2m=[0m[90, 90] [3munites[0m[2m=[0m[45, 45] [3mverdicts_faux[0m[2m=[0m0
[2m2026-07-30T21:01:21.607442Z[0m [32m INFO[0m [2magent::diagnostics::multifenetre::banc[0m[2m:[0m banc en cours [3mimages[0m[2m=[0m[120, 120] [3munites[0m[2m=[0m[60, 60] [3mverdicts_faux[0m[2m=[0m0
[2m2026-07-30T21:01:22.607918Z[0m [32m INFO[0m [2magent::diagnostics::multifenetre::banc[0m[2m:[0m banc en cours [3mimages[0m[2m=[0m[150, 150] [3munites[0m[2m=[0m[75, 75] [3mverdicts_faux[0m[2m=[0m0
[2m2026-07-30T21:01:22.609041Z[0m [32m INFO[0m [2magent::diagnostics::multifenetre::banc[0m[2m:[0m recouvrement pos├® : la mire 0 est sous la mire 1
[2m2026-07-30T21:01:23.620161Z[0m [32m INFO[0m [2magent::diagnostics::multifenetre::banc[0m[2m:[0m banc en cours [3mimages[0m[2m=[0m[176, 176] [3munites[0m[2m=[0m[88, 88] [3mverdicts_faux[0m[2m=[0m0
