[2m2026-08-02T08:28:00.271219Z[0m [32m INFO[0m [2magent[0m[2m:[0m accélération pointeur neutralisée [3mrapport[0m[2m=[0m"seuils relus = [0, 0, 0], vitesse relue = 10 (attendu : [0, 0, 0] et 10)"
[2m2026-08-02T08:28:00.271265Z[0m [32m INFO[0m [2magent::diagnostics::multifenetre::plafond[0m[2m:[0m campagne du plafond — début [3mprocessus[0m[2m=[0m1 [3mduplications[0m[2m=[0m8 [3mtotal[0m[2m=[0m8
[2m2026-08-02T08:28:00.273224Z[0m [32m INFO[0m [2magent::capture::enumeration[0m[2m:[0m adaptateur DXGI sans sortie [3madaptateur[0m[2m=[0mNVIDIA GeForce RTX 4070 [3mindex_adaptateur[0m[2m=[0m1
[2m2026-08-02T08:28:00.273254Z[0m [32m INFO[0m [2magent::capture::enumeration[0m[2m:[0m adaptateur DXGI sans sortie [3madaptateur[0m[2m=[0mMicrosoft Basic Render Driver [3mindex_adaptateur[0m[2m=[0m2
[2m2026-08-02T08:28:00.273263Z[0m [32m INFO[0m [2magent::diagnostics::multifenetre::montee[0m[2m:[0m topologie relevée [3mmoment[0m[2m=[0m"avant création" [3mnombre[0m[2m=[0m1 [3mattachees[0m[2m=[0m1
[2m2026-08-02T08:28:00.273268Z[0m [32m INFO[0m [2magent::diagnostics::multifenetre::montee[0m[2m:[0m sortie [3mmoment[0m[2m=[0m"avant création" [3mnom[0m[2m=[0m\\.\DISPLAY1 [3madaptateur[0m[2m=[0mNVIDIA GeForce RTX 4070 [3mindex_adaptateur[0m[2m=[0m0 [3mindex_sortie[0m[2m=[0m0 [3mattachee[0m[2m=[0mtrue [3mx[0m[2m=[0m0 [3my[0m[2m=[0m0 [3mlargeur[0m[2m=[0m2400 [3mhauteur[0m[2m=[0m1080
[2m2026-08-02T08:28:00.274182Z[0m [32m INFO[0m [2magent::moniteurs_virtuels::pilote[0m[2m:[0m sortie virtuelle créée [3mid[0m[2m=[0m264 [3madaptateur_bas[0m[2m=[0m62534 [3madaptateur_haut[0m[2m=[0m0 [3mguid[0m[2m=[0m9C4A1F6E-2B73-4D51-9E08-677541430001 [3mlargeur[0m[2m=[0m1280 [3mhauteur[0m[2m=[0m720 [3mhertz[0m[2m=[0m60
[2m2026-08-02T08:28:00.274313Z[0m [32m INFO[0m [2magent::moniteurs_virtuels::pilote[0m[2m:[0m sortie virtuelle créée [3mid[0m[2m=[0m256 [3madaptateur_bas[0m[2m=[0m62534 [3madaptateur_haut[0m[2m=[0m0 [3mguid[0m[2m=[0m9C4A1F6E-2B73-4D51-9E08-677541430002 [3mlargeur[0m[2m=[0m1280 [3mhauteur[0m[2m=[0m720 [3mhertz[0m[2m=[0m60
[2m2026-08-02T08:28:00.274368Z[0m [32m INFO[0m [2magent::moniteurs_virtuels::pilote[0m[2m:[0m sortie virtuelle créée [3mid[0m[2m=[0m262 [3madaptateur_bas[0m[2m=[0m62534 [3madaptateur_haut[0m[2m=[0m0 [3mguid[0m[2m=[0m9C4A1F6E-2B73-4D51-9E08-677541430003 [3mlargeur[0m[2m=[0m1280 [3mhauteur[0m[2m=[0m720 [3mhertz[0m[2m=[0m60
[2m2026-08-02T08:28:00.274423Z[0m [32m INFO[0m [2magent::moniteurs_virtuels::pilote[0m[2m:[0m sortie virtuelle créée [3mid[0m[2m=[0m257 [3madaptateur_bas[0m[2m=[0m62534 [3madaptateur_haut[0m[2m=[0m0 [3mguid[0m[2m=[0m9C4A1F6E-2B73-4D51-9E08-677541430004 [3mlargeur[0m[2m=[0m1280 [3mhauteur[0m[2m=[0m720 [3mhertz[0m[2m=[0m60
[2m2026-08-02T08:28:00.274506Z[0m [32m INFO[0m [2magent::moniteurs_virtuels::pilote[0m[2m:[0m sortie virtuelle créée [3mid[0m[2m=[0m260 [3madaptateur_bas[0m[2m=[0m62534 [3madaptateur_haut[0m[2m=[0m0 [3mguid[0m[2m=[0m9C4A1F6E-2B73-4D51-9E08-677541430005 [3mlargeur[0m[2m=[0m1280 [3mhauteur[0m[2m=[0m720 [3mhertz[0m[2m=[0m60
[2m2026-08-02T08:28:00.274562Z[0m [32m INFO[0m [2magent::moniteurs_virtuels::pilote[0m[2m:[0m sortie virtuelle créée [3mid[0m[2m=[0m261 [3madaptateur_bas[0m[2m=[0m62534 [3madaptateur_haut[0m[2m=[0m0 [3mguid[0m[2m=[0m9C4A1F6E-2B73-4D51-9E08-677541430006 [3mlargeur[0m[2m=[0m1280 [3mhauteur[0m[2m=[0m720 [3mhertz[0m[2m=[0m60
[2m2026-08-02T08:28:00.274609Z[0m [32m INFO[0m [2magent::moniteurs_virtuels::pilote[0m[2m:[0m sortie virtuelle créée [3mid[0m[2m=[0m259 [3madaptateur_bas[0m[2m=[0m62534 [3madaptateur_haut[0m[2m=[0m0 [3mguid[0m[2m=[0m9C4A1F6E-2B73-4D51-9E08-677541430007 [3mlargeur[0m[2m=[0m1280 [3mhauteur[0m[2m=[0m720 [3mhertz[0m[2m=[0m60
[2m2026-08-02T08:28:00.274660Z[0m [32m INFO[0m [2magent::moniteurs_virtuels::pilote[0m[2m:[0m sortie virtuelle créée [3mid[0m[2m=[0m263 [3madaptateur_bas[0m[2m=[0m62534 [3madaptateur_haut[0m[2m=[0m0 [3mguid[0m[2m=[0m9C4A1F6E-2B73-4D51-9E08-677541430008 [3mlargeur[0m[2m=[0m1280 [3mhauteur[0m[2m=[0m720 [3mhertz[0m[2m=[0m60
[2m2026-08-02T08:28:03.276049Z[0m [32m INFO[0m [2magent::capture::enumeration[0m[2m:[0m adaptateur DXGI sans sortie [3madaptateur[0m[2m=[0mNVIDIA GeForce RTX 4070 [3mindex_adaptateur[0m[2m=[0m1
[2m2026-08-02T08:28:03.276082Z[0m [32m INFO[0m [2magent::capture::enumeration[0m[2m:[0m adaptateur DXGI sans sortie [3madaptateur[0m[2m=[0mMicrosoft Basic Render Driver [3mindex_adaptateur[0m[2m=[0m2
[2m2026-08-02T08:28:03.276091Z[0m [32m INFO[0m [2magent::diagnostics::multifenetre::montee[0m[2m:[0m topologie relevée [3mmoment[0m[2m=[0m"après création" [3mnombre[0m[2m=[0m9 [3mattachees[0m[2m=[0m9
[2m2026-08-02T08:28:03.276095Z[0m [32m INFO[0m [2magent::diagnostics::multifenetre::montee[0m[2m:[0m sortie [3mmoment[0m[2m=[0m"après création" [3mnom[0m[2m=[0m\\.\DISPLAY1 [3madaptateur[0m[2m=[0mNVIDIA GeForce RTX 4070 [3mindex_adaptateur[0m[2m=[0m0 [3mindex_sortie[0m[2m=[0m0 [3mattachee[0m[2m=[0mtrue [3mx[0m[2m=[0m0 [3my[0m[2m=[0m0 [3mlargeur[0m[2m=[0m2400 [3mhauteur[0m[2m=[0m1080
[2m2026-08-02T08:28:03.276100Z[0m [32m INFO[0m [2magent::diagnostics::multifenetre::montee[0m[2m:[0m sortie [3mmoment[0m[2m=[0m"après création" [3mnom[0m[2m=[0m\\.\DISPLAY5 [3madaptateur[0m[2m=[0mNVIDIA GeForce RTX 4070 [3mindex_adaptateur[0m[2m=[0m0 [3mindex_sortie[0m[2m=[0m1 [3mattachee[0m[2m=[0mtrue [3mx[0m[2m=[0m2400 [3my[0m[2m=[0m0 [3mlargeur[0m[2m=[0m1280 [3mhauteur[0m[2m=[0m720
[2m2026-08-02T08:28:03.276102Z[0m [32m INFO[0m [2magent::diagnostics::multifenetre::montee[0m[2m:[0m sortie [3mmoment[0m[2m=[0m"après création" [3mnom[0m[2m=[0m\\.\DISPLAY6 [3madaptateur[0m[2m=[0mNVIDIA GeForce RTX 4070 [3mindex_adaptateur[0m[2m=[0m0 [3mindex_sortie[0m[2m=[0m2 [3mattachee[0m[2m=[0mtrue [3mx[0m[2m=[0m3680 [3my[0m[2m=[0m0 [3mlargeur[0m[2m=[0m1280 [3mhauteur[0m[2m=[0m720
[2m2026-08-02T08:28:03.276105Z[0m [32m INFO[0m [2magent::diagnostics::multifenetre::montee[0m[2m:[0m sortie [3mmoment[0m[2m=[0m"après création" [3mnom[0m[2m=[0m\\.\DISPLAY7 [3madaptateur[0m[2m=[0mNVIDIA GeForce RTX 4070 [3mindex_adaptateur[0m[2m=[0m0 [3mindex_sortie[0m[2m=[0m3 [3mattachee[0m[2m=[0mtrue [3mx[0m[2m=[0m4960 [3my[0m[2m=[0m0 [3mlargeur[0m[2m=[0m1280 [3mhauteur[0m[2m=[0m720
[2m2026-08-02T08:28:03.276109Z[0m [32m INFO[0m [2magent::diagnostics::multifenetre::montee[0m[2m:[0m sortie [3mmoment[0m[2m=[0m"après création" [3mnom[0m[2m=[0m\\.\DISPLAY8 [3madaptateur[0m[2m=[0mNVIDIA GeForce RTX 4070 [3mindex_adaptateur[0m[2m=[0m0 [3mindex_sortie[0m[2m=[0m4 [3mattachee[0m[2m=[0mtrue [3mx[0m[2m=[0m6240 [3my[0m[2m=[0m0 [3mlargeur[0m[2m=[0m1280 [3mhauteur[0m[2m=[0m720
[2m2026-08-02T08:28:03.276113Z[0m [32m INFO[0m [2magent::diagnostics::multifenetre::montee[0m[2m:[0m sortie [3mmoment[0m[2m=[0m"après création" [3mnom[0m[2m=[0m\\.\DISPLAY9 [3madaptateur[0m[2m=[0mNVIDIA GeForce RTX 4070 [3mindex_adaptateur[0m[2m=[0m0 [3mindex_sortie[0m[2m=[0m5 [3mattachee[0m[2m=[0mtrue [3mx[0m[2m=[0m7520 [3my[0m[2m=[0m0 [3mlargeur[0m[2m=[0m1280 [3mhauteur[0m[2m=[0m720
[2m2026-08-02T08:28:03.276116Z[0m [32m INFO[0m [2magent::diagnostics::multifenetre::montee[0m[2m:[0m sortie [3mmoment[0m[2m=[0m"après création" [3mnom[0m[2m=[0m\\.\DISPLAY10 [3madaptateur[0m[2m=[0mNVIDIA GeForce RTX 4070 [3mindex_adaptateur[0m[2m=[0m0 [3mindex_sortie[0m[2m=[0m6 [3mattachee[0m[2m=[0mtrue [3mx[0m[2m=[0m8800 [3my[0m[2m=[0m0 [3mlargeur[0m[2m=[0m1280 [3mhauteur[0m[2m=[0m720
[2m2026-08-02T08:28:03.276119Z[0m [32m INFO[0m [2magent::diagnostics::multifenetre::montee[0m[2m:[0m sortie [3mmoment[0m[2m=[0m"après création" [3mnom[0m[2m=[0m\\.\DISPLAY11 [3madaptateur[0m[2m=[0mNVIDIA GeForce RTX 4070 [3mindex_adaptateur[0m[2m=[0m0 [3mindex_sortie[0m[2m=[0m7 [3mattachee[0m[2m=[0mtrue [3mx[0m[2m=[0m10080 [3my[0m[2m=[0m0 [3mlargeur[0m[2m=[0m1280 [3mhauteur[0m[2m=[0m720
[2m2026-08-02T08:28:03.276121Z[0m [32m INFO[0m [2magent::diagnostics::multifenetre::montee[0m[2m:[0m sortie [3mmoment[0m[2m=[0m"après création" [3mnom[0m[2m=[0m\\.\DISPLAY12 [3madaptateur[0m[2m=[0mNVIDIA GeForce RTX 4070 [3mindex_adaptateur[0m[2m=[0m0 [3mindex_sortie[0m[2m=[0m8 [3mattachee[0m[2m=[0mtrue [3mx[0m[2m=[0m11360 [3my[0m[2m=[0m0 [3mlargeur[0m[2m=[0m1280 [3mhauteur[0m[2m=[0m720
[2m2026-08-02T08:28:03.276291Z[0m [32m INFO[0m [2magent::diagnostics::multifenetre::plafond[0m[2m:[0m sorties rattachées [3mattachees[0m[2m=[0m8 [3mnoms[0m[2m=[0m["\\\\.\\DISPLAY10", "\\\\.\\DISPLAY11", "\\\\.\\DISPLAY12", "\\\\.\\DISPLAY5", "\\\\.\\DISPLAY6", "\\\\.\\DISPLAY7", "\\\\.\\DISPLAY8", "\\\\.\\DISPLAY9"]
[2m2026-08-02T08:28:03.276310Z[0m [32m INFO[0m [2magent::diagnostics::multifenetre::plafond[0m[2m:[0m lancement de la sonde [3msonde[0m[2m=[0m0 [3msorties[0m[2m=[0m["\\\\.\\DISPLAY10", "\\\\.\\DISPLAY11", "\\\\.\\DISPLAY12", "\\\\.\\DISPLAY5", "\\\\.\\DISPLAY6", "\\\\.\\DISPLAY7", "\\\\.\\DISPLAY8", "\\\\.\\DISPLAY9"]
[2m2026-08-02T08:28:03.283765Z[0m [32m INFO[0m [2magent[0m[2m:[0m accélération pointeur neutralisée [3mrapport[0m[2m=[0m"seuils relus = [0, 0, 0], vitesse relue = 10 (attendu : [0, 0, 0] et 10)"
[2m2026-08-02T08:28:03.283798Z[0m [32m INFO[0m [2magent::diagnostics::multifenetre::plafond::sonde[0m[2m:[0m sonde démarrée [3msonde[0m[2m=[0m0 [3msorties[0m[2m=[0m["\\\\.\\DISPLAY10", "\\\\.\\DISPLAY11", "\\\\.\\DISPLAY12", "\\\\.\\DISPLAY5", "\\\\.\\DISPLAY6", "\\\\.\\DISPLAY7", "\\\\.\\DISPLAY8", "\\\\.\\DISPLAY9"]
[2m2026-08-02T08:28:03.285691Z[0m [32m INFO[0m [2magent::capture::ouverture[0m[2m:[0m sortie retenue pour la duplication [3madaptateur[0m[2m=[0mNVIDIA GeForce RTX 4070 [3mindex_adaptateur[0m[2m=[0m0 [3mindex_sortie[0m[2m=[0m6 [3mnom_sortie[0m[2m=[0m\\.\DISPLAY10 [3mattachee[0m[2m=[0mtrue
[2m2026-08-02T08:28:03.365020Z[0m [32m INFO[0m [2magent::capture::ouverture[0m[2m:[0m protection multi-fils activée sur le contexte immédiat D3D11 [3mprotection_precedente[0m[2m=[0mfalse
[2m2026-08-02T08:28:03.365344Z[0m [32m INFO[0m [2magent::capture[0m[2m:[0m duplication de sortie établie [3mdesktop_width[0m[2m=[0m1280 [3mdesktop_height[0m[2m=[0m720
[2m2026-08-02T08:28:03.365355Z[0m [32m INFO[0m [2magent::diagnostics::multifenetre::plafond::sonde[0m[2m:[0m duplication ouverte [3msonde[0m[2m=[0m0 [3mduplication[0m[2m=[0m1 [3mnom[0m[2m=[0m\\.\DISPLAY10
[2m2026-08-02T08:28:03.365732Z[0m [32m INFO[0m [2magent::capture::ouverture[0m[2m:[0m sortie retenue pour la duplication [3madaptateur[0m[2m=[0mNVIDIA GeForce RTX 4070 [3mindex_adaptateur[0m[2m=[0m0 [3mindex_sortie[0m[2m=[0m7 [3mnom_sortie[0m[2m=[0m\\.\DISPLAY11 [3mattachee[0m[2m=[0mtrue
[2m2026-08-02T08:28:03.383898Z[0m [32m INFO[0m [2magent::capture::ouverture[0m[2m:[0m protection multi-fils activée sur le contexte immédiat D3D11 [3mprotection_precedente[0m[2m=[0mfalse
[2m2026-08-02T08:28:03.384135Z[0m [32m INFO[0m [2magent::capture[0m[2m:[0m duplication de sortie établie [3mdesktop_width[0m[2m=[0m1280 [3mdesktop_height[0m[2m=[0m720
[2m2026-08-02T08:28:03.384145Z[0m [32m INFO[0m [2magent::diagnostics::multifenetre::plafond::sonde[0m[2m:[0m duplication ouverte [3msonde[0m[2m=[0m0 [3mduplication[0m[2m=[0m2 [3mnom[0m[2m=[0m\\.\DISPLAY11
[2m2026-08-02T08:28:03.384574Z[0m [32m INFO[0m [2magent::capture::ouverture[0m[2m:[0m sortie retenue pour la duplication [3madaptateur[0m[2m=[0mNVIDIA GeForce RTX 4070 [3mindex_adaptateur[0m[2m=[0m0 [3mindex_sortie[0m[2m=[0m8 [3mnom_sortie[0m[2m=[0m\\.\DISPLAY12 [3mattachee[0m[2m=[0mtrue
[2m2026-08-02T08:28:03.407665Z[0m [32m INFO[0m [2magent::capture::ouverture[0m[2m:[0m protection multi-fils activée sur le contexte immédiat D3D11 [3mprotection_precedente[0m[2m=[0mfalse
[2m2026-08-02T08:28:03.407974Z[0m [32m INFO[0m [2magent::capture[0m[2m:[0m duplication de sortie établie [3mdesktop_width[0m[2m=[0m1280 [3mdesktop_height[0m[2m=[0m720
[2m2026-08-02T08:28:03.407985Z[0m [32m INFO[0m [2magent::diagnostics::multifenetre::plafond::sonde[0m[2m:[0m duplication ouverte [3msonde[0m[2m=[0m0 [3mduplication[0m[2m=[0m3 [3mnom[0m[2m=[0m\\.\DISPLAY12
[2m2026-08-02T08:28:03.408286Z[0m [32m INFO[0m [2magent::capture::ouverture[0m[2m:[0m sortie retenue pour la duplication [3madaptateur[0m[2m=[0mNVIDIA GeForce RTX 4070 [3mindex_adaptateur[0m[2m=[0m0 [3mindex_sortie[0m[2m=[0m1 [3mnom_sortie[0m[2m=[0m\\.\DISPLAY5 [3mattachee[0m[2m=[0mtrue
[2m2026-08-02T08:28:03.426034Z[0m [32m INFO[0m [2magent::capture::ouverture[0m[2m:[0m protection multi-fils activée sur le contexte immédiat D3D11 [3mprotection_precedente[0m[2m=[0mfalse
[2m2026-08-02T08:28:03.426280Z[0m [32m INFO[0m [2magent::capture[0m[2m:[0m duplication de sortie établie [3mdesktop_width[0m[2m=[0m1280 [3mdesktop_height[0m[2m=[0m720
[2m2026-08-02T08:28:03.426290Z[0m [32m INFO[0m [2magent::diagnostics::multifenetre::plafond::sonde[0m[2m:[0m duplication ouverte [3msonde[0m[2m=[0m0 [3mduplication[0m[2m=[0m4 [3mnom[0m[2m=[0m\\.\DISPLAY5
[2m2026-08-02T08:28:03.426659Z[0m [32m INFO[0m [2magent::capture::ouverture[0m[2m:[0m sortie retenue pour la duplication [3madaptateur[0m[2m=[0mNVIDIA GeForce RTX 4070 [3mindex_adaptateur[0m[2m=[0m0 [3mindex_sortie[0m[2m=[0m2 [3mnom_sortie[0m[2m=[0m\\.\DISPLAY6 [3mattachee[0m[2m=[0mtrue
[2m2026-08-02T08:28:03.445033Z[0m [32m INFO[0m [2magent::capture::ouverture[0m[2m:[0m protection multi-fils activée sur le contexte immédiat D3D11 [3mprotection_precedente[0m[2m=[0mfalse
[2m2026-08-02T08:28:03.445249Z[0m [32m INFO[0m [2magent::capture[0m[2m:[0m duplication de sortie établie [3mdesktop_width[0m[2m=[0m1280 [3mdesktop_height[0m[2m=[0m720
[2m2026-08-02T08:28:03.445259Z[0m [32m INFO[0m [2magent::diagnostics::multifenetre::plafond::sonde[0m[2m:[0m duplication ouverte [3msonde[0m[2m=[0m0 [3mduplication[0m[2m=[0m5 [3mnom[0m[2m=[0m\\.\DISPLAY6
[2m2026-08-02T08:28:03.445605Z[0m [32m INFO[0m [2magent::capture::ouverture[0m[2m:[0m sortie retenue pour la duplication [3madaptateur[0m[2m=[0mNVIDIA GeForce RTX 4070 [3mindex_adaptateur[0m[2m=[0m0 [3mindex_sortie[0m[2m=[0m3 [3mnom_sortie[0m[2m=[0m\\.\DISPLAY7 [3mattachee[0m[2m=[0mtrue
[2m2026-08-02T08:28:03.463703Z[0m [32m INFO[0m [2magent::capture::ouverture[0m[2m:[0m protection multi-fils activée sur le contexte immédiat D3D11 [3mprotection_precedente[0m[2m=[0mfalse
[2m2026-08-02T08:28:03.463939Z[0m [32m INFO[0m [2magent::capture[0m[2m:[0m duplication de sortie établie [3mdesktop_width[0m[2m=[0m1280 [3mdesktop_height[0m[2m=[0m720
[2m2026-08-02T08:28:03.463949Z[0m [32m INFO[0m [2magent::diagnostics::multifenetre::plafond::sonde[0m[2m:[0m duplication ouverte [3msonde[0m[2m=[0m0 [3mduplication[0m[2m=[0m6 [3mnom[0m[2m=[0m\\.\DISPLAY7
[2m2026-08-02T08:28:03.464270Z[0m [32m INFO[0m [2magent::capture::ouverture[0m[2m:[0m sortie retenue pour la duplication [3madaptateur[0m[2m=[0mNVIDIA GeForce RTX 4070 [3mindex_adaptateur[0m[2m=[0m0 [3mindex_sortie[0m[2m=[0m4 [3mnom_sortie[0m[2m=[0m\\.\DISPLAY8 [3mattachee[0m[2m=[0mtrue
[2m2026-08-02T08:28:03.482159Z[0m [32m INFO[0m [2magent::capture::ouverture[0m[2m:[0m protection multi-fils activée sur le contexte immédiat D3D11 [3mprotection_precedente[0m[2m=[0mfalse
[2m2026-08-02T08:28:03.482397Z[0m [32m INFO[0m [2magent::capture[0m[2m:[0m duplication de sortie établie [3mdesktop_width[0m[2m=[0m1280 [3mdesktop_height[0m[2m=[0m720
[2m2026-08-02T08:28:03.482407Z[0m [32m INFO[0m [2magent::diagnostics::multifenetre::plafond::sonde[0m[2m:[0m duplication ouverte [3msonde[0m[2m=[0m0 [3mduplication[0m[2m=[0m7 [3mnom[0m[2m=[0m\\.\DISPLAY8
[2m2026-08-02T08:28:03.482817Z[0m [32m INFO[0m [2magent::capture::ouverture[0m[2m:[0m sortie retenue pour la duplication [3madaptateur[0m[2m=[0mNVIDIA GeForce RTX 4070 [3mindex_adaptateur[0m[2m=[0m0 [3mindex_sortie[0m[2m=[0m5 [3mnom_sortie[0m[2m=[0m\\.\DISPLAY9 [3mattachee[0m[2m=[0mtrue
[2m2026-08-02T08:28:03.501227Z[0m [32m INFO[0m [2magent::capture::ouverture[0m[2m:[0m protection multi-fils activée sur le contexte immédiat D3D11 [3mprotection_precedente[0m[2m=[0mfalse
[2m2026-08-02T08:28:03.501461Z[0m [32m INFO[0m [2magent::capture[0m[2m:[0m duplication de sortie établie [3mdesktop_width[0m[2m=[0m1280 [3mdesktop_height[0m[2m=[0m720
[2m2026-08-02T08:28:03.501472Z[0m [32m INFO[0m [2magent::diagnostics::multifenetre::plafond::sonde[0m[2m:[0m duplication ouverte [3msonde[0m[2m=[0m0 [3mduplication[0m[2m=[0m8 [3mnom[0m[2m=[0m\\.\DISPLAY9
[2m2026-08-02T08:28:03.501723Z[0m [32m INFO[0m [2magent::diagnostics::multifenetre::plafond::sonde[0m[2m:[0m verdict déposé [3msonde[0m[2m=[0m0 [3mouvertes[0m[2m=[0m8 [3mverdict[0m[2m=[0mOK
[2m2026-08-02T08:28:03.579984Z[0m [32m INFO[0m [2magent::diagnostics::multifenetre::plafond[0m[2m:[0m verdict reçu [3msonde[0m[2m=[0m0 [3mverdict[0m[2m=[0mOK
[2m2026-08-02T08:28:03.602220Z[0m [32m INFO[0m [2magent::diagnostics::multifenetre::plafond::sonde[0m[2m:[0m arrêt demandé, relâchement des duplications [3msonde[0m[2m=[0m0
[2m2026-08-02T08:28:03.648857Z[0m [32m INFO[0m [2magent::diagnostics::multifenetre::plafond[0m[2m:[0m sonde terminée [3msonde[0m[2m=[0m0 [3mstatut[0m[2m=[0mExitStatus(ExitStatus(0))
[2m2026-08-02T08:28:03.648887Z[0m [32m INFO[0m [2magent::diagnostics::multifenetre::plafond[0m[2m:[0m campagne du plafond — bilan [3mprocessus[0m[2m=[0m1 [3mduplications[0m[2m=[0m8 [3mlancees[0m[2m=[0m1 [3mverdicts[0m[2m=[0m[(0, "OK")]
[2m2026-08-02T08:28:03.648893Z[0m [32m INFO[0m [2magent::diagnostics::multifenetre::plafond[0m[2m:[0m chien de garde : plus grand écart entre deux battements sur toute la conduite [3mintervalle_ping_max_ms[0m[2m=[0m372
[2m2026-08-02T08:28:03.654447Z[0m [32m INFO[0m [2magent::moniteurs_virtuels::pilote[0m[2m:[0m sortie virtuelle détruite [3mid[0m[2m=[0m263
[2m2026-08-02T08:28:03.659244Z[0m [32m INFO[0m [2magent::moniteurs_virtuels::pilote[0m[2m:[0m sortie virtuelle détruite [3mid[0m[2m=[0m259
[2m2026-08-02T08:28:03.663757Z[0m [32m INFO[0m [2magent::moniteurs_virtuels::pilote[0m[2m:[0m sortie virtuelle détruite [3mid[0m[2m=[0m261
[2m2026-08-02T08:28:03.668268Z[0m [32m INFO[0m [2magent::moniteurs_virtuels::pilote[0m[2m:[0m sortie virtuelle détruite [3mid[0m[2m=[0m260
[2m2026-08-02T08:28:03.672954Z[0m [32m INFO[0m [2magent::moniteurs_virtuels::pilote[0m[2m:[0m sortie virtuelle détruite [3mid[0m[2m=[0m257
[2m2026-08-02T08:28:03.677969Z[0m [32m INFO[0m [2magent::moniteurs_virtuels::pilote[0m[2m:[0m sortie virtuelle détruite [3mid[0m[2m=[0m262
[2m2026-08-02T08:28:03.682701Z[0m [32m INFO[0m [2magent::moniteurs_virtuels::pilote[0m[2m:[0m sortie virtuelle détruite [3mid[0m[2m=[0m256
[2m2026-08-02T08:28:03.687521Z[0m [32m INFO[0m [2magent::moniteurs_virtuels::pilote[0m[2m:[0m sortie virtuelle détruite [3mid[0m[2m=[0m264
[2m2026-08-02T08:28:06.688835Z[0m [32m INFO[0m [2magent::capture::enumeration[0m[2m:[0m adaptateur DXGI sans sortie [3madaptateur[0m[2m=[0mNVIDIA GeForce RTX 4070 [3mindex_adaptateur[0m[2m=[0m1
[2m2026-08-02T08:28:06.688867Z[0m [32m INFO[0m [2magent::capture::enumeration[0m[2m:[0m adaptateur DXGI sans sortie [3madaptateur[0m[2m=[0mMicrosoft Basic Render Driver [3mindex_adaptateur[0m[2m=[0m2
[2m2026-08-02T08:28:06.688876Z[0m [32m INFO[0m [2magent::diagnostics::multifenetre::montee[0m[2m:[0m topologie relevée [3mmoment[0m[2m=[0m"après destruction" [3mnombre[0m[2m=[0m1 [3mattachees[0m[2m=[0m1
[2m2026-08-02T08:28:06.688879Z[0m [32m INFO[0m [2magent::diagnostics::multifenetre::montee[0m[2m:[0m sortie [3mmoment[0m[2m=[0m"après destruction" [3mnom[0m[2m=[0m\\.\DISPLAY1 [3madaptateur[0m[2m=[0mNVIDIA GeForce RTX 4070 [3mindex_adaptateur[0m[2m=[0m0 [3mindex_sortie[0m[2m=[0m0 [3mattachee[0m[2m=[0mtrue [3mx[0m[2m=[0m0 [3my[0m[2m=[0m0 [3mlargeur[0m[2m=[0m2400 [3mhauteur[0m[2m=[0m1080
[2m2026-08-02T08:28:06.688886Z[0m [32m INFO[0m [2magent::diagnostics::multifenetre::plafond[0m[2m:[0m topologie restaurée nom pour nom
