[2m2026-08-02T08:29:11.216663Z[0m [32m INFO[0m [2magent[0m[2m:[0m accélération pointeur neutralisée [3mrapport[0m[2m=[0m"seuils relus = [0, 0, 0], vitesse relue = 10 (attendu : [0, 0, 0] et 10)"
[2m2026-08-02T08:29:11.216708Z[0m [32m INFO[0m [2magent::diagnostics::multifenetre::plafond[0m[2m:[0m campagne du plafond — début [3mprocessus[0m[2m=[0m2 [3mduplications[0m[2m=[0m4 [3mtotal[0m[2m=[0m8
[2m2026-08-02T08:29:11.218688Z[0m [32m INFO[0m [2magent::capture::enumeration[0m[2m:[0m adaptateur DXGI sans sortie [3madaptateur[0m[2m=[0mNVIDIA GeForce RTX 4070 [3mindex_adaptateur[0m[2m=[0m1
[2m2026-08-02T08:29:11.218721Z[0m [32m INFO[0m [2magent::capture::enumeration[0m[2m:[0m adaptateur DXGI sans sortie [3madaptateur[0m[2m=[0mMicrosoft Basic Render Driver [3mindex_adaptateur[0m[2m=[0m2
[2m2026-08-02T08:29:11.218731Z[0m [32m INFO[0m [2magent::diagnostics::multifenetre::montee[0m[2m:[0m topologie relevée [3mmoment[0m[2m=[0m"avant création" [3mnombre[0m[2m=[0m1 [3mattachees[0m[2m=[0m1
[2m2026-08-02T08:29:11.218737Z[0m [32m INFO[0m [2magent::diagnostics::multifenetre::montee[0m[2m:[0m sortie [3mmoment[0m[2m=[0m"avant création" [3mnom[0m[2m=[0m\\.\DISPLAY1 [3madaptateur[0m[2m=[0mNVIDIA GeForce RTX 4070 [3mindex_adaptateur[0m[2m=[0m0 [3mindex_sortie[0m[2m=[0m0 [3mattachee[0m[2m=[0mtrue [3mx[0m[2m=[0m0 [3my[0m[2m=[0m0 [3mlargeur[0m[2m=[0m2400 [3mhauteur[0m[2m=[0m1080
[2m2026-08-02T08:29:11.219691Z[0m [32m INFO[0m [2magent::moniteurs_virtuels::pilote[0m[2m:[0m sortie virtuelle créée [3mid[0m[2m=[0m258 [3madaptateur_bas[0m[2m=[0m62534 [3madaptateur_haut[0m[2m=[0m0 [3mguid[0m[2m=[0m9C4A1F6E-2B73-4D51-9E08-677541430001 [3mlargeur[0m[2m=[0m1280 [3mhauteur[0m[2m=[0m720 [3mhertz[0m[2m=[0m60
[2m2026-08-02T08:29:11.219759Z[0m [32m INFO[0m [2magent::moniteurs_virtuels::pilote[0m[2m:[0m sortie virtuelle créée [3mid[0m[2m=[0m265 [3madaptateur_bas[0m[2m=[0m62534 [3madaptateur_haut[0m[2m=[0m0 [3mguid[0m[2m=[0m9C4A1F6E-2B73-4D51-9E08-677541430002 [3mlargeur[0m[2m=[0m1280 [3mhauteur[0m[2m=[0m720 [3mhertz[0m[2m=[0m60
[2m2026-08-02T08:29:11.219812Z[0m [32m INFO[0m [2magent::moniteurs_virtuels::pilote[0m[2m:[0m sortie virtuelle créée [3mid[0m[2m=[0m263 [3madaptateur_bas[0m[2m=[0m62534 [3madaptateur_haut[0m[2m=[0m0 [3mguid[0m[2m=[0m9C4A1F6E-2B73-4D51-9E08-677541430003 [3mlargeur[0m[2m=[0m1280 [3mhauteur[0m[2m=[0m720 [3mhertz[0m[2m=[0m60
[2m2026-08-02T08:29:11.219860Z[0m [32m INFO[0m [2magent::moniteurs_virtuels::pilote[0m[2m:[0m sortie virtuelle créée [3mid[0m[2m=[0m259 [3madaptateur_bas[0m[2m=[0m62534 [3madaptateur_haut[0m[2m=[0m0 [3mguid[0m[2m=[0m9C4A1F6E-2B73-4D51-9E08-677541430004 [3mlargeur[0m[2m=[0m1280 [3mhauteur[0m[2m=[0m720 [3mhertz[0m[2m=[0m60
[2m2026-08-02T08:29:11.219910Z[0m [32m INFO[0m [2magent::moniteurs_virtuels::pilote[0m[2m:[0m sortie virtuelle créée [3mid[0m[2m=[0m261 [3madaptateur_bas[0m[2m=[0m62534 [3madaptateur_haut[0m[2m=[0m0 [3mguid[0m[2m=[0m9C4A1F6E-2B73-4D51-9E08-677541430005 [3mlargeur[0m[2m=[0m1280 [3mhauteur[0m[2m=[0m720 [3mhertz[0m[2m=[0m60
[2m2026-08-02T08:29:11.219996Z[0m [32m INFO[0m [2magent::moniteurs_virtuels::pilote[0m[2m:[0m sortie virtuelle créée [3mid[0m[2m=[0m260 [3madaptateur_bas[0m[2m=[0m62534 [3madaptateur_haut[0m[2m=[0m0 [3mguid[0m[2m=[0m9C4A1F6E-2B73-4D51-9E08-677541430006 [3mlargeur[0m[2m=[0m1280 [3mhauteur[0m[2m=[0m720 [3mhertz[0m[2m=[0m60
[2m2026-08-02T08:29:11.220044Z[0m [32m INFO[0m [2magent::moniteurs_virtuels::pilote[0m[2m:[0m sortie virtuelle créée [3mid[0m[2m=[0m257 [3madaptateur_bas[0m[2m=[0m62534 [3madaptateur_haut[0m[2m=[0m0 [3mguid[0m[2m=[0m9C4A1F6E-2B73-4D51-9E08-677541430007 [3mlargeur[0m[2m=[0m1280 [3mhauteur[0m[2m=[0m720 [3mhertz[0m[2m=[0m60
[2m2026-08-02T08:29:11.220095Z[0m [32m INFO[0m [2magent::moniteurs_virtuels::pilote[0m[2m:[0m sortie virtuelle créée [3mid[0m[2m=[0m262 [3madaptateur_bas[0m[2m=[0m62534 [3madaptateur_haut[0m[2m=[0m0 [3mguid[0m[2m=[0m9C4A1F6E-2B73-4D51-9E08-677541430008 [3mlargeur[0m[2m=[0m1280 [3mhauteur[0m[2m=[0m720 [3mhertz[0m[2m=[0m60
[2m2026-08-02T08:29:14.221702Z[0m [32m INFO[0m [2magent::capture::enumeration[0m[2m:[0m adaptateur DXGI sans sortie [3madaptateur[0m[2m=[0mNVIDIA GeForce RTX 4070 [3mindex_adaptateur[0m[2m=[0m1
[2m2026-08-02T08:29:14.221736Z[0m [32m INFO[0m [2magent::capture::enumeration[0m[2m:[0m adaptateur DXGI sans sortie [3madaptateur[0m[2m=[0mMicrosoft Basic Render Driver [3mindex_adaptateur[0m[2m=[0m2
[2m2026-08-02T08:29:14.221745Z[0m [32m INFO[0m [2magent::diagnostics::multifenetre::montee[0m[2m:[0m topologie relevée [3mmoment[0m[2m=[0m"après création" [3mnombre[0m[2m=[0m9 [3mattachees[0m[2m=[0m9
[2m2026-08-02T08:29:14.221748Z[0m [32m INFO[0m [2magent::diagnostics::multifenetre::montee[0m[2m:[0m sortie [3mmoment[0m[2m=[0m"après création" [3mnom[0m[2m=[0m\\.\DISPLAY1 [3madaptateur[0m[2m=[0mNVIDIA GeForce RTX 4070 [3mindex_adaptateur[0m[2m=[0m0 [3mindex_sortie[0m[2m=[0m0 [3mattachee[0m[2m=[0mtrue [3mx[0m[2m=[0m0 [3my[0m[2m=[0m0 [3mlargeur[0m[2m=[0m2400 [3mhauteur[0m[2m=[0m1080
[2m2026-08-02T08:29:14.221753Z[0m [32m INFO[0m [2magent::diagnostics::multifenetre::montee[0m[2m:[0m sortie [3mmoment[0m[2m=[0m"après création" [3mnom[0m[2m=[0m\\.\DISPLAY5 [3madaptateur[0m[2m=[0mNVIDIA GeForce RTX 4070 [3mindex_adaptateur[0m[2m=[0m0 [3mindex_sortie[0m[2m=[0m1 [3mattachee[0m[2m=[0mtrue [3mx[0m[2m=[0m2400 [3my[0m[2m=[0m0 [3mlargeur[0m[2m=[0m1280 [3mhauteur[0m[2m=[0m720
[2m2026-08-02T08:29:14.221756Z[0m [32m INFO[0m [2magent::diagnostics::multifenetre::montee[0m[2m:[0m sortie [3mmoment[0m[2m=[0m"après création" [3mnom[0m[2m=[0m\\.\DISPLAY6 [3madaptateur[0m[2m=[0mNVIDIA GeForce RTX 4070 [3mindex_adaptateur[0m[2m=[0m0 [3mindex_sortie[0m[2m=[0m2 [3mattachee[0m[2m=[0mtrue [3mx[0m[2m=[0m3680 [3my[0m[2m=[0m0 [3mlargeur[0m[2m=[0m1280 [3mhauteur[0m[2m=[0m720
[2m2026-08-02T08:29:14.221758Z[0m [32m INFO[0m [2magent::diagnostics::multifenetre::montee[0m[2m:[0m sortie [3mmoment[0m[2m=[0m"après création" [3mnom[0m[2m=[0m\\.\DISPLAY7 [3madaptateur[0m[2m=[0mNVIDIA GeForce RTX 4070 [3mindex_adaptateur[0m[2m=[0m0 [3mindex_sortie[0m[2m=[0m3 [3mattachee[0m[2m=[0mtrue [3mx[0m[2m=[0m4960 [3my[0m[2m=[0m0 [3mlargeur[0m[2m=[0m1280 [3mhauteur[0m[2m=[0m720
[2m2026-08-02T08:29:14.221761Z[0m [32m INFO[0m [2magent::diagnostics::multifenetre::montee[0m[2m:[0m sortie [3mmoment[0m[2m=[0m"après création" [3mnom[0m[2m=[0m\\.\DISPLAY8 [3madaptateur[0m[2m=[0mNVIDIA GeForce RTX 4070 [3mindex_adaptateur[0m[2m=[0m0 [3mindex_sortie[0m[2m=[0m4 [3mattachee[0m[2m=[0mtrue [3mx[0m[2m=[0m6240 [3my[0m[2m=[0m0 [3mlargeur[0m[2m=[0m1280 [3mhauteur[0m[2m=[0m720
[2m2026-08-02T08:29:14.221763Z[0m [32m INFO[0m [2magent::diagnostics::multifenetre::montee[0m[2m:[0m sortie [3mmoment[0m[2m=[0m"après création" [3mnom[0m[2m=[0m\\.\DISPLAY9 [3madaptateur[0m[2m=[0mNVIDIA GeForce RTX 4070 [3mindex_adaptateur[0m[2m=[0m0 [3mindex_sortie[0m[2m=[0m5 [3mattachee[0m[2m=[0mtrue [3mx[0m[2m=[0m7520 [3my[0m[2m=[0m0 [3mlargeur[0m[2m=[0m1280 [3mhauteur[0m[2m=[0m720
[2m2026-08-02T08:29:14.221766Z[0m [32m INFO[0m [2magent::diagnostics::multifenetre::montee[0m[2m:[0m sortie [3mmoment[0m[2m=[0m"après création" [3mnom[0m[2m=[0m\\.\DISPLAY10 [3madaptateur[0m[2m=[0mNVIDIA GeForce RTX 4070 [3mindex_adaptateur[0m[2m=[0m0 [3mindex_sortie[0m[2m=[0m6 [3mattachee[0m[2m=[0mtrue [3mx[0m[2m=[0m8800 [3my[0m[2m=[0m0 [3mlargeur[0m[2m=[0m1280 [3mhauteur[0m[2m=[0m720
[2m2026-08-02T08:29:14.221768Z[0m [32m INFO[0m [2magent::diagnostics::multifenetre::montee[0m[2m:[0m sortie [3mmoment[0m[2m=[0m"après création" [3mnom[0m[2m=[0m\\.\DISPLAY11 [3madaptateur[0m[2m=[0mNVIDIA GeForce RTX 4070 [3mindex_adaptateur[0m[2m=[0m0 [3mindex_sortie[0m[2m=[0m7 [3mattachee[0m[2m=[0mtrue [3mx[0m[2m=[0m10080 [3my[0m[2m=[0m0 [3mlargeur[0m[2m=[0m1280 [3mhauteur[0m[2m=[0m720
[2m2026-08-02T08:29:14.221771Z[0m [32m INFO[0m [2magent::diagnostics::multifenetre::montee[0m[2m:[0m sortie [3mmoment[0m[2m=[0m"après création" [3mnom[0m[2m=[0m\\.\DISPLAY12 [3madaptateur[0m[2m=[0mNVIDIA GeForce RTX 4070 [3mindex_adaptateur[0m[2m=[0m0 [3mindex_sortie[0m[2m=[0m8 [3mattachee[0m[2m=[0mtrue [3mx[0m[2m=[0m11360 [3my[0m[2m=[0m0 [3mlargeur[0m[2m=[0m1280 [3mhauteur[0m[2m=[0m720
[2m2026-08-02T08:29:14.221942Z[0m [32m INFO[0m [2magent::diagnostics::multifenetre::plafond[0m[2m:[0m sorties rattachées [3mattachees[0m[2m=[0m8 [3mnoms[0m[2m=[0m["\\\\.\\DISPLAY10", "\\\\.\\DISPLAY11", "\\\\.\\DISPLAY12", "\\\\.\\DISPLAY5", "\\\\.\\DISPLAY6", "\\\\.\\DISPLAY7", "\\\\.\\DISPLAY8", "\\\\.\\DISPLAY9"]
[2m2026-08-02T08:29:14.221958Z[0m [32m INFO[0m [2magent::diagnostics::multifenetre::plafond[0m[2m:[0m lancement de la sonde [3msonde[0m[2m=[0m0 [3msorties[0m[2m=[0m["\\\\.\\DISPLAY10", "\\\\.\\DISPLAY11", "\\\\.\\DISPLAY12", "\\\\.\\DISPLAY5"]
[2m2026-08-02T08:29:14.231797Z[0m [32m INFO[0m [2magent[0m[2m:[0m accélération pointeur neutralisée [3mrapport[0m[2m=[0m"seuils relus = [0, 0, 0], vitesse relue = 10 (attendu : [0, 0, 0] et 10)"
[2m2026-08-02T08:29:14.231829Z[0m [32m INFO[0m [2magent::diagnostics::multifenetre::plafond::sonde[0m[2m:[0m sonde démarrée [3msonde[0m[2m=[0m0 [3msorties[0m[2m=[0m["\\\\.\\DISPLAY10", "\\\\.\\DISPLAY11", "\\\\.\\DISPLAY12", "\\\\.\\DISPLAY5"]
[2m2026-08-02T08:29:14.233806Z[0m [32m INFO[0m [2magent::capture::ouverture[0m[2m:[0m sortie retenue pour la duplication [3madaptateur[0m[2m=[0mNVIDIA GeForce RTX 4070 [3mindex_adaptateur[0m[2m=[0m0 [3mindex_sortie[0m[2m=[0m6 [3mnom_sortie[0m[2m=[0m\\.\DISPLAY10 [3mattachee[0m[2m=[0mtrue
[2m2026-08-02T08:29:14.310108Z[0m [32m INFO[0m [2magent::capture::ouverture[0m[2m:[0m protection multi-fils activée sur le contexte immédiat D3D11 [3mprotection_precedente[0m[2m=[0mfalse
[2m2026-08-02T08:29:14.310423Z[0m [32m INFO[0m [2magent::capture[0m[2m:[0m duplication de sortie établie [3mdesktop_width[0m[2m=[0m1280 [3mdesktop_height[0m[2m=[0m720
[2m2026-08-02T08:29:14.310435Z[0m [32m INFO[0m [2magent::diagnostics::multifenetre::plafond::sonde[0m[2m:[0m duplication ouverte [3msonde[0m[2m=[0m0 [3mduplication[0m[2m=[0m1 [3mnom[0m[2m=[0m\\.\DISPLAY10
[2m2026-08-02T08:29:14.310838Z[0m [32m INFO[0m [2magent::capture::ouverture[0m[2m:[0m sortie retenue pour la duplication [3madaptateur[0m[2m=[0mNVIDIA GeForce RTX 4070 [3mindex_adaptateur[0m[2m=[0m0 [3mindex_sortie[0m[2m=[0m7 [3mnom_sortie[0m[2m=[0m\\.\DISPLAY11 [3mattachee[0m[2m=[0mtrue
[2m2026-08-02T08:29:14.329017Z[0m [32m INFO[0m [2magent::capture::ouverture[0m[2m:[0m protection multi-fils activée sur le contexte immédiat D3D11 [3mprotection_precedente[0m[2m=[0mfalse
[2m2026-08-02T08:29:14.329249Z[0m [32m INFO[0m [2magent::capture[0m[2m:[0m duplication de sortie établie [3mdesktop_width[0m[2m=[0m1280 [3mdesktop_height[0m[2m=[0m720
[2m2026-08-02T08:29:14.329259Z[0m [32m INFO[0m [2magent::diagnostics::multifenetre::plafond::sonde[0m[2m:[0m duplication ouverte [3msonde[0m[2m=[0m0 [3mduplication[0m[2m=[0m2 [3mnom[0m[2m=[0m\\.\DISPLAY11
[2m2026-08-02T08:29:14.329654Z[0m [32m INFO[0m [2magent::capture::ouverture[0m[2m:[0m sortie retenue pour la duplication [3madaptateur[0m[2m=[0mNVIDIA GeForce RTX 4070 [3mindex_adaptateur[0m[2m=[0m0 [3mindex_sortie[0m[2m=[0m8 [3mnom_sortie[0m[2m=[0m\\.\DISPLAY12 [3mattachee[0m[2m=[0mtrue
[2m2026-08-02T08:29:14.347620Z[0m [32m INFO[0m [2magent::capture::ouverture[0m[2m:[0m protection multi-fils activée sur le contexte immédiat D3D11 [3mprotection_precedente[0m[2m=[0mfalse
[2m2026-08-02T08:29:14.347862Z[0m [32m INFO[0m [2magent::capture[0m[2m:[0m duplication de sortie établie [3mdesktop_width[0m[2m=[0m1280 [3mdesktop_height[0m[2m=[0m720
[2m2026-08-02T08:29:14.347872Z[0m [32m INFO[0m [2magent::diagnostics::multifenetre::plafond::sonde[0m[2m:[0m duplication ouverte [3msonde[0m[2m=[0m0 [3mduplication[0m[2m=[0m3 [3mnom[0m[2m=[0m\\.\DISPLAY12
[2m2026-08-02T08:29:14.348188Z[0m [32m INFO[0m [2magent::capture::ouverture[0m[2m:[0m sortie retenue pour la duplication [3madaptateur[0m[2m=[0mNVIDIA GeForce RTX 4070 [3mindex_adaptateur[0m[2m=[0m0 [3mindex_sortie[0m[2m=[0m1 [3mnom_sortie[0m[2m=[0m\\.\DISPLAY5 [3mattachee[0m[2m=[0mtrue
[2m2026-08-02T08:29:14.365839Z[0m [32m INFO[0m [2magent::capture::ouverture[0m[2m:[0m protection multi-fils activée sur le contexte immédiat D3D11 [3mprotection_precedente[0m[2m=[0mfalse
[2m2026-08-02T08:29:14.366054Z[0m [32m INFO[0m [2magent::capture[0m[2m:[0m duplication de sortie établie [3mdesktop_width[0m[2m=[0m1280 [3mdesktop_height[0m[2m=[0m720
[2m2026-08-02T08:29:14.366063Z[0m [32m INFO[0m [2magent::diagnostics::multifenetre::plafond::sonde[0m[2m:[0m duplication ouverte [3msonde[0m[2m=[0m0 [3mduplication[0m[2m=[0m4 [3mnom[0m[2m=[0m\\.\DISPLAY5
[2m2026-08-02T08:29:14.366312Z[0m [32m INFO[0m [2magent::diagnostics::multifenetre::plafond::sonde[0m[2m:[0m verdict déposé [3msonde[0m[2m=[0m0 [3mouvertes[0m[2m=[0m4 [3mverdict[0m[2m=[0mOK
[2m2026-08-02T08:29:14.425193Z[0m [32m INFO[0m [2magent::diagnostics::multifenetre::plafond[0m[2m:[0m verdict reçu [3msonde[0m[2m=[0m0 [3mverdict[0m[2m=[0mOK
[2m2026-08-02T08:29:14.425212Z[0m [32m INFO[0m [2magent::diagnostics::multifenetre::plafond[0m[2m:[0m lancement de la sonde [3msonde[0m[2m=[0m1 [3msorties[0m[2m=[0m["\\\\.\\DISPLAY6", "\\\\.\\DISPLAY7", "\\\\.\\DISPLAY8", "\\\\.\\DISPLAY9"]
[2m2026-08-02T08:29:14.432838Z[0m [32m INFO[0m [2magent[0m[2m:[0m accélération pointeur neutralisée [3mrapport[0m[2m=[0m"seuils relus = [0, 0, 0], vitesse relue = 10 (attendu : [0, 0, 0] et 10)"
[2m2026-08-02T08:29:14.432864Z[0m [32m INFO[0m [2magent::diagnostics::multifenetre::plafond::sonde[0m[2m:[0m sonde démarrée [3msonde[0m[2m=[0m1 [3msorties[0m[2m=[0m["\\\\.\\DISPLAY6", "\\\\.\\DISPLAY7", "\\\\.\\DISPLAY8", "\\\\.\\DISPLAY9"]
[2m2026-08-02T08:29:14.434566Z[0m [32m INFO[0m [2magent::capture::ouverture[0m[2m:[0m sortie retenue pour la duplication [3madaptateur[0m[2m=[0mNVIDIA GeForce RTX 4070 [3mindex_adaptateur[0m[2m=[0m0 [3mindex_sortie[0m[2m=[0m2 [3mnom_sortie[0m[2m=[0m\\.\DISPLAY6 [3mattachee[0m[2m=[0mtrue
[2m2026-08-02T08:29:14.510917Z[0m [32m INFO[0m [2magent::capture::ouverture[0m[2m:[0m protection multi-fils activée sur le contexte immédiat D3D11 [3mprotection_precedente[0m[2m=[0mfalse
[2m2026-08-02T08:29:14.511203Z[0m [32m INFO[0m [2magent::capture[0m[2m:[0m duplication de sortie établie [3mdesktop_width[0m[2m=[0m1280 [3mdesktop_height[0m[2m=[0m720
[2m2026-08-02T08:29:14.511215Z[0m [32m INFO[0m [2magent::diagnostics::multifenetre::plafond::sonde[0m[2m:[0m duplication ouverte [3msonde[0m[2m=[0m1 [3mduplication[0m[2m=[0m1 [3mnom[0m[2m=[0m\\.\DISPLAY6
[2m2026-08-02T08:29:14.511598Z[0m [32m INFO[0m [2magent::capture::ouverture[0m[2m:[0m sortie retenue pour la duplication [3madaptateur[0m[2m=[0mNVIDIA GeForce RTX 4070 [3mindex_adaptateur[0m[2m=[0m0 [3mindex_sortie[0m[2m=[0m3 [3mnom_sortie[0m[2m=[0m\\.\DISPLAY7 [3mattachee[0m[2m=[0mtrue
[2m2026-08-02T08:29:14.530221Z[0m [32m INFO[0m [2magent::capture::ouverture[0m[2m:[0m protection multi-fils activée sur le contexte immédiat D3D11 [3mprotection_precedente[0m[2m=[0mfalse
[2m2026-08-02T08:29:14.530446Z[0m [32m INFO[0m [2magent::capture[0m[2m:[0m duplication de sortie établie [3mdesktop_width[0m[2m=[0m1280 [3mdesktop_height[0m[2m=[0m720
[2m2026-08-02T08:29:14.530456Z[0m [32m INFO[0m [2magent::diagnostics::multifenetre::plafond::sonde[0m[2m:[0m duplication ouverte [3msonde[0m[2m=[0m1 [3mduplication[0m[2m=[0m2 [3mnom[0m[2m=[0m\\.\DISPLAY7
[2m2026-08-02T08:29:14.530842Z[0m [32m INFO[0m [2magent::capture::ouverture[0m[2m:[0m sortie retenue pour la duplication [3madaptateur[0m[2m=[0mNVIDIA GeForce RTX 4070 [3mindex_adaptateur[0m[2m=[0m0 [3mindex_sortie[0m[2m=[0m4 [3mnom_sortie[0m[2m=[0m\\.\DISPLAY8 [3mattachee[0m[2m=[0mtrue
[2m2026-08-02T08:29:14.549905Z[0m [32m INFO[0m [2magent::capture::ouverture[0m[2m:[0m protection multi-fils activée sur le contexte immédiat D3D11 [3mprotection_precedente[0m[2m=[0mfalse
[2m2026-08-02T08:29:14.550189Z[0m [32m INFO[0m [2magent::capture[0m[2m:[0m duplication de sortie établie [3mdesktop_width[0m[2m=[0m1280 [3mdesktop_height[0m[2m=[0m720
[2m2026-08-02T08:29:14.550200Z[0m [32m INFO[0m [2magent::diagnostics::multifenetre::plafond::sonde[0m[2m:[0m duplication ouverte [3msonde[0m[2m=[0m1 [3mduplication[0m[2m=[0m3 [3mnom[0m[2m=[0m\\.\DISPLAY8
[2m2026-08-02T08:29:14.550552Z[0m [32m INFO[0m [2magent::capture::ouverture[0m[2m:[0m sortie retenue pour la duplication [3madaptateur[0m[2m=[0mNVIDIA GeForce RTX 4070 [3mindex_adaptateur[0m[2m=[0m0 [3mindex_sortie[0m[2m=[0m5 [3mnom_sortie[0m[2m=[0m\\.\DISPLAY9 [3mattachee[0m[2m=[0mtrue
[2m2026-08-02T08:29:14.569527Z[0m [32m INFO[0m [2magent::capture::ouverture[0m[2m:[0m protection multi-fils activée sur le contexte immédiat D3D11 [3mprotection_precedente[0m[2m=[0mfalse
[2m2026-08-02T08:29:14.569810Z[0m [32m INFO[0m [2magent::capture[0m[2m:[0m duplication de sortie établie [3mdesktop_width[0m[2m=[0m1280 [3mdesktop_height[0m[2m=[0m720
[2m2026-08-02T08:29:14.569822Z[0m [32m INFO[0m [2magent::diagnostics::multifenetre::plafond::sonde[0m[2m:[0m duplication ouverte [3msonde[0m[2m=[0m1 [3mduplication[0m[2m=[0m4 [3mnom[0m[2m=[0m\\.\DISPLAY9
[2m2026-08-02T08:29:14.570161Z[0m [32m INFO[0m [2magent::diagnostics::multifenetre::plafond::sonde[0m[2m:[0m verdict déposé [3msonde[0m[2m=[0m1 [3mouvertes[0m[2m=[0m4 [3mverdict[0m[2m=[0mOK
[2m2026-08-02T08:29:14.627480Z[0m [32m INFO[0m [2magent::diagnostics::multifenetre::plafond[0m[2m:[0m verdict reçu [3msonde[0m[2m=[0m1 [3mverdict[0m[2m=[0mOK
[2m2026-08-02T08:29:14.668235Z[0m [32m INFO[0m [2magent::diagnostics::multifenetre::plafond::sonde[0m[2m:[0m arrêt demandé, relâchement des duplications [3msonde[0m[2m=[0m0
[2m2026-08-02T08:29:14.670685Z[0m [32m INFO[0m [2magent::diagnostics::multifenetre::plafond::sonde[0m[2m:[0m arrêt demandé, relâchement des duplications [3msonde[0m[2m=[0m1
[2m2026-08-02T08:29:14.708744Z[0m [32m INFO[0m [2magent::diagnostics::multifenetre::plafond[0m[2m:[0m sonde terminée [3msonde[0m[2m=[0m0 [3mstatut[0m[2m=[0mExitStatus(ExitStatus(0))
[2m2026-08-02T08:29:14.708766Z[0m [32m INFO[0m [2magent::diagnostics::multifenetre::plafond[0m[2m:[0m sonde terminée [3msonde[0m[2m=[0m1 [3mstatut[0m[2m=[0mExitStatus(ExitStatus(0))
[2m2026-08-02T08:29:14.708775Z[0m [32m INFO[0m [2magent::diagnostics::multifenetre::plafond[0m[2m:[0m campagne du plafond — bilan [3mprocessus[0m[2m=[0m2 [3mduplications[0m[2m=[0m4 [3mlancees[0m[2m=[0m2 [3mverdicts[0m[2m=[0m[(0, "OK"), (1, "OK")]
[2m2026-08-02T08:29:14.708780Z[0m [32m INFO[0m [2magent::diagnostics::multifenetre::plafond[0m[2m:[0m chien de garde : plus grand écart entre deux battements sur toute la conduite [3mintervalle_ping_max_ms[0m[2m=[0m486
[2m2026-08-02T08:29:14.714018Z[0m [32m INFO[0m [2magent::moniteurs_virtuels::pilote[0m[2m:[0m sortie virtuelle détruite [3mid[0m[2m=[0m262
[2m2026-08-02T08:29:14.718821Z[0m [32m INFO[0m [2magent::moniteurs_virtuels::pilote[0m[2m:[0m sortie virtuelle détruite [3mid[0m[2m=[0m257
[2m2026-08-02T08:29:14.723406Z[0m [32m INFO[0m [2magent::moniteurs_virtuels::pilote[0m[2m:[0m sortie virtuelle détruite [3mid[0m[2m=[0m260
[2m2026-08-02T08:29:14.728488Z[0m [32m INFO[0m [2magent::moniteurs_virtuels::pilote[0m[2m:[0m sortie virtuelle détruite [3mid[0m[2m=[0m261
[2m2026-08-02T08:29:14.733550Z[0m [32m INFO[0m [2magent::moniteurs_virtuels::pilote[0m[2m:[0m sortie virtuelle détruite [3mid[0m[2m=[0m259
[2m2026-08-02T08:29:14.738860Z[0m [32m INFO[0m [2magent::moniteurs_virtuels::pilote[0m[2m:[0m sortie virtuelle détruite [3mid[0m[2m=[0m263
[2m2026-08-02T08:29:14.744359Z[0m [32m INFO[0m [2magent::moniteurs_virtuels::pilote[0m[2m:[0m sortie virtuelle détruite [3mid[0m[2m=[0m265
[2m2026-08-02T08:29:14.749931Z[0m [32m INFO[0m [2magent::moniteurs_virtuels::pilote[0m[2m:[0m sortie virtuelle détruite [3mid[0m[2m=[0m258
[2m2026-08-02T08:29:17.751488Z[0m [32m INFO[0m [2magent::capture::enumeration[0m[2m:[0m adaptateur DXGI sans sortie [3madaptateur[0m[2m=[0mNVIDIA GeForce RTX 4070 [3mindex_adaptateur[0m[2m=[0m1
[2m2026-08-02T08:29:17.751522Z[0m [32m INFO[0m [2magent::capture::enumeration[0m[2m:[0m adaptateur DXGI sans sortie [3madaptateur[0m[2m=[0mMicrosoft Basic Render Driver [3mindex_adaptateur[0m[2m=[0m2
[2m2026-08-02T08:29:17.751529Z[0m [32m INFO[0m [2magent::diagnostics::multifenetre::montee[0m[2m:[0m topologie relevée [3mmoment[0m[2m=[0m"après destruction" [3mnombre[0m[2m=[0m1 [3mattachees[0m[2m=[0m1
[2m2026-08-02T08:29:17.751533Z[0m [32m INFO[0m [2magent::diagnostics::multifenetre::montee[0m[2m:[0m sortie [3mmoment[0m[2m=[0m"après destruction" [3mnom[0m[2m=[0m\\.\DISPLAY1 [3madaptateur[0m[2m=[0mNVIDIA GeForce RTX 4070 [3mindex_adaptateur[0m[2m=[0m0 [3mindex_sortie[0m[2m=[0m0 [3mattachee[0m[2m=[0mtrue [3mx[0m[2m=[0m0 [3my[0m[2m=[0m0 [3mlargeur[0m[2m=[0m2400 [3mhauteur[0m[2m=[0m1080
[2m2026-08-02T08:29:17.751539Z[0m [32m INFO[0m [2magent::diagnostics::multifenetre::plafond[0m[2m:[0m topologie restaurée nom pour nom
