[2m2026-08-02T08:32:21.248631Z[0m [32m INFO[0m [2magent[0m[2m:[0m accélération pointeur neutralisée [3mrapport[0m[2m=[0m"seuils relus = [0, 0, 0], vitesse relue = 10 (attendu : [0, 0, 0] et 10)"
[2m2026-08-02T08:32:21.248673Z[0m [32m INFO[0m [2magent::diagnostics::multifenetre::plafond[0m[2m:[0m campagne du plafond — début [3mprocessus[0m[2m=[0m8 [3mduplications[0m[2m=[0m1 [3mtotal[0m[2m=[0m8
[2m2026-08-02T08:32:21.251147Z[0m [32m INFO[0m [2magent::capture::enumeration[0m[2m:[0m adaptateur DXGI sans sortie [3madaptateur[0m[2m=[0mNVIDIA GeForce RTX 4070 [3mindex_adaptateur[0m[2m=[0m1
[2m2026-08-02T08:32:21.251184Z[0m [32m INFO[0m [2magent::capture::enumeration[0m[2m:[0m adaptateur DXGI sans sortie [3madaptateur[0m[2m=[0mMicrosoft Basic Render Driver [3mindex_adaptateur[0m[2m=[0m2
[2m2026-08-02T08:32:21.251195Z[0m [32m INFO[0m [2magent::diagnostics::multifenetre::montee[0m[2m:[0m topologie relevée [3mmoment[0m[2m=[0m"avant création" [3mnombre[0m[2m=[0m1 [3mattachees[0m[2m=[0m1
[2m2026-08-02T08:32:21.251200Z[0m [32m INFO[0m [2magent::diagnostics::multifenetre::montee[0m[2m:[0m sortie [3mmoment[0m[2m=[0m"avant création" [3mnom[0m[2m=[0m\\.\DISPLAY1 [3madaptateur[0m[2m=[0mNVIDIA GeForce RTX 4070 [3mindex_adaptateur[0m[2m=[0m0 [3mindex_sortie[0m[2m=[0m0 [3mattachee[0m[2m=[0mtrue [3mx[0m[2m=[0m0 [3my[0m[2m=[0m0 [3mlargeur[0m[2m=[0m2400 [3mhauteur[0m[2m=[0m1080
[2m2026-08-02T08:32:21.252260Z[0m [32m INFO[0m [2magent::moniteurs_virtuels::pilote[0m[2m:[0m sortie virtuelle créée [3mid[0m[2m=[0m256 [3madaptateur_bas[0m[2m=[0m62534 [3madaptateur_haut[0m[2m=[0m0 [3mguid[0m[2m=[0m9C4A1F6E-2B73-4D51-9E08-677541430001 [3mlargeur[0m[2m=[0m1280 [3mhauteur[0m[2m=[0m720 [3mhertz[0m[2m=[0m60
[2m2026-08-02T08:32:21.252358Z[0m [32m INFO[0m [2magent::moniteurs_virtuels::pilote[0m[2m:[0m sortie virtuelle créée [3mid[0m[2m=[0m264 [3madaptateur_bas[0m[2m=[0m62534 [3madaptateur_haut[0m[2m=[0m0 [3mguid[0m[2m=[0m9C4A1F6E-2B73-4D51-9E08-677541430002 [3mlargeur[0m[2m=[0m1280 [3mhauteur[0m[2m=[0m720 [3mhertz[0m[2m=[0m60
[2m2026-08-02T08:32:21.252431Z[0m [32m INFO[0m [2magent::moniteurs_virtuels::pilote[0m[2m:[0m sortie virtuelle créée [3mid[0m[2m=[0m262 [3madaptateur_bas[0m[2m=[0m62534 [3madaptateur_haut[0m[2m=[0m0 [3mguid[0m[2m=[0m9C4A1F6E-2B73-4D51-9E08-677541430003 [3mlargeur[0m[2m=[0m1280 [3mhauteur[0m[2m=[0m720 [3mhertz[0m[2m=[0m60
[2m2026-08-02T08:32:21.252492Z[0m [32m INFO[0m [2magent::moniteurs_virtuels::pilote[0m[2m:[0m sortie virtuelle créée [3mid[0m[2m=[0m257 [3madaptateur_bas[0m[2m=[0m62534 [3madaptateur_haut[0m[2m=[0m0 [3mguid[0m[2m=[0m9C4A1F6E-2B73-4D51-9E08-677541430004 [3mlargeur[0m[2m=[0m1280 [3mhauteur[0m[2m=[0m720 [3mhertz[0m[2m=[0m60
[2m2026-08-02T08:32:21.252543Z[0m [32m INFO[0m [2magent::moniteurs_virtuels::pilote[0m[2m:[0m sortie virtuelle créée [3mid[0m[2m=[0m260 [3madaptateur_bas[0m[2m=[0m62534 [3madaptateur_haut[0m[2m=[0m0 [3mguid[0m[2m=[0m9C4A1F6E-2B73-4D51-9E08-677541430005 [3mlargeur[0m[2m=[0m1280 [3mhauteur[0m[2m=[0m720 [3mhertz[0m[2m=[0m60
[2m2026-08-02T08:32:21.252601Z[0m [32m INFO[0m [2magent::moniteurs_virtuels::pilote[0m[2m:[0m sortie virtuelle créée [3mid[0m[2m=[0m261 [3madaptateur_bas[0m[2m=[0m62534 [3madaptateur_haut[0m[2m=[0m0 [3mguid[0m[2m=[0m9C4A1F6E-2B73-4D51-9E08-677541430006 [3mlargeur[0m[2m=[0m1280 [3mhauteur[0m[2m=[0m720 [3mhertz[0m[2m=[0m60
[2m2026-08-02T08:32:21.252649Z[0m [32m INFO[0m [2magent::moniteurs_virtuels::pilote[0m[2m:[0m sortie virtuelle créée [3mid[0m[2m=[0m259 [3madaptateur_bas[0m[2m=[0m62534 [3madaptateur_haut[0m[2m=[0m0 [3mguid[0m[2m=[0m9C4A1F6E-2B73-4D51-9E08-677541430007 [3mlargeur[0m[2m=[0m1280 [3mhauteur[0m[2m=[0m720 [3mhertz[0m[2m=[0m60
[2m2026-08-02T08:32:21.252711Z[0m [32m INFO[0m [2magent::moniteurs_virtuels::pilote[0m[2m:[0m sortie virtuelle créée [3mid[0m[2m=[0m263 [3madaptateur_bas[0m[2m=[0m62534 [3madaptateur_haut[0m[2m=[0m0 [3mguid[0m[2m=[0m9C4A1F6E-2B73-4D51-9E08-677541430008 [3mlargeur[0m[2m=[0m1280 [3mhauteur[0m[2m=[0m720 [3mhertz[0m[2m=[0m60
[2m2026-08-02T08:32:24.254176Z[0m [32m INFO[0m [2magent::capture::enumeration[0m[2m:[0m adaptateur DXGI sans sortie [3madaptateur[0m[2m=[0mNVIDIA GeForce RTX 4070 [3mindex_adaptateur[0m[2m=[0m1
[2m2026-08-02T08:32:24.254208Z[0m [32m INFO[0m [2magent::capture::enumeration[0m[2m:[0m adaptateur DXGI sans sortie [3madaptateur[0m[2m=[0mMicrosoft Basic Render Driver [3mindex_adaptateur[0m[2m=[0m2
[2m2026-08-02T08:32:24.254216Z[0m [32m INFO[0m [2magent::diagnostics::multifenetre::montee[0m[2m:[0m topologie relevée [3mmoment[0m[2m=[0m"après création" [3mnombre[0m[2m=[0m9 [3mattachees[0m[2m=[0m9
[2m2026-08-02T08:32:24.254219Z[0m [32m INFO[0m [2magent::diagnostics::multifenetre::montee[0m[2m:[0m sortie [3mmoment[0m[2m=[0m"après création" [3mnom[0m[2m=[0m\\.\DISPLAY1 [3madaptateur[0m[2m=[0mNVIDIA GeForce RTX 4070 [3mindex_adaptateur[0m[2m=[0m0 [3mindex_sortie[0m[2m=[0m0 [3mattachee[0m[2m=[0mtrue [3mx[0m[2m=[0m0 [3my[0m[2m=[0m0 [3mlargeur[0m[2m=[0m2400 [3mhauteur[0m[2m=[0m1080
[2m2026-08-02T08:32:24.254224Z[0m [32m INFO[0m [2magent::diagnostics::multifenetre::montee[0m[2m:[0m sortie [3mmoment[0m[2m=[0m"après création" [3mnom[0m[2m=[0m\\.\DISPLAY5 [3madaptateur[0m[2m=[0mNVIDIA GeForce RTX 4070 [3mindex_adaptateur[0m[2m=[0m0 [3mindex_sortie[0m[2m=[0m1 [3mattachee[0m[2m=[0mtrue [3mx[0m[2m=[0m2400 [3my[0m[2m=[0m0 [3mlargeur[0m[2m=[0m1280 [3mhauteur[0m[2m=[0m720
[2m2026-08-02T08:32:24.254227Z[0m [32m INFO[0m [2magent::diagnostics::multifenetre::montee[0m[2m:[0m sortie [3mmoment[0m[2m=[0m"après création" [3mnom[0m[2m=[0m\\.\DISPLAY6 [3madaptateur[0m[2m=[0mNVIDIA GeForce RTX 4070 [3mindex_adaptateur[0m[2m=[0m0 [3mindex_sortie[0m[2m=[0m2 [3mattachee[0m[2m=[0mtrue [3mx[0m[2m=[0m3680 [3my[0m[2m=[0m0 [3mlargeur[0m[2m=[0m1280 [3mhauteur[0m[2m=[0m720
[2m2026-08-02T08:32:24.254229Z[0m [32m INFO[0m [2magent::diagnostics::multifenetre::montee[0m[2m:[0m sortie [3mmoment[0m[2m=[0m"après création" [3mnom[0m[2m=[0m\\.\DISPLAY7 [3madaptateur[0m[2m=[0mNVIDIA GeForce RTX 4070 [3mindex_adaptateur[0m[2m=[0m0 [3mindex_sortie[0m[2m=[0m3 [3mattachee[0m[2m=[0mtrue [3mx[0m[2m=[0m4960 [3my[0m[2m=[0m0 [3mlargeur[0m[2m=[0m1280 [3mhauteur[0m[2m=[0m720
[2m2026-08-02T08:32:24.254232Z[0m [32m INFO[0m [2magent::diagnostics::multifenetre::montee[0m[2m:[0m sortie [3mmoment[0m[2m=[0m"après création" [3mnom[0m[2m=[0m\\.\DISPLAY8 [3madaptateur[0m[2m=[0mNVIDIA GeForce RTX 4070 [3mindex_adaptateur[0m[2m=[0m0 [3mindex_sortie[0m[2m=[0m4 [3mattachee[0m[2m=[0mtrue [3mx[0m[2m=[0m6240 [3my[0m[2m=[0m0 [3mlargeur[0m[2m=[0m1280 [3mhauteur[0m[2m=[0m720
[2m2026-08-02T08:32:24.254234Z[0m [32m INFO[0m [2magent::diagnostics::multifenetre::montee[0m[2m:[0m sortie [3mmoment[0m[2m=[0m"après création" [3mnom[0m[2m=[0m\\.\DISPLAY9 [3madaptateur[0m[2m=[0mNVIDIA GeForce RTX 4070 [3mindex_adaptateur[0m[2m=[0m0 [3mindex_sortie[0m[2m=[0m5 [3mattachee[0m[2m=[0mtrue [3mx[0m[2m=[0m7520 [3my[0m[2m=[0m0 [3mlargeur[0m[2m=[0m1280 [3mhauteur[0m[2m=[0m720
[2m2026-08-02T08:32:24.254237Z[0m [32m INFO[0m [2magent::diagnostics::multifenetre::montee[0m[2m:[0m sortie [3mmoment[0m[2m=[0m"après création" [3mnom[0m[2m=[0m\\.\DISPLAY10 [3madaptateur[0m[2m=[0mNVIDIA GeForce RTX 4070 [3mindex_adaptateur[0m[2m=[0m0 [3mindex_sortie[0m[2m=[0m6 [3mattachee[0m[2m=[0mtrue [3mx[0m[2m=[0m8800 [3my[0m[2m=[0m0 [3mlargeur[0m[2m=[0m1280 [3mhauteur[0m[2m=[0m720
[2m2026-08-02T08:32:24.254240Z[0m [32m INFO[0m [2magent::diagnostics::multifenetre::montee[0m[2m:[0m sortie [3mmoment[0m[2m=[0m"après création" [3mnom[0m[2m=[0m\\.\DISPLAY11 [3madaptateur[0m[2m=[0mNVIDIA GeForce RTX 4070 [3mindex_adaptateur[0m[2m=[0m0 [3mindex_sortie[0m[2m=[0m7 [3mattachee[0m[2m=[0mtrue [3mx[0m[2m=[0m10080 [3my[0m[2m=[0m0 [3mlargeur[0m[2m=[0m1280 [3mhauteur[0m[2m=[0m720
[2m2026-08-02T08:32:24.254242Z[0m [32m INFO[0m [2magent::diagnostics::multifenetre::montee[0m[2m:[0m sortie [3mmoment[0m[2m=[0m"après création" [3mnom[0m[2m=[0m\\.\DISPLAY12 [3madaptateur[0m[2m=[0mNVIDIA GeForce RTX 4070 [3mindex_adaptateur[0m[2m=[0m0 [3mindex_sortie[0m[2m=[0m8 [3mattachee[0m[2m=[0mtrue [3mx[0m[2m=[0m11360 [3my[0m[2m=[0m0 [3mlargeur[0m[2m=[0m1280 [3mhauteur[0m[2m=[0m720
[2m2026-08-02T08:32:24.254459Z[0m [32m INFO[0m [2magent::diagnostics::multifenetre::plafond[0m[2m:[0m sorties rattachées [3mattachees[0m[2m=[0m8 [3mnoms[0m[2m=[0m["\\\\.\\DISPLAY10", "\\\\.\\DISPLAY11", "\\\\.\\DISPLAY12", "\\\\.\\DISPLAY5", "\\\\.\\DISPLAY6", "\\\\.\\DISPLAY7", "\\\\.\\DISPLAY8", "\\\\.\\DISPLAY9"]
[2m2026-08-02T08:32:24.254479Z[0m [32m INFO[0m [2magent::diagnostics::multifenetre::plafond[0m[2m:[0m lancement de la sonde [3msonde[0m[2m=[0m0 [3msorties[0m[2m=[0m["\\\\.\\DISPLAY10"]
[2m2026-08-02T08:32:24.262008Z[0m [32m INFO[0m [2magent[0m[2m:[0m accélération pointeur neutralisée [3mrapport[0m[2m=[0m"seuils relus = [0, 0, 0], vitesse relue = 10 (attendu : [0, 0, 0] et 10)"
[2m2026-08-02T08:32:24.262118Z[0m [32m INFO[0m [2magent::diagnostics::multifenetre::plafond::sonde[0m[2m:[0m sonde démarrée [3msonde[0m[2m=[0m0 [3msorties[0m[2m=[0m["\\\\.\\DISPLAY10"]
[2m2026-08-02T08:32:24.263813Z[0m [32m INFO[0m [2magent::capture::ouverture[0m[2m:[0m sortie retenue pour la duplication [3madaptateur[0m[2m=[0mNVIDIA GeForce RTX 4070 [3mindex_adaptateur[0m[2m=[0m0 [3mindex_sortie[0m[2m=[0m6 [3mnom_sortie[0m[2m=[0m\\.\DISPLAY10 [3mattachee[0m[2m=[0mtrue
[2m2026-08-02T08:32:24.340465Z[0m [32m INFO[0m [2magent::capture::ouverture[0m[2m:[0m protection multi-fils activée sur le contexte immédiat D3D11 [3mprotection_precedente[0m[2m=[0mfalse
[2m2026-08-02T08:32:24.340773Z[0m [32m INFO[0m [2magent::capture[0m[2m:[0m duplication de sortie établie [3mdesktop_width[0m[2m=[0m1280 [3mdesktop_height[0m[2m=[0m720
[2m2026-08-02T08:32:24.340784Z[0m [32m INFO[0m [2magent::diagnostics::multifenetre::plafond::sonde[0m[2m:[0m duplication ouverte [3msonde[0m[2m=[0m0 [3mduplication[0m[2m=[0m1 [3mnom[0m[2m=[0m\\.\DISPLAY10
[2m2026-08-02T08:32:24.341030Z[0m [32m INFO[0m [2magent::diagnostics::multifenetre::plafond::sonde[0m[2m:[0m verdict déposé [3msonde[0m[2m=[0m0 [3mouvertes[0m[2m=[0m1 [3mverdict[0m[2m=[0mOK
[2m2026-08-02T08:32:24.357548Z[0m [32m INFO[0m [2magent::diagnostics::multifenetre::plafond[0m[2m:[0m verdict reçu [3msonde[0m[2m=[0m0 [3mverdict[0m[2m=[0mOK
[2m2026-08-02T08:32:24.357567Z[0m [32m INFO[0m [2magent::diagnostics::multifenetre::plafond[0m[2m:[0m lancement de la sonde [3msonde[0m[2m=[0m1 [3msorties[0m[2m=[0m["\\\\.\\DISPLAY11"]
[2m2026-08-02T08:32:24.364221Z[0m [32m INFO[0m [2magent[0m[2m:[0m accélération pointeur neutralisée [3mrapport[0m[2m=[0m"seuils relus = [0, 0, 0], vitesse relue = 10 (attendu : [0, 0, 0] et 10)"
[2m2026-08-02T08:32:24.364247Z[0m [32m INFO[0m [2magent::diagnostics::multifenetre::plafond::sonde[0m[2m:[0m sonde démarrée [3msonde[0m[2m=[0m1 [3msorties[0m[2m=[0m["\\\\.\\DISPLAY11"]
[2m2026-08-02T08:32:24.366013Z[0m [32m INFO[0m [2magent::capture::ouverture[0m[2m:[0m sortie retenue pour la duplication [3madaptateur[0m[2m=[0mNVIDIA GeForce RTX 4070 [3mindex_adaptateur[0m[2m=[0m0 [3mindex_sortie[0m[2m=[0m7 [3mnom_sortie[0m[2m=[0m\\.\DISPLAY11 [3mattachee[0m[2m=[0mtrue
[2m2026-08-02T08:32:24.442333Z[0m [32m INFO[0m [2magent::capture::ouverture[0m[2m:[0m protection multi-fils activée sur le contexte immédiat D3D11 [3mprotection_precedente[0m[2m=[0mfalse
[2m2026-08-02T08:32:24.442619Z[0m [32m INFO[0m [2magent::capture[0m[2m:[0m duplication de sortie établie [3mdesktop_width[0m[2m=[0m1280 [3mdesktop_height[0m[2m=[0m720
[2m2026-08-02T08:32:24.442629Z[0m [32m INFO[0m [2magent::diagnostics::multifenetre::plafond::sonde[0m[2m:[0m duplication ouverte [3msonde[0m[2m=[0m1 [3mduplication[0m[2m=[0m1 [3mnom[0m[2m=[0m\\.\DISPLAY11
[2m2026-08-02T08:32:24.442858Z[0m [32m INFO[0m [2magent::diagnostics::multifenetre::plafond::sonde[0m[2m:[0m verdict déposé [3msonde[0m[2m=[0m1 [3mouvertes[0m[2m=[0m1 [3mverdict[0m[2m=[0mOK
[2m2026-08-02T08:32:24.459057Z[0m [32m INFO[0m [2magent::diagnostics::multifenetre::plafond[0m[2m:[0m verdict reçu [3msonde[0m[2m=[0m1 [3mverdict[0m[2m=[0mOK
[2m2026-08-02T08:32:24.459075Z[0m [32m INFO[0m [2magent::diagnostics::multifenetre::plafond[0m[2m:[0m lancement de la sonde [3msonde[0m[2m=[0m2 [3msorties[0m[2m=[0m["\\\\.\\DISPLAY12"]
[2m2026-08-02T08:32:24.465894Z[0m [32m INFO[0m [2magent[0m[2m:[0m accélération pointeur neutralisée [3mrapport[0m[2m=[0m"seuils relus = [0, 0, 0], vitesse relue = 10 (attendu : [0, 0, 0] et 10)"
[2m2026-08-02T08:32:24.465925Z[0m [32m INFO[0m [2magent::diagnostics::multifenetre::plafond::sonde[0m[2m:[0m sonde démarrée [3msonde[0m[2m=[0m2 [3msorties[0m[2m=[0m["\\\\.\\DISPLAY12"]
[2m2026-08-02T08:32:24.467632Z[0m [32m INFO[0m [2magent::capture::ouverture[0m[2m:[0m sortie retenue pour la duplication [3madaptateur[0m[2m=[0mNVIDIA GeForce RTX 4070 [3mindex_adaptateur[0m[2m=[0m0 [3mindex_sortie[0m[2m=[0m8 [3mnom_sortie[0m[2m=[0m\\.\DISPLAY12 [3mattachee[0m[2m=[0mtrue
[2m2026-08-02T08:32:24.543271Z[0m [32m INFO[0m [2magent::capture::ouverture[0m[2m:[0m protection multi-fils activée sur le contexte immédiat D3D11 [3mprotection_precedente[0m[2m=[0mfalse
[2m2026-08-02T08:32:24.543588Z[0m [32m INFO[0m [2magent::capture[0m[2m:[0m duplication de sortie établie [3mdesktop_width[0m[2m=[0m1280 [3mdesktop_height[0m[2m=[0m720
[2m2026-08-02T08:32:24.543601Z[0m [32m INFO[0m [2magent::diagnostics::multifenetre::plafond::sonde[0m[2m:[0m duplication ouverte [3msonde[0m[2m=[0m2 [3mduplication[0m[2m=[0m1 [3mnom[0m[2m=[0m\\.\DISPLAY12
[2m2026-08-02T08:32:24.543848Z[0m [32m INFO[0m [2magent::diagnostics::multifenetre::plafond::sonde[0m[2m:[0m verdict déposé [3msonde[0m[2m=[0m2 [3mouvertes[0m[2m=[0m1 [3mverdict[0m[2m=[0mOK
[2m2026-08-02T08:32:24.560830Z[0m [32m INFO[0m [2magent::diagnostics::multifenetre::plafond[0m[2m:[0m verdict reçu [3msonde[0m[2m=[0m2 [3mverdict[0m[2m=[0mOK
[2m2026-08-02T08:32:24.560847Z[0m [32m INFO[0m [2magent::diagnostics::multifenetre::plafond[0m[2m:[0m lancement de la sonde [3msonde[0m[2m=[0m3 [3msorties[0m[2m=[0m["\\\\.\\DISPLAY5"]
[2m2026-08-02T08:32:24.567525Z[0m [32m INFO[0m [2magent[0m[2m:[0m accélération pointeur neutralisée [3mrapport[0m[2m=[0m"seuils relus = [0, 0, 0], vitesse relue = 10 (attendu : [0, 0, 0] et 10)"
[2m2026-08-02T08:32:24.567560Z[0m [32m INFO[0m [2magent::diagnostics::multifenetre::plafond::sonde[0m[2m:[0m sonde démarrée [3msonde[0m[2m=[0m3 [3msorties[0m[2m=[0m["\\\\.\\DISPLAY5"]
[2m2026-08-02T08:32:24.569335Z[0m [32m INFO[0m [2magent::capture::ouverture[0m[2m:[0m sortie retenue pour la duplication [3madaptateur[0m[2m=[0mNVIDIA GeForce RTX 4070 [3mindex_adaptateur[0m[2m=[0m0 [3mindex_sortie[0m[2m=[0m1 [3mnom_sortie[0m[2m=[0m\\.\DISPLAY5 [3mattachee[0m[2m=[0mtrue
[2m2026-08-02T08:32:24.644305Z[0m [32m INFO[0m [2magent::capture::ouverture[0m[2m:[0m protection multi-fils activée sur le contexte immédiat D3D11 [3mprotection_precedente[0m[2m=[0mfalse
[2m2026-08-02T08:32:24.644656Z[0m [32m INFO[0m [2magent::capture[0m[2m:[0m duplication de sortie établie [3mdesktop_width[0m[2m=[0m1280 [3mdesktop_height[0m[2m=[0m720
[2m2026-08-02T08:32:24.644667Z[0m [32m INFO[0m [2magent::diagnostics::multifenetre::plafond::sonde[0m[2m:[0m duplication ouverte [3msonde[0m[2m=[0m3 [3mduplication[0m[2m=[0m1 [3mnom[0m[2m=[0m\\.\DISPLAY5
[2m2026-08-02T08:32:24.644896Z[0m [32m INFO[0m [2magent::diagnostics::multifenetre::plafond::sonde[0m[2m:[0m verdict déposé [3msonde[0m[2m=[0m3 [3mouvertes[0m[2m=[0m1 [3mverdict[0m[2m=[0mOK
[2m2026-08-02T08:32:24.662496Z[0m [32m INFO[0m [2magent::diagnostics::multifenetre::plafond[0m[2m:[0m verdict reçu [3msonde[0m[2m=[0m3 [3mverdict[0m[2m=[0mOK
[2m2026-08-02T08:32:24.662508Z[0m [32m INFO[0m [2magent::diagnostics::multifenetre::plafond[0m[2m:[0m lancement de la sonde [3msonde[0m[2m=[0m4 [3msorties[0m[2m=[0m["\\\\.\\DISPLAY6"]
[2m2026-08-02T08:32:24.668605Z[0m [32m INFO[0m [2magent[0m[2m:[0m accélération pointeur neutralisée [3mrapport[0m[2m=[0m"seuils relus = [0, 0, 0], vitesse relue = 10 (attendu : [0, 0, 0] et 10)"
[2m2026-08-02T08:32:24.668643Z[0m [32m INFO[0m [2magent::diagnostics::multifenetre::plafond::sonde[0m[2m:[0m sonde démarrée [3msonde[0m[2m=[0m4 [3msorties[0m[2m=[0m["\\\\.\\DISPLAY6"]
[2m2026-08-02T08:32:24.670321Z[0m [32m INFO[0m [2magent::capture::ouverture[0m[2m:[0m sortie retenue pour la duplication [3madaptateur[0m[2m=[0mNVIDIA GeForce RTX 4070 [3mindex_adaptateur[0m[2m=[0m0 [3mindex_sortie[0m[2m=[0m2 [3mnom_sortie[0m[2m=[0m\\.\DISPLAY6 [3mattachee[0m[2m=[0mtrue
[2m2026-08-02T08:32:24.746715Z[0m [32m INFO[0m [2magent::capture::ouverture[0m[2m:[0m protection multi-fils activée sur le contexte immédiat D3D11 [3mprotection_precedente[0m[2m=[0mfalse
[2m2026-08-02T08:32:24.747051Z[0m [32m INFO[0m [2magent::capture::ouverture[0m[2m:[0m duplication indisponible à l'ouverture, nouvel essai [3mhresult[0m[2m=[0m"0x887a0022" [3mcible[0m[2m=[0mSortie("\\\\.\\DISPLAY6")
[2m2026-08-02T08:32:24.897946Z[0m [32m INFO[0m [2magent::capture::ouverture[0m[2m:[0m duplication indisponible à l'ouverture, nouvel essai [3mhresult[0m[2m=[0m"0x887a0022" [3mcible[0m[2m=[0mSortie("\\\\.\\DISPLAY6")
[2m2026-08-02T08:32:25.048901Z[0m [32m INFO[0m [2magent::capture::ouverture[0m[2m:[0m duplication indisponible à l'ouverture, nouvel essai [3mhresult[0m[2m=[0m"0x887a0022" [3mcible[0m[2m=[0mSortie("\\\\.\\DISPLAY6")
[2m2026-08-02T08:32:25.199967Z[0m [32m INFO[0m [2magent::capture::ouverture[0m[2m:[0m duplication indisponible à l'ouverture, nouvel essai [3mhresult[0m[2m=[0m"0x887a0022" [3mcible[0m[2m=[0mSortie("\\\\.\\DISPLAY6")
[2m2026-08-02T08:32:25.350657Z[0m [32m INFO[0m [2magent::capture::ouverture[0m[2m:[0m duplication indisponible à l'ouverture, nouvel essai [3mhresult[0m[2m=[0m"0x887a0022" [3mcible[0m[2m=[0mSortie("\\\\.\\DISPLAY6")
[2m2026-08-02T08:32:25.501542Z[0m [32m INFO[0m [2magent::capture::ouverture[0m[2m:[0m duplication indisponible à l'ouverture, nouvel essai [3mhresult[0m[2m=[0m"0x887a0022" [3mcible[0m[2m=[0mSortie("\\\\.\\DISPLAY6")
[2m2026-08-02T08:32:25.652306Z[0m [32m INFO[0m [2magent::capture::ouverture[0m[2m:[0m duplication indisponible à l'ouverture, nouvel essai [3mhresult[0m[2m=[0m"0x887a0022" [3mcible[0m[2m=[0mSortie("\\\\.\\DISPLAY6")
[2m2026-08-02T08:32:25.803327Z[0m [32m INFO[0m [2magent::capture::ouverture[0m[2m:[0m duplication indisponible à l'ouverture, nouvel essai [3mhresult[0m[2m=[0m"0x887a0022" [3mcible[0m[2m=[0mSortie("\\\\.\\DISPLAY6")
[2m2026-08-02T08:32:25.954046Z[0m [32m INFO[0m [2magent::capture::ouverture[0m[2m:[0m duplication indisponible à l'ouverture, nouvel essai [3mhresult[0m[2m=[0m"0x887a0022" [3mcible[0m[2m=[0mSortie("\\\\.\\DISPLAY6")
[2m2026-08-02T08:32:26.105253Z[0m [32m INFO[0m [2magent::capture::ouverture[0m[2m:[0m duplication indisponible à l'ouverture, nouvel essai [3mhresult[0m[2m=[0m"0x887a0022" [3mcible[0m[2m=[0mSortie("\\\\.\\DISPLAY6")
[2m2026-08-02T08:32:26.256304Z[0m [32m INFO[0m [2magent::capture::ouverture[0m[2m:[0m duplication indisponible à l'ouverture, nouvel essai [3mhresult[0m[2m=[0m"0x887a0022" [3mcible[0m[2m=[0mSortie("\\\\.\\DISPLAY6")
[2m2026-08-02T08:32:26.407312Z[0m [32m INFO[0m [2magent::capture::ouverture[0m[2m:[0m duplication indisponible à l'ouverture, nouvel essai [3mhresult[0m[2m=[0m"0x887a0022" [3mcible[0m[2m=[0mSortie("\\\\.\\DISPLAY6")
[2m2026-08-02T08:32:26.558040Z[0m [32m INFO[0m [2magent::capture::ouverture[0m[2m:[0m duplication indisponible à l'ouverture, nouvel essai [3mhresult[0m[2m=[0m"0x887a0022" [3mcible[0m[2m=[0mSortie("\\\\.\\DISPLAY6")
[2m2026-08-02T08:32:26.708872Z[0m [32m INFO[0m [2magent::capture::ouverture[0m[2m:[0m duplication indisponible à l'ouverture, nouvel essai [3mhresult[0m[2m=[0m"0x887a0022" [3mcible[0m[2m=[0mSortie("\\\\.\\DISPLAY6")
[2m2026-08-02T08:32:26.859614Z[0m [32m INFO[0m [2magent::capture::ouverture[0m[2m:[0m duplication indisponible à l'ouverture, nouvel essai [3mhresult[0m[2m=[0m"0x887a0022" [3mcible[0m[2m=[0mSortie("\\\\.\\DISPLAY6")
[2m2026-08-02T08:32:27.010644Z[0m [32m INFO[0m [2magent::capture::ouverture[0m[2m:[0m duplication indisponible à l'ouverture, nouvel essai [3mhresult[0m[2m=[0m"0x887a0022" [3mcible[0m[2m=[0mSortie("\\\\.\\DISPLAY6")
[2m2026-08-02T08:32:27.161167Z[0m [32m INFO[0m [2magent::capture::ouverture[0m[2m:[0m duplication indisponible à l'ouverture, nouvel essai [3mhresult[0m[2m=[0m"0x887a0022" [3mcible[0m[2m=[0mSortie("\\\\.\\DISPLAY6")
[2m2026-08-02T08:32:27.312073Z[0m [32m INFO[0m [2magent::capture::ouverture[0m[2m:[0m duplication indisponible à l'ouverture, nouvel essai [3mhresult[0m[2m=[0m"0x887a0022" [3mcible[0m[2m=[0mSortie("\\\\.\\DISPLAY6")
[2m2026-08-02T08:32:27.462977Z[0m [32m INFO[0m [2magent::capture::ouverture[0m[2m:[0m duplication indisponible à l'ouverture, nouvel essai [3mhresult[0m[2m=[0m"0x887a0022" [3mcible[0m[2m=[0mSortie("\\\\.\\DISPLAY6")
[2m2026-08-02T08:32:27.613842Z[0m [32m INFO[0m [2magent::capture::ouverture[0m[2m:[0m duplication indisponible à l'ouverture, nouvel essai [3mhresult[0m[2m=[0m"0x887a0022" [3mcible[0m[2m=[0mSortie("\\\\.\\DISPLAY6")
[2m2026-08-02T08:32:27.764601Z[0m [31mERROR[0m [2magent::capture::ouverture[0m[2m:[0m ouverture de la duplication abandonnée [3mhresult[0m[2m=[0m"0x887a0022" [3mattendu_ms[0m[2m=[0m3017 [3mcible[0m[2m=[0mSortie("\\\\.\\DISPLAY6")
[2m2026-08-02T08:32:27.775125Z[0m [31mERROR[0m [2magent::diagnostics::multifenetre::plafond::sonde[0m[2m:[0m duplication REFUSÉE [3msonde[0m[2m=[0m4 [3mduplication[0m[2m=[0m1 [3mnom[0m[2m=[0m\\.\DISPLAY6 [3merreur[0m[2m=[0mduplication de la sortie écran
[2m2026-08-02T08:32:27.775396Z[0m [32m INFO[0m [2magent::diagnostics::multifenetre::plafond::sonde[0m[2m:[0m verdict déposé [3msonde[0m[2m=[0m4 [3mouvertes[0m[2m=[0m0 [3mverdict[0m[2m=[0mKO duplication de la sortie écran \\.\DISPLAY6
[2m2026-08-02T08:32:27.785925Z[0m [32m INFO[0m [2magent::diagnostics::multifenetre::plafond[0m[2m:[0m verdict reçu [3msonde[0m[2m=[0m4 [3mverdict[0m[2m=[0mKO duplication de la sortie écran \\.\DISPLAY6
[2m2026-08-02T08:32:27.864882Z[0m [32m INFO[0m [2magent::diagnostics::multifenetre::plafond::sonde[0m[2m:[0m arrêt demandé, relâchement des duplications [3msonde[0m[2m=[0m0
[2m2026-08-02T08:32:27.865081Z[0m [32m INFO[0m [2magent::diagnostics::multifenetre::plafond::sonde[0m[2m:[0m arrêt demandé, relâchement des duplications [3msonde[0m[2m=[0m2
[2m2026-08-02T08:32:27.865149Z[0m [32m INFO[0m [2magent::diagnostics::multifenetre::plafond::sonde[0m[2m:[0m arrêt demandé, relâchement des duplications [3msonde[0m[2m=[0m1
[2m2026-08-02T08:32:27.865222Z[0m [32m INFO[0m [2magent::diagnostics::multifenetre::plafond::sonde[0m[2m:[0m arrêt demandé, relâchement des duplications [3msonde[0m[2m=[0m3
[2m2026-08-02T08:32:27.876025Z[0m [32m INFO[0m [2magent::diagnostics::multifenetre::plafond::sonde[0m[2m:[0m arrêt demandé, relâchement des duplications [3msonde[0m[2m=[0m4
[2m2026-08-02T08:32:27.894821Z[0m [32m INFO[0m [2magent::diagnostics::multifenetre::plafond[0m[2m:[0m sonde terminée [3msonde[0m[2m=[0m0 [3mstatut[0m[2m=[0mExitStatus(ExitStatus(0))
[2m2026-08-02T08:32:27.894843Z[0m [32m INFO[0m [2magent::diagnostics::multifenetre::plafond[0m[2m:[0m sonde terminée [3msonde[0m[2m=[0m1 [3mstatut[0m[2m=[0mExitStatus(ExitStatus(0))
[2m2026-08-02T08:32:27.894846Z[0m [32m INFO[0m [2magent::diagnostics::multifenetre::plafond[0m[2m:[0m sonde terminée [3msonde[0m[2m=[0m2 [3mstatut[0m[2m=[0mExitStatus(ExitStatus(0))
[2m2026-08-02T08:32:27.895796Z[0m [32m INFO[0m [2magent::diagnostics::multifenetre::plafond[0m[2m:[0m sonde terminée [3msonde[0m[2m=[0m3 [3mstatut[0m[2m=[0mExitStatus(ExitStatus(0))
[2m2026-08-02T08:32:27.895814Z[0m [32m INFO[0m [2magent::diagnostics::multifenetre::plafond[0m[2m:[0m sonde terminée [3msonde[0m[2m=[0m4 [3mstatut[0m[2m=[0mExitStatus(ExitStatus(0))
[2m2026-08-02T08:32:27.895910Z[0m [32m INFO[0m [2magent::diagnostics::multifenetre::plafond[0m[2m:[0m campagne du plafond — bilan [3mprocessus[0m[2m=[0m8 [3mduplications[0m[2m=[0m1 [3mlancees[0m[2m=[0m5 [3mverdicts[0m[2m=[0m[(0, "OK"), (1, "OK"), (2, "OK"), (3, "OK"), (4, "KO duplication de la sortie écran \\\\.\\DISPLAY6")]
[2m2026-08-02T08:32:27.895919Z[0m [32m INFO[0m [2magent::diagnostics::multifenetre::plafond[0m[2m:[0m chien de garde : plus grand écart entre deux battements sur toute la conduite [3mintervalle_ping_max_ms[0m[2m=[0m1012
[2m2026-08-02T08:32:27.901583Z[0m [32m INFO[0m [2magent::moniteurs_virtuels::pilote[0m[2m:[0m sortie virtuelle détruite [3mid[0m[2m=[0m263
[2m2026-08-02T08:32:27.907277Z[0m [32m INFO[0m [2magent::moniteurs_virtuels::pilote[0m[2m:[0m sortie virtuelle détruite [3mid[0m[2m=[0m259
[2m2026-08-02T08:32:27.913050Z[0m [32m INFO[0m [2magent::moniteurs_virtuels::pilote[0m[2m:[0m sortie virtuelle détruite [3mid[0m[2m=[0m261
[2m2026-08-02T08:32:27.918174Z[0m [32m INFO[0m [2magent::moniteurs_virtuels::pilote[0m[2m:[0m sortie virtuelle détruite [3mid[0m[2m=[0m260
[2m2026-08-02T08:32:27.923244Z[0m [32m INFO[0m [2magent::moniteurs_virtuels::pilote[0m[2m:[0m sortie virtuelle détruite [3mid[0m[2m=[0m257
[2m2026-08-02T08:32:27.929234Z[0m [32m INFO[0m [2magent::moniteurs_virtuels::pilote[0m[2m:[0m sortie virtuelle détruite [3mid[0m[2m=[0m262
[2m2026-08-02T08:32:27.935636Z[0m [32m INFO[0m [2magent::moniteurs_virtuels::pilote[0m[2m:[0m sortie virtuelle détruite [3mid[0m[2m=[0m264
[2m2026-08-02T08:32:27.944146Z[0m [32m INFO[0m [2magent::moniteurs_virtuels::pilote[0m[2m:[0m sortie virtuelle détruite [3mid[0m[2m=[0m256
[2m2026-08-02T08:32:30.945579Z[0m [32m INFO[0m [2magent::capture::enumeration[0m[2m:[0m adaptateur DXGI sans sortie [3madaptateur[0m[2m=[0mNVIDIA GeForce RTX 4070 [3mindex_adaptateur[0m[2m=[0m1
[2m2026-08-02T08:32:30.945615Z[0m [32m INFO[0m [2magent::capture::enumeration[0m[2m:[0m adaptateur DXGI sans sortie [3madaptateur[0m[2m=[0mMicrosoft Basic Render Driver [3mindex_adaptateur[0m[2m=[0m2
[2m2026-08-02T08:32:30.945623Z[0m [32m INFO[0m [2magent::diagnostics::multifenetre::montee[0m[2m:[0m topologie relevée [3mmoment[0m[2m=[0m"après destruction" [3mnombre[0m[2m=[0m1 [3mattachees[0m[2m=[0m1
[2m2026-08-02T08:32:30.945626Z[0m [32m INFO[0m [2magent::diagnostics::multifenetre::montee[0m[2m:[0m sortie [3mmoment[0m[2m=[0m"après destruction" [3mnom[0m[2m=[0m\\.\DISPLAY1 [3madaptateur[0m[2m=[0mNVIDIA GeForce RTX 4070 [3mindex_adaptateur[0m[2m=[0m0 [3mindex_sortie[0m[2m=[0m0 [3mattachee[0m[2m=[0mtrue [3mx[0m[2m=[0m0 [3my[0m[2m=[0m0 [3mlargeur[0m[2m=[0m2400 [3mhauteur[0m[2m=[0m1080
[2m2026-08-02T08:32:30.945632Z[0m [32m INFO[0m [2magent::diagnostics::multifenetre::plafond[0m[2m:[0m topologie restaurée nom pour nom
