[2m2026-08-02T08:29:34.200854Z[0m [32m INFO[0m [2magent[0m[2m:[0m accélération pointeur neutralisée [3mrapport[0m[2m=[0m"seuils relus = [0, 0, 0], vitesse relue = 10 (attendu : [0, 0, 0] et 10)"
[2m2026-08-02T08:29:34.200897Z[0m [32m INFO[0m [2magent::diagnostics::multifenetre::plafond[0m[2m:[0m campagne du plafond — début [3mprocessus[0m[2m=[0m2 [3mduplications[0m[2m=[0m4 [3mtotal[0m[2m=[0m8
[2m2026-08-02T08:29:34.202971Z[0m [32m INFO[0m [2magent::capture::enumeration[0m[2m:[0m adaptateur DXGI sans sortie [3madaptateur[0m[2m=[0mNVIDIA GeForce RTX 4070 [3mindex_adaptateur[0m[2m=[0m1
[2m2026-08-02T08:29:34.203003Z[0m [32m INFO[0m [2magent::capture::enumeration[0m[2m:[0m adaptateur DXGI sans sortie [3madaptateur[0m[2m=[0mMicrosoft Basic Render Driver [3mindex_adaptateur[0m[2m=[0m2
[2m2026-08-02T08:29:34.203013Z[0m [32m INFO[0m [2magent::diagnostics::multifenetre::montee[0m[2m:[0m topologie relevée [3mmoment[0m[2m=[0m"avant création" [3mnombre[0m[2m=[0m1 [3mattachees[0m[2m=[0m1
[2m2026-08-02T08:29:34.203018Z[0m [32m INFO[0m [2magent::diagnostics::multifenetre::montee[0m[2m:[0m sortie [3mmoment[0m[2m=[0m"avant création" [3mnom[0m[2m=[0m\\.\DISPLAY1 [3madaptateur[0m[2m=[0mNVIDIA GeForce RTX 4070 [3mindex_adaptateur[0m[2m=[0m0 [3mindex_sortie[0m[2m=[0m0 [3mattachee[0m[2m=[0mtrue [3mx[0m[2m=[0m0 [3my[0m[2m=[0m0 [3mlargeur[0m[2m=[0m2400 [3mhauteur[0m[2m=[0m1080
[2m2026-08-02T08:29:34.203944Z[0m [32m INFO[0m [2magent::moniteurs_virtuels::pilote[0m[2m:[0m sortie virtuelle créée [3mid[0m[2m=[0m264 [3madaptateur_bas[0m[2m=[0m62534 [3madaptateur_haut[0m[2m=[0m0 [3mguid[0m[2m=[0m9C4A1F6E-2B73-4D51-9E08-677541430001 [3mlargeur[0m[2m=[0m1280 [3mhauteur[0m[2m=[0m720 [3mhertz[0m[2m=[0m60
[2m2026-08-02T08:29:34.204012Z[0m [32m INFO[0m [2magent::moniteurs_virtuels::pilote[0m[2m:[0m sortie virtuelle créée [3mid[0m[2m=[0m256 [3madaptateur_bas[0m[2m=[0m62534 [3madaptateur_haut[0m[2m=[0m0 [3mguid[0m[2m=[0m9C4A1F6E-2B73-4D51-9E08-677541430002 [3mlargeur[0m[2m=[0m1280 [3mhauteur[0m[2m=[0m720 [3mhertz[0m[2m=[0m60
[2m2026-08-02T08:29:34.204063Z[0m [32m INFO[0m [2magent::moniteurs_virtuels::pilote[0m[2m:[0m sortie virtuelle créée [3mid[0m[2m=[0m262 [3madaptateur_bas[0m[2m=[0m62534 [3madaptateur_haut[0m[2m=[0m0 [3mguid[0m[2m=[0m9C4A1F6E-2B73-4D51-9E08-677541430003 [3mlargeur[0m[2m=[0m1280 [3mhauteur[0m[2m=[0m720 [3mhertz[0m[2m=[0m60
[2m2026-08-02T08:29:34.204112Z[0m [32m INFO[0m [2magent::moniteurs_virtuels::pilote[0m[2m:[0m sortie virtuelle créée [3mid[0m[2m=[0m257 [3madaptateur_bas[0m[2m=[0m62534 [3madaptateur_haut[0m[2m=[0m0 [3mguid[0m[2m=[0m9C4A1F6E-2B73-4D51-9E08-677541430004 [3mlargeur[0m[2m=[0m1280 [3mhauteur[0m[2m=[0m720 [3mhertz[0m[2m=[0m60
[2m2026-08-02T08:29:34.204161Z[0m [32m INFO[0m [2magent::moniteurs_virtuels::pilote[0m[2m:[0m sortie virtuelle créée [3mid[0m[2m=[0m260 [3madaptateur_bas[0m[2m=[0m62534 [3madaptateur_haut[0m[2m=[0m0 [3mguid[0m[2m=[0m9C4A1F6E-2B73-4D51-9E08-677541430005 [3mlargeur[0m[2m=[0m1280 [3mhauteur[0m[2m=[0m720 [3mhertz[0m[2m=[0m60
[2m2026-08-02T08:29:34.204210Z[0m [32m INFO[0m [2magent::moniteurs_virtuels::pilote[0m[2m:[0m sortie virtuelle créée [3mid[0m[2m=[0m261 [3madaptateur_bas[0m[2m=[0m62534 [3madaptateur_haut[0m[2m=[0m0 [3mguid[0m[2m=[0m9C4A1F6E-2B73-4D51-9E08-677541430006 [3mlargeur[0m[2m=[0m1280 [3mhauteur[0m[2m=[0m720 [3mhertz[0m[2m=[0m60
[2m2026-08-02T08:29:34.204283Z[0m [32m INFO[0m [2magent::moniteurs_virtuels::pilote[0m[2m:[0m sortie virtuelle créée [3mid[0m[2m=[0m259 [3madaptateur_bas[0m[2m=[0m62534 [3madaptateur_haut[0m[2m=[0m0 [3mguid[0m[2m=[0m9C4A1F6E-2B73-4D51-9E08-677541430007 [3mlargeur[0m[2m=[0m1280 [3mhauteur[0m[2m=[0m720 [3mhertz[0m[2m=[0m60
[2m2026-08-02T08:29:34.204332Z[0m [32m INFO[0m [2magent::moniteurs_virtuels::pilote[0m[2m:[0m sortie virtuelle créée [3mid[0m[2m=[0m263 [3madaptateur_bas[0m[2m=[0m62534 [3madaptateur_haut[0m[2m=[0m0 [3mguid[0m[2m=[0m9C4A1F6E-2B73-4D51-9E08-677541430008 [3mlargeur[0m[2m=[0m1280 [3mhauteur[0m[2m=[0m720 [3mhertz[0m[2m=[0m60
[2m2026-08-02T08:29:37.206050Z[0m [32m INFO[0m [2magent::capture::enumeration[0m[2m:[0m adaptateur DXGI sans sortie [3madaptateur[0m[2m=[0mNVIDIA GeForce RTX 4070 [3mindex_adaptateur[0m[2m=[0m1
[2m2026-08-02T08:29:37.206083Z[0m [32m INFO[0m [2magent::capture::enumeration[0m[2m:[0m adaptateur DXGI sans sortie [3madaptateur[0m[2m=[0mMicrosoft Basic Render Driver [3mindex_adaptateur[0m[2m=[0m2
[2m2026-08-02T08:29:37.206092Z[0m [32m INFO[0m [2magent::diagnostics::multifenetre::montee[0m[2m:[0m topologie relevée [3mmoment[0m[2m=[0m"après création" [3mnombre[0m[2m=[0m9 [3mattachees[0m[2m=[0m9
[2m2026-08-02T08:29:37.206095Z[0m [32m INFO[0m [2magent::diagnostics::multifenetre::montee[0m[2m:[0m sortie [3mmoment[0m[2m=[0m"après création" [3mnom[0m[2m=[0m\\.\DISPLAY1 [3madaptateur[0m[2m=[0mNVIDIA GeForce RTX 4070 [3mindex_adaptateur[0m[2m=[0m0 [3mindex_sortie[0m[2m=[0m0 [3mattachee[0m[2m=[0mtrue [3mx[0m[2m=[0m0 [3my[0m[2m=[0m0 [3mlargeur[0m[2m=[0m2400 [3mhauteur[0m[2m=[0m1080
[2m2026-08-02T08:29:37.206100Z[0m [32m INFO[0m [2magent::diagnostics::multifenetre::montee[0m[2m:[0m sortie [3mmoment[0m[2m=[0m"après création" [3mnom[0m[2m=[0m\\.\DISPLAY5 [3madaptateur[0m[2m=[0mNVIDIA GeForce RTX 4070 [3mindex_adaptateur[0m[2m=[0m0 [3mindex_sortie[0m[2m=[0m1 [3mattachee[0m[2m=[0mtrue [3mx[0m[2m=[0m2400 [3my[0m[2m=[0m0 [3mlargeur[0m[2m=[0m1280 [3mhauteur[0m[2m=[0m720
[2m2026-08-02T08:29:37.206103Z[0m [32m INFO[0m [2magent::diagnostics::multifenetre::montee[0m[2m:[0m sortie [3mmoment[0m[2m=[0m"après création" [3mnom[0m[2m=[0m\\.\DISPLAY6 [3madaptateur[0m[2m=[0mNVIDIA GeForce RTX 4070 [3mindex_adaptateur[0m[2m=[0m0 [3mindex_sortie[0m[2m=[0m2 [3mattachee[0m[2m=[0mtrue [3mx[0m[2m=[0m3680 [3my[0m[2m=[0m0 [3mlargeur[0m[2m=[0m1280 [3mhauteur[0m[2m=[0m720
[2m2026-08-02T08:29:37.206105Z[0m [32m INFO[0m [2magent::diagnostics::multifenetre::montee[0m[2m:[0m sortie [3mmoment[0m[2m=[0m"après création" [3mnom[0m[2m=[0m\\.\DISPLAY7 [3madaptateur[0m[2m=[0mNVIDIA GeForce RTX 4070 [3mindex_adaptateur[0m[2m=[0m0 [3mindex_sortie[0m[2m=[0m3 [3mattachee[0m[2m=[0mtrue [3mx[0m[2m=[0m4960 [3my[0m[2m=[0m0 [3mlargeur[0m[2m=[0m1280 [3mhauteur[0m[2m=[0m720
[2m2026-08-02T08:29:37.206108Z[0m [32m INFO[0m [2magent::diagnostics::multifenetre::montee[0m[2m:[0m sortie [3mmoment[0m[2m=[0m"après création" [3mnom[0m[2m=[0m\\.\DISPLAY8 [3madaptateur[0m[2m=[0mNVIDIA GeForce RTX 4070 [3mindex_adaptateur[0m[2m=[0m0 [3mindex_sortie[0m[2m=[0m4 [3mattachee[0m[2m=[0mtrue [3mx[0m[2m=[0m6240 [3my[0m[2m=[0m0 [3mlargeur[0m[2m=[0m1280 [3mhauteur[0m[2m=[0m720
[2m2026-08-02T08:29:37.206110Z[0m [32m INFO[0m [2magent::diagnostics::multifenetre::montee[0m[2m:[0m sortie [3mmoment[0m[2m=[0m"après création" [3mnom[0m[2m=[0m\\.\DISPLAY9 [3madaptateur[0m[2m=[0mNVIDIA GeForce RTX 4070 [3mindex_adaptateur[0m[2m=[0m0 [3mindex_sortie[0m[2m=[0m5 [3mattachee[0m[2m=[0mtrue [3mx[0m[2m=[0m7520 [3my[0m[2m=[0m0 [3mlargeur[0m[2m=[0m1280 [3mhauteur[0m[2m=[0m720
[2m2026-08-02T08:29:37.206113Z[0m [32m INFO[0m [2magent::diagnostics::multifenetre::montee[0m[2m:[0m sortie [3mmoment[0m[2m=[0m"après création" [3mnom[0m[2m=[0m\\.\DISPLAY10 [3madaptateur[0m[2m=[0mNVIDIA GeForce RTX 4070 [3mindex_adaptateur[0m[2m=[0m0 [3mindex_sortie[0m[2m=[0m6 [3mattachee[0m[2m=[0mtrue [3mx[0m[2m=[0m8800 [3my[0m[2m=[0m0 [3mlargeur[0m[2m=[0m1280 [3mhauteur[0m[2m=[0m720
[2m2026-08-02T08:29:37.206115Z[0m [32m INFO[0m [2magent::diagnostics::multifenetre::montee[0m[2m:[0m sortie [3mmoment[0m[2m=[0m"après création" [3mnom[0m[2m=[0m\\.\DISPLAY11 [3madaptateur[0m[2m=[0mNVIDIA GeForce RTX 4070 [3mindex_adaptateur[0m[2m=[0m0 [3mindex_sortie[0m[2m=[0m7 [3mattachee[0m[2m=[0mtrue [3mx[0m[2m=[0m10080 [3my[0m[2m=[0m0 [3mlargeur[0m[2m=[0m1280 [3mhauteur[0m[2m=[0m720
[2m2026-08-02T08:29:37.206118Z[0m [32m INFO[0m [2magent::diagnostics::multifenetre::montee[0m[2m:[0m sortie [3mmoment[0m[2m=[0m"après création" [3mnom[0m[2m=[0m\\.\DISPLAY12 [3madaptateur[0m[2m=[0mNVIDIA GeForce RTX 4070 [3mindex_adaptateur[0m[2m=[0m0 [3mindex_sortie[0m[2m=[0m8 [3mattachee[0m[2m=[0mtrue [3mx[0m[2m=[0m11360 [3my[0m[2m=[0m0 [3mlargeur[0m[2m=[0m1280 [3mhauteur[0m[2m=[0m720
[2m2026-08-02T08:29:37.206295Z[0m [32m INFO[0m [2magent::diagnostics::multifenetre::plafond[0m[2m:[0m sorties rattachées [3mattachees[0m[2m=[0m8 [3mnoms[0m[2m=[0m["\\\\.\\DISPLAY10", "\\\\.\\DISPLAY11", "\\\\.\\DISPLAY12", "\\\\.\\DISPLAY5", "\\\\.\\DISPLAY6", "\\\\.\\DISPLAY7", "\\\\.\\DISPLAY8", "\\\\.\\DISPLAY9"]
[2m2026-08-02T08:29:37.206312Z[0m [32m INFO[0m [2magent::diagnostics::multifenetre::plafond[0m[2m:[0m lancement de la sonde [3msonde[0m[2m=[0m0 [3msorties[0m[2m=[0m["\\\\.\\DISPLAY10", "\\\\.\\DISPLAY11", "\\\\.\\DISPLAY12", "\\\\.\\DISPLAY5"]
[2m2026-08-02T08:29:37.214728Z[0m [32m INFO[0m [2magent[0m[2m:[0m accélération pointeur neutralisée [3mrapport[0m[2m=[0m"seuils relus = [0, 0, 0], vitesse relue = 10 (attendu : [0, 0, 0] et 10)"
[2m2026-08-02T08:29:37.214758Z[0m [32m INFO[0m [2magent::diagnostics::multifenetre::plafond::sonde[0m[2m:[0m sonde démarrée [3msonde[0m[2m=[0m0 [3msorties[0m[2m=[0m["\\\\.\\DISPLAY10", "\\\\.\\DISPLAY11", "\\\\.\\DISPLAY12", "\\\\.\\DISPLAY5"]
[2m2026-08-02T08:29:37.216505Z[0m [32m INFO[0m [2magent::capture::ouverture[0m[2m:[0m sortie retenue pour la duplication [3madaptateur[0m[2m=[0mNVIDIA GeForce RTX 4070 [3mindex_adaptateur[0m[2m=[0m0 [3mindex_sortie[0m[2m=[0m6 [3mnom_sortie[0m[2m=[0m\\.\DISPLAY10 [3mattachee[0m[2m=[0mtrue
[2m2026-08-02T08:29:37.295225Z[0m [32m INFO[0m [2magent::capture::ouverture[0m[2m:[0m protection multi-fils activée sur le contexte immédiat D3D11 [3mprotection_precedente[0m[2m=[0mfalse
[2m2026-08-02T08:29:37.295523Z[0m [32m INFO[0m [2magent::capture[0m[2m:[0m duplication de sortie établie [3mdesktop_width[0m[2m=[0m1280 [3mdesktop_height[0m[2m=[0m720
[2m2026-08-02T08:29:37.295534Z[0m [32m INFO[0m [2magent::diagnostics::multifenetre::plafond::sonde[0m[2m:[0m duplication ouverte [3msonde[0m[2m=[0m0 [3mduplication[0m[2m=[0m1 [3mnom[0m[2m=[0m\\.\DISPLAY10
[2m2026-08-02T08:29:37.295900Z[0m [32m INFO[0m [2magent::capture::ouverture[0m[2m:[0m sortie retenue pour la duplication [3madaptateur[0m[2m=[0mNVIDIA GeForce RTX 4070 [3mindex_adaptateur[0m[2m=[0m0 [3mindex_sortie[0m[2m=[0m7 [3mnom_sortie[0m[2m=[0m\\.\DISPLAY11 [3mattachee[0m[2m=[0mtrue
[2m2026-08-02T08:29:37.314302Z[0m [32m INFO[0m [2magent::capture::ouverture[0m[2m:[0m protection multi-fils activée sur le contexte immédiat D3D11 [3mprotection_precedente[0m[2m=[0mfalse
[2m2026-08-02T08:29:37.314562Z[0m [32m INFO[0m [2magent::capture[0m[2m:[0m duplication de sortie établie [3mdesktop_width[0m[2m=[0m1280 [3mdesktop_height[0m[2m=[0m720
[2m2026-08-02T08:29:37.314575Z[0m [32m INFO[0m [2magent::diagnostics::multifenetre::plafond::sonde[0m[2m:[0m duplication ouverte [3msonde[0m[2m=[0m0 [3mduplication[0m[2m=[0m2 [3mnom[0m[2m=[0m\\.\DISPLAY11
[2m2026-08-02T08:29:37.314997Z[0m [32m INFO[0m [2magent::capture::ouverture[0m[2m:[0m sortie retenue pour la duplication [3madaptateur[0m[2m=[0mNVIDIA GeForce RTX 4070 [3mindex_adaptateur[0m[2m=[0m0 [3mindex_sortie[0m[2m=[0m8 [3mnom_sortie[0m[2m=[0m\\.\DISPLAY12 [3mattachee[0m[2m=[0mtrue
[2m2026-08-02T08:29:37.333753Z[0m [32m INFO[0m [2magent::capture::ouverture[0m[2m:[0m protection multi-fils activée sur le contexte immédiat D3D11 [3mprotection_precedente[0m[2m=[0mfalse
[2m2026-08-02T08:29:37.334013Z[0m [32m INFO[0m [2magent::capture[0m[2m:[0m duplication de sortie établie [3mdesktop_width[0m[2m=[0m1280 [3mdesktop_height[0m[2m=[0m720
[2m2026-08-02T08:29:37.334023Z[0m [32m INFO[0m [2magent::diagnostics::multifenetre::plafond::sonde[0m[2m:[0m duplication ouverte [3msonde[0m[2m=[0m0 [3mduplication[0m[2m=[0m3 [3mnom[0m[2m=[0m\\.\DISPLAY12
[2m2026-08-02T08:29:37.334339Z[0m [32m INFO[0m [2magent::capture::ouverture[0m[2m:[0m sortie retenue pour la duplication [3madaptateur[0m[2m=[0mNVIDIA GeForce RTX 4070 [3mindex_adaptateur[0m[2m=[0m0 [3mindex_sortie[0m[2m=[0m1 [3mnom_sortie[0m[2m=[0m\\.\DISPLAY5 [3mattachee[0m[2m=[0mtrue
[2m2026-08-02T08:29:37.352631Z[0m [32m INFO[0m [2magent::capture::ouverture[0m[2m:[0m protection multi-fils activée sur le contexte immédiat D3D11 [3mprotection_precedente[0m[2m=[0mfalse
[2m2026-08-02T08:29:37.352888Z[0m [32m INFO[0m [2magent::capture[0m[2m:[0m duplication de sortie établie [3mdesktop_width[0m[2m=[0m1280 [3mdesktop_height[0m[2m=[0m720
[2m2026-08-02T08:29:37.352899Z[0m [32m INFO[0m [2magent::diagnostics::multifenetre::plafond::sonde[0m[2m:[0m duplication ouverte [3msonde[0m[2m=[0m0 [3mduplication[0m[2m=[0m4 [3mnom[0m[2m=[0m\\.\DISPLAY5
[2m2026-08-02T08:29:37.353177Z[0m [32m INFO[0m [2magent::diagnostics::multifenetre::plafond::sonde[0m[2m:[0m verdict déposé [3msonde[0m[2m=[0m0 [3mouvertes[0m[2m=[0m4 [3mverdict[0m[2m=[0mOK
[2m2026-08-02T08:29:37.409547Z[0m [32m INFO[0m [2magent::diagnostics::multifenetre::plafond[0m[2m:[0m verdict reçu [3msonde[0m[2m=[0m0 [3mverdict[0m[2m=[0mOK
[2m2026-08-02T08:29:37.409563Z[0m [32m INFO[0m [2magent::diagnostics::multifenetre::plafond[0m[2m:[0m lancement de la sonde [3msonde[0m[2m=[0m1 [3msorties[0m[2m=[0m["\\\\.\\DISPLAY6", "\\\\.\\DISPLAY7", "\\\\.\\DISPLAY8", "\\\\.\\DISPLAY9"]
[2m2026-08-02T08:29:37.417091Z[0m [32m INFO[0m [2magent[0m[2m:[0m accélération pointeur neutralisée [3mrapport[0m[2m=[0m"seuils relus = [0, 0, 0], vitesse relue = 10 (attendu : [0, 0, 0] et 10)"
[2m2026-08-02T08:29:37.417118Z[0m [32m INFO[0m [2magent::diagnostics::multifenetre::plafond::sonde[0m[2m:[0m sonde démarrée [3msonde[0m[2m=[0m1 [3msorties[0m[2m=[0m["\\\\.\\DISPLAY6", "\\\\.\\DISPLAY7", "\\\\.\\DISPLAY8", "\\\\.\\DISPLAY9"]
[2m2026-08-02T08:29:37.419097Z[0m [32m INFO[0m [2magent::capture::ouverture[0m[2m:[0m sortie retenue pour la duplication [3madaptateur[0m[2m=[0mNVIDIA GeForce RTX 4070 [3mindex_adaptateur[0m[2m=[0m0 [3mindex_sortie[0m[2m=[0m2 [3mnom_sortie[0m[2m=[0m\\.\DISPLAY6 [3mattachee[0m[2m=[0mtrue
[2m2026-08-02T08:29:37.495520Z[0m [32m INFO[0m [2magent::capture::ouverture[0m[2m:[0m protection multi-fils activée sur le contexte immédiat D3D11 [3mprotection_precedente[0m[2m=[0mfalse
[2m2026-08-02T08:29:37.495798Z[0m [32m INFO[0m [2magent::capture[0m[2m:[0m duplication de sortie établie [3mdesktop_width[0m[2m=[0m1280 [3mdesktop_height[0m[2m=[0m720
[2m2026-08-02T08:29:37.495808Z[0m [32m INFO[0m [2magent::diagnostics::multifenetre::plafond::sonde[0m[2m:[0m duplication ouverte [3msonde[0m[2m=[0m1 [3mduplication[0m[2m=[0m1 [3mnom[0m[2m=[0m\\.\DISPLAY6
[2m2026-08-02T08:29:37.496196Z[0m [32m INFO[0m [2magent::capture::ouverture[0m[2m:[0m sortie retenue pour la duplication [3madaptateur[0m[2m=[0mNVIDIA GeForce RTX 4070 [3mindex_adaptateur[0m[2m=[0m0 [3mindex_sortie[0m[2m=[0m3 [3mnom_sortie[0m[2m=[0m\\.\DISPLAY7 [3mattachee[0m[2m=[0mtrue
[2m2026-08-02T08:29:37.513935Z[0m [32m INFO[0m [2magent::capture::ouverture[0m[2m:[0m protection multi-fils activée sur le contexte immédiat D3D11 [3mprotection_precedente[0m[2m=[0mfalse
[2m2026-08-02T08:29:37.514173Z[0m [32m INFO[0m [2magent::capture[0m[2m:[0m duplication de sortie établie [3mdesktop_width[0m[2m=[0m1280 [3mdesktop_height[0m[2m=[0m720
[2m2026-08-02T08:29:37.514184Z[0m [32m INFO[0m [2magent::diagnostics::multifenetre::plafond::sonde[0m[2m:[0m duplication ouverte [3msonde[0m[2m=[0m1 [3mduplication[0m[2m=[0m2 [3mnom[0m[2m=[0m\\.\DISPLAY7
[2m2026-08-02T08:29:37.514547Z[0m [32m INFO[0m [2magent::capture::ouverture[0m[2m:[0m sortie retenue pour la duplication [3madaptateur[0m[2m=[0mNVIDIA GeForce RTX 4070 [3mindex_adaptateur[0m[2m=[0m0 [3mindex_sortie[0m[2m=[0m4 [3mnom_sortie[0m[2m=[0m\\.\DISPLAY8 [3mattachee[0m[2m=[0mtrue
[2m2026-08-02T08:29:37.533021Z[0m [32m INFO[0m [2magent::capture::ouverture[0m[2m:[0m protection multi-fils activée sur le contexte immédiat D3D11 [3mprotection_precedente[0m[2m=[0mfalse
[2m2026-08-02T08:29:37.533340Z[0m [32m INFO[0m [2magent::capture[0m[2m:[0m duplication de sortie établie [3mdesktop_width[0m[2m=[0m1280 [3mdesktop_height[0m[2m=[0m720
[2m2026-08-02T08:29:37.533350Z[0m [32m INFO[0m [2magent::diagnostics::multifenetre::plafond::sonde[0m[2m:[0m duplication ouverte [3msonde[0m[2m=[0m1 [3mduplication[0m[2m=[0m3 [3mnom[0m[2m=[0m\\.\DISPLAY8
[2m2026-08-02T08:29:37.533703Z[0m [32m INFO[0m [2magent::capture::ouverture[0m[2m:[0m sortie retenue pour la duplication [3madaptateur[0m[2m=[0mNVIDIA GeForce RTX 4070 [3mindex_adaptateur[0m[2m=[0m0 [3mindex_sortie[0m[2m=[0m5 [3mnom_sortie[0m[2m=[0m\\.\DISPLAY9 [3mattachee[0m[2m=[0mtrue
[2m2026-08-02T08:29:37.552067Z[0m [32m INFO[0m [2magent::capture::ouverture[0m[2m:[0m protection multi-fils activée sur le contexte immédiat D3D11 [3mprotection_precedente[0m[2m=[0mfalse
[2m2026-08-02T08:29:37.552275Z[0m [32m INFO[0m [2magent::capture[0m[2m:[0m duplication de sortie établie [3mdesktop_width[0m[2m=[0m1280 [3mdesktop_height[0m[2m=[0m720
[2m2026-08-02T08:29:37.552286Z[0m [32m INFO[0m [2magent::diagnostics::multifenetre::plafond::sonde[0m[2m:[0m duplication ouverte [3msonde[0m[2m=[0m1 [3mduplication[0m[2m=[0m4 [3mnom[0m[2m=[0m\\.\DISPLAY9
[2m2026-08-02T08:29:37.552576Z[0m [32m INFO[0m [2magent::diagnostics::multifenetre::plafond::sonde[0m[2m:[0m verdict déposé [3msonde[0m[2m=[0m1 [3mouvertes[0m[2m=[0m4 [3mverdict[0m[2m=[0mOK
[2m2026-08-02T08:29:37.611435Z[0m [32m INFO[0m [2magent::diagnostics::multifenetre::plafond[0m[2m:[0m verdict reçu [3msonde[0m[2m=[0m1 [3mverdict[0m[2m=[0mOK
[2m2026-08-02T08:29:37.653249Z[0m [32m INFO[0m [2magent::diagnostics::multifenetre::plafond::sonde[0m[2m:[0m arrêt demandé, relâchement des duplications [3msonde[0m[2m=[0m1
[2m2026-08-02T08:29:37.654655Z[0m [32m INFO[0m [2magent::diagnostics::multifenetre::plafond::sonde[0m[2m:[0m arrêt demandé, relâchement des duplications [3msonde[0m[2m=[0m0
[2m2026-08-02T08:29:37.692405Z[0m [32m INFO[0m [2magent::diagnostics::multifenetre::plafond[0m[2m:[0m sonde terminée [3msonde[0m[2m=[0m0 [3mstatut[0m[2m=[0mExitStatus(ExitStatus(0))
[2m2026-08-02T08:29:37.692427Z[0m [32m INFO[0m [2magent::diagnostics::multifenetre::plafond[0m[2m:[0m sonde terminée [3msonde[0m[2m=[0m1 [3mstatut[0m[2m=[0mExitStatus(ExitStatus(0))
[2m2026-08-02T08:29:37.692436Z[0m [32m INFO[0m [2magent::diagnostics::multifenetre::plafond[0m[2m:[0m campagne du plafond — bilan [3mprocessus[0m[2m=[0m2 [3mduplications[0m[2m=[0m4 [3mlancees[0m[2m=[0m2 [3mverdicts[0m[2m=[0m[(0, "OK"), (1, "OK")]
[2m2026-08-02T08:29:37.692441Z[0m [32m INFO[0m [2magent::diagnostics::multifenetre::plafond[0m[2m:[0m chien de garde : plus grand écart entre deux battements sur toute la conduite [3mintervalle_ping_max_ms[0m[2m=[0m486
[2m2026-08-02T08:29:37.697157Z[0m [32m INFO[0m [2magent::moniteurs_virtuels::pilote[0m[2m:[0m sortie virtuelle détruite [3mid[0m[2m=[0m263
[2m2026-08-02T08:29:37.701303Z[0m [32m INFO[0m [2magent::moniteurs_virtuels::pilote[0m[2m:[0m sortie virtuelle détruite [3mid[0m[2m=[0m259
[2m2026-08-02T08:29:37.705283Z[0m [32m INFO[0m [2magent::moniteurs_virtuels::pilote[0m[2m:[0m sortie virtuelle détruite [3mid[0m[2m=[0m261
[2m2026-08-02T08:29:37.709982Z[0m [32m INFO[0m [2magent::moniteurs_virtuels::pilote[0m[2m:[0m sortie virtuelle détruite [3mid[0m[2m=[0m260
[2m2026-08-02T08:29:37.715281Z[0m [32m INFO[0m [2magent::moniteurs_virtuels::pilote[0m[2m:[0m sortie virtuelle détruite [3mid[0m[2m=[0m257
[2m2026-08-02T08:29:37.720190Z[0m [32m INFO[0m [2magent::moniteurs_virtuels::pilote[0m[2m:[0m sortie virtuelle détruite [3mid[0m[2m=[0m262
[2m2026-08-02T08:29:37.725584Z[0m [32m INFO[0m [2magent::moniteurs_virtuels::pilote[0m[2m:[0m sortie virtuelle détruite [3mid[0m[2m=[0m256
[2m2026-08-02T08:29:37.731640Z[0m [32m INFO[0m [2magent::moniteurs_virtuels::pilote[0m[2m:[0m sortie virtuelle détruite [3mid[0m[2m=[0m264
[2m2026-08-02T08:29:40.733397Z[0m [32m INFO[0m [2magent::capture::enumeration[0m[2m:[0m adaptateur DXGI sans sortie [3madaptateur[0m[2m=[0mNVIDIA GeForce RTX 4070 [3mindex_adaptateur[0m[2m=[0m1
[2m2026-08-02T08:29:40.733432Z[0m [32m INFO[0m [2magent::capture::enumeration[0m[2m:[0m adaptateur DXGI sans sortie [3madaptateur[0m[2m=[0mMicrosoft Basic Render Driver [3mindex_adaptateur[0m[2m=[0m2
[2m2026-08-02T08:29:40.733441Z[0m [32m INFO[0m [2magent::diagnostics::multifenetre::montee[0m[2m:[0m topologie relevée [3mmoment[0m[2m=[0m"après destruction" [3mnombre[0m[2m=[0m1 [3mattachees[0m[2m=[0m1
[2m2026-08-02T08:29:40.733444Z[0m [32m INFO[0m [2magent::diagnostics::multifenetre::montee[0m[2m:[0m sortie [3mmoment[0m[2m=[0m"après destruction" [3mnom[0m[2m=[0m\\.\DISPLAY1 [3madaptateur[0m[2m=[0mNVIDIA GeForce RTX 4070 [3mindex_adaptateur[0m[2m=[0m0 [3mindex_sortie[0m[2m=[0m0 [3mattachee[0m[2m=[0mtrue [3mx[0m[2m=[0m0 [3my[0m[2m=[0m0 [3mlargeur[0m[2m=[0m2400 [3mhauteur[0m[2m=[0m1080
[2m2026-08-02T08:29:40.733450Z[0m [32m INFO[0m [2magent::diagnostics::multifenetre::plafond[0m[2m:[0m topologie restaurée nom pour nom
