[2m2026-08-02T08:31:44.839169Z[0m [32m INFO[0m [2magent[0m[2m:[0m accélération pointeur neutralisée [3mrapport[0m[2m=[0m"seuils relus = [0, 0, 0], vitesse relue = 10 (attendu : [0, 0, 0] et 10)"
[2m2026-08-02T08:31:44.839213Z[0m [32m INFO[0m [2magent::diagnostics::multifenetre::plafond[0m[2m:[0m campagne du plafond — début [3mprocessus[0m[2m=[0m8 [3mduplications[0m[2m=[0m1 [3mtotal[0m[2m=[0m8
[2m2026-08-02T08:31:44.841436Z[0m [32m INFO[0m [2magent::capture::enumeration[0m[2m:[0m adaptateur DXGI sans sortie [3madaptateur[0m[2m=[0mNVIDIA GeForce RTX 4070 [3mindex_adaptateur[0m[2m=[0m1
[2m2026-08-02T08:31:44.841465Z[0m [32m INFO[0m [2magent::capture::enumeration[0m[2m:[0m adaptateur DXGI sans sortie [3madaptateur[0m[2m=[0mMicrosoft Basic Render Driver [3mindex_adaptateur[0m[2m=[0m2
[2m2026-08-02T08:31:44.841476Z[0m [32m INFO[0m [2magent::diagnostics::multifenetre::montee[0m[2m:[0m topologie relevée [3mmoment[0m[2m=[0m"avant création" [3mnombre[0m[2m=[0m1 [3mattachees[0m[2m=[0m1
[2m2026-08-02T08:31:44.841483Z[0m [32m INFO[0m [2magent::diagnostics::multifenetre::montee[0m[2m:[0m sortie [3mmoment[0m[2m=[0m"avant création" [3mnom[0m[2m=[0m\\.\DISPLAY1 [3madaptateur[0m[2m=[0mNVIDIA GeForce RTX 4070 [3mindex_adaptateur[0m[2m=[0m0 [3mindex_sortie[0m[2m=[0m0 [3mattachee[0m[2m=[0mtrue [3mx[0m[2m=[0m0 [3my[0m[2m=[0m0 [3mlargeur[0m[2m=[0m2400 [3mhauteur[0m[2m=[0m1080
[2m2026-08-02T08:31:44.842393Z[0m [32m INFO[0m [2magent::moniteurs_virtuels::pilote[0m[2m:[0m sortie virtuelle créée [3mid[0m[2m=[0m265 [3madaptateur_bas[0m[2m=[0m62534 [3madaptateur_haut[0m[2m=[0m0 [3mguid[0m[2m=[0m9C4A1F6E-2B73-4D51-9E08-677541430001 [3mlargeur[0m[2m=[0m1280 [3mhauteur[0m[2m=[0m720 [3mhertz[0m[2m=[0m60
[2m2026-08-02T08:31:44.842458Z[0m [32m INFO[0m [2magent::moniteurs_virtuels::pilote[0m[2m:[0m sortie virtuelle créée [3mid[0m[2m=[0m258 [3madaptateur_bas[0m[2m=[0m62534 [3madaptateur_haut[0m[2m=[0m0 [3mguid[0m[2m=[0m9C4A1F6E-2B73-4D51-9E08-677541430002 [3mlargeur[0m[2m=[0m1280 [3mhauteur[0m[2m=[0m720 [3mhertz[0m[2m=[0m60
[2m2026-08-02T08:31:44.842522Z[0m [32m INFO[0m [2magent::moniteurs_virtuels::pilote[0m[2m:[0m sortie virtuelle créée [3mid[0m[2m=[0m263 [3madaptateur_bas[0m[2m=[0m62534 [3madaptateur_haut[0m[2m=[0m0 [3mguid[0m[2m=[0m9C4A1F6E-2B73-4D51-9E08-677541430003 [3mlargeur[0m[2m=[0m1280 [3mhauteur[0m[2m=[0m720 [3mhertz[0m[2m=[0m60
[2m2026-08-02T08:31:44.842569Z[0m [32m INFO[0m [2magent::moniteurs_virtuels::pilote[0m[2m:[0m sortie virtuelle créée [3mid[0m[2m=[0m259 [3madaptateur_bas[0m[2m=[0m62534 [3madaptateur_haut[0m[2m=[0m0 [3mguid[0m[2m=[0m9C4A1F6E-2B73-4D51-9E08-677541430004 [3mlargeur[0m[2m=[0m1280 [3mhauteur[0m[2m=[0m720 [3mhertz[0m[2m=[0m60
[2m2026-08-02T08:31:44.842620Z[0m [32m INFO[0m [2magent::moniteurs_virtuels::pilote[0m[2m:[0m sortie virtuelle créée [3mid[0m[2m=[0m261 [3madaptateur_bas[0m[2m=[0m62534 [3madaptateur_haut[0m[2m=[0m0 [3mguid[0m[2m=[0m9C4A1F6E-2B73-4D51-9E08-677541430005 [3mlargeur[0m[2m=[0m1280 [3mhauteur[0m[2m=[0m720 [3mhertz[0m[2m=[0m60
[2m2026-08-02T08:31:44.842691Z[0m [32m INFO[0m [2magent::moniteurs_virtuels::pilote[0m[2m:[0m sortie virtuelle créée [3mid[0m[2m=[0m260 [3madaptateur_bas[0m[2m=[0m62534 [3madaptateur_haut[0m[2m=[0m0 [3mguid[0m[2m=[0m9C4A1F6E-2B73-4D51-9E08-677541430006 [3mlargeur[0m[2m=[0m1280 [3mhauteur[0m[2m=[0m720 [3mhertz[0m[2m=[0m60
[2m2026-08-02T08:31:44.842738Z[0m [32m INFO[0m [2magent::moniteurs_virtuels::pilote[0m[2m:[0m sortie virtuelle créée [3mid[0m[2m=[0m257 [3madaptateur_bas[0m[2m=[0m62534 [3madaptateur_haut[0m[2m=[0m0 [3mguid[0m[2m=[0m9C4A1F6E-2B73-4D51-9E08-677541430007 [3mlargeur[0m[2m=[0m1280 [3mhauteur[0m[2m=[0m720 [3mhertz[0m[2m=[0m60
[2m2026-08-02T08:31:44.842786Z[0m [32m INFO[0m [2magent::moniteurs_virtuels::pilote[0m[2m:[0m sortie virtuelle créée [3mid[0m[2m=[0m262 [3madaptateur_bas[0m[2m=[0m62534 [3madaptateur_haut[0m[2m=[0m0 [3mguid[0m[2m=[0m9C4A1F6E-2B73-4D51-9E08-677541430008 [3mlargeur[0m[2m=[0m1280 [3mhauteur[0m[2m=[0m720 [3mhertz[0m[2m=[0m60
[2m2026-08-02T08:31:47.844468Z[0m [32m INFO[0m [2magent::capture::enumeration[0m[2m:[0m adaptateur DXGI sans sortie [3madaptateur[0m[2m=[0mNVIDIA GeForce RTX 4070 [3mindex_adaptateur[0m[2m=[0m1
[2m2026-08-02T08:31:47.844500Z[0m [32m INFO[0m [2magent::capture::enumeration[0m[2m:[0m adaptateur DXGI sans sortie [3madaptateur[0m[2m=[0mMicrosoft Basic Render Driver [3mindex_adaptateur[0m[2m=[0m2
[2m2026-08-02T08:31:47.844509Z[0m [32m INFO[0m [2magent::diagnostics::multifenetre::montee[0m[2m:[0m topologie relevée [3mmoment[0m[2m=[0m"après création" [3mnombre[0m[2m=[0m9 [3mattachees[0m[2m=[0m9
[2m2026-08-02T08:31:47.844512Z[0m [32m INFO[0m [2magent::diagnostics::multifenetre::montee[0m[2m:[0m sortie [3mmoment[0m[2m=[0m"après création" [3mnom[0m[2m=[0m\\.\DISPLAY1 [3madaptateur[0m[2m=[0mNVIDIA GeForce RTX 4070 [3mindex_adaptateur[0m[2m=[0m0 [3mindex_sortie[0m[2m=[0m0 [3mattachee[0m[2m=[0mtrue [3mx[0m[2m=[0m0 [3my[0m[2m=[0m0 [3mlargeur[0m[2m=[0m2400 [3mhauteur[0m[2m=[0m1080
[2m2026-08-02T08:31:47.844517Z[0m [32m INFO[0m [2magent::diagnostics::multifenetre::montee[0m[2m:[0m sortie [3mmoment[0m[2m=[0m"après création" [3mnom[0m[2m=[0m\\.\DISPLAY5 [3madaptateur[0m[2m=[0mNVIDIA GeForce RTX 4070 [3mindex_adaptateur[0m[2m=[0m0 [3mindex_sortie[0m[2m=[0m1 [3mattachee[0m[2m=[0mtrue [3mx[0m[2m=[0m2400 [3my[0m[2m=[0m0 [3mlargeur[0m[2m=[0m1280 [3mhauteur[0m[2m=[0m720
[2m2026-08-02T08:31:47.844520Z[0m [32m INFO[0m [2magent::diagnostics::multifenetre::montee[0m[2m:[0m sortie [3mmoment[0m[2m=[0m"après création" [3mnom[0m[2m=[0m\\.\DISPLAY6 [3madaptateur[0m[2m=[0mNVIDIA GeForce RTX 4070 [3mindex_adaptateur[0m[2m=[0m0 [3mindex_sortie[0m[2m=[0m2 [3mattachee[0m[2m=[0mtrue [3mx[0m[2m=[0m3680 [3my[0m[2m=[0m0 [3mlargeur[0m[2m=[0m1280 [3mhauteur[0m[2m=[0m720
[2m2026-08-02T08:31:47.844522Z[0m [32m INFO[0m [2magent::diagnostics::multifenetre::montee[0m[2m:[0m sortie [3mmoment[0m[2m=[0m"après création" [3mnom[0m[2m=[0m\\.\DISPLAY7 [3madaptateur[0m[2m=[0mNVIDIA GeForce RTX 4070 [3mindex_adaptateur[0m[2m=[0m0 [3mindex_sortie[0m[2m=[0m3 [3mattachee[0m[2m=[0mtrue [3mx[0m[2m=[0m4960 [3my[0m[2m=[0m0 [3mlargeur[0m[2m=[0m1280 [3mhauteur[0m[2m=[0m720
[2m2026-08-02T08:31:47.844524Z[0m [32m INFO[0m [2magent::diagnostics::multifenetre::montee[0m[2m:[0m sortie [3mmoment[0m[2m=[0m"après création" [3mnom[0m[2m=[0m\\.\DISPLAY8 [3madaptateur[0m[2m=[0mNVIDIA GeForce RTX 4070 [3mindex_adaptateur[0m[2m=[0m0 [3mindex_sortie[0m[2m=[0m4 [3mattachee[0m[2m=[0mtrue [3mx[0m[2m=[0m6240 [3my[0m[2m=[0m0 [3mlargeur[0m[2m=[0m1280 [3mhauteur[0m[2m=[0m720
[2m2026-08-02T08:31:47.844527Z[0m [32m INFO[0m [2magent::diagnostics::multifenetre::montee[0m[2m:[0m sortie [3mmoment[0m[2m=[0m"après création" [3mnom[0m[2m=[0m\\.\DISPLAY9 [3madaptateur[0m[2m=[0mNVIDIA GeForce RTX 4070 [3mindex_adaptateur[0m[2m=[0m0 [3mindex_sortie[0m[2m=[0m5 [3mattachee[0m[2m=[0mtrue [3mx[0m[2m=[0m7520 [3my[0m[2m=[0m0 [3mlargeur[0m[2m=[0m1280 [3mhauteur[0m[2m=[0m720
[2m2026-08-02T08:31:47.844530Z[0m [32m INFO[0m [2magent::diagnostics::multifenetre::montee[0m[2m:[0m sortie [3mmoment[0m[2m=[0m"après création" [3mnom[0m[2m=[0m\\.\DISPLAY10 [3madaptateur[0m[2m=[0mNVIDIA GeForce RTX 4070 [3mindex_adaptateur[0m[2m=[0m0 [3mindex_sortie[0m[2m=[0m6 [3mattachee[0m[2m=[0mtrue [3mx[0m[2m=[0m8800 [3my[0m[2m=[0m0 [3mlargeur[0m[2m=[0m1280 [3mhauteur[0m[2m=[0m720
[2m2026-08-02T08:31:47.844532Z[0m [32m INFO[0m [2magent::diagnostics::multifenetre::montee[0m[2m:[0m sortie [3mmoment[0m[2m=[0m"après création" [3mnom[0m[2m=[0m\\.\DISPLAY11 [3madaptateur[0m[2m=[0mNVIDIA GeForce RTX 4070 [3mindex_adaptateur[0m[2m=[0m0 [3mindex_sortie[0m[2m=[0m7 [3mattachee[0m[2m=[0mtrue [3mx[0m[2m=[0m10080 [3my[0m[2m=[0m0 [3mlargeur[0m[2m=[0m1280 [3mhauteur[0m[2m=[0m720
[2m2026-08-02T08:31:47.844535Z[0m [32m INFO[0m [2magent::diagnostics::multifenetre::montee[0m[2m:[0m sortie [3mmoment[0m[2m=[0m"après création" [3mnom[0m[2m=[0m\\.\DISPLAY12 [3madaptateur[0m[2m=[0mNVIDIA GeForce RTX 4070 [3mindex_adaptateur[0m[2m=[0m0 [3mindex_sortie[0m[2m=[0m8 [3mattachee[0m[2m=[0mtrue [3mx[0m[2m=[0m11360 [3my[0m[2m=[0m0 [3mlargeur[0m[2m=[0m1280 [3mhauteur[0m[2m=[0m720
[2m2026-08-02T08:31:47.844672Z[0m [32m INFO[0m [2magent::diagnostics::multifenetre::plafond[0m[2m:[0m sorties rattachées [3mattachees[0m[2m=[0m8 [3mnoms[0m[2m=[0m["\\\\.\\DISPLAY10", "\\\\.\\DISPLAY11", "\\\\.\\DISPLAY12", "\\\\.\\DISPLAY5", "\\\\.\\DISPLAY6", "\\\\.\\DISPLAY7", "\\\\.\\DISPLAY8", "\\\\.\\DISPLAY9"]
[2m2026-08-02T08:31:47.844689Z[0m [32m INFO[0m [2magent::diagnostics::multifenetre::plafond[0m[2m:[0m lancement de la sonde [3msonde[0m[2m=[0m0 [3msorties[0m[2m=[0m["\\\\.\\DISPLAY10"]
[2m2026-08-02T08:31:47.853000Z[0m [32m INFO[0m [2magent[0m[2m:[0m accélération pointeur neutralisée [3mrapport[0m[2m=[0m"seuils relus = [0, 0, 0], vitesse relue = 10 (attendu : [0, 0, 0] et 10)"
[2m2026-08-02T08:31:47.853028Z[0m [32m INFO[0m [2magent::diagnostics::multifenetre::plafond::sonde[0m[2m:[0m sonde démarrée [3msonde[0m[2m=[0m0 [3msorties[0m[2m=[0m["\\\\.\\DISPLAY10"]
[2m2026-08-02T08:31:47.854681Z[0m [32m INFO[0m [2magent::capture::ouverture[0m[2m:[0m sortie retenue pour la duplication [3madaptateur[0m[2m=[0mNVIDIA GeForce RTX 4070 [3mindex_adaptateur[0m[2m=[0m0 [3mindex_sortie[0m[2m=[0m6 [3mnom_sortie[0m[2m=[0m\\.\DISPLAY10 [3mattachee[0m[2m=[0mtrue
[2m2026-08-02T08:31:47.933629Z[0m [32m INFO[0m [2magent::capture::ouverture[0m[2m:[0m protection multi-fils activée sur le contexte immédiat D3D11 [3mprotection_precedente[0m[2m=[0mfalse
[2m2026-08-02T08:31:47.933954Z[0m [32m INFO[0m [2magent::capture[0m[2m:[0m duplication de sortie établie [3mdesktop_width[0m[2m=[0m1280 [3mdesktop_height[0m[2m=[0m720
[2m2026-08-02T08:31:47.933965Z[0m [32m INFO[0m [2magent::diagnostics::multifenetre::plafond::sonde[0m[2m:[0m duplication ouverte [3msonde[0m[2m=[0m0 [3mduplication[0m[2m=[0m1 [3mnom[0m[2m=[0m\\.\DISPLAY10
[2m2026-08-02T08:31:47.934219Z[0m [32m INFO[0m [2magent::diagnostics::multifenetre::plafond::sonde[0m[2m:[0m verdict déposé [3msonde[0m[2m=[0m0 [3mouvertes[0m[2m=[0m1 [3mverdict[0m[2m=[0mOK
[2m2026-08-02T08:31:47.947424Z[0m [32m INFO[0m [2magent::diagnostics::multifenetre::plafond[0m[2m:[0m verdict reçu [3msonde[0m[2m=[0m0 [3mverdict[0m[2m=[0mOK
[2m2026-08-02T08:31:47.947442Z[0m [32m INFO[0m [2magent::diagnostics::multifenetre::plafond[0m[2m:[0m lancement de la sonde [3msonde[0m[2m=[0m1 [3msorties[0m[2m=[0m["\\\\.\\DISPLAY11"]
[2m2026-08-02T08:31:47.953892Z[0m [32m INFO[0m [2magent[0m[2m:[0m accélération pointeur neutralisée [3mrapport[0m[2m=[0m"seuils relus = [0, 0, 0], vitesse relue = 10 (attendu : [0, 0, 0] et 10)"
[2m2026-08-02T08:31:47.953925Z[0m [32m INFO[0m [2magent::diagnostics::multifenetre::plafond::sonde[0m[2m:[0m sonde démarrée [3msonde[0m[2m=[0m1 [3msorties[0m[2m=[0m["\\\\.\\DISPLAY11"]
[2m2026-08-02T08:31:47.955585Z[0m [32m INFO[0m [2magent::capture::ouverture[0m[2m:[0m sortie retenue pour la duplication [3madaptateur[0m[2m=[0mNVIDIA GeForce RTX 4070 [3mindex_adaptateur[0m[2m=[0m0 [3mindex_sortie[0m[2m=[0m7 [3mnom_sortie[0m[2m=[0m\\.\DISPLAY11 [3mattachee[0m[2m=[0mtrue
[2m2026-08-02T08:31:48.028494Z[0m [32m INFO[0m [2magent::capture::ouverture[0m[2m:[0m protection multi-fils activée sur le contexte immédiat D3D11 [3mprotection_precedente[0m[2m=[0mfalse
[2m2026-08-02T08:31:48.028801Z[0m [32m INFO[0m [2magent::capture[0m[2m:[0m duplication de sortie établie [3mdesktop_width[0m[2m=[0m1280 [3mdesktop_height[0m[2m=[0m720
[2m2026-08-02T08:31:48.028812Z[0m [32m INFO[0m [2magent::diagnostics::multifenetre::plafond::sonde[0m[2m:[0m duplication ouverte [3msonde[0m[2m=[0m1 [3mduplication[0m[2m=[0m1 [3mnom[0m[2m=[0m\\.\DISPLAY11
[2m2026-08-02T08:31:48.029057Z[0m [32m INFO[0m [2magent::diagnostics::multifenetre::plafond::sonde[0m[2m:[0m verdict déposé [3msonde[0m[2m=[0m1 [3mouvertes[0m[2m=[0m1 [3mverdict[0m[2m=[0mOK
[2m2026-08-02T08:31:48.049137Z[0m [32m INFO[0m [2magent::diagnostics::multifenetre::plafond[0m[2m:[0m verdict reçu [3msonde[0m[2m=[0m1 [3mverdict[0m[2m=[0mOK
[2m2026-08-02T08:31:48.049155Z[0m [32m INFO[0m [2magent::diagnostics::multifenetre::plafond[0m[2m:[0m lancement de la sonde [3msonde[0m[2m=[0m2 [3msorties[0m[2m=[0m["\\\\.\\DISPLAY12"]
[2m2026-08-02T08:31:48.055417Z[0m [32m INFO[0m [2magent[0m[2m:[0m accélération pointeur neutralisée [3mrapport[0m[2m=[0m"seuils relus = [0, 0, 0], vitesse relue = 10 (attendu : [0, 0, 0] et 10)"
[2m2026-08-02T08:31:48.055468Z[0m [32m INFO[0m [2magent::diagnostics::multifenetre::plafond::sonde[0m[2m:[0m sonde démarrée [3msonde[0m[2m=[0m2 [3msorties[0m[2m=[0m["\\\\.\\DISPLAY12"]
[2m2026-08-02T08:31:48.057122Z[0m [32m INFO[0m [2magent::capture::ouverture[0m[2m:[0m sortie retenue pour la duplication [3madaptateur[0m[2m=[0mNVIDIA GeForce RTX 4070 [3mindex_adaptateur[0m[2m=[0m0 [3mindex_sortie[0m[2m=[0m8 [3mnom_sortie[0m[2m=[0m\\.\DISPLAY12 [3mattachee[0m[2m=[0mtrue
[2m2026-08-02T08:31:48.138254Z[0m [32m INFO[0m [2magent::capture::ouverture[0m[2m:[0m protection multi-fils activée sur le contexte immédiat D3D11 [3mprotection_precedente[0m[2m=[0mfalse
[2m2026-08-02T08:31:48.138569Z[0m [32m INFO[0m [2magent::capture[0m[2m:[0m duplication de sortie établie [3mdesktop_width[0m[2m=[0m1280 [3mdesktop_height[0m[2m=[0m720
[2m2026-08-02T08:31:48.138580Z[0m [32m INFO[0m [2magent::diagnostics::multifenetre::plafond::sonde[0m[2m:[0m duplication ouverte [3msonde[0m[2m=[0m2 [3mduplication[0m[2m=[0m1 [3mnom[0m[2m=[0m\\.\DISPLAY12
[2m2026-08-02T08:31:48.138815Z[0m [32m INFO[0m [2magent::diagnostics::multifenetre::plafond::sonde[0m[2m:[0m verdict déposé [3msonde[0m[2m=[0m2 [3mouvertes[0m[2m=[0m1 [3mverdict[0m[2m=[0mOK
[2m2026-08-02T08:31:48.150426Z[0m [32m INFO[0m [2magent::diagnostics::multifenetre::plafond[0m[2m:[0m verdict reçu [3msonde[0m[2m=[0m2 [3mverdict[0m[2m=[0mOK
[2m2026-08-02T08:31:48.150441Z[0m [32m INFO[0m [2magent::diagnostics::multifenetre::plafond[0m[2m:[0m lancement de la sonde [3msonde[0m[2m=[0m3 [3msorties[0m[2m=[0m["\\\\.\\DISPLAY5"]
[2m2026-08-02T08:31:48.156653Z[0m [32m INFO[0m [2magent[0m[2m:[0m accélération pointeur neutralisée [3mrapport[0m[2m=[0m"seuils relus = [0, 0, 0], vitesse relue = 10 (attendu : [0, 0, 0] et 10)"
[2m2026-08-02T08:31:48.156681Z[0m [32m INFO[0m [2magent::diagnostics::multifenetre::plafond::sonde[0m[2m:[0m sonde démarrée [3msonde[0m[2m=[0m3 [3msorties[0m[2m=[0m["\\\\.\\DISPLAY5"]
[2m2026-08-02T08:31:48.158463Z[0m [32m INFO[0m [2magent::capture::ouverture[0m[2m:[0m sortie retenue pour la duplication [3madaptateur[0m[2m=[0mNVIDIA GeForce RTX 4070 [3mindex_adaptateur[0m[2m=[0m0 [3mindex_sortie[0m[2m=[0m1 [3mnom_sortie[0m[2m=[0m\\.\DISPLAY5 [3mattachee[0m[2m=[0mtrue
[2m2026-08-02T08:31:48.232339Z[0m [32m INFO[0m [2magent::capture::ouverture[0m[2m:[0m protection multi-fils activée sur le contexte immédiat D3D11 [3mprotection_precedente[0m[2m=[0mfalse
[2m2026-08-02T08:31:48.232622Z[0m [32m INFO[0m [2magent::capture[0m[2m:[0m duplication de sortie établie [3mdesktop_width[0m[2m=[0m1280 [3mdesktop_height[0m[2m=[0m720
[2m2026-08-02T08:31:48.232632Z[0m [32m INFO[0m [2magent::diagnostics::multifenetre::plafond::sonde[0m[2m:[0m duplication ouverte [3msonde[0m[2m=[0m3 [3mduplication[0m[2m=[0m1 [3mnom[0m[2m=[0m\\.\DISPLAY5
[2m2026-08-02T08:31:48.232870Z[0m [32m INFO[0m [2magent::diagnostics::multifenetre::plafond::sonde[0m[2m:[0m verdict déposé [3msonde[0m[2m=[0m3 [3mouvertes[0m[2m=[0m1 [3mverdict[0m[2m=[0mOK
[2m2026-08-02T08:31:48.251748Z[0m [32m INFO[0m [2magent::diagnostics::multifenetre::plafond[0m[2m:[0m verdict reçu [3msonde[0m[2m=[0m3 [3mverdict[0m[2m=[0mOK
[2m2026-08-02T08:31:48.251766Z[0m [32m INFO[0m [2magent::diagnostics::multifenetre::plafond[0m[2m:[0m lancement de la sonde [3msonde[0m[2m=[0m4 [3msorties[0m[2m=[0m["\\\\.\\DISPLAY6"]
[2m2026-08-02T08:31:48.257827Z[0m [32m INFO[0m [2magent[0m[2m:[0m accélération pointeur neutralisée [3mrapport[0m[2m=[0m"seuils relus = [0, 0, 0], vitesse relue = 10 (attendu : [0, 0, 0] et 10)"
[2m2026-08-02T08:31:48.257851Z[0m [32m INFO[0m [2magent::diagnostics::multifenetre::plafond::sonde[0m[2m:[0m sonde démarrée [3msonde[0m[2m=[0m4 [3msorties[0m[2m=[0m["\\\\.\\DISPLAY6"]
[2m2026-08-02T08:31:48.259493Z[0m [32m INFO[0m [2magent::capture::ouverture[0m[2m:[0m sortie retenue pour la duplication [3madaptateur[0m[2m=[0mNVIDIA GeForce RTX 4070 [3mindex_adaptateur[0m[2m=[0m0 [3mindex_sortie[0m[2m=[0m2 [3mnom_sortie[0m[2m=[0m\\.\DISPLAY6 [3mattachee[0m[2m=[0mtrue
[2m2026-08-02T08:31:48.337929Z[0m [32m INFO[0m [2magent::capture::ouverture[0m[2m:[0m protection multi-fils activée sur le contexte immédiat D3D11 [3mprotection_precedente[0m[2m=[0mfalse
[2m2026-08-02T08:31:48.338523Z[0m [32m INFO[0m [2magent::capture::ouverture[0m[2m:[0m duplication indisponible à l'ouverture, nouvel essai [3mhresult[0m[2m=[0m"0x887a0022" [3mcible[0m[2m=[0mSortie("\\\\.\\DISPLAY6")
[2m2026-08-02T08:31:48.489605Z[0m [32m INFO[0m [2magent::capture::ouverture[0m[2m:[0m duplication indisponible à l'ouverture, nouvel essai [3mhresult[0m[2m=[0m"0x887a0022" [3mcible[0m[2m=[0mSortie("\\\\.\\DISPLAY6")
[2m2026-08-02T08:31:48.640707Z[0m [32m INFO[0m [2magent::capture::ouverture[0m[2m:[0m duplication indisponible à l'ouverture, nouvel essai [3mhresult[0m[2m=[0m"0x887a0022" [3mcible[0m[2m=[0mSortie("\\\\.\\DISPLAY6")
[2m2026-08-02T08:31:48.791497Z[0m [32m INFO[0m [2magent::capture::ouverture[0m[2m:[0m duplication indisponible à l'ouverture, nouvel essai [3mhresult[0m[2m=[0m"0x887a0022" [3mcible[0m[2m=[0mSortie("\\\\.\\DISPLAY6")
[2m2026-08-02T08:31:48.942180Z[0m [32m INFO[0m [2magent::capture::ouverture[0m[2m:[0m duplication indisponible à l'ouverture, nouvel essai [3mhresult[0m[2m=[0m"0x887a0022" [3mcible[0m[2m=[0mSortie("\\\\.\\DISPLAY6")
[2m2026-08-02T08:31:49.092959Z[0m [32m INFO[0m [2magent::capture::ouverture[0m[2m:[0m duplication indisponible à l'ouverture, nouvel essai [3mhresult[0m[2m=[0m"0x887a0022" [3mcible[0m[2m=[0mSortie("\\\\.\\DISPLAY6")
[2m2026-08-02T08:31:49.244037Z[0m [32m INFO[0m [2magent::capture::ouverture[0m[2m:[0m duplication indisponible à l'ouverture, nouvel essai [3mhresult[0m[2m=[0m"0x887a0022" [3mcible[0m[2m=[0mSortie("\\\\.\\DISPLAY6")
[2m2026-08-02T08:31:49.395002Z[0m [32m INFO[0m [2magent::capture::ouverture[0m[2m:[0m duplication indisponible à l'ouverture, nouvel essai [3mhresult[0m[2m=[0m"0x887a0022" [3mcible[0m[2m=[0mSortie("\\\\.\\DISPLAY6")
[2m2026-08-02T08:31:49.545764Z[0m [32m INFO[0m [2magent::capture::ouverture[0m[2m:[0m duplication indisponible à l'ouverture, nouvel essai [3mhresult[0m[2m=[0m"0x887a0022" [3mcible[0m[2m=[0mSortie("\\\\.\\DISPLAY6")
[2m2026-08-02T08:31:49.696932Z[0m [32m INFO[0m [2magent::capture::ouverture[0m[2m:[0m duplication indisponible à l'ouverture, nouvel essai [3mhresult[0m[2m=[0m"0x887a0022" [3mcible[0m[2m=[0mSortie("\\\\.\\DISPLAY6")
[2m2026-08-02T08:31:49.847646Z[0m [32m INFO[0m [2magent::capture::ouverture[0m[2m:[0m duplication indisponible à l'ouverture, nouvel essai [3mhresult[0m[2m=[0m"0x887a0022" [3mcible[0m[2m=[0mSortie("\\\\.\\DISPLAY6")
[2m2026-08-02T08:31:49.998358Z[0m [32m INFO[0m [2magent::capture::ouverture[0m[2m:[0m duplication indisponible à l'ouverture, nouvel essai [3mhresult[0m[2m=[0m"0x887a0022" [3mcible[0m[2m=[0mSortie("\\\\.\\DISPLAY6")
[2m2026-08-02T08:31:50.149469Z[0m [32m INFO[0m [2magent::capture::ouverture[0m[2m:[0m duplication indisponible à l'ouverture, nouvel essai [3mhresult[0m[2m=[0m"0x887a0022" [3mcible[0m[2m=[0mSortie("\\\\.\\DISPLAY6")
[2m2026-08-02T08:31:50.300687Z[0m [32m INFO[0m [2magent::capture::ouverture[0m[2m:[0m duplication indisponible à l'ouverture, nouvel essai [3mhresult[0m[2m=[0m"0x887a0022" [3mcible[0m[2m=[0mSortie("\\\\.\\DISPLAY6")
[2m2026-08-02T08:31:50.451323Z[0m [32m INFO[0m [2magent::capture::ouverture[0m[2m:[0m duplication indisponible à l'ouverture, nouvel essai [3mhresult[0m[2m=[0m"0x887a0022" [3mcible[0m[2m=[0mSortie("\\\\.\\DISPLAY6")
[2m2026-08-02T08:31:50.602405Z[0m [32m INFO[0m [2magent::capture::ouverture[0m[2m:[0m duplication indisponible à l'ouverture, nouvel essai [3mhresult[0m[2m=[0m"0x887a0022" [3mcible[0m[2m=[0mSortie("\\\\.\\DISPLAY6")
[2m2026-08-02T08:31:50.753178Z[0m [32m INFO[0m [2magent::capture::ouverture[0m[2m:[0m duplication indisponible à l'ouverture, nouvel essai [3mhresult[0m[2m=[0m"0x887a0022" [3mcible[0m[2m=[0mSortie("\\\\.\\DISPLAY6")
[2m2026-08-02T08:31:50.903996Z[0m [32m INFO[0m [2magent::capture::ouverture[0m[2m:[0m duplication indisponible à l'ouverture, nouvel essai [3mhresult[0m[2m=[0m"0x887a0022" [3mcible[0m[2m=[0mSortie("\\\\.\\DISPLAY6")
[2m2026-08-02T08:31:51.054561Z[0m [32m INFO[0m [2magent::capture::ouverture[0m[2m:[0m duplication indisponible à l'ouverture, nouvel essai [3mhresult[0m[2m=[0m"0x887a0022" [3mcible[0m[2m=[0mSortie("\\\\.\\DISPLAY6")
[2m2026-08-02T08:31:51.205511Z[0m [32m INFO[0m [2magent::capture::ouverture[0m[2m:[0m duplication indisponible à l'ouverture, nouvel essai [3mhresult[0m[2m=[0m"0x887a0022" [3mcible[0m[2m=[0mSortie("\\\\.\\DISPLAY6")
[2m2026-08-02T08:31:51.356382Z[0m [31mERROR[0m [2magent::capture::ouverture[0m[2m:[0m ouverture de la duplication abandonnée [3mhresult[0m[2m=[0m"0x887a0022" [3mattendu_ms[0m[2m=[0m3018 [3mcible[0m[2m=[0mSortie("\\\\.\\DISPLAY6")
[2m2026-08-02T08:31:51.366706Z[0m [31mERROR[0m [2magent::diagnostics::multifenetre::plafond::sonde[0m[2m:[0m duplication REFUSÉE [3msonde[0m[2m=[0m4 [3mduplication[0m[2m=[0m1 [3mnom[0m[2m=[0m\\.\DISPLAY6 [3merreur[0m[2m=[0mduplication de la sortie écran
[2m2026-08-02T08:31:51.366978Z[0m [32m INFO[0m [2magent::diagnostics::multifenetre::plafond::sonde[0m[2m:[0m verdict déposé [3msonde[0m[2m=[0m4 [3mouvertes[0m[2m=[0m0 [3mverdict[0m[2m=[0mKO duplication de la sortie écran \\.\DISPLAY6
[2m2026-08-02T08:31:51.374836Z[0m [32m INFO[0m [2magent::diagnostics::multifenetre::plafond[0m[2m:[0m verdict reçu [3msonde[0m[2m=[0m4 [3mverdict[0m[2m=[0mKO duplication de la sortie écran \\.\DISPLAY6
[2m2026-08-02T08:31:51.452385Z[0m [32m INFO[0m [2magent::diagnostics::multifenetre::plafond::sonde[0m[2m:[0m arrêt demandé, relâchement des duplications [3msonde[0m[2m=[0m1
[2m2026-08-02T08:31:51.454779Z[0m [32m INFO[0m [2magent::diagnostics::multifenetre::plafond::sonde[0m[2m:[0m arrêt demandé, relâchement des duplications [3msonde[0m[2m=[0m3
[2m2026-08-02T08:31:51.456815Z[0m [32m INFO[0m [2magent::diagnostics::multifenetre::plafond::sonde[0m[2m:[0m arrêt demandé, relâchement des duplications [3msonde[0m[2m=[0m0
[2m2026-08-02T08:31:51.456823Z[0m [32m INFO[0m [2magent::diagnostics::multifenetre::plafond::sonde[0m[2m:[0m arrêt demandé, relâchement des duplications [3msonde[0m[2m=[0m2
[2m2026-08-02T08:31:51.467414Z[0m [32m INFO[0m [2magent::diagnostics::multifenetre::plafond::sonde[0m[2m:[0m arrêt demandé, relâchement des duplications [3msonde[0m[2m=[0m4
[2m2026-08-02T08:31:51.476193Z[0m [32m INFO[0m [2magent::diagnostics::multifenetre::plafond[0m[2m:[0m sonde terminée [3msonde[0m[2m=[0m0 [3mstatut[0m[2m=[0mExitStatus(ExitStatus(0))
[2m2026-08-02T08:31:51.478166Z[0m [32m INFO[0m [2magent::diagnostics::multifenetre::plafond[0m[2m:[0m sonde terminée [3msonde[0m[2m=[0m1 [3mstatut[0m[2m=[0mExitStatus(ExitStatus(0))
[2m2026-08-02T08:31:51.478189Z[0m [32m INFO[0m [2magent::diagnostics::multifenetre::plafond[0m[2m:[0m sonde terminée [3msonde[0m[2m=[0m2 [3mstatut[0m[2m=[0mExitStatus(ExitStatus(0))
[2m2026-08-02T08:31:51.478192Z[0m [32m INFO[0m [2magent::diagnostics::multifenetre::plafond[0m[2m:[0m sonde terminée [3msonde[0m[2m=[0m3 [3mstatut[0m[2m=[0mExitStatus(ExitStatus(0))
[2m2026-08-02T08:31:51.478194Z[0m [32m INFO[0m [2magent::diagnostics::multifenetre::plafond[0m[2m:[0m sonde terminée [3msonde[0m[2m=[0m4 [3mstatut[0m[2m=[0mExitStatus(ExitStatus(0))
[2m2026-08-02T08:31:51.478253Z[0m [32m INFO[0m [2magent::diagnostics::multifenetre::plafond[0m[2m:[0m campagne du plafond — bilan [3mprocessus[0m[2m=[0m8 [3mduplications[0m[2m=[0m1 [3mlancees[0m[2m=[0m5 [3mverdicts[0m[2m=[0m[(0, "OK"), (1, "OK"), (2, "OK"), (3, "OK"), (4, "KO duplication de la sortie écran \\\\.\\DISPLAY6")]
[2m2026-08-02T08:31:51.478262Z[0m [32m INFO[0m [2magent::diagnostics::multifenetre::plafond[0m[2m:[0m chien de garde : plus grand écart entre deux battements sur toute la conduite [3mintervalle_ping_max_ms[0m[2m=[0m1012
[2m2026-08-02T08:31:51.483658Z[0m [32m INFO[0m [2magent::moniteurs_virtuels::pilote[0m[2m:[0m sortie virtuelle détruite [3mid[0m[2m=[0m262
[2m2026-08-02T08:31:51.488711Z[0m [32m INFO[0m [2magent::moniteurs_virtuels::pilote[0m[2m:[0m sortie virtuelle détruite [3mid[0m[2m=[0m257
[2m2026-08-02T08:31:51.494601Z[0m [32m INFO[0m [2magent::moniteurs_virtuels::pilote[0m[2m:[0m sortie virtuelle détruite [3mid[0m[2m=[0m260
[2m2026-08-02T08:31:51.500501Z[0m [32m INFO[0m [2magent::moniteurs_virtuels::pilote[0m[2m:[0m sortie virtuelle détruite [3mid[0m[2m=[0m261
[2m2026-08-02T08:31:51.506355Z[0m [32m INFO[0m [2magent::moniteurs_virtuels::pilote[0m[2m:[0m sortie virtuelle détruite [3mid[0m[2m=[0m259
[2m2026-08-02T08:31:51.512318Z[0m [32m INFO[0m [2magent::moniteurs_virtuels::pilote[0m[2m:[0m sortie virtuelle détruite [3mid[0m[2m=[0m263
[2m2026-08-02T08:31:51.517843Z[0m [32m INFO[0m [2magent::moniteurs_virtuels::pilote[0m[2m:[0m sortie virtuelle détruite [3mid[0m[2m=[0m258
[2m2026-08-02T08:31:51.523856Z[0m [32m INFO[0m [2magent::moniteurs_virtuels::pilote[0m[2m:[0m sortie virtuelle détruite [3mid[0m[2m=[0m265
[2m2026-08-02T08:31:54.525256Z[0m [32m INFO[0m [2magent::capture::enumeration[0m[2m:[0m adaptateur DXGI sans sortie [3madaptateur[0m[2m=[0mNVIDIA GeForce RTX 4070 [3mindex_adaptateur[0m[2m=[0m1
[2m2026-08-02T08:31:54.525290Z[0m [32m INFO[0m [2magent::capture::enumeration[0m[2m:[0m adaptateur DXGI sans sortie [3madaptateur[0m[2m=[0mMicrosoft Basic Render Driver [3mindex_adaptateur[0m[2m=[0m2
[2m2026-08-02T08:31:54.525298Z[0m [32m INFO[0m [2magent::diagnostics::multifenetre::montee[0m[2m:[0m topologie relevée [3mmoment[0m[2m=[0m"après destruction" [3mnombre[0m[2m=[0m1 [3mattachees[0m[2m=[0m1
[2m2026-08-02T08:31:54.525301Z[0m [32m INFO[0m [2magent::diagnostics::multifenetre::montee[0m[2m:[0m sortie [3mmoment[0m[2m=[0m"après destruction" [3mnom[0m[2m=[0m\\.\DISPLAY1 [3madaptateur[0m[2m=[0mNVIDIA GeForce RTX 4070 [3mindex_adaptateur[0m[2m=[0m0 [3mindex_sortie[0m[2m=[0m0 [3mattachee[0m[2m=[0mtrue [3mx[0m[2m=[0m0 [3my[0m[2m=[0m0 [3mlargeur[0m[2m=[0m2400 [3mhauteur[0m[2m=[0m1080
[2m2026-08-02T08:31:54.525307Z[0m [32m INFO[0m [2magent::diagnostics::multifenetre::plafond[0m[2m:[0m topologie restaurée nom pour nom
