[2m2026-08-01T17:11:31.362392Z[0m [32m INFO[0m [2magent[0m[2m:[0m accélération pointeur neutralisée [3mrapport[0m[2m=[0m"seuils relus = [0, 0, 0], vitesse relue = 10 (attendu : [0, 0, 0] et 10)"
[2m2026-08-01T17:11:31.364164Z[0m [32m INFO[0m [2magent::capture::enumeration[0m[2m:[0m adaptateur DXGI sans sortie [3madaptateur[0m[2m=[0mNVIDIA GeForce RTX 4070 [3mindex_adaptateur[0m[2m=[0m1
[2m2026-08-01T17:11:31.364197Z[0m [32m INFO[0m [2magent::capture::enumeration[0m[2m:[0m adaptateur DXGI sans sortie [3madaptateur[0m[2m=[0mMicrosoft Basic Render Driver [3mindex_adaptateur[0m[2m=[0m2
[2m2026-08-01T17:11:31.364219Z[0m [32m INFO[0m [2magent::diagnostics::multifenetre::montee[0m[2m:[0m topologie relevée [3mmoment[0m[2m=[0m"avant création" [3mnombre[0m[2m=[0m1 [3mattachees[0m[2m=[0m1
[2m2026-08-01T17:11:31.364237Z[0m [32m INFO[0m [2magent::diagnostics::multifenetre::montee[0m[2m:[0m sortie [3mmoment[0m[2m=[0m"avant création" [3mnom[0m[2m=[0m\\.\DISPLAY1 [3madaptateur[0m[2m=[0mNVIDIA GeForce RTX 4070 [3mindex_adaptateur[0m[2m=[0m0 [3mindex_sortie[0m[2m=[0m0 [3mattachee[0m[2m=[0mtrue [3mx[0m[2m=[0m0 [3my[0m[2m=[0m0 [3mlargeur[0m[2m=[0m2400 [3mhauteur[0m[2m=[0m1080
[2m2026-08-01T17:11:31.365657Z[0m [32m INFO[0m [2magent::moniteurs_virtuels::pilote[0m[2m:[0m sortie virtuelle créée [3mid[0m[2m=[0m258 [3madaptateur_bas[0m[2m=[0m62534 [3madaptateur_haut[0m[2m=[0m0 [3mguid[0m[2m=[0m9C4A1F6E-2B73-4D51-9E08-677541430001 [3mlargeur[0m[2m=[0m1280 [3mhauteur[0m[2m=[0m720 [3mhertz[0m[2m=[0m60
[2m2026-08-01T17:11:31.365689Z[0m [32m INFO[0m [2magent::diagnostics::multifenetre::reprise[0m[2m:[0m sortie virtuelle créée [3mrang[0m[2m=[0m1 [3mid[0m[2m=[0m258
[2m2026-08-01T17:11:34.367237Z[0m [32m INFO[0m [2magent::capture::enumeration[0m[2m:[0m adaptateur DXGI sans sortie [3madaptateur[0m[2m=[0mNVIDIA GeForce RTX 4070 [3mindex_adaptateur[0m[2m=[0m1
[2m2026-08-01T17:11:34.367273Z[0m [32m INFO[0m [2magent::capture::enumeration[0m[2m:[0m adaptateur DXGI sans sortie [3madaptateur[0m[2m=[0mMicrosoft Basic Render Driver [3mindex_adaptateur[0m[2m=[0m2
[2m2026-08-01T17:11:34.367282Z[0m [32m INFO[0m [2magent::diagnostics::multifenetre::montee[0m[2m:[0m topologie relevée [3mmoment[0m[2m=[0m"après création" [3mnombre[0m[2m=[0m2 [3mattachees[0m[2m=[0m2
[2m2026-08-01T17:11:34.367285Z[0m [32m INFO[0m [2magent::diagnostics::multifenetre::montee[0m[2m:[0m sortie [3mmoment[0m[2m=[0m"après création" [3mnom[0m[2m=[0m\\.\DISPLAY1 [3madaptateur[0m[2m=[0mNVIDIA GeForce RTX 4070 [3mindex_adaptateur[0m[2m=[0m0 [3mindex_sortie[0m[2m=[0m0 [3mattachee[0m[2m=[0mtrue [3mx[0m[2m=[0m0 [3my[0m[2m=[0m0 [3mlargeur[0m[2m=[0m2400 [3mhauteur[0m[2m=[0m1080
[2m2026-08-01T17:11:34.367290Z[0m [32m INFO[0m [2magent::diagnostics::multifenetre::montee[0m[2m:[0m sortie [3mmoment[0m[2m=[0m"après création" [3mnom[0m[2m=[0m\\.\DISPLAY5 [3madaptateur[0m[2m=[0mNVIDIA GeForce RTX 4070 [3mindex_adaptateur[0m[2m=[0m0 [3mindex_sortie[0m[2m=[0m1 [3mattachee[0m[2m=[0mtrue [3mx[0m[2m=[0m2400 [3my[0m[2m=[0m0 [3mlargeur[0m[2m=[0m1280 [3mhauteur[0m[2m=[0m720
[2m2026-08-01T17:11:34.367316Z[0m [32m INFO[0m [2magent::diagnostics::multifenetre::paralleles[0m[2m:[0m sortie virtuelle retenue [3mnom[0m[2m=[0m\\.\DISPLAY5 [3madaptateur[0m[2m=[0mNVIDIA GeForce RTX 4070 [3mindex_adaptateur[0m[2m=[0m0 [3mindex_sortie[0m[2m=[0m1 [3mattachee[0m[2m=[0mtrue [3mx[0m[2m=[0m2400 [3my[0m[2m=[0m0 [3mlargeur_annoncee[0m[2m=[0m1280 [3mhauteur_annoncee[0m[2m=[0m720
[2m2026-08-01T17:11:34.483785Z[0m [32m INFO[0m [2magent::capture::ouverture[0m[2m:[0m sortie retenue pour la duplication [3madaptateur[0m[2m=[0mNVIDIA GeForce RTX 4070 [3mindex_adaptateur[0m[2m=[0m0 [3mindex_sortie[0m[2m=[0m1 [3mnom_sortie[0m[2m=[0m\\.\DISPLAY5 [3mattachee[0m[2m=[0mtrue
[2m2026-08-01T17:11:34.501985Z[0m [32m INFO[0m [2magent::capture[0m[2m:[0m protection multi-fils activée sur le contexte immédiat D3D11 [3mprotection_precedente[0m[2m=[0mfalse
[2m2026-08-01T17:11:34.502266Z[0m [32m INFO[0m [2magent::capture[0m[2m:[0m duplication de sortie établie [3mdesktop_width[0m[2m=[0m1280 [3mdesktop_height[0m[2m=[0m720
[2m2026-08-01T17:11:34.502284Z[0m [32m INFO[0m [2magent::diagnostics::multifenetre::reprise::passes[0m[2m:[0m duplication ouverte [3mrang[0m[2m=[0m1 [3mnom[0m[2m=[0m\\.\DISPLAY5 [3mtexture_largeur[0m[2m=[0m1280 [3mtexture_hauteur[0m[2m=[0m720
[2m2026-08-01T17:11:34.502386Z[0m [32m INFO[0m [2magent::diagnostics::multifenetre::reprise::passes[0m[2m:[0m les k duplications sont ouvertes [3mnombre[0m[2m=[0m1 [3mplaces_bureau[0m[2m=[0m[Rect { x: 2400, y: 0, width: 1280, height: 720 }] [3mplaces_texture[0m[2m=[0m[Rect { x: 0, y: 0, width: 1280, height: 720 }]
[2m2026-08-01T17:11:35.502439Z[0m [32m INFO[0m [2magent::diagnostics::multifenetre::reprise::passes[0m[2m:[0m banc de reprise en cours [3mimages[0m[2m=[0m[90] [3mverdicts[0m[2m=[0mVerdicts { justes: 90, voisines: 0, noires: 0, inconnues: 0 }
[2m2026-08-01T17:11:36.502434Z[0m [32m INFO[0m [2magent::diagnostics::multifenetre::reprise::passes[0m[2m:[0m banc de reprise en cours [3mimages[0m[2m=[0m[180] [3mverdicts[0m[2m=[0mVerdicts { justes: 180, voisines: 0, noires: 0, inconnues: 0 }
[2m2026-08-01T17:11:37.502456Z[0m [32m INFO[0m [2magent::diagnostics::multifenetre::reprise::passes[0m[2m:[0m banc de reprise en cours [3mimages[0m[2m=[0m[270] [3mverdicts[0m[2m=[0mVerdicts { justes: 270, voisines: 0, noires: 0, inconnues: 0 }
[2m2026-08-01T17:11:38.502475Z[0m [32m INFO[0m [2magent::diagnostics::multifenetre::reprise::passes[0m[2m:[0m banc de reprise en cours [3mimages[0m[2m=[0m[360] [3mverdicts[0m[2m=[0mVerdicts { justes: 360, voisines: 0, noires: 0, inconnues: 0 }
[2m2026-08-01T17:11:39.502426Z[0m [32m INFO[0m [2magent::diagnostics::multifenetre::reprise::passes[0m[2m:[0m banc de reprise en cours [3mimages[0m[2m=[0m[450] [3mverdicts[0m[2m=[0mVerdicts { justes: 450, voisines: 0, noires: 0, inconnues: 0 }
[2m2026-08-01T17:11:40.502476Z[0m [32m INFO[0m [2magent::diagnostics::multifenetre::reprise::passes[0m[2m:[0m banc de reprise en cours [3mimages[0m[2m=[0m[540] [3mverdicts[0m[2m=[0mVerdicts { justes: 540, voisines: 0, noires: 0, inconnues: 0 }
[2m2026-08-01T17:11:41.502473Z[0m [32m INFO[0m [2magent::diagnostics::multifenetre::reprise::passes[0m[2m:[0m banc de reprise en cours [3mimages[0m[2m=[0m[630] [3mverdicts[0m[2m=[0mVerdicts { justes: 630, voisines: 0, noires: 0, inconnues: 0 }
[2m2026-08-01T17:11:42.502420Z[0m [32m INFO[0m [2magent::diagnostics::multifenetre::reprise::passes[0m[2m:[0m banc de reprise en cours [3mimages[0m[2m=[0m[720] [3mverdicts[0m[2m=[0mVerdicts { justes: 720, voisines: 0, noires: 0, inconnues: 0 }
[2m2026-08-01T17:11:43.502447Z[0m [32m INFO[0m [2magent::diagnostics::multifenetre::reprise::passes[0m[2m:[0m banc de reprise en cours [3mimages[0m[2m=[0m[810] [3mverdicts[0m[2m=[0mVerdicts { justes: 810, voisines: 0, noires: 0, inconnues: 0 }
[2m2026-08-01T17:11:44.502480Z[0m [32m INFO[0m [2magent::diagnostics::multifenetre::reprise::passes[0m[2m:[0m banc de reprise en cours [3mimages[0m[2m=[0m[900] [3mverdicts[0m[2m=[0mVerdicts { justes: 900, voisines: 0, noires: 0, inconnues: 0 }
[2m2026-08-01T17:11:44.502517Z[0m [32m INFO[0m [2magent::diagnostics::multifenetre::compteurs[0m[2m:[0m passe terminée [3mpasse[0m[2m=[0m"avant perturbation" [3mvoie[0m[2m=[0m"duplication-reprise" [3mnombre[0m[2m=[0m1 [3mcadences[0m[2m=[0m[90.0] [3munites[0m[2m=[0m[0] [3mverdicts_faux[0m[2m=[0m0 [3mmire0_avant_recouvrement[0m[2m=[0mVerdicts { justes: 0, voisines: 0, noires: 0, inconnues: 0 } [3mmire0_apres_recouvrement[0m[2m=[0mVerdicts { justes: 900, voisines: 0, noires: 0, inconnues: 0 }
[2m2026-08-01T17:11:44.502550Z[0m [32m INFO[0m [2magent::diagnostics::multifenetre::reprise::passes[0m[2m:[0m création d'une sortie de PLUS pendant que les duplications tournent — c'est la perturbation mesurée [3mduplications_ouvertes[0m[2m=[0m1
[2m2026-08-01T17:11:44.502708Z[0m [32m INFO[0m [2magent::moniteurs_virtuels::pilote[0m[2m:[0m sortie virtuelle créée [3mid[0m[2m=[0m260 [3madaptateur_bas[0m[2m=[0m62534 [3madaptateur_haut[0m[2m=[0m0 [3mguid[0m[2m=[0m9C4A1F6E-2B73-4D51-9E08-677541430002 [3mlargeur[0m[2m=[0m1280 [3mhauteur[0m[2m=[0m720 [3mhertz[0m[2m=[0m60
[2m2026-08-01T17:11:44.502720Z[0m [32m INFO[0m [2magent::diagnostics::multifenetre::reprise::passes[0m[2m:[0m sortie perturbatrice créée [3mid[0m[2m=[0m260
[2m2026-08-01T17:11:44.555631Z[0m [32m INFO[0m [2magent::capture[0m[2m:[0m accès à la duplication perdu, réouverture [3mtentative[0m[2m=[0m1 [3mcible[0m[2m=[0mSortie("\\\\.\\DISPLAY5")
[2m2026-08-01T17:11:44.565904Z[0m [32m INFO[0m [2magent::capture::ouverture[0m[2m:[0m sortie retenue pour la duplication [3madaptateur[0m[2m=[0mNVIDIA GeForce RTX 4070 [3mindex_adaptateur[0m[2m=[0m0 [3mindex_sortie[0m[2m=[0m1 [3mnom_sortie[0m[2m=[0m\\.\DISPLAY5 [3mattachee[0m[2m=[0mtrue
[2m2026-08-01T17:11:44.705726Z[0m [32m INFO[0m [2magent::capture[0m[2m:[0m accès à la duplication perdu, réouverture [3mtentative[0m[2m=[0m2 [3mcible[0m[2m=[0mSortie("\\\\.\\DISPLAY5")
[2m2026-08-01T17:11:44.706831Z[0m [32m INFO[0m [2magent::capture::ouverture[0m[2m:[0m sortie retenue pour la duplication [3madaptateur[0m[2m=[0mNVIDIA GeForce RTX 4070 [3mindex_adaptateur[0m[2m=[0m0 [3mindex_sortie[0m[2m=[0m1 [3mnom_sortie[0m[2m=[0m\\.\DISPLAY5 [3mattachee[0m[2m=[0mtrue
[2m2026-08-01T17:11:44.855727Z[0m [32m INFO[0m [2magent::capture[0m[2m:[0m accès à la duplication perdu, réouverture [3mtentative[0m[2m=[0m3 [3mcible[0m[2m=[0mSortie("\\\\.\\DISPLAY5")
[2m2026-08-01T17:11:44.855995Z[0m [32m INFO[0m [2magent::capture::ouverture[0m[2m:[0m sortie retenue pour la duplication [3madaptateur[0m[2m=[0mNVIDIA GeForce RTX 4070 [3mindex_adaptateur[0m[2m=[0m0 [3mindex_sortie[0m[2m=[0m1 [3mnom_sortie[0m[2m=[0m\\.\DISPLAY5 [3mattachee[0m[2m=[0mtrue
[2m2026-08-01T17:11:45.005734Z[0m [32m INFO[0m [2magent::capture[0m[2m:[0m accès à la duplication perdu, réouverture [3mtentative[0m[2m=[0m4 [3mcible[0m[2m=[0mSortie("\\\\.\\DISPLAY5")
[2m2026-08-01T17:11:45.006286Z[0m [32m INFO[0m [2magent::capture::ouverture[0m[2m:[0m sortie retenue pour la duplication [3madaptateur[0m[2m=[0mNVIDIA GeForce RTX 4070 [3mindex_adaptateur[0m[2m=[0m0 [3mindex_sortie[0m[2m=[0m1 [3mnom_sortie[0m[2m=[0m\\.\DISPLAY5 [3mattachee[0m[2m=[0mtrue
[2m2026-08-01T17:11:45.156046Z[0m [32m INFO[0m [2magent::capture[0m[2m:[0m accès à la duplication perdu, réouverture [3mtentative[0m[2m=[0m5 [3mcible[0m[2m=[0mSortie("\\\\.\\DISPLAY5")
[2m2026-08-01T17:11:45.157360Z[0m [32m INFO[0m [2magent::capture::ouverture[0m[2m:[0m sortie retenue pour la duplication [3madaptateur[0m[2m=[0mNVIDIA GeForce RTX 4070 [3mindex_adaptateur[0m[2m=[0m0 [3mindex_sortie[0m[2m=[0m1 [3mnom_sortie[0m[2m=[0m\\.\DISPLAY5 [3mattachee[0m[2m=[0mtrue
[2m2026-08-01T17:11:45.306256Z[0m [32m INFO[0m [2magent::capture[0m[2m:[0m accès à la duplication perdu, réouverture [3mtentative[0m[2m=[0m6 [3mcible[0m[2m=[0mSortie("\\\\.\\DISPLAY5")
[2m2026-08-01T17:11:45.307097Z[0m [32m INFO[0m [2magent::capture::ouverture[0m[2m:[0m sortie retenue pour la duplication [3madaptateur[0m[2m=[0mNVIDIA GeForce RTX 4070 [3mindex_adaptateur[0m[2m=[0m0 [3mindex_sortie[0m[2m=[0m1 [3mnom_sortie[0m[2m=[0m\\.\DISPLAY5 [3mattachee[0m[2m=[0mtrue
[2m2026-08-01T17:11:45.456274Z[0m [32m INFO[0m [2magent::capture[0m[2m:[0m accès à la duplication perdu, réouverture [3mtentative[0m[2m=[0m7 [3mcible[0m[2m=[0mSortie("\\\\.\\DISPLAY5")
[2m2026-08-01T17:11:45.456517Z[0m [32m INFO[0m [2magent::capture::ouverture[0m[2m:[0m sortie retenue pour la duplication [3madaptateur[0m[2m=[0mNVIDIA GeForce RTX 4070 [3mindex_adaptateur[0m[2m=[0m0 [3mindex_sortie[0m[2m=[0m1 [3mnom_sortie[0m[2m=[0m\\.\DISPLAY5 [3mattachee[0m[2m=[0mtrue
[2m2026-08-01T17:11:45.502738Z[0m [32m INFO[0m [2magent::diagnostics::multifenetre::reprise::passes[0m[2m:[0m banc de reprise en cours [3mimages[0m[2m=[0m[0] [3mverdicts[0m[2m=[0mVerdicts { justes: 0, voisines: 0, noires: 0, inconnues: 0 }
[2m2026-08-01T17:11:45.606317Z[0m [32m INFO[0m [2magent::capture[0m[2m:[0m accès à la duplication perdu, réouverture [3mtentative[0m[2m=[0m8 [3mcible[0m[2m=[0mSortie("\\\\.\\DISPLAY5")
[2m2026-08-01T17:11:45.606554Z[0m [32m INFO[0m [2magent::capture::ouverture[0m[2m:[0m sortie retenue pour la duplication [3madaptateur[0m[2m=[0mNVIDIA GeForce RTX 4070 [3mindex_adaptateur[0m[2m=[0m0 [3mindex_sortie[0m[2m=[0m1 [3mnom_sortie[0m[2m=[0m\\.\DISPLAY5 [3mattachee[0m[2m=[0mtrue
[2m2026-08-01T17:11:45.756328Z[0m [32m INFO[0m [2magent::capture[0m[2m:[0m accès à la duplication perdu, réouverture [3mtentative[0m[2m=[0m9 [3mcible[0m[2m=[0mSortie("\\\\.\\DISPLAY5")
[2m2026-08-01T17:11:45.756545Z[0m [32m INFO[0m [2magent::capture::ouverture[0m[2m:[0m sortie retenue pour la duplication [3madaptateur[0m[2m=[0mNVIDIA GeForce RTX 4070 [3mindex_adaptateur[0m[2m=[0m0 [3mindex_sortie[0m[2m=[0m1 [3mnom_sortie[0m[2m=[0m\\.\DISPLAY5 [3mattachee[0m[2m=[0mtrue
[2m2026-08-01T17:11:45.906364Z[0m [32m INFO[0m [2magent::capture[0m[2m:[0m accès à la duplication perdu, réouverture [3mtentative[0m[2m=[0m10 [3mcible[0m[2m=[0mSortie("\\\\.\\DISPLAY5")
[2m2026-08-01T17:11:45.906610Z[0m [32m INFO[0m [2magent::capture::ouverture[0m[2m:[0m sortie retenue pour la duplication [3madaptateur[0m[2m=[0mNVIDIA GeForce RTX 4070 [3mindex_adaptateur[0m[2m=[0m0 [3mindex_sortie[0m[2m=[0m1 [3mnom_sortie[0m[2m=[0m\\.\DISPLAY5 [3mattachee[0m[2m=[0mtrue
[2m2026-08-01T17:11:46.056394Z[0m [32m INFO[0m [2magent::capture[0m[2m:[0m accès à la duplication perdu, réouverture [3mtentative[0m[2m=[0m11 [3mcible[0m[2m=[0mSortie("\\\\.\\DISPLAY5")
[2m2026-08-01T17:11:46.056623Z[0m [32m INFO[0m [2magent::capture::ouverture[0m[2m:[0m sortie retenue pour la duplication [3madaptateur[0m[2m=[0mNVIDIA GeForce RTX 4070 [3mindex_adaptateur[0m[2m=[0m0 [3mindex_sortie[0m[2m=[0m1 [3mnom_sortie[0m[2m=[0m\\.\DISPLAY5 [3mattachee[0m[2m=[0mtrue
[2m2026-08-01T17:11:46.206453Z[0m [32m INFO[0m [2magent::capture[0m[2m:[0m accès à la duplication perdu, réouverture [3mtentative[0m[2m=[0m12 [3mcible[0m[2m=[0mSortie("\\\\.\\DISPLAY5")
[2m2026-08-01T17:11:46.206683Z[0m [32m INFO[0m [2magent::capture::ouverture[0m[2m:[0m sortie retenue pour la duplication [3madaptateur[0m[2m=[0mNVIDIA GeForce RTX 4070 [3mindex_adaptateur[0m[2m=[0m0 [3mindex_sortie[0m[2m=[0m1 [3mnom_sortie[0m[2m=[0m\\.\DISPLAY5 [3mattachee[0m[2m=[0mtrue
[2m2026-08-01T17:11:46.356515Z[0m [32m INFO[0m [2magent::capture[0m[2m:[0m accès à la duplication perdu, réouverture [3mtentative[0m[2m=[0m13 [3mcible[0m[2m=[0mSortie("\\\\.\\DISPLAY5")
[2m2026-08-01T17:11:46.356767Z[0m [32m INFO[0m [2magent::capture::ouverture[0m[2m:[0m sortie retenue pour la duplication [3madaptateur[0m[2m=[0mNVIDIA GeForce RTX 4070 [3mindex_adaptateur[0m[2m=[0m0 [3mindex_sortie[0m[2m=[0m1 [3mnom_sortie[0m[2m=[0m\\.\DISPLAY5 [3mattachee[0m[2m=[0mtrue
[2m2026-08-01T17:11:46.502791Z[0m [32m INFO[0m [2magent::diagnostics::multifenetre::reprise::passes[0m[2m:[0m banc de reprise en cours [3mimages[0m[2m=[0m[0] [3mverdicts[0m[2m=[0mVerdicts { justes: 0, voisines: 0, noires: 0, inconnues: 0 }
[2m2026-08-01T17:11:46.506579Z[0m [32m INFO[0m [2magent::capture[0m[2m:[0m accès à la duplication perdu, réouverture [3mtentative[0m[2m=[0m14 [3mcible[0m[2m=[0mSortie("\\\\.\\DISPLAY5")
[2m2026-08-01T17:11:46.506845Z[0m [32m INFO[0m [2magent::capture::ouverture[0m[2m:[0m sortie retenue pour la duplication [3madaptateur[0m[2m=[0mNVIDIA GeForce RTX 4070 [3mindex_adaptateur[0m[2m=[0m0 [3mindex_sortie[0m[2m=[0m1 [3mnom_sortie[0m[2m=[0m\\.\DISPLAY5 [3mattachee[0m[2m=[0mtrue
[2m2026-08-01T17:11:46.656592Z[0m [32m INFO[0m [2magent::capture[0m[2m:[0m accès à la duplication perdu, réouverture [3mtentative[0m[2m=[0m15 [3mcible[0m[2m=[0mSortie("\\\\.\\DISPLAY5")
[2m2026-08-01T17:11:46.656830Z[0m [32m INFO[0m [2magent::capture::ouverture[0m[2m:[0m sortie retenue pour la duplication [3madaptateur[0m[2m=[0mNVIDIA GeForce RTX 4070 [3mindex_adaptateur[0m[2m=[0m0 [3mindex_sortie[0m[2m=[0m1 [3mnom_sortie[0m[2m=[0m\\.\DISPLAY5 [3mattachee[0m[2m=[0mtrue
[2m2026-08-01T17:11:46.806663Z[0m [32m INFO[0m [2magent::capture[0m[2m:[0m accès à la duplication perdu, réouverture [3mtentative[0m[2m=[0m16 [3mcible[0m[2m=[0mSortie("\\\\.\\DISPLAY5")
[2m2026-08-01T17:11:46.806927Z[0m [32m INFO[0m [2magent::capture::ouverture[0m[2m:[0m sortie retenue pour la duplication [3madaptateur[0m[2m=[0mNVIDIA GeForce RTX 4070 [3mindex_adaptateur[0m[2m=[0m0 [3mindex_sortie[0m[2m=[0m1 [3mnom_sortie[0m[2m=[0m\\.\DISPLAY5 [3mattachee[0m[2m=[0mtrue
[2m2026-08-01T17:11:46.956704Z[0m [32m INFO[0m [2magent::capture[0m[2m:[0m accès à la duplication perdu, réouverture [3mtentative[0m[2m=[0m17 [3mcible[0m[2m=[0mSortie("\\\\.\\DISPLAY5")
[2m2026-08-01T17:11:46.956947Z[0m [32m INFO[0m [2magent::capture::ouverture[0m[2m:[0m sortie retenue pour la duplication [3madaptateur[0m[2m=[0mNVIDIA GeForce RTX 4070 [3mindex_adaptateur[0m[2m=[0m0 [3mindex_sortie[0m[2m=[0m1 [3mnom_sortie[0m[2m=[0m\\.\DISPLAY5 [3mattachee[0m[2m=[0mtrue
[2m2026-08-01T17:11:47.106758Z[0m [32m INFO[0m [2magent::capture[0m[2m:[0m accès à la duplication perdu, réouverture [3mtentative[0m[2m=[0m18 [3mcible[0m[2m=[0mSortie("\\\\.\\DISPLAY5")
[2m2026-08-01T17:11:47.107026Z[0m [32m INFO[0m [2magent::capture::ouverture[0m[2m:[0m sortie retenue pour la duplication [3madaptateur[0m[2m=[0mNVIDIA GeForce RTX 4070 [3mindex_adaptateur[0m[2m=[0m0 [3mindex_sortie[0m[2m=[0m1 [3mnom_sortie[0m[2m=[0m\\.\DISPLAY5 [3mattachee[0m[2m=[0mtrue
[2m2026-08-01T17:11:47.256806Z[0m [32m INFO[0m [2magent::capture[0m[2m:[0m accès à la duplication perdu, réouverture [3mtentative[0m[2m=[0m19 [3mcible[0m[2m=[0mSortie("\\\\.\\DISPLAY5")
[2m2026-08-01T17:11:47.257059Z[0m [32m INFO[0m [2magent::capture::ouverture[0m[2m:[0m sortie retenue pour la duplication [3madaptateur[0m[2m=[0mNVIDIA GeForce RTX 4070 [3mindex_adaptateur[0m[2m=[0m0 [3mindex_sortie[0m[2m=[0m1 [3mnom_sortie[0m[2m=[0m\\.\DISPLAY5 [3mattachee[0m[2m=[0mtrue
[2m2026-08-01T17:11:47.406836Z[0m [32m INFO[0m [2magent::capture[0m[2m:[0m accès à la duplication perdu, réouverture [3mtentative[0m[2m=[0m20 [3mcible[0m[2m=[0mSortie("\\\\.\\DISPLAY5")
[2m2026-08-01T17:11:47.407086Z[0m [32m INFO[0m [2magent::capture::ouverture[0m[2m:[0m sortie retenue pour la duplication [3madaptateur[0m[2m=[0mNVIDIA GeForce RTX 4070 [3mindex_adaptateur[0m[2m=[0m0 [3mindex_sortie[0m[2m=[0m1 [3mnom_sortie[0m[2m=[0m\\.\DISPLAY5 [3mattachee[0m[2m=[0mtrue
[2m2026-08-01T17:11:47.502745Z[0m [32m INFO[0m [2magent::diagnostics::multifenetre::reprise::passes[0m[2m:[0m banc de reprise en cours [3mimages[0m[2m=[0m[0] [3mverdicts[0m[2m=[0mVerdicts { justes: 0, voisines: 0, noires: 0, inconnues: 0 }
[2m2026-08-01T17:11:47.556843Z[0m [32m INFO[0m [2magent::capture[0m[2m:[0m accès à la duplication perdu, réouverture [3mtentative[0m[2m=[0m21 [3mcible[0m[2m=[0mSortie("\\\\.\\DISPLAY5")
[2m2026-08-01T17:11:47.557128Z[0m [32m INFO[0m [2magent::capture::ouverture[0m[2m:[0m sortie retenue pour la duplication [3madaptateur[0m[2m=[0mNVIDIA GeForce RTX 4070 [3mindex_adaptateur[0m[2m=[0m0 [3mindex_sortie[0m[2m=[0m1 [3mnom_sortie[0m[2m=[0m\\.\DISPLAY5 [3mattachee[0m[2m=[0mtrue
[2m2026-08-01T17:11:47.706880Z[0m [32m INFO[0m [2magent::capture[0m[2m:[0m accès à la duplication perdu, réouverture [3mtentative[0m[2m=[0m22 [3mcible[0m[2m=[0mSortie("\\\\.\\DISPLAY5")
[2m2026-08-01T17:11:47.707119Z[0m [32m INFO[0m [2magent::capture::ouverture[0m[2m:[0m sortie retenue pour la duplication [3madaptateur[0m[2m=[0mNVIDIA GeForce RTX 4070 [3mindex_adaptateur[0m[2m=[0m0 [3mindex_sortie[0m[2m=[0m1 [3mnom_sortie[0m[2m=[0m\\.\DISPLAY5 [3mattachee[0m[2m=[0mtrue
[2m2026-08-01T17:11:47.856891Z[0m [32m INFO[0m [2magent::capture[0m[2m:[0m accès à la duplication perdu, réouverture [3mtentative[0m[2m=[0m23 [3mcible[0m[2m=[0mSortie("\\\\.\\DISPLAY5")
[2m2026-08-01T17:11:47.857113Z[0m [32m INFO[0m [2magent::capture::ouverture[0m[2m:[0m sortie retenue pour la duplication [3madaptateur[0m[2m=[0mNVIDIA GeForce RTX 4070 [3mindex_adaptateur[0m[2m=[0m0 [3mindex_sortie[0m[2m=[0m1 [3mnom_sortie[0m[2m=[0m\\.\DISPLAY5 [3mattachee[0m[2m=[0mtrue
[2m2026-08-01T17:11:48.006951Z[0m [32m INFO[0m [2magent::capture[0m[2m:[0m accès à la duplication perdu, réouverture [3mtentative[0m[2m=[0m24 [3mcible[0m[2m=[0mSortie("\\\\.\\DISPLAY5")
[2m2026-08-01T17:11:48.007191Z[0m [32m INFO[0m [2magent::capture::ouverture[0m[2m:[0m sortie retenue pour la duplication [3madaptateur[0m[2m=[0mNVIDIA GeForce RTX 4070 [3mindex_adaptateur[0m[2m=[0m0 [3mindex_sortie[0m[2m=[0m1 [3mnom_sortie[0m[2m=[0m\\.\DISPLAY5 [3mattachee[0m[2m=[0mtrue
[2m2026-08-01T17:11:48.157024Z[0m [32m INFO[0m [2magent::capture[0m[2m:[0m accès à la duplication perdu, réouverture [3mtentative[0m[2m=[0m25 [3mcible[0m[2m=[0mSortie("\\\\.\\DISPLAY5")
[2m2026-08-01T17:11:48.157286Z[0m [32m INFO[0m [2magent::capture::ouverture[0m[2m:[0m sortie retenue pour la duplication [3madaptateur[0m[2m=[0mNVIDIA GeForce RTX 4070 [3mindex_adaptateur[0m[2m=[0m0 [3mindex_sortie[0m[2m=[0m1 [3mnom_sortie[0m[2m=[0m\\.\DISPLAY5 [3mattachee[0m[2m=[0mtrue
[2m2026-08-01T17:11:48.307041Z[0m [32m INFO[0m [2magent::capture[0m[2m:[0m accès à la duplication perdu, réouverture [3mtentative[0m[2m=[0m26 [3mcible[0m[2m=[0mSortie("\\\\.\\DISPLAY5")
[2m2026-08-01T17:11:48.307296Z[0m [32m INFO[0m [2magent::capture::ouverture[0m[2m:[0m sortie retenue pour la duplication [3madaptateur[0m[2m=[0mNVIDIA GeForce RTX 4070 [3mindex_adaptateur[0m[2m=[0m0 [3mindex_sortie[0m[2m=[0m1 [3mnom_sortie[0m[2m=[0m\\.\DISPLAY5 [3mattachee[0m[2m=[0mtrue
[2m2026-08-01T17:11:48.457086Z[0m [32m INFO[0m [2magent::capture[0m[2m:[0m accès à la duplication perdu, réouverture [3mtentative[0m[2m=[0m27 [3mcible[0m[2m=[0mSortie("\\\\.\\DISPLAY5")
[2m2026-08-01T17:11:48.457332Z[0m [32m INFO[0m [2magent::capture::ouverture[0m[2m:[0m sortie retenue pour la duplication [3madaptateur[0m[2m=[0mNVIDIA GeForce RTX 4070 [3mindex_adaptateur[0m[2m=[0m0 [3mindex_sortie[0m[2m=[0m1 [3mnom_sortie[0m[2m=[0m\\.\DISPLAY5 [3mattachee[0m[2m=[0mtrue
[2m2026-08-01T17:11:48.502765Z[0m [32m INFO[0m [2magent::diagnostics::multifenetre::reprise::passes[0m[2m:[0m banc de reprise en cours [3mimages[0m[2m=[0m[0] [3mverdicts[0m[2m=[0mVerdicts { justes: 0, voisines: 0, noires: 0, inconnues: 0 }
[2m2026-08-01T17:11:48.607137Z[0m [32m INFO[0m [2magent::capture[0m[2m:[0m accès à la duplication perdu, réouverture [3mtentative[0m[2m=[0m28 [3mcible[0m[2m=[0mSortie("\\\\.\\DISPLAY5")
[2m2026-08-01T17:11:48.607352Z[0m [32m INFO[0m [2magent::capture::ouverture[0m[2m:[0m sortie retenue pour la duplication [3madaptateur[0m[2m=[0mNVIDIA GeForce RTX 4070 [3mindex_adaptateur[0m[2m=[0m0 [3mindex_sortie[0m[2m=[0m1 [3mnom_sortie[0m[2m=[0m\\.\DISPLAY5 [3mattachee[0m[2m=[0mtrue
[2m2026-08-01T17:11:48.757159Z[0m [32m INFO[0m [2magent::capture[0m[2m:[0m accès à la duplication perdu, réouverture [3mtentative[0m[2m=[0m29 [3mcible[0m[2m=[0mSortie("\\\\.\\DISPLAY5")
[2m2026-08-01T17:11:48.757428Z[0m [32m INFO[0m [2magent::capture::ouverture[0m[2m:[0m sortie retenue pour la duplication [3madaptateur[0m[2m=[0mNVIDIA GeForce RTX 4070 [3mindex_adaptateur[0m[2m=[0m0 [3mindex_sortie[0m[2m=[0m1 [3mnom_sortie[0m[2m=[0m\\.\DISPLAY5 [3mattachee[0m[2m=[0mtrue
[2m2026-08-01T17:11:48.907199Z[0m [32m INFO[0m [2magent::capture[0m[2m:[0m accès à la duplication perdu, réouverture [3mtentative[0m[2m=[0m30 [3mcible[0m[2m=[0mSortie("\\\\.\\DISPLAY5")
[2m2026-08-01T17:11:48.907404Z[0m [32m INFO[0m [2magent::capture::ouverture[0m[2m:[0m sortie retenue pour la duplication [3madaptateur[0m[2m=[0mNVIDIA GeForce RTX 4070 [3mindex_adaptateur[0m[2m=[0m0 [3mindex_sortie[0m[2m=[0m1 [3mnom_sortie[0m[2m=[0m\\.\DISPLAY5 [3mattachee[0m[2m=[0mtrue
[2m2026-08-01T17:11:49.057216Z[0m [32m INFO[0m [2magent::capture[0m[2m:[0m accès à la duplication perdu, réouverture [3mtentative[0m[2m=[0m31 [3mcible[0m[2m=[0mSortie("\\\\.\\DISPLAY5")
[2m2026-08-01T17:11:49.057435Z[0m [32m INFO[0m [2magent::capture::ouverture[0m[2m:[0m sortie retenue pour la duplication [3madaptateur[0m[2m=[0mNVIDIA GeForce RTX 4070 [3mindex_adaptateur[0m[2m=[0m0 [3mindex_sortie[0m[2m=[0m1 [3mnom_sortie[0m[2m=[0m\\.\DISPLAY5 [3mattachee[0m[2m=[0mtrue
[2m2026-08-01T17:11:49.207317Z[0m [32m INFO[0m [2magent::capture[0m[2m:[0m accès à la duplication perdu, réouverture [3mtentative[0m[2m=[0m32 [3mcible[0m[2m=[0mSortie("\\\\.\\DISPLAY5")
[2m2026-08-01T17:11:49.207539Z[0m [32m INFO[0m [2magent::capture::ouverture[0m[2m:[0m sortie retenue pour la duplication [3madaptateur[0m[2m=[0mNVIDIA GeForce RTX 4070 [3mindex_adaptateur[0m[2m=[0m0 [3mindex_sortie[0m[2m=[0m1 [3mnom_sortie[0m[2m=[0m\\.\DISPLAY5 [3mattachee[0m[2m=[0mtrue
[2m2026-08-01T17:11:49.357382Z[0m [32m INFO[0m [2magent::capture[0m[2m:[0m accès à la duplication perdu, réouverture [3mtentative[0m[2m=[0m33 [3mcible[0m[2m=[0mSortie("\\\\.\\DISPLAY5")
[2m2026-08-01T17:11:49.357627Z[0m [32m INFO[0m [2magent::capture::ouverture[0m[2m:[0m sortie retenue pour la duplication [3madaptateur[0m[2m=[0mNVIDIA GeForce RTX 4070 [3mindex_adaptateur[0m[2m=[0m0 [3mindex_sortie[0m[2m=[0m1 [3mnom_sortie[0m[2m=[0m\\.\DISPLAY5 [3mattachee[0m[2m=[0mtrue
[2m2026-08-01T17:11:49.502791Z[0m [32m INFO[0m [2magent::diagnostics::multifenetre::reprise::passes[0m[2m:[0m banc de reprise en cours [3mimages[0m[2m=[0m[0] [3mverdicts[0m[2m=[0mVerdicts { justes: 0, voisines: 0, noires: 0, inconnues: 0 }
[2m2026-08-01T17:11:49.507414Z[0m [32m INFO[0m [2magent::capture[0m[2m:[0m accès à la duplication perdu, réouverture [3mtentative[0m[2m=[0m34 [3mcible[0m[2m=[0mSortie("\\\\.\\DISPLAY5")
[2m2026-08-01T17:11:49.507637Z[0m [32m INFO[0m [2magent::capture::ouverture[0m[2m:[0m sortie retenue pour la duplication [3madaptateur[0m[2m=[0mNVIDIA GeForce RTX 4070 [3mindex_adaptateur[0m[2m=[0m0 [3mindex_sortie[0m[2m=[0m1 [3mnom_sortie[0m[2m=[0m\\.\DISPLAY5 [3mattachee[0m[2m=[0mtrue
[2m2026-08-01T17:11:49.657426Z[0m [32m INFO[0m [2magent::capture[0m[2m:[0m accès à la duplication perdu, réouverture [3mtentative[0m[2m=[0m35 [3mcible[0m[2m=[0mSortie("\\\\.\\DISPLAY5")
[2m2026-08-01T17:11:49.657687Z[0m [32m INFO[0m [2magent::capture::ouverture[0m[2m:[0m sortie retenue pour la duplication [3madaptateur[0m[2m=[0mNVIDIA GeForce RTX 4070 [3mindex_adaptateur[0m[2m=[0m0 [3mindex_sortie[0m[2m=[0m1 [3mnom_sortie[0m[2m=[0m\\.\DISPLAY5 [3mattachee[0m[2m=[0mtrue
[2m2026-08-01T17:11:49.807476Z[0m [32m INFO[0m [2magent::capture[0m[2m:[0m accès à la duplication perdu, réouverture [3mtentative[0m[2m=[0m36 [3mcible[0m[2m=[0mSortie("\\\\.\\DISPLAY5")
[2m2026-08-01T17:11:49.807704Z[0m [32m INFO[0m [2magent::capture::ouverture[0m[2m:[0m sortie retenue pour la duplication [3madaptateur[0m[2m=[0mNVIDIA GeForce RTX 4070 [3mindex_adaptateur[0m[2m=[0m0 [3mindex_sortie[0m[2m=[0m1 [3mnom_sortie[0m[2m=[0m\\.\DISPLAY5 [3mattachee[0m[2m=[0mtrue
[2m2026-08-01T17:11:49.957524Z[0m [32m INFO[0m [2magent::capture[0m[2m:[0m accès à la duplication perdu, réouverture [3mtentative[0m[2m=[0m37 [3mcible[0m[2m=[0mSortie("\\\\.\\DISPLAY5")
[2m2026-08-01T17:11:49.957745Z[0m [32m INFO[0m [2magent::capture::ouverture[0m[2m:[0m sortie retenue pour la duplication [3madaptateur[0m[2m=[0mNVIDIA GeForce RTX 4070 [3mindex_adaptateur[0m[2m=[0m0 [3mindex_sortie[0m[2m=[0m1 [3mnom_sortie[0m[2m=[0m\\.\DISPLAY5 [3mattachee[0m[2m=[0mtrue
[2m2026-08-01T17:11:50.107570Z[0m [32m INFO[0m [2magent::capture[0m[2m:[0m accès à la duplication perdu, réouverture [3mtentative[0m[2m=[0m38 [3mcible[0m[2m=[0mSortie("\\\\.\\DISPLAY5")
[2m2026-08-01T17:11:50.107816Z[0m [32m INFO[0m [2magent::capture::ouverture[0m[2m:[0m sortie retenue pour la duplication [3madaptateur[0m[2m=[0mNVIDIA GeForce RTX 4070 [3mindex_adaptateur[0m[2m=[0m0 [3mindex_sortie[0m[2m=[0m1 [3mnom_sortie[0m[2m=[0m\\.\DISPLAY5 [3mattachee[0m[2m=[0mtrue
[2m2026-08-01T17:11:50.257621Z[0m [32m INFO[0m [2magent::capture[0m[2m:[0m accès à la duplication perdu, réouverture [3mtentative[0m[2m=[0m39 [3mcible[0m[2m=[0mSortie("\\\\.\\DISPLAY5")
[2m2026-08-01T17:11:50.257857Z[0m [32m INFO[0m [2magent::capture::ouverture[0m[2m:[0m sortie retenue pour la duplication [3madaptateur[0m[2m=[0mNVIDIA GeForce RTX 4070 [3mindex_adaptateur[0m[2m=[0m0 [3mindex_sortie[0m[2m=[0m1 [3mnom_sortie[0m[2m=[0m\\.\DISPLAY5 [3mattachee[0m[2m=[0mtrue
[2m2026-08-01T17:11:50.407635Z[0m [32m INFO[0m [2magent::capture[0m[2m:[0m accès à la duplication perdu, réouverture [3mtentative[0m[2m=[0m40 [3mcible[0m[2m=[0mSortie("\\\\.\\DISPLAY5")
[2m2026-08-01T17:11:50.407892Z[0m [32m INFO[0m [2magent::capture::ouverture[0m[2m:[0m sortie retenue pour la duplication [3madaptateur[0m[2m=[0mNVIDIA GeForce RTX 4070 [3mindex_adaptateur[0m[2m=[0m0 [3mindex_sortie[0m[2m=[0m1 [3mnom_sortie[0m[2m=[0m\\.\DISPLAY5 [3mattachee[0m[2m=[0mtrue
[2m2026-08-01T17:11:50.502768Z[0m [32m INFO[0m [2magent::diagnostics::multifenetre::reprise::passes[0m[2m:[0m banc de reprise en cours [3mimages[0m[2m=[0m[0] [3mverdicts[0m[2m=[0mVerdicts { justes: 0, voisines: 0, noires: 0, inconnues: 0 }
[2m2026-08-01T17:11:50.557703Z[0m [32m INFO[0m [2magent::capture[0m[2m:[0m accès à la duplication perdu, réouverture [3mtentative[0m[2m=[0m41 [3mcible[0m[2m=[0mSortie("\\\\.\\DISPLAY5")
[2m2026-08-01T17:11:50.557934Z[0m [32m INFO[0m [2magent::capture::ouverture[0m[2m:[0m sortie retenue pour la duplication [3madaptateur[0m[2m=[0mNVIDIA GeForce RTX 4070 [3mindex_adaptateur[0m[2m=[0m0 [3mindex_sortie[0m[2m=[0m1 [3mnom_sortie[0m[2m=[0m\\.\DISPLAY5 [3mattachee[0m[2m=[0mtrue
[2m2026-08-01T17:11:50.707746Z[0m [32m INFO[0m [2magent::capture[0m[2m:[0m accès à la duplication perdu, réouverture [3mtentative[0m[2m=[0m42 [3mcible[0m[2m=[0mSortie("\\\\.\\DISPLAY5")
[2m2026-08-01T17:11:50.707993Z[0m [32m INFO[0m [2magent::capture::ouverture[0m[2m:[0m sortie retenue pour la duplication [3madaptateur[0m[2m=[0mNVIDIA GeForce RTX 4070 [3mindex_adaptateur[0m[2m=[0m0 [3mindex_sortie[0m[2m=[0m1 [3mnom_sortie[0m[2m=[0m\\.\DISPLAY5 [3mattachee[0m[2m=[0mtrue
[2m2026-08-01T17:11:50.857831Z[0m [32m INFO[0m [2magent::capture[0m[2m:[0m accès à la duplication perdu, réouverture [3mtentative[0m[2m=[0m43 [3mcible[0m[2m=[0mSortie("\\\\.\\DISPLAY5")
[2m2026-08-01T17:11:50.858055Z[0m [32m INFO[0m [2magent::capture::ouverture[0m[2m:[0m sortie retenue pour la duplication [3madaptateur[0m[2m=[0mNVIDIA GeForce RTX 4070 [3mindex_adaptateur[0m[2m=[0m0 [3mindex_sortie[0m[2m=[0m1 [3mnom_sortie[0m[2m=[0m\\.\DISPLAY5 [3mattachee[0m[2m=[0mtrue
[2m2026-08-01T17:11:51.007839Z[0m [32m INFO[0m [2magent::capture[0m[2m:[0m accès à la duplication perdu, réouverture [3mtentative[0m[2m=[0m44 [3mcible[0m[2m=[0mSortie("\\\\.\\DISPLAY5")
[2m2026-08-01T17:11:51.008087Z[0m [32m INFO[0m [2magent::capture::ouverture[0m[2m:[0m sortie retenue pour la duplication [3madaptateur[0m[2m=[0mNVIDIA GeForce RTX 4070 [3mindex_adaptateur[0m[2m=[0m0 [3mindex_sortie[0m[2m=[0m1 [3mnom_sortie[0m[2m=[0m\\.\DISPLAY5 [3mattachee[0m[2m=[0mtrue
[2m2026-08-01T17:11:51.157918Z[0m [32m INFO[0m [2magent::capture[0m[2m:[0m accès à la duplication perdu, réouverture [3mtentative[0m[2m=[0m45 [3mcible[0m[2m=[0mSortie("\\\\.\\DISPLAY5")
[2m2026-08-01T17:11:51.158154Z[0m [32m INFO[0m [2magent::capture::ouverture[0m[2m:[0m sortie retenue pour la duplication [3madaptateur[0m[2m=[0mNVIDIA GeForce RTX 4070 [3mindex_adaptateur[0m[2m=[0m0 [3mindex_sortie[0m[2m=[0m1 [3mnom_sortie[0m[2m=[0m\\.\DISPLAY5 [3mattachee[0m[2m=[0mtrue
[2m2026-08-01T17:11:51.307992Z[0m [32m INFO[0m [2magent::capture[0m[2m:[0m accès à la duplication perdu, réouverture [3mtentative[0m[2m=[0m46 [3mcible[0m[2m=[0mSortie("\\\\.\\DISPLAY5")
[2m2026-08-01T17:11:51.308246Z[0m [32m INFO[0m [2magent::capture::ouverture[0m[2m:[0m sortie retenue pour la duplication [3madaptateur[0m[2m=[0mNVIDIA GeForce RTX 4070 [3mindex_adaptateur[0m[2m=[0m0 [3mindex_sortie[0m[2m=[0m1 [3mnom_sortie[0m[2m=[0m\\.\DISPLAY5 [3mattachee[0m[2m=[0mtrue
[2m2026-08-01T17:11:51.458017Z[0m [32m INFO[0m [2magent::capture[0m[2m:[0m accès à la duplication perdu, réouverture [3mtentative[0m[2m=[0m47 [3mcible[0m[2m=[0mSortie("\\\\.\\DISPLAY5")
[2m2026-08-01T17:11:51.458270Z[0m [32m INFO[0m [2magent::capture::ouverture[0m[2m:[0m sortie retenue pour la duplication [3madaptateur[0m[2m=[0mNVIDIA GeForce RTX 4070 [3mindex_adaptateur[0m[2m=[0m0 [3mindex_sortie[0m[2m=[0m1 [3mnom_sortie[0m[2m=[0m\\.\DISPLAY5 [3mattachee[0m[2m=[0mtrue
[2m2026-08-01T17:11:51.502740Z[0m [32m INFO[0m [2magent::diagnostics::multifenetre::reprise::passes[0m[2m:[0m banc de reprise en cours [3mimages[0m[2m=[0m[0] [3mverdicts[0m[2m=[0mVerdicts { justes: 0, voisines: 0, noires: 0, inconnues: 0 }
[2m2026-08-01T17:11:51.608035Z[0m [32m INFO[0m [2magent::capture[0m[2m:[0m accès à la duplication perdu, réouverture [3mtentative[0m[2m=[0m48 [3mcible[0m[2m=[0mSortie("\\\\.\\DISPLAY5")
[2m2026-08-01T17:11:51.608241Z[0m [32m INFO[0m [2magent::capture::ouverture[0m[2m:[0m sortie retenue pour la duplication [3madaptateur[0m[2m=[0mNVIDIA GeForce RTX 4070 [3mindex_adaptateur[0m[2m=[0m0 [3mindex_sortie[0m[2m=[0m1 [3mnom_sortie[0m[2m=[0m\\.\DISPLAY5 [3mattachee[0m[2m=[0mtrue
[2m2026-08-01T17:11:51.758048Z[0m [32m INFO[0m [2magent::capture[0m[2m:[0m accès à la duplication perdu, réouverture [3mtentative[0m[2m=[0m49 [3mcible[0m[2m=[0mSortie("\\\\.\\DISPLAY5")
[2m2026-08-01T17:11:51.758288Z[0m [32m INFO[0m [2magent::capture::ouverture[0m[2m:[0m sortie retenue pour la duplication [3madaptateur[0m[2m=[0mNVIDIA GeForce RTX 4070 [3mindex_adaptateur[0m[2m=[0m0 [3mindex_sortie[0m[2m=[0m1 [3mnom_sortie[0m[2m=[0m\\.\DISPLAY5 [3mattachee[0m[2m=[0mtrue
[2m2026-08-01T17:11:51.908073Z[0m [32m INFO[0m [2magent::capture[0m[2m:[0m accès à la duplication perdu, réouverture [3mtentative[0m[2m=[0m50 [3mcible[0m[2m=[0mSortie("\\\\.\\DISPLAY5")
[2m2026-08-01T17:11:51.908320Z[0m [32m INFO[0m [2magent::capture::ouverture[0m[2m:[0m sortie retenue pour la duplication [3madaptateur[0m[2m=[0mNVIDIA GeForce RTX 4070 [3mindex_adaptateur[0m[2m=[0m0 [3mindex_sortie[0m[2m=[0m1 [3mnom_sortie[0m[2m=[0m\\.\DISPLAY5 [3mattachee[0m[2m=[0mtrue
[2m2026-08-01T17:11:52.058096Z[0m [32m INFO[0m [2magent::capture[0m[2m:[0m accès à la duplication perdu, réouverture [3mtentative[0m[2m=[0m51 [3mcible[0m[2m=[0mSortie("\\\\.\\DISPLAY5")
[2m2026-08-01T17:11:52.058333Z[0m [32m INFO[0m [2magent::capture::ouverture[0m[2m:[0m sortie retenue pour la duplication [3madaptateur[0m[2m=[0mNVIDIA GeForce RTX 4070 [3mindex_adaptateur[0m[2m=[0m0 [3mindex_sortie[0m[2m=[0m1 [3mnom_sortie[0m[2m=[0m\\.\DISPLAY5 [3mattachee[0m[2m=[0mtrue
[2m2026-08-01T17:11:52.208177Z[0m [32m INFO[0m [2magent::capture[0m[2m:[0m accès à la duplication perdu, réouverture [3mtentative[0m[2m=[0m52 [3mcible[0m[2m=[0mSortie("\\\\.\\DISPLAY5")
[2m2026-08-01T17:11:52.208429Z[0m [32m INFO[0m [2magent::capture::ouverture[0m[2m:[0m sortie retenue pour la duplication [3madaptateur[0m[2m=[0mNVIDIA GeForce RTX 4070 [3mindex_adaptateur[0m[2m=[0m0 [3mindex_sortie[0m[2m=[0m1 [3mnom_sortie[0m[2m=[0m\\.\DISPLAY5 [3mattachee[0m[2m=[0mtrue
[2m2026-08-01T17:11:52.358230Z[0m [32m INFO[0m [2magent::capture[0m[2m:[0m accès à la duplication perdu, réouverture [3mtentative[0m[2m=[0m53 [3mcible[0m[2m=[0mSortie("\\\\.\\DISPLAY5")
[2m2026-08-01T17:11:52.358482Z[0m [32m INFO[0m [2magent::capture::ouverture[0m[2m:[0m sortie retenue pour la duplication [3madaptateur[0m[2m=[0mNVIDIA GeForce RTX 4070 [3mindex_adaptateur[0m[2m=[0m0 [3mindex_sortie[0m[2m=[0m1 [3mnom_sortie[0m[2m=[0m\\.\DISPLAY5 [3mattachee[0m[2m=[0mtrue
[2m2026-08-01T17:11:52.502798Z[0m [32m INFO[0m [2magent::diagnostics::multifenetre::reprise::passes[0m[2m:[0m banc de reprise en cours [3mimages[0m[2m=[0m[0] [3mverdicts[0m[2m=[0mVerdicts { justes: 0, voisines: 0, noires: 0, inconnues: 0 }
[2m2026-08-01T17:11:52.508249Z[0m [32m INFO[0m [2magent::capture[0m[2m:[0m accès à la duplication perdu, réouverture [3mtentative[0m[2m=[0m54 [3mcible[0m[2m=[0mSortie("\\\\.\\DISPLAY5")
[2m2026-08-01T17:11:52.508499Z[0m [32m INFO[0m [2magent::capture::ouverture[0m[2m:[0m sortie retenue pour la duplication [3madaptateur[0m[2m=[0mNVIDIA GeForce RTX 4070 [3mindex_adaptateur[0m[2m=[0m0 [3mindex_sortie[0m[2m=[0m1 [3mnom_sortie[0m[2m=[0m\\.\DISPLAY5 [3mattachee[0m[2m=[0mtrue
[2m2026-08-01T17:11:52.555740Z[0m [31mERROR[0m [2magent::diagnostics::multifenetre::reprise::passes[0m[2m:[0m capture définitivement perdue sur cette voie — elle cesse d'être sollicitée, les autres continuent. Ne PAS en conclure que la reprise est impossible avant d'avoir lu la sonde post-mortem [3mvoie[0m[2m=[0m0 [3mnom_sortie[0m[2m=[0m\\.\DISPLAY5 [3mms_depuis_perturbation[0m[2m=[0mSome(8052) [3mimages_avant_la_mort[0m[2m=[0m0 [3mcauses[0m[2m=[0maccès à la duplication perdu et non repris en 8s
[2m2026-08-01T17:11:53.502763Z[0m [32m INFO[0m [2magent::diagnostics::multifenetre::reprise::passes[0m[2m:[0m banc de reprise en cours [3mimages[0m[2m=[0m[0] [3mverdicts[0m[2m=[0mVerdicts { justes: 0, voisines: 0, noires: 0, inconnues: 0 }
[2m2026-08-01T17:11:54.502790Z[0m [32m INFO[0m [2magent::diagnostics::multifenetre::reprise::passes[0m[2m:[0m banc de reprise en cours [3mimages[0m[2m=[0m[0] [3mverdicts[0m[2m=[0mVerdicts { justes: 0, voisines: 0, noires: 0, inconnues: 0 }
[2m2026-08-01T17:11:54.502813Z[0m [32m INFO[0m [2magent::diagnostics::multifenetre::compteurs[0m[2m:[0m passe terminée [3mpasse[0m[2m=[0m"après perturbation" [3mvoie[0m[2m=[0m"duplication-reprise" [3mnombre[0m[2m=[0m1 [3mcadences[0m[2m=[0m[0.0] [3munites[0m[2m=[0m[0] [3mverdicts_faux[0m[2m=[0m0 [3mmire0_avant_recouvrement[0m[2m=[0mVerdicts { justes: 0, voisines: 0, noires: 0, inconnues: 0 } [3mmire0_apres_recouvrement[0m[2m=[0mVerdicts { justes: 0, voisines: 0, noires: 0, inconnues: 0 }
[2m2026-08-01T17:11:54.503105Z[0m [32m INFO[0m [2magent::capture::enumeration[0m[2m:[0m adaptateur DXGI sans sortie [3madaptateur[0m[2m=[0mNVIDIA GeForce RTX 4070 [3mindex_adaptateur[0m[2m=[0m1
[2m2026-08-01T17:11:54.503129Z[0m [32m INFO[0m [2magent::capture::enumeration[0m[2m:[0m adaptateur DXGI sans sortie [3madaptateur[0m[2m=[0mMicrosoft Basic Render Driver [3mindex_adaptateur[0m[2m=[0m2
[2m2026-08-01T17:11:54.503150Z[0m [32m INFO[0m [2magent::diagnostics::multifenetre::reprise[0m[2m:[0m sorties tierces relevées — au moment « après perturbation », la perturbatrice doit figurer parmi les ATTACHÉES pour que la perturbation ait eu lieu [3mmoment[0m[2m=[0m"après perturbation" [3mtierces_attachees[0m[2m=[0m["\\\\.\\DISPLAY6"] [3mtierces_detachees[0m[2m=[0m[]
[2m2026-08-01T17:11:54.503157Z[0m [32m INFO[0m [2magent::diagnostics::multifenetre::reprise[0m[2m:[0m les k sorties virtuelles sont là, attachées, et à la même place — les verdicts portent bien sur elles [3mmoment[0m[2m=[0m"après perturbation" [3mnombre[0m[2m=[0m1
[2m2026-08-01T17:11:54.503162Z[0m [32m INFO[0m [2magent::diagnostics::multifenetre::reprise::passes[0m[2m:[0m libération des voies de capture : avant
[2m2026-08-01T17:11:54.510413Z[0m [32m INFO[0m [2magent::diagnostics::multifenetre::reprise::passes[0m[2m:[0m libération des voies de capture : après
[2m2026-08-01T17:11:54.510425Z[0m [32m INFO[0m [2magent::diagnostics::multifenetre::reprise::passes[0m[2m:[0m borne de comptage des reprises — au-dessus de cette ligne, les lignes de réouverture appartiennent à la MESURE ; en dessous, à la sonde post-mortem et aux clés de lecture
[2m2026-08-01T17:11:54.510439Z[0m [32m INFO[0m [2magent::diagnostics::multifenetre::reprise::post_mortem[0m[2m:[0m sonde post-mortem : attente de stabilisation de la topologie avant de retenter [3mvoies[0m[2m=[0m[0] [3mattente_ms[0m[2m=[0m3000
[2m2026-08-01T17:11:57.526757Z[0m [32m INFO[0m [2magent::capture::ouverture[0m[2m:[0m sortie retenue pour la duplication [3madaptateur[0m[2m=[0mNVIDIA GeForce RTX 4070 [3mindex_adaptateur[0m[2m=[0m0 [3mindex_sortie[0m[2m=[0m1 [3mnom_sortie[0m[2m=[0m\\.\DISPLAY5 [3mattachee[0m[2m=[0mtrue
[2m2026-08-01T17:11:57.555308Z[0m [32m INFO[0m [2magent::capture[0m[2m:[0m protection multi-fils activée sur le contexte immédiat D3D11 [3mprotection_precedente[0m[2m=[0mfalse
[2m2026-08-01T17:11:57.555545Z[0m [32m INFO[0m [2magent::capture[0m[2m:[0m duplication de sortie établie [3mdesktop_width[0m[2m=[0m1280 [3mdesktop_height[0m[2m=[0m720
[2m2026-08-01T17:11:57.560248Z[0m [32m INFO[0m [2magent::diagnostics::multifenetre::reprise::post_mortem[0m[2m:[0m sonde post-mortem : la sortie se REDUPLIQUAIT et rendait une image une fois la topologie stabilisée — la mort de cette voie ne réfute PAS la reprise, elle dit que 3 tentatives en rafale et sans délai ne suffisaient pas [3mvoie[0m[2m=[0m0 [3mnom_sortie[0m[2m=[0m"\\\\.\\DISPLAY5"
[2m2026-08-01T17:11:57.564938Z[0m [32m INFO[0m [2magent::diagnostics::multifenetre::reprise::passes[0m[2m:[0m bilan de la reprise [3mimages_avant[0m[2m=[0m[900] [3mimages_apres[0m[2m=[0m[0] [3mvoies_vivantes_apres[0m[2m=[0m0 [3mvoies_totales[0m[2m=[0m1 [3mvoies_perdues_apres[0m[2m=[0m[0] [3mverdicts_faux_avant[0m[2m=[0m0 [3mverdicts_faux_apres[0m[2m=[0m0 [3mpasse_avant_degradee[0m[2m=[0mfalse [3mpasse_apres_degradee[0m[2m=[0mfalse
[2m2026-08-01T17:11:57.564971Z[0m [32m INFO[0m [2magent::diagnostics::multifenetre::reprise::passes[0m[2m:[0m clé de lecture n°1 — ce bilan ne vaut QUE si la perturbation a perturbé. Compter les reprises DE LA MESURE, et elles seules : `sed '/borne de comptage des reprises/q' <journal> | grep -c "perdu, réouverture"`. Un `grep -c` sur le journal ENTIER serait faux dans le sens dangereux : il compterait aussi les réouvertures de la sonde post-mortem, postérieures à la mesure, plus cette clé de lecture elle-même. ZÉRO ligne signifie qu'aucune duplication n'a perdu son accès, donc que ce banc n'a RIEN éprouvé, et son bilan ne se lit alors PAS comme un succès de la reprise. Contrôler aussi la ligne « sorties tierces relevées » : sans perturbatrice ATTACHÉE, rien n'a pu perturber
[2m2026-08-01T17:11:57.564976Z[0m [32m INFO[0m [2magent::diagnostics::multifenetre::reprise::passes[0m[2m:[0m clé de lecture n°2 — des voies mortes ne réfutent PAS la reprise à elles seules. La reprise est désormais une FENÊTRE de DUREE_FENETRE_REPRISE (8 s), retentée au plus toutes les PAS_REPRISE (150 ms) ; l'expiration se compte depuis l'OUVERTURE de la fenêtre, pas depuis la dernière tentative, et tout succès d'acquisition — « rien de neuf » compris — la referme. Une réouverture qui échoue à retrouver la sortie n'est PLUS définitive : elle consomme une tentative ET écrit désormais sa propre ligne d'échec, la fenêtre continuant de courir. Sur une fenêtre pleine, jusqu'à 54 tentatives sont possibles (8000 ms / 150 ms), chacune pouvant poser jusqu'à deux lignes (tentative puis échec) : voir plusieurs dizaines de lignes de réouverture pour UNE SEULE voie morte n'est donc PAS un emballement, c'est la fenêtre qui court normalement jusqu'à expiration. C'est ce que départage la « sonde post-mortem », qui retente UNE fois la topologie stabilisée. Ventiler les reprises par voie avec le champ `cible` des lignes de réouverture, à rapprocher du `nom_sortie` des lignes de mort
[2m2026-08-01T17:11:57.575005Z[0m [32m INFO[0m [2magent::diagnostics::multifenetre::reprise[0m[2m:[0m chien de garde : plus grand écart entre deux battements sur toute la mesure [3mintervalle_ping_max_ms[0m[2m=[0m1031
[2m2026-08-01T17:11:57.575228Z[0m [32m INFO[0m [2magent::capture::enumeration[0m[2m:[0m adaptateur DXGI sans sortie [3madaptateur[0m[2m=[0mNVIDIA GeForce RTX 4070 [3mindex_adaptateur[0m[2m=[0m1
[2m2026-08-01T17:11:57.575251Z[0m [32m INFO[0m [2magent::capture::enumeration[0m[2m:[0m adaptateur DXGI sans sortie [3madaptateur[0m[2m=[0mMicrosoft Basic Render Driver [3mindex_adaptateur[0m[2m=[0m2
[2m2026-08-01T17:11:57.575262Z[0m [32m INFO[0m [2magent::diagnostics::multifenetre::reprise[0m[2m:[0m sorties tierces relevées — au moment « après perturbation », la perturbatrice doit figurer parmi les ATTACHÉES pour que la perturbation ait eu lieu [3mmoment[0m[2m=[0m"bilan" [3mtierces_attachees[0m[2m=[0m["\\\\.\\DISPLAY6"] [3mtierces_detachees[0m[2m=[0m[]
[2m2026-08-01T17:11:57.575269Z[0m [32m INFO[0m [2magent::diagnostics::multifenetre::reprise[0m[2m:[0m les k sorties virtuelles sont là, attachées, et à la même place — les verdicts portent bien sur elles [3mmoment[0m[2m=[0m"bilan" [3mnombre[0m[2m=[0m1
[2m2026-08-01T17:11:57.580165Z[0m [32m INFO[0m [2magent::moniteurs_virtuels::pilote[0m[2m:[0m sortie virtuelle détruite [3mid[0m[2m=[0m260
[2m2026-08-01T17:11:57.584590Z[0m [32m INFO[0m [2magent::moniteurs_virtuels::pilote[0m[2m:[0m sortie virtuelle détruite [3mid[0m[2m=[0m258
[2m2026-08-01T17:12:00.586063Z[0m [32m INFO[0m [2magent::capture::enumeration[0m[2m:[0m adaptateur DXGI sans sortie [3madaptateur[0m[2m=[0mNVIDIA GeForce RTX 4070 [3mindex_adaptateur[0m[2m=[0m1
[2m2026-08-01T17:12:00.586098Z[0m [32m INFO[0m [2magent::capture::enumeration[0m[2m:[0m adaptateur DXGI sans sortie [3madaptateur[0m[2m=[0mMicrosoft Basic Render Driver [3mindex_adaptateur[0m[2m=[0m2
[2m2026-08-01T17:12:00.586107Z[0m [32m INFO[0m [2magent::diagnostics::multifenetre::montee[0m[2m:[0m topologie relevée [3mmoment[0m[2m=[0m"après destruction" [3mnombre[0m[2m=[0m1 [3mattachees[0m[2m=[0m1
[2m2026-08-01T17:12:00.586111Z[0m [32m INFO[0m [2magent::diagnostics::multifenetre::montee[0m[2m:[0m sortie [3mmoment[0m[2m=[0m"après destruction" [3mnom[0m[2m=[0m\\.\DISPLAY1 [3madaptateur[0m[2m=[0mNVIDIA GeForce RTX 4070 [3mindex_adaptateur[0m[2m=[0m0 [3mindex_sortie[0m[2m=[0m0 [3mattachee[0m[2m=[0mtrue [3mx[0m[2m=[0m0 [3my[0m[2m=[0m0 [3mlargeur[0m[2m=[0m2400 [3mhauteur[0m[2m=[0m1080
[2m2026-08-01T17:12:00.586118Z[0m [32m INFO[0m [2magent::diagnostics::multifenetre::reprise[0m[2m:[0m état initial restauré — mêmes sorties, nommément [3mnoms[0m[2m=[0m["\\\\.\\DISPLAY1"]
