
> @guacamole/client@0.1.0 build
> vite build

vite v6.4.3 building for production...
transforming...
✓ 33 modules transformed.
rendering chunks...
computing gzip size...
dist/shell.html                     2.59 kB │ gzip: 1.44 kB
dist/connexion.html                 3.51 kB │ gzip: 1.76 kB
dist/index.html                     3.58 kB │ gzip: 1.86 kB
dist/design.html                   11.77 kB │ gzip: 4.01 kB
dist/assets/main-CXZaIG5L.css       1.49 kB │ gzip: 0.47 kB
dist/assets/socle-DZGKLock.css      2.01 kB │ gzip: 0.85 kB
dist/assets/jeton-kqOyiZdD.js       0.26 kB │ gzip: 0.18 kB
dist/assets/socle-CoGTvTyP.js       0.71 kB │ gzip: 0.40 kB
dist/assets/connexion-t7h1cDky.js   0.98 kB │ gzip: 0.58 kB
dist/assets/shell-CO1ww5Kg.js       2.13 kB │ gzip: 1.09 kB
dist/assets/design-B35ejHcd.js     14.37 kB │ gzip: 5.77 kB
dist/assets/main-bCI6MCwK.js       23.37 kB │ gzip: 8.20 kB
✓ built in 871ms
