
> @guacamole/client@0.1.0 design:verifier
> node outils/verifier-design.mjs

==> npm run build (sans quoi §7.3 et §7.7 jugeraient le build d’avant)

> @guacamole/client@0.1.0 build
> vite build

vite v6.4.3 building for production...
transforming...
✓ 33 modules transformed.
rendering chunks...
computing gzip size...
dist/shell.html                     2.59 kB │ gzip: 1.44 kB
dist/connexion.html                 3.51 kB │ gzip: 1.76 kB
dist/index.html                     3.58 kB │ gzip: 1.86 kB
dist/design.html                   11.77 kB │ gzip: 4.01 kB
dist/assets/main-CXZaIG5L.css       1.49 kB │ gzip: 0.47 kB
dist/assets/socle-DZGKLock.css      2.01 kB │ gzip: 0.85 kB
dist/assets/jeton-kqOyiZdD.js       0.26 kB │ gzip: 0.18 kB
dist/assets/socle-CoGTvTyP.js       0.71 kB │ gzip: 0.40 kB
dist/assets/connexion-t7h1cDky.js   0.98 kB │ gzip: 0.58 kB
dist/assets/shell-CO1ww5Kg.js       2.13 kB │ gzip: 1.09 kB
dist/assets/design-B35ejHcd.js     14.37 kB │ gzip: 5.77 kB
dist/assets/main-bCI6MCwK.js       23.37 kB │ gzip: 8.20 kB
✓ built in 535ms

==> §7.4  les trois blocs de thème ne divergent pas
fichier : client/src/design/tokens.css
  bloc racine : 47 token(s)
  bloc media-clair : 13 token(s)
  bloc attribut-clair : 13 token(s)
écarts : 0

==> §7.1  les contrastes tiennent les seuils WCAG
paires vérifiées : 50
échecs : 0
minimum global : 3.16

==> §7.2  aucune couleur littérale hors de tokens.css
fichiers balayés : 46
couleurs littérales : 0

==> §7.6  aucun token orphelin, aucun var() non déclaré
source        : client/src/design/tokens.css — 47 token(s) déclaré(s)
périmètre     : 6 fichier(s) — 19 token(s) employé(s)
  balayés : client/src/design/base.css, client/src/design/socle.css, client/src/style.css, client/index.html, client/shell.html, client/connexion.html
  exclu : client/design.html — la galerie rend tous les tokens par construction ; l’inclure rendrait l’inclusion « déclaré ⊆ employé » vraie pour toujours

inclusion ① — tout var(--…) est déclaré : 0 écart(s)
inclusion ② — tout token déclaré a un appelant : 28 orphelin(s), dont 28 en attente déclarée

total : 0 écart(s)
les deux inclusions tiennent ; 28 token(s) restent en attente d'appelant, nommés dans ce script

==> §7.3  toute surface bâtie porte les tokens
pages bâties : 4 (connexion.html, design.html, index.html, shell.html)

assertion A — un <link rel="stylesheet"> par page : 0 échec(s)
assertion B — une feuille liée déclarant --fond-0 : 0 échec(s) (évaluée sur 4 page(s))

les DEUX assertions sont vertes

==> §7.7  le poids CSS ne dérive pas
   1493  main-CXZaIG5L.css
   2010  socle-DZGKLock.css
feuilles émises : 2
somme : 3503 octets
plafond : 12288 octets (arbitraire, voir l'en-tête)
marge : 8785 octets

═══ 6/6 contrôle(s) vert(s) ═══
  §7.5 (la bascule de thème) est un test unitaire : il tourne dans `npm test`.
