=== LA CLAUSE §8 « AUCUNE LONGUEUR HORS ÉCHELLE » : COMBIEN DE VALEURS LA RENDENT FAUSSE ? ===
2026-08-20T04:45:00Z

--- toutes les déclarations à longueur LITTÉRALE, commentaires RETIRÉS, des trois feuilles de ⑥ ---
  client/src/style.css :
    10:    width: 100vw;
    11:    height: 100vh;
    20:    padding: 6px var(--e-3);
    36:    padding: 6px var(--e-3);
    41:    letter-spacing: 0.02em;
    52:    font-size: 18px;
    80:    font-size: 18px;
  client/src/shell.css :
    6:    max-inline-size: 72rem;
    49:    grid-template-columns: repeat(auto-fill, minmax(min(100%, 18rem), 1fr));
  client/src/connexion.css :
    9:    min-block-size: 100dvh;
    16:    max-inline-size: 26rem;

--- la RÈGLE DE COMPTE, énoncée AVANT de compter, et c'est celle du dépôt lui-même ---
  L'en-tête de client/src/style.css compte TROIS longueurs hors échelle — 6px, 18px,
  0.02em — et n'y compte NI 100vw NI 100vh, qui remplissent la fenêtre et qu'aucune
  échelle ne prétend couvrir. On applique la même règle aux deux feuilles neuves :
  un remplissage de fenêtre n'est pas une valeur hors échelle.

  style.css     : 6px, 18px, 0.02em                   → 3   (100vw et 100vh exclus)
  shell.css     : 72rem, 18rem                        → 2
  connexion.css : 26rem                               → 1   (100dvh exclu, même règle)
                                                        ───
                                                        SIX

--- et le compte SI l'on comptait aussi les remplissages de fenêtre ---
  6 + 100vw + 100vh + 100dvh = NEUF. Le nombre publié est SIX, sous la règle ci-dessus.

--- l'incohérence d'ÉTIQUETAGE que ce compte met au jour, et qui ne change pas le six ---
    client/src/connexion.css:37:    /* Mesure de CONTENANT, hors échelle — voir l'en-tête. */
    client/src/connexion.css:44:    /* Mesure de CONTENANT, hors échelle — voir l'en-tête. */
  connexion.css:37 étiquette 100dvh « hors échelle » ; style.css ne dit rien de son
  100vh, qui est de même nature. Les deux sont des remplissages de fenêtre. Le compte
  de SIX suit la règle du dépôt ; l'étiquette de connexion.css est plus large qu'elle.

--- l'affirmation de shell.css:47, écrite par la tâche 4 et RÉFUTÉE PAR LA TÂCHE 5 ---
       ⚠️ AUCUN CONTRÔLE NE MESURE UNE LONGUEUR — ni celles-ci, ni les trois de
       `style.css` que S4 doit reprendre. La clause « aucune longueur hors échelle »
       du §8 de la spec reste FAUSSE à la fin de S3, désormais de CINQ valeurs et
       non de trois, et c'est déclaré plutôt que compensé.
       ═══════════════════════════════════════════════════════════════════════════ */
  Elle disait CINQ, et elle était juste À SA DATE : à la tâche 4, connexion.css
  n'existait pas. La tâche 5 en a ajouté une (26rem) sans reprendre cette phrase.
