=== ROUGE « 10-7-7-poids-au-dessus-du-plafond » ===
2026-08-20T04:33:52Z
fichier muté  : client/src/shell.css
mutation      : cat /tmp/gros.css >> client/src/shell.css
contrôle joué : (cd client && npx vite build > /dev/null 2>&1); node client/outils/poids-css.mjs

① sha256 AVANT : ad78e28ed79a64823100f0ac95c977148fc2dc4e2e2ea708bc4ebb4c967d5f93

② mutation appliquée (code 0)

③ PREUVE que la mutation a MUTÉ — git diff -- client/src/shell.css :
    @@ -157,3 +157,703 @@
     .bureau__pastille--fermee {
         color: var(--texte-faible);
     }
    +.bureau__remplissage-0{border-block-start-width:0px}
    +.bureau__remplissage-1{border-block-start-width:1px}
    +.bureau__remplissage-2{border-block-start-width:2px}
    +.bureau__remplissage-3{border-block-start-width:3px}
    +.bureau__remplissage-4{border-block-start-width:4px}
    +.bureau__remplissage-5{border-block-start-width:5px}
    +.bureau__remplissage-6{border-block-start-width:6px}
    +.bureau__remplissage-7{border-block-start-width:0px}
    +.bureau__remplissage-8{border-block-start-width:1px}
    +.bureau__remplissage-9{border-block-start-width:2px}
    +.bureau__remplissage-10{border-block-start-width:3px}
    +.bureau__remplissage-11{border-block-start-width:4px}
    +.bureau__remplissage-12{border-block-start-width:5px}
    +.bureau__remplissage-13{border-block-start-width:6px}
    +.bureau__remplissage-14{border-block-start-width:0px}
    +.bureau__remplissage-15{border-block-start-width:1px}
    +.bureau__remplissage-16{border-block-start-width:2px}
    +.bureau__remplissage-17{border-block-start-width:3px}
    +.bureau__remplissage-18{border-block-start-width:4px}
    +.bureau__remplissage-19{border-block-start-width:5px}
    +.bureau__remplissage-20{border-block-start-width:6px}
    +.bureau__remplissage-21{border-block-start-width:0px}
    +.bureau__remplissage-22{border-block-start-width:1px}
    +.bureau__remplissage-23{border-block-start-width:2px}
    +.bureau__remplissage-24{border-block-start-width:3px}
    +.bureau__remplissage-25{border-block-start-width:4px}
    +.bureau__remplissage-26{border-block-start-width:5px}
    +.bureau__remplissage-27{border-block-start-width:6px}
    +.bureau__remplissage-28{border-block-start-width:0px}
    +.bureau__remplissage-29{border-block-start-width:1px}
    +.bureau__remplissage-30{border-block-start-width:2px}
    +.bureau__remplissage-31{border-block-start-width:3px}
    +.bureau__remplissage-32{border-block-start-width:4px}
    +.bureau__remplissage-33{border-block-start-width:5px}
    +.bureau__remplissage-34{border-block-start-width:6px}
    +.bureau__remplissage-35{border-block-start-width:0px}
    +.bureau__remplissage-36{border-block-start-width:1px}
    +.bureau__remplissage-37{border-block-start-width:2px}
    +.bureau__remplissage-38{border-block-start-width:3px}
    +.bureau__remplissage-39{border-block-start-width:4px}
    +.bureau__remplissage-40{border-block-start-width:5px}
    +.bureau__remplissage-41{border-block-start-width:6px}
    +.bureau__remplissage-42{border-block-start-width:0px}
    +.bureau__remplissage-43{border-block-start-width:1px}
    +.bureau__remplissage-44{border-block-start-width:2px}
    +.bureau__remplissage-45{border-block-start-width:3px}
    +.bureau__remplissage-46{border-block-start-width:4px}
    +.bureau__remplissage-47{border-block-start-width:5px}
    +.bureau__remplissage-48{border-block-start-width:6px}
    +.bureau__remplissage-49{border-block-start-width:0px}
    +.bureau__remplissage-50{border-block-start-width:1px}
    +.bureau__remplissage-51{border-block-start-width:2px}
    +.bureau__remplissage-52{border-block-start-width:3px}
    +.bureau__remplissage-53{border-block-start-width:4px}
    +.bureau__remplissage-54{border-block-start-width:5px}
    +.bureau__remplissage-55{border-block-start-width:6px}
    +.bureau__remplissage-56{border-block-start-width:0px}
    +.bureau__remplissage-57{border-block-start-width:1px}
    +.bureau__remplissage-58{border-block-start-width:2px}
    +.bureau__remplissage-59{border-block-start-width:3px}
    +.bureau__remplissage-60{border-block-start-width:4px}
    +.bureau__remplissage-61{border-block-start-width:5px}
    +.bureau__remplissage-62{border-block-start-width:6px}
    +.bureau__remplissage-63{border-block-start-width:0px}
    +.bureau__remplissage-64{border-block-start-width:1px}
    +.bureau__remplissage-65{border-block-start-width:2px}
    +.bureau__remplissage-66{border-block-start-width:3px}
    +.bureau__remplissage-67{border-block-start-width:4px}
    +.bureau__remplissage-68{border-block-start-width:5px}
    +.bureau__remplissage-69{border-block-start-width:6px}
    +.bureau__remplissage-70{border-block-start-width:0px}
    +.bureau__remplissage-71{border-block-start-width:1px}
    +.bureau__remplissage-72{border-block-start-width:2px}
    +.bureau__remplissage-73{border-block-start-width:3px}
    +.bureau__remplissage-74{border-block-start-width:4px}
    +.bureau__remplissage-75{border-block-start-width:5px}
    +.bureau__remplissage-76{border-block-start-width:6px}
    +.bureau__remplissage-77{border-block-start-width:0px}
    +.bureau__remplissage-78{border-block-start-width:1px}
    +.bureau__remplissage-79{border-block-start-width:2px}
    +.bureau__remplissage-80{border-block-start-width:3px}
    +.bureau__remplissage-81{border-block-start-width:4px}
    +.bureau__remplissage-82{border-block-start-width:5px}
    +.bureau__remplissage-83{border-block-start-width:6px}
    +.bureau__remplissage-84{border-block-start-width:0px}
    +.bureau__remplissage-85{border-block-start-width:1px}
    +.bureau__remplissage-86{border-block-start-width:2px}
    +.bureau__remplissage-87{border-block-start-width:3px}
    +.bureau__remplissage-88{border-block-start-width:4px}
    +.bureau__remplissage-89{border-block-start-width:5px}
    +.bureau__remplissage-90{border-block-start-width:6px}
    +.bureau__remplissage-91{border-block-start-width:0px}
    +.bureau__remplissage-92{border-block-start-width:1px}
    +.bureau__remplissage-93{border-block-start-width:2px}
    +.bureau__remplissage-94{border-block-start-width:3px}
    +.bureau__remplissage-95{border-block-start-width:4px}
    +.bureau__remplissage-96{border-block-start-width:5px}
    +.bureau__remplissage-97{border-block-start-width:6px}
    +.bureau__remplissage-98{border-block-start-width:0px}
    +.bureau__remplissage-99{border-block-start-width:1px}
    +.bureau__remplissage-100{border-block-start-width:2px}
    +.bureau__remplissage-101{border-block-start-width:3px}
    +.bureau__remplissage-102{border-block-start-width:4px}
    +.bureau__remplissage-103{border-block-start-width:5px}
    +.bureau__remplissage-104{border-block-start-width:6px}
    +.bureau__remplissage-105{border-block-start-width:0px}
    +.bureau__remplissage-106{border-block-start-width:1px}
    +.bureau__remplissage-107{border-block-start-width:2px}
    +.bureau__remplissage-108{border-block-start-width:3px}
    +.bureau__remplissage-109{border-block-start-width:4px}
    +.bureau__remplissage-110{border-block-start-width:5px}
    +.bureau__remplissage-111{border-block-start-width:6px}
    +.bureau__remplissage-112{border-block-start-width:0px}
    +.bureau__remplissage-113{border-block-start-width:1px}
    +.bureau__remplissage-114{border-block-start-width:2px}
    +.bureau__remplissage-115{border-block-start-width:3px}
    +.bureau__remplissage-116{border-block-start-width:4px}
    +.bureau__remplissage-117{border-block-start-width:5px}
    +.bureau__remplissage-118{border-block-start-width:6px}
    +.bureau__remplissage-119{border-block-start-width:0px}
    +.bureau__remplissage-120{border-block-start-width:1px}
    +.bureau__remplissage-121{border-block-start-width:2px}
    +.bureau__remplissage-122{border-block-start-width:3px}
    +.bureau__remplissage-123{border-block-start-width:4px}
    +.bureau__remplissage-124{border-block-start-width:5px}
    +.bureau__remplissage-125{border-block-start-width:6px}
    +.bureau__remplissage-126{border-block-start-width:0px}
    +.bureau__remplissage-127{border-block-start-width:1px}
    +.bureau__remplissage-128{border-block-start-width:2px}
    +.bureau__remplissage-129{border-block-start-width:3px}
    +.bureau__remplissage-130{border-block-start-width:4px}
    +.bureau__remplissage-131{border-block-start-width:5px}
    +.bureau__remplissage-132{border-block-start-width:6px}
    +.bureau__remplissage-133{border-block-start-width:0px}
    +.bureau__remplissage-134{border-block-start-width:1px}
    +.bureau__remplissage-135{border-block-start-width:2px}
    +.bureau__remplissage-136{border-block-start-width:3px}
    +.bureau__remplissage-137{border-block-start-width:4px}
    +.bureau__remplissage-138{border-block-start-width:5px}
    +.bureau__remplissage-139{border-block-start-width:6px}
    +.bureau__remplissage-140{border-block-start-width:0px}
    +.bureau__remplissage-141{border-block-start-width:1px}
    +.bureau__remplissage-142{border-block-start-width:2px}
    +.bureau__remplissage-143{border-block-start-width:3px}
    +.bureau__remplissage-144{border-block-start-width:4px}
    +.bureau__remplissage-145{border-block-start-width:5px}
    +.bureau__remplissage-146{border-block-start-width:6px}
    +.bureau__remplissage-147{border-block-start-width:0px}
    +.bureau__remplissage-148{border-block-start-width:1px}
    +.bureau__remplissage-149{border-block-start-width:2px}
    +.bureau__remplissage-150{border-block-start-width:3px}
    +.bureau__remplissage-151{border-block-start-width:4px}
    +.bureau__remplissage-152{border-block-start-width:5px}
    +.bureau__remplissage-153{border-block-start-width:6px}
    +.bureau__remplissage-154{border-block-start-width:0px}
    +.bureau__remplissage-155{border-block-start-width:1px}
    +.bureau__remplissage-156{border-block-start-width:2px}
    +.bureau__remplissage-157{border-block-start-width:3px}
    +.bureau__remplissage-158{border-block-start-width:4px}
    +.bureau__remplissage-159{border-block-start-width:5px}
    +.bureau__remplissage-160{border-block-start-width:6px}
    +.bureau__remplissage-161{border-block-start-width:0px}
    +.bureau__remplissage-162{border-block-start-width:1px}
    +.bureau__remplissage-163{border-block-start-width:2px}
    +.bureau__remplissage-164{border-block-start-width:3px}
    +.bureau__remplissage-165{border-block-start-width:4px}
    +.bureau__remplissage-166{border-block-start-width:5px}
    +.bureau__remplissage-167{border-block-start-width:6px}
    +.bureau__remplissage-168{border-block-start-width:0px}
    +.bureau__remplissage-169{border-block-start-width:1px}
    +.bureau__remplissage-170{border-block-start-width:2px}
    +.bureau__remplissage-171{border-block-start-width:3px}
    +.bureau__remplissage-172{border-block-start-width:4px}
    +.bureau__remplissage-173{border-block-start-width:5px}
    +.bureau__remplissage-174{border-block-start-width:6px}
    +.bureau__remplissage-175{border-block-start-width:0px}
    +.bureau__remplissage-176{border-block-start-width:1px}
    +.bureau__remplissage-177{border-block-start-width:2px}
    +.bureau__remplissage-178{border-block-start-width:3px}
    +.bureau__remplissage-179{border-block-start-width:4px}
    +.bureau__remplissage-180{border-block-start-width:5px}
    +.bureau__remplissage-181{border-block-start-width:6px}
    +.bureau__remplissage-182{border-block-start-width:0px}
    +.bureau__remplissage-183{border-block-start-width:1px}
    +.bureau__remplissage-184{border-block-start-width:2px}
    +.bureau__remplissage-185{border-block-start-width:3px}
    +.bureau__remplissage-186{border-block-start-width:4px}
    +.bureau__remplissage-187{border-block-start-width:5px}
    +.bureau__remplissage-188{border-block-start-width:6px}
    +.bureau__remplissage-189{border-block-start-width:0px}
    +.bureau__remplissage-190{border-block-start-width:1px}
    +.bureau__remplissage-191{border-block-start-width:2px}
    +.bureau__remplissage-192{border-block-start-width:3px}
    +.bureau__remplissage-193{border-block-start-width:4px}
    +.bureau__remplissage-194{border-block-start-width:5px}
    +.bureau__remplissage-195{border-block-start-width:6px}
    +.bureau__remplissage-196{border-block-start-width:0px}
    +.bureau__remplissage-197{border-block-start-width:1px}
    +.bureau__remplissage-198{border-block-start-width:2px}
    +.bureau__remplissage-199{border-block-start-width:3px}
    +.bureau__remplissage-200{border-block-start-width:4px}
    +.bureau__remplissage-201{border-block-start-width:5px}
    +.bureau__remplissage-202{border-block-start-width:6px}
    +.bureau__remplissage-203{border-block-start-width:0px}
    +.bureau__remplissage-204{border-block-start-width:1px}
    +.bureau__remplissage-205{border-block-start-width:2px}
    +.bureau__remplissage-206{border-block-start-width:3px}
    +.bureau__remplissage-207{border-block-start-width:4px}
    +.bureau__remplissage-208{border-block-start-width:5px}
    +.bureau__remplissage-209{border-block-start-width:6px}
    +.bureau__remplissage-210{border-block-start-width:0px}
    +.bureau__remplissage-211{border-block-start-width:1px}
    +.bureau__remplissage-212{border-block-start-width:2px}
    +.bureau__remplissage-213{border-block-start-width:3px}
    +.bureau__remplissage-214{border-block-start-width:4px}
    +.bureau__remplissage-215{border-block-start-width:5px}
    +.bureau__remplissage-216{border-block-start-width:6px}
    +.bureau__remplissage-217{border-block-start-width:0px}
    +.bureau__remplissage-218{border-block-start-width:1px}
    +.bureau__remplissage-219{border-block-start-width:2px}
    +.bureau__remplissage-220{border-block-start-width:3px}
    +.bureau__remplissage-221{border-block-start-width:4px}
    +.bureau__remplissage-222{border-block-start-width:5px}
    +.bureau__remplissage-223{border-block-start-width:6px}
    +.bureau__remplissage-224{border-block-start-width:0px}
    +.bureau__remplissage-225{border-block-start-width:1px}
    +.bureau__remplissage-226{border-block-start-width:2px}
    +.bureau__remplissage-227{border-block-start-width:3px}
    +.bureau__remplissage-228{border-block-start-width:4px}
    +.bureau__remplissage-229{border-block-start-width:5px}
    +.bureau__remplissage-230{border-block-start-width:6px}
    +.bureau__remplissage-231{border-block-start-width:0px}
    +.bureau__remplissage-232{border-block-start-width:1px}
    +.bureau__remplissage-233{border-block-start-width:2px}
    +.bureau__remplissage-234{border-block-start-width:3px}
    +.bureau__remplissage-235{border-block-start-width:4px}
    +.bureau__remplissage-236{border-block-start-width:5px}
    +.bureau__remplissage-237{border-block-start-width:6px}
    +.bureau__remplissage-238{border-block-start-width:0px}
    +.bureau__remplissage-239{border-block-start-width:1px}
    +.bureau__remplissage-240{border-block-start-width:2px}
    +.bureau__remplissage-241{border-block-start-width:3px}
    +.bureau__remplissage-242{border-block-start-width:4px}
    +.bureau__remplissage-243{border-block-start-width:5px}
    +.bureau__remplissage-244{border-block-start-width:6px}
    +.bureau__remplissage-245{border-block-start-width:0px}
    +.bureau__remplissage-246{border-block-start-width:1px}
    +.bureau__remplissage-247{border-block-start-width:2px}
    +.bureau__remplissage-248{border-block-start-width:3px}
    +.bureau__remplissage-249{border-block-start-width:4px}
    +.bureau__remplissage-250{border-block-start-width:5px}
    +.bureau__remplissage-251{border-block-start-width:6px}
    +.bureau__remplissage-252{border-block-start-width:0px}
    +.bureau__remplissage-253{border-block-start-width:1px}
    +.bureau__remplissage-254{border-block-start-width:2px}
    +.bureau__remplissage-255{border-block-start-width:3px}
    +.bureau__remplissage-256{border-block-start-width:4px}
    +.bureau__remplissage-257{border-block-start-width:5px}
    +.bureau__remplissage-258{border-block-start-width:6px}
    +.bureau__remplissage-259{border-block-start-width:0px}
    +.bureau__remplissage-260{border-block-start-width:1px}
    +.bureau__remplissage-261{border-block-start-width:2px}
    +.bureau__remplissage-262{border-block-start-width:3px}
    +.bureau__remplissage-263{border-block-start-width:4px}
    +.bureau__remplissage-264{border-block-start-width:5px}
    +.bureau__remplissage-265{border-block-start-width:6px}
    +.bureau__remplissage-266{border-block-start-width:0px}
    +.bureau__remplissage-267{border-block-start-width:1px}
    +.bureau__remplissage-268{border-block-start-width:2px}
    +.bureau__remplissage-269{border-block-start-width:3px}
    +.bureau__remplissage-270{border-block-start-width:4px}
    +.bureau__remplissage-271{border-block-start-width:5px}
    +.bureau__remplissage-272{border-block-start-width:6px}
    +.bureau__remplissage-273{border-block-start-width:0px}
    +.bureau__remplissage-274{border-block-start-width:1px}
    +.bureau__remplissage-275{border-block-start-width:2px}
    +.bureau__remplissage-276{border-block-start-width:3px}
    +.bureau__remplissage-277{border-block-start-width:4px}
    +.bureau__remplissage-278{border-block-start-width:5px}
    +.bureau__remplissage-279{border-block-start-width:6px}
    +.bureau__remplissage-280{border-block-start-width:0px}
    +.bureau__remplissage-281{border-block-start-width:1px}
    +.bureau__remplissage-282{border-block-start-width:2px}
    +.bureau__remplissage-283{border-block-start-width:3px}
    +.bureau__remplissage-284{border-block-start-width:4px}
    +.bureau__remplissage-285{border-block-start-width:5px}
    +.bureau__remplissage-286{border-block-start-width:6px}
    +.bureau__remplissage-287{border-block-start-width:0px}
    +.bureau__remplissage-288{border-block-start-width:1px}
    +.bureau__remplissage-289{border-block-start-width:2px}
    +.bureau__remplissage-290{border-block-start-width:3px}
    +.bureau__remplissage-291{border-block-start-width:4px}
    +.bureau__remplissage-292{border-block-start-width:5px}
    +.bureau__remplissage-293{border-block-start-width:6px}
    +.bureau__remplissage-294{border-block-start-width:0px}
    +.bureau__remplissage-295{border-block-start-width:1px}
    +.bureau__remplissage-296{border-block-start-width:2px}
    +.bureau__remplissage-297{border-block-start-width:3px}
    +.bureau__remplissage-298{border-block-start-width:4px}
    +.bureau__remplissage-299{border-block-start-width:5px}
    +.bureau__remplissage-300{border-block-start-width:6px}
    +.bureau__remplissage-301{border-block-start-width:0px}
    +.bureau__remplissage-302{border-block-start-width:1px}
    +.bureau__remplissage-303{border-block-start-width:2px}
    +.bureau__remplissage-304{border-block-start-width:3px}
    +.bureau__remplissage-305{border-block-start-width:4px}
    +.bureau__remplissage-306{border-block-start-width:5px}
    +.bureau__remplissage-307{border-block-start-width:6px}
    +.bureau__remplissage-308{border-block-start-width:0px}
    +.bureau__remplissage-309{border-block-start-width:1px}
    +.bureau__remplissage-310{border-block-start-width:2px}
    +.bureau__remplissage-311{border-block-start-width:3px}
    +.bureau__remplissage-312{border-block-start-width:4px}
    +.bureau__remplissage-313{border-block-start-width:5px}
    +.bureau__remplissage-314{border-block-start-width:6px}
    +.bureau__remplissage-315{border-block-start-width:0px}
    +.bureau__remplissage-316{border-block-start-width:1px}
    +.bureau__remplissage-317{border-block-start-width:2px}
    +.bureau__remplissage-318{border-block-start-width:3px}
    +.bureau__remplissage-319{border-block-start-width:4px}
    +.bureau__remplissage-320{border-block-start-width:5px}
    +.bureau__remplissage-321{border-block-start-width:6px}
    +.bureau__remplissage-322{border-block-start-width:0px}
    +.bureau__remplissage-323{border-block-start-width:1px}
    +.bureau__remplissage-324{border-block-start-width:2px}
    +.bureau__remplissage-325{border-block-start-width:3px}
    +.bureau__remplissage-326{border-block-start-width:4px}
    +.bureau__remplissage-327{border-block-start-width:5px}
    +.bureau__remplissage-328{border-block-start-width:6px}
    +.bureau__remplissage-329{border-block-start-width:0px}
    +.bureau__remplissage-330{border-block-start-width:1px}
    +.bureau__remplissage-331{border-block-start-width:2px}
    +.bureau__remplissage-332{border-block-start-width:3px}
    +.bureau__remplissage-333{border-block-start-width:4px}
    +.bureau__remplissage-334{border-block-start-width:5px}
    +.bureau__remplissage-335{border-block-start-width:6px}
    +.bureau__remplissage-336{border-block-start-width:0px}
    +.bureau__remplissage-337{border-block-start-width:1px}
    +.bureau__remplissage-338{border-block-start-width:2px}
    +.bureau__remplissage-339{border-block-start-width:3px}
    +.bureau__remplissage-340{border-block-start-width:4px}
    +.bureau__remplissage-341{border-block-start-width:5px}
    +.bureau__remplissage-342{border-block-start-width:6px}
    +.bureau__remplissage-343{border-block-start-width:0px}
    +.bureau__remplissage-344{border-block-start-width:1px}
    +.bureau__remplissage-345{border-block-start-width:2px}
    +.bureau__remplissage-346{border-block-start-width:3px}
    +.bureau__remplissage-347{border-block-start-width:4px}
    +.bureau__remplissage-348{border-block-start-width:5px}
    +.bureau__remplissage-349{border-block-start-width:6px}
    +.bureau__remplissage-350{border-block-start-width:0px}
    +.bureau__remplissage-351{border-block-start-width:1px}
    +.bureau__remplissage-352{border-block-start-width:2px}
    +.bureau__remplissage-353{border-block-start-width:3px}
    +.bureau__remplissage-354{border-block-start-width:4px}
    +.bureau__remplissage-355{border-block-start-width:5px}
    +.bureau__remplissage-356{border-block-start-width:6px}
    +.bureau__remplissage-357{border-block-start-width:0px}
    +.bureau__remplissage-358{border-block-start-width:1px}
    +.bureau__remplissage-359{border-block-start-width:2px}
    +.bureau__remplissage-360{border-block-start-width:3px}
    +.bureau__remplissage-361{border-block-start-width:4px}
    +.bureau__remplissage-362{border-block-start-width:5px}
    +.bureau__remplissage-363{border-block-start-width:6px}
    +.bureau__remplissage-364{border-block-start-width:0px}
    +.bureau__remplissage-365{border-block-start-width:1px}
    +.bureau__remplissage-366{border-block-start-width:2px}
    +.bureau__remplissage-367{border-block-start-width:3px}
    +.bureau__remplissage-368{border-block-start-width:4px}
    +.bureau__remplissage-369{border-block-start-width:5px}
    +.bureau__remplissage-370{border-block-start-width:6px}
    +.bureau__remplissage-371{border-block-start-width:0px}
    +.bureau__remplissage-372{border-block-start-width:1px}
    +.bureau__remplissage-373{border-block-start-width:2px}
    +.bureau__remplissage-374{border-block-start-width:3px}
    +.bureau__remplissage-375{border-block-start-width:4px}
    +.bureau__remplissage-376{border-block-start-width:5px}
    +.bureau__remplissage-377{border-block-start-width:6px}
    +.bureau__remplissage-378{border-block-start-width:0px}
    +.bureau__remplissage-379{border-block-start-width:1px}
    +.bureau__remplissage-380{border-block-start-width:2px}
    +.bureau__remplissage-381{border-block-start-width:3px}
    +.bureau__remplissage-382{border-block-start-width:4px}
    +.bureau__remplissage-383{border-block-start-width:5px}
    +.bureau__remplissage-384{border-block-start-width:6px}
    +.bureau__remplissage-385{border-block-start-width:0px}
    +.bureau__remplissage-386{border-block-start-width:1px}
    +.bureau__remplissage-387{border-block-start-width:2px}
    +.bureau__remplissage-388{border-block-start-width:3px}
    +.bureau__remplissage-389{border-block-start-width:4px}
    +.bureau__remplissage-390{border-block-start-width:5px}
    +.bureau__remplissage-391{border-block-start-width:6px}
    +.bureau__remplissage-392{border-block-start-width:0px}
    +.bureau__remplissage-393{border-block-start-width:1px}
    +.bureau__remplissage-394{border-block-start-width:2px}
    +.bureau__remplissage-395{border-block-start-width:3px}
    +.bureau__remplissage-396{border-block-start-width:4px}
    +.bureau__remplissage-397{border-block-start-width:5px}
    +.bureau__remplissage-398{border-block-start-width:6px}
    +.bureau__remplissage-399{border-block-start-width:0px}
    +.bureau__remplissage-400{border-block-start-width:1px}
    +.bureau__remplissage-401{border-block-start-width:2px}
    +.bureau__remplissage-402{border-block-start-width:3px}
    +.bureau__remplissage-403{border-block-start-width:4px}
    +.bureau__remplissage-404{border-block-start-width:5px}
    +.bureau__remplissage-405{border-block-start-width:6px}
    +.bureau__remplissage-406{border-block-start-width:0px}
    +.bureau__remplissage-407{border-block-start-width:1px}
    +.bureau__remplissage-408{border-block-start-width:2px}
    +.bureau__remplissage-409{border-block-start-width:3px}
    +.bureau__remplissage-410{border-block-start-width:4px}
    +.bureau__remplissage-411{border-block-start-width:5px}
    +.bureau__remplissage-412{border-block-start-width:6px}
    +.bureau__remplissage-413{border-block-start-width:0px}
    +.bureau__remplissage-414{border-block-start-width:1px}
    +.bureau__remplissage-415{border-block-start-width:2px}
    +.bureau__remplissage-416{border-block-start-width:3px}
    +.bureau__remplissage-417{border-block-start-width:4px}
    +.bureau__remplissage-418{border-block-start-width:5px}
    +.bureau__remplissage-419{border-block-start-width:6px}
    +.bureau__remplissage-420{border-block-start-width:0px}
    +.bureau__remplissage-421{border-block-start-width:1px}
    +.bureau__remplissage-422{border-block-start-width:2px}
    +.bureau__remplissage-423{border-block-start-width:3px}
    +.bureau__remplissage-424{border-block-start-width:4px}
    +.bureau__remplissage-425{border-block-start-width:5px}
    +.bureau__remplissage-426{border-block-start-width:6px}
    +.bureau__remplissage-427{border-block-start-width:0px}
    +.bureau__remplissage-428{border-block-start-width:1px}
    +.bureau__remplissage-429{border-block-start-width:2px}
    +.bureau__remplissage-430{border-block-start-width:3px}
    +.bureau__remplissage-431{border-block-start-width:4px}
    +.bureau__remplissage-432{border-block-start-width:5px}
    +.bureau__remplissage-433{border-block-start-width:6px}
    +.bureau__remplissage-434{border-block-start-width:0px}
    +.bureau__remplissage-435{border-block-start-width:1px}
    +.bureau__remplissage-436{border-block-start-width:2px}
    +.bureau__remplissage-437{border-block-start-width:3px}
    +.bureau__remplissage-438{border-block-start-width:4px}
    +.bureau__remplissage-439{border-block-start-width:5px}
    +.bureau__remplissage-440{border-block-start-width:6px}
    +.bureau__remplissage-441{border-block-start-width:0px}
    +.bureau__remplissage-442{border-block-start-width:1px}
    +.bureau__remplissage-443{border-block-start-width:2px}
    +.bureau__remplissage-444{border-block-start-width:3px}
    +.bureau__remplissage-445{border-block-start-width:4px}
    +.bureau__remplissage-446{border-block-start-width:5px}
    +.bureau__remplissage-447{border-block-start-width:6px}
    +.bureau__remplissage-448{border-block-start-width:0px}
    +.bureau__remplissage-449{border-block-start-width:1px}
    +.bureau__remplissage-450{border-block-start-width:2px}
    +.bureau__remplissage-451{border-block-start-width:3px}
    +.bureau__remplissage-452{border-block-start-width:4px}
    +.bureau__remplissage-453{border-block-start-width:5px}
    +.bureau__remplissage-454{border-block-start-width:6px}
    +.bureau__remplissage-455{border-block-start-width:0px}
    +.bureau__remplissage-456{border-block-start-width:1px}
    +.bureau__remplissage-457{border-block-start-width:2px}
    +.bureau__remplissage-458{border-block-start-width:3px}
    +.bureau__remplissage-459{border-block-start-width:4px}
    +.bureau__remplissage-460{border-block-start-width:5px}
    +.bureau__remplissage-461{border-block-start-width:6px}
    +.bureau__remplissage-462{border-block-start-width:0px}
    +.bureau__remplissage-463{border-block-start-width:1px}
    +.bureau__remplissage-464{border-block-start-width:2px}
    +.bureau__remplissage-465{border-block-start-width:3px}
    +.bureau__remplissage-466{border-block-start-width:4px}
    +.bureau__remplissage-467{border-block-start-width:5px}
    +.bureau__remplissage-468{border-block-start-width:6px}
    +.bureau__remplissage-469{border-block-start-width:0px}
    +.bureau__remplissage-470{border-block-start-width:1px}
    +.bureau__remplissage-471{border-block-start-width:2px}
    +.bureau__remplissage-472{border-block-start-width:3px}
    +.bureau__remplissage-473{border-block-start-width:4px}
    +.bureau__remplissage-474{border-block-start-width:5px}
    +.bureau__remplissage-475{border-block-start-width:6px}
    +.bureau__remplissage-476{border-block-start-width:0px}
    +.bureau__remplissage-477{border-block-start-width:1px}
    +.bureau__remplissage-478{border-block-start-width:2px}
    +.bureau__remplissage-479{border-block-start-width:3px}
    +.bureau__remplissage-480{border-block-start-width:4px}
    +.bureau__remplissage-481{border-block-start-width:5px}
    +.bureau__remplissage-482{border-block-start-width:6px}
    +.bureau__remplissage-483{border-block-start-width:0px}
    +.bureau__remplissage-484{border-block-start-width:1px}
    +.bureau__remplissage-485{border-block-start-width:2px}
    +.bureau__remplissage-486{border-block-start-width:3px}
    +.bureau__remplissage-487{border-block-start-width:4px}
    +.bureau__remplissage-488{border-block-start-width:5px}
    +.bureau__remplissage-489{border-block-start-width:6px}
    +.bureau__remplissage-490{border-block-start-width:0px}
    +.bureau__remplissage-491{border-block-start-width:1px}
    +.bureau__remplissage-492{border-block-start-width:2px}
    +.bureau__remplissage-493{border-block-start-width:3px}
    +.bureau__remplissage-494{border-block-start-width:4px}
    +.bureau__remplissage-495{border-block-start-width:5px}
    +.bureau__remplissage-496{border-block-start-width:6px}
    +.bureau__remplissage-497{border-block-start-width:0px}
    +.bureau__remplissage-498{border-block-start-width:1px}
    +.bureau__remplissage-499{border-block-start-width:2px}
    +.bureau__remplissage-500{border-block-start-width:3px}
    +.bureau__remplissage-501{border-block-start-width:4px}
    +.bureau__remplissage-502{border-block-start-width:5px}
    +.bureau__remplissage-503{border-block-start-width:6px}
    +.bureau__remplissage-504{border-block-start-width:0px}
    +.bureau__remplissage-505{border-block-start-width:1px}
    +.bureau__remplissage-506{border-block-start-width:2px}
    +.bureau__remplissage-507{border-block-start-width:3px}
    +.bureau__remplissage-508{border-block-start-width:4px}
    +.bureau__remplissage-509{border-block-start-width:5px}
    +.bureau__remplissage-510{border-block-start-width:6px}
    +.bureau__remplissage-511{border-block-start-width:0px}
    +.bureau__remplissage-512{border-block-start-width:1px}
    +.bureau__remplissage-513{border-block-start-width:2px}
    +.bureau__remplissage-514{border-block-start-width:3px}
    +.bureau__remplissage-515{border-block-start-width:4px}
    +.bureau__remplissage-516{border-block-start-width:5px}
    +.bureau__remplissage-517{border-block-start-width:6px}
    +.bureau__remplissage-518{border-block-start-width:0px}
    +.bureau__remplissage-519{border-block-start-width:1px}
    +.bureau__remplissage-520{border-block-start-width:2px}
    +.bureau__remplissage-521{border-block-start-width:3px}
    +.bureau__remplissage-522{border-block-start-width:4px}
    +.bureau__remplissage-523{border-block-start-width:5px}
    +.bureau__remplissage-524{border-block-start-width:6px}
    +.bureau__remplissage-525{border-block-start-width:0px}
    +.bureau__remplissage-526{border-block-start-width:1px}
    +.bureau__remplissage-527{border-block-start-width:2px}
    +.bureau__remplissage-528{border-block-start-width:3px}
    +.bureau__remplissage-529{border-block-start-width:4px}
    +.bureau__remplissage-530{border-block-start-width:5px}
    +.bureau__remplissage-531{border-block-start-width:6px}
    +.bureau__remplissage-532{border-block-start-width:0px}
    +.bureau__remplissage-533{border-block-start-width:1px}
    +.bureau__remplissage-534{border-block-start-width:2px}
    +.bureau__remplissage-535{border-block-start-width:3px}
    +.bureau__remplissage-536{border-block-start-width:4px}
    +.bureau__remplissage-537{border-block-start-width:5px}
    +.bureau__remplissage-538{border-block-start-width:6px}
    +.bureau__remplissage-539{border-block-start-width:0px}
    +.bureau__remplissage-540{border-block-start-width:1px}
    +.bureau__remplissage-541{border-block-start-width:2px}
    +.bureau__remplissage-542{border-block-start-width:3px}
    +.bureau__remplissage-543{border-block-start-width:4px}
    +.bureau__remplissage-544{border-block-start-width:5px}
    +.bureau__remplissage-545{border-block-start-width:6px}
    +.bureau__remplissage-546{border-block-start-width:0px}
    +.bureau__remplissage-547{border-block-start-width:1px}
    +.bureau__remplissage-548{border-block-start-width:2px}
    +.bureau__remplissage-549{border-block-start-width:3px}
    +.bureau__remplissage-550{border-block-start-width:4px}
    +.bureau__remplissage-551{border-block-start-width:5px}
    +.bureau__remplissage-552{border-block-start-width:6px}
    +.bureau__remplissage-553{border-block-start-width:0px}
    +.bureau__remplissage-554{border-block-start-width:1px}
    +.bureau__remplissage-555{border-block-start-width:2px}
    +.bureau__remplissage-556{border-block-start-width:3px}
    +.bureau__remplissage-557{border-block-start-width:4px}
    +.bureau__remplissage-558{border-block-start-width:5px}
    +.bureau__remplissage-559{border-block-start-width:6px}
    +.bureau__remplissage-560{border-block-start-width:0px}
    +.bureau__remplissage-561{border-block-start-width:1px}
    +.bureau__remplissage-562{border-block-start-width:2px}
    +.bureau__remplissage-563{border-block-start-width:3px}
    +.bureau__remplissage-564{border-block-start-width:4px}
    +.bureau__remplissage-565{border-block-start-width:5px}
    +.bureau__remplissage-566{border-block-start-width:6px}
    +.bureau__remplissage-567{border-block-start-width:0px}
    +.bureau__remplissage-568{border-block-start-width:1px}
    +.bureau__remplissage-569{border-block-start-width:2px}
    +.bureau__remplissage-570{border-block-start-width:3px}
    +.bureau__remplissage-571{border-block-start-width:4px}
    +.bureau__remplissage-572{border-block-start-width:5px}
    +.bureau__remplissage-573{border-block-start-width:6px}
    +.bureau__remplissage-574{border-block-start-width:0px}
    +.bureau__remplissage-575{border-block-start-width:1px}
    +.bureau__remplissage-576{border-block-start-width:2px}
    +.bureau__remplissage-577{border-block-start-width:3px}
    +.bureau__remplissage-578{border-block-start-width:4px}
    +.bureau__remplissage-579{border-block-start-width:5px}
    +.bureau__remplissage-580{border-block-start-width:6px}
    +.bureau__remplissage-581{border-block-start-width:0px}
    +.bureau__remplissage-582{border-block-start-width:1px}
    +.bureau__remplissage-583{border-block-start-width:2px}
    +.bureau__remplissage-584{border-block-start-width:3px}
    +.bureau__remplissage-585{border-block-start-width:4px}
    +.bureau__remplissage-586{border-block-start-width:5px}
    +.bureau__remplissage-587{border-block-start-width:6px}
    +.bureau__remplissage-588{border-block-start-width:0px}
    +.bureau__remplissage-589{border-block-start-width:1px}
    +.bureau__remplissage-590{border-block-start-width:2px}
    +.bureau__remplissage-591{border-block-start-width:3px}
    +.bureau__remplissage-592{border-block-start-width:4px}
    +.bureau__remplissage-593{border-block-start-width:5px}
    +.bureau__remplissage-594{border-block-start-width:6px}
    +.bureau__remplissage-595{border-block-start-width:0px}
    +.bureau__remplissage-596{border-block-start-width:1px}
    +.bureau__remplissage-597{border-block-start-width:2px}
    +.bureau__remplissage-598{border-block-start-width:3px}
    +.bureau__remplissage-599{border-block-start-width:4px}
    +.bureau__remplissage-600{border-block-start-width:5px}
    +.bureau__remplissage-601{border-block-start-width:6px}
    +.bureau__remplissage-602{border-block-start-width:0px}
    +.bureau__remplissage-603{border-block-start-width:1px}
    +.bureau__remplissage-604{border-block-start-width:2px}
    +.bureau__remplissage-605{border-block-start-width:3px}
    +.bureau__remplissage-606{border-block-start-width:4px}
    +.bureau__remplissage-607{border-block-start-width:5px}
    +.bureau__remplissage-608{border-block-start-width:6px}
    +.bureau__remplissage-609{border-block-start-width:0px}
    +.bureau__remplissage-610{border-block-start-width:1px}
    +.bureau__remplissage-611{border-block-start-width:2px}
    +.bureau__remplissage-612{border-block-start-width:3px}
    +.bureau__remplissage-613{border-block-start-width:4px}
    +.bureau__remplissage-614{border-block-start-width:5px}
    +.bureau__remplissage-615{border-block-start-width:6px}
    +.bureau__remplissage-616{border-block-start-width:0px}
    +.bureau__remplissage-617{border-block-start-width:1px}
    +.bureau__remplissage-618{border-block-start-width:2px}
    +.bureau__remplissage-619{border-block-start-width:3px}
    +.bureau__remplissage-620{border-block-start-width:4px}
    +.bureau__remplissage-621{border-block-start-width:5px}
    +.bureau__remplissage-622{border-block-start-width:6px}
    +.bureau__remplissage-623{border-block-start-width:0px}
    +.bureau__remplissage-624{border-block-start-width:1px}
    +.bureau__remplissage-625{border-block-start-width:2px}
    +.bureau__remplissage-626{border-block-start-width:3px}
    +.bureau__remplissage-627{border-block-start-width:4px}
    +.bureau__remplissage-628{border-block-start-width:5px}
    +.bureau__remplissage-629{border-block-start-width:6px}
    +.bureau__remplissage-630{border-block-start-width:0px}
    +.bureau__remplissage-631{border-block-start-width:1px}
    +.bureau__remplissage-632{border-block-start-width:2px}
    +.bureau__remplissage-633{border-block-start-width:3px}
    +.bureau__remplissage-634{border-block-start-width:4px}
    +.bureau__remplissage-635{border-block-start-width:5px}
    +.bureau__remplissage-636{border-block-start-width:6px}
    +.bureau__remplissage-637{border-block-start-width:0px}
    +.bureau__remplissage-638{border-block-start-width:1px}
    +.bureau__remplissage-639{border-block-start-width:2px}
    +.bureau__remplissage-640{border-block-start-width:3px}
    +.bureau__remplissage-641{border-block-start-width:4px}
    +.bureau__remplissage-642{border-block-start-width:5px}
    +.bureau__remplissage-643{border-block-start-width:6px}
    +.bureau__remplissage-644{border-block-start-width:0px}
    +.bureau__remplissage-645{border-block-start-width:1px}
    +.bureau__remplissage-646{border-block-start-width:2px}
    +.bureau__remplissage-647{border-block-start-width:3px}
    +.bureau__remplissage-648{border-block-start-width:4px}
    +.bureau__remplissage-649{border-block-start-width:5px}
    +.bureau__remplissage-650{border-block-start-width:6px}
    +.bureau__remplissage-651{border-block-start-width:0px}
    +.bureau__remplissage-652{border-block-start-width:1px}
    +.bureau__remplissage-653{border-block-start-width:2px}
    +.bureau__remplissage-654{border-block-start-width:3px}
    +.bureau__remplissage-655{border-block-start-width:4px}
    +.bureau__remplissage-656{border-block-start-width:5px}
    +.bureau__remplissage-657{border-block-start-width:6px}
    +.bureau__remplissage-658{border-block-start-width:0px}
    +.bureau__remplissage-659{border-block-start-width:1px}
    +.bureau__remplissage-660{border-block-start-width:2px}
    +.bureau__remplissage-661{border-block-start-width:3px}
    +.bureau__remplissage-662{border-block-start-width:4px}
    +.bureau__remplissage-663{border-block-start-width:5px}
    +.bureau__remplissage-664{border-block-start-width:6px}
    +.bureau__remplissage-665{border-block-start-width:0px}
    +.bureau__remplissage-666{border-block-start-width:1px}
    +.bureau__remplissage-667{border-block-start-width:2px}
    +.bureau__remplissage-668{border-block-start-width:3px}
    +.bureau__remplissage-669{border-block-start-width:4px}
    +.bureau__remplissage-670{border-block-start-width:5px}
    +.bureau__remplissage-671{border-block-start-width:6px}
    +.bureau__remplissage-672{border-block-start-width:0px}
    +.bureau__remplissage-673{border-block-start-width:1px}
    +.bureau__remplissage-674{border-block-start-width:2px}
    +.bureau__remplissage-675{border-block-start-width:3px}
    +.bureau__remplissage-676{border-block-start-width:4px}
    +.bureau__remplissage-677{border-block-start-width:5px}
    +.bureau__remplissage-678{border-block-start-width:6px}
    +.bureau__remplissage-679{border-block-start-width:0px}
    +.bureau__remplissage-680{border-block-start-width:1px}
    +.bureau__remplissage-681{border-block-start-width:2px}
    +.bureau__remplissage-682{border-block-start-width:3px}
    +.bureau__remplissage-683{border-block-start-width:4px}
    +.bureau__remplissage-684{border-block-start-width:5px}
    +.bureau__remplissage-685{border-block-start-width:6px}
    +.bureau__remplissage-686{border-block-start-width:0px}
    +.bureau__remplissage-687{border-block-start-width:1px}
    +.bureau__remplissage-688{border-block-start-width:2px}
    +.bureau__remplissage-689{border-block-start-width:3px}
    +.bureau__remplissage-690{border-block-start-width:4px}
    +.bureau__remplissage-691{border-block-start-width:5px}
    +.bureau__remplissage-692{border-block-start-width:6px}
    +.bureau__remplissage-693{border-block-start-width:0px}
    +.bureau__remplissage-694{border-block-start-width:1px}
    +.bureau__remplissage-695{border-block-start-width:2px}
    +.bureau__remplissage-696{border-block-start-width:3px}
    +.bureau__remplissage-697{border-block-start-width:4px}
    +.bureau__remplissage-698{border-block-start-width:5px}
    +.bureau__remplissage-699{border-block-start-width:6px}
    lignes de diff : 708

④ contrôle :
        546  connexion-BM9rYjiV.css
       1493  main-CXZaIG5L.css
       2730  primitives-D5YB3zNP.css
      38753  shell-CQv700Z6.css
       2179  socle-ZRS7erzW.css
    feuilles émises : 5
    somme : 45701 octets
    plafond : 12288 octets (arbitraire, voir l'en-tête)
    DÉPASSEMENT de 33413 octets
    exit=1

⑤ restauration : git checkout -- client/src/shell.css
⑥ sha256 APRÈS : ad78e28ed79a64823100f0ac95c977148fc2dc4e2e2ea708bc4ebb4c967d5f93
   sha256 IDENTIQUE à l'avant : restauré
   git status --porcelain client/src/shell.css : []
   (crochets vides = propre)
