=== ROUGE « 6-7-6-nouvel-orphelin » ===
2026-08-20T04:33:11Z
fichier muté  : client/outils/tokens-orphelins/attente.mjs
mutation      : perl -0pi -e "s/    \[
        '--police-mono',.*?
    \],
//s" client/outils/tokens-orphelins/attente.mjs
contrôle joué : node client/outils/tokens-orphelins.mjs

① sha256 AVANT : 51a4e6c4322624fabbce8676765e2ad867c563c940e0b3cff679496fda973875

② mutation appliquée (code 0)

③ PREUVE que la mutation a MUTÉ — git diff -- client/outils/tokens-orphelins/attente.mjs :
    @@ -214,13 +214,6 @@ const EN_ATTENTE_D_APPELANT = new Map([
         // il le retire. Aucun autre sous-bloc n'a le droit de laisser cette ligne
         // en place sans décider. ⚠️ S2 NE L'A PAS ROUVERT, et pas par omission :
         // aucune de ses quatre familles n'a besoin d'une pile monospace.
    -    [
    -        '--police-mono',
    -        {
    -            sousBloc: 'S4',
    -            raison: '#stats, OU RETRAIT : le seul token dont le sort est encore ouvert',
    -        },
    -    ],
     ]);
     
     export { EN_ATTENTE_D_APPELANT, SOUS_BLOCS_CLOS };
    lignes de diff : 18

④ contrôle :
    source        : client/src/design/tokens.css — 48 token(s) déclaré(s)
    périmètre     : 13 fichier(s) — 47 token(s) employé(s)
      balayés : client/src/connexion.css, client/src/design/base.css, client/src/design/primitives/bouton.css, client/src/design/primitives/champ.css, client/src/design/primitives/message.css, client/src/design/primitives/surface.css, client/src/design/primitives.css, client/src/design/socle.css, client/src/shell.css, client/src/style.css, client/index.html, client/shell.html, client/connexion.html
      exclu : client/design.html — la galerie rend tous les tokens par construction ; l’inclure rendrait l’inclusion « déclaré ⊆ employé » vraie pour toujours
      exclu : client/primitives.html — une page de démonstration emploie des tokens par construction, dans sa propre mise en page ; l’inclure ferait sortir de la liste d’attente des tokens que le PRODUIT n’appelle pas
    
    inclusion ① — tout var(--…) est déclaré : 0 écart(s)
    inclusion ② — tout token déclaré a un appelant : 1 orphelin(s), dont 0 en attente déclarée
      NOUVEL ORPHELIN  --police-mono  déclaré et appelé par personne
    
    inclusion ③ — aucune entrée ne nomme un sous-bloc clos (S1, S2, S3) : 0 écart(s)
    
    total : 1 écart(s)
    exit=1

⑤ restauration : git checkout -- client/outils/tokens-orphelins/attente.mjs
⑥ sha256 APRÈS : 51a4e6c4322624fabbce8676765e2ad867c563c940e0b3cff679496fda973875
   sha256 IDENTIQUE à l'avant : restauré
   git status --porcelain client/outils/tokens-orphelins/attente.mjs : []
   (crochets vides = propre)
