=== ROUGE « 4-7-9-famille-absente-de-la-galerie » ===
2026-08-20T04:33:02Z
fichier muté  : client/primitives.html
mutation      : python3 /tmp/strip-champ.py
contrôle joué : node client/outils/classes-employees.mjs

① sha256 AVANT : 57f2cf6c380852653c1c973438f69c6710435181995919a1fd3db843b45cdc1c

② mutation appliquée (code 0)

③ PREUVE que la mutation a MUTÉ — git diff -- client/primitives.html :
    @@ -150,20 +150,20 @@
     
             <h2>Champ — étiquette, saisie, aide, erreur</h2>
             <div class="colonne">
    -            <p class="champ">
    -                <label class="champ__etiquette" for="c1">Identifiant</label>
    -                <input class="champ__saisie" id="c1" type="text" placeholder="prenom.nom" />
    -                <span class="champ__aide">Celui de votre poste de travail.</span>
    +            <p class="">
    +                <label class="" for="c1">Identifiant</label>
    +                <input class="" id="c1" type="text" placeholder="prenom.nom" />
    +                <span class="">Celui de votre poste de travail.</span>
                 </p>
    -            <p class="champ champ--erreur">
    -                <label class="champ__etiquette" for="c2">Mot de passe</label>
    -                <input class="champ__saisie" id="c2" type="password" value="mauvais" />
    -                <span class="champ__erreur">Identifiant ou mot de passe refusé.</span>
    +            <p class="">
    +                <label class="" for="c2">Mot de passe</label>
    +                <input class="" id="c2" type="password" value="mauvais" />
    +                <span class="">Identifiant ou mot de passe refusé.</span>
                 </p>
    -            <p class="champ">
    -                <label class="champ__etiquette" for="c3">Domaine</label>
    -                <input class="champ__saisie" id="c3" type="text" value="ATELIER" disabled />
    -                <span class="champ__aide">Imposé par l’administrateur.</span>
    +            <p class="">
    +                <label class="" for="c3">Domaine</label>
    +                <input class="" id="c3" type="text" value="ATELIER" disabled />
    +                <span class="">Imposé par l’administrateur.</span>
                 </p>
             </div>
     
    lignes de diff : 37

④ contrôle :
    déclarées : 52 classe(s)
    employées : 48 classe(s)
    familles de primitives : bouton, champ, message, surface
    
    ① toute classe employée est déclarée : 0 écart(s)
    
    ② A — les primitives atteignent le PRODUIT :
      client/index.html : aucune famille
      client/shell.html : bouton, message, surface
      client/connexion.html : bouton, champ, message, surface
    
    ③ B — chaque famille est rendue par client/primitives.html :
      bouton : 4 classe(s) employée(s) sur 4 déclarée(s)
      champ : 0 classe(s) employée(s) sur 6 déclarée(s)
      message : 4 classe(s) employée(s) sur 4 déclarée(s)
      surface : 4 classe(s) employée(s) sur 4 déclarée(s)
      famille CHAMP absente de client/primitives.html
    
    total : 1 écart(s)
    exit=1

⑤ restauration : git checkout -- client/primitives.html
⑥ sha256 APRÈS : 57f2cf6c380852653c1c973438f69c6710435181995919a1fd3db843b45cdc1c
   sha256 IDENTIQUE à l'avant : restauré
   git status --porcelain client/primitives.html : []
   (crochets vides = propre)
