# ROUGE 2c-exception-remonte-en-500 — critère 2, moteur sqlite
# Jouée le 2026-08-20T05:04:27+02:00, commit 3e11b4f
#
--- le fichier muté est-il SUIVI par git ? (sans quoi checkout ne le restaurerait pas) ---
SUIVI : oui

--- la mutation, en diff ---
    diff --git a/plateforme/src/orchestration/inventaire-statique.ts b/plateforme/src/orchestration/inventaire-statique.ts
    index e44c7b1..6640043 100644
    --- a/plateforme/src/orchestration/inventaire-statique.ts
    +++ b/plateforme/src/orchestration/inventaire-statique.ts
    @@ -170,6 +170,9 @@ export function inventaireStatique(base: Pilote, maintenant: () => number): Orch
                     // client — cela se lit dans `base/pilote-postgres.ts` et
                     // `base/pilote-sqlite.ts`. Il n'y a plus de transaction dans
                     // laquelle lire ; `base` est donc la seule voie possible.
    +                /* ROUGE 2c : l'exception d'unicite remonte telle quelle,
    +                   et la couche HTTP en fera un 500 */
    +                throw cause;
                     const inventaire = await inventaireDe(base);
                     // `vmsDe` et non `laVmDe` : cette dernière LÈVE sur un doublon,
                     // et lever depuis un `catch` remplacerait la cause par une

--- le contrôle, sur l'arbre MUTÉ ---
# CRITÈRE ② — deux utilisateurs ne partagent pas une VM, un utilisateur n’en a pas deux, et JAMAIS un 500
# Exécution 1 — moteur sqlite
# Jouée le 2026-08-20T03:04:28.079Z, commit 3e11b4f
#
mise en place : v1 est à alice                : TENU
lignes touchées par l’UPDATE de vol           : 0
propriétaire de v1 après le vol               : alice
②a l’UPDATE de vol ne touche AUCUNE ligne     : TENU
②a et la ligne porte TOUJOURS son propriétaire: TENU
②a l’orchestrateur, lui, refuse par un TYPE   : TENU
l’UPDATE d’une SECONDE VM pour alice          : Error: UNIQUE constraint failed: vm.utilisateur_id
②b l’index partiel LÈVE plutôt que d’attribuer: TENU
②b et v2 est resté LIBRE                      : TENU
②b l’orchestrateur, lui, refuse par un TYPE et NE LÈVE PAS: TENU
lectures faites par la course                 : 1
issue de la course                            : Error: UNIQUE constraint failed: vm.utilisateur_id
②c AUCUNE exception ne s’échappe — c’est elle qui ferait le 500: 🔴 NON TENU — obtenu "Error: UNIQUE constraint failed: vm.utilisateur_id", attendu undefined
②c la violation d’index est traduite en refus TYPÉ: 🔴 NON TENU — obtenu undefined, attendu {"ok":false,"motif":"utilisateur-servi","operation":"attribuer","backend":"inventaire-statique"}
②c la RELECTURE a bien eu lieu — le motif est lu, pas deviné: 🔴 NON TENU — obtenu 1, attendu 2

# --- journal du service (sortie d’erreur), conservé tel quel ---
/home/mallanic/Projects/Guacamole/docs/superpowers/plans/journaux-plateforme-p4/instrument/sonde.ts:173
        const codeDuMotif = CODE_HTTP[(issue as { motif: 'utilisateur-servi' }).motif];
                                                                                ^

TypeError: Cannot read properties of undefined (reading 'motif')
    at <anonymous> (/home/mallanic/Projects/Guacamole/docs/superpowers/plans/journaux-plateforme-p4/instrument/sonde.ts:173:81)

Node.js v24.9.0

# code de sortie de la sonde : 1 (0 = tout tenu)

--- restauration ---
sha256 AVANT mutation    : 90184761875a42f0ab0341b407594ac6b20ed8baa56b85ca976f48d06221d797
sha256 APRÈS restauration: 90184761875a42f0ab0341b407594ac6b20ed8baa56b85ca976f48d06221d797
les deux empreintes CONCORDENT : le fichier est rendu à l'octet près.

# code de sortie de la sonde SOUS MUTATION : 1
# (1 = au moins une assertion NON TENUE = la rouge a bien rougi ;
#  0 = 🔴 LA MUTATION EST RESTÉE VERTE, l'assertion visée n'éprouve rien)
