# ROUGE 2b-index-partiel-retire — critère 2, moteur sqlite
# Jouée le 2026-08-20T05:04:25+02:00, commit 3e11b4f
#
--- le fichier muté est-il SUIVI par git ? (sans quoi checkout ne le restaurerait pas) ---
SUIVI : oui

--- la mutation, en diff ---
    diff --git a/plateforme/src/base/migrations/0001-socle.sql b/plateforme/src/base/migrations/0001-socle.sql
    index 63c93d6..5b58532 100644
    --- a/plateforme/src/base/migrations/0001-socle.sql
    +++ b/plateforme/src/base/migrations/0001-socle.sql
    @@ -54,7 +54,8 @@ CREATE TABLE vm (
     -- attribution est refusée. Éprouvé le 19 août 2026 sur SQLite 3.50.4 --
     -- deux NULL tolérés : OK, double attribution : REFUSEE -> UNIQUE constraint
     -- failed: vm.utilisateur_id. C'est de lui que dépendra le critère 2 de P4.
    -CREATE UNIQUE INDEX vm_un_utilisateur ON vm(utilisateur_id)
    +-- ROUGE 2b : l'index partiel retire
    +CREATE INDEX vm_un_utilisateur ON vm(utilisateur_id)
         WHERE utilisateur_id IS NOT NULL;
     
     -- `nom_session` est ABSENTE du schéma de la spec (§5), et ajoutée ici : sans

--- le contrôle, sur l'arbre MUTÉ ---
# CRITÈRE ② — deux utilisateurs ne partagent pas une VM, un utilisateur n’en a pas deux, et JAMAIS un 500
# Exécution 1 — moteur sqlite
# Jouée le 2026-08-20T03:04:26.701Z, commit 3e11b4f
#
mise en place : v1 est à alice                : TENU
lignes touchées par l’UPDATE de vol           : 0
propriétaire de v1 après le vol               : alice
②a l’UPDATE de vol ne touche AUCUNE ligne     : TENU
②a et la ligne porte TOUJOURS son propriétaire: TENU
②a l’orchestrateur, lui, refuse par un TYPE   : TENU
l’UPDATE d’une SECONDE VM pour alice          : AUCUNE exception, 1 ligne(s)
②b l’index partiel LÈVE plutôt que d’attribuer: 🔴 NON TENU — obtenu false, attendu true
②b et v2 est resté LIBRE                      : 🔴 NON TENU — obtenu "737511d6-8c68-4a69-871a-3f4b36500635", attendu null
②b l’orchestrateur, lui, refuse par un TYPE et NE LÈVE PAS: 🔴 NON TENU — obtenu {"ok":false,"motif":"vm-deja-attribuee","operation":"attribuer","backend":"inventaire-statique"}, attendu {"ok":false,"motif":"utilisateur-servi","operation":"attribuer","backend":"inventaire-statique"}
lectures faites par la course                 : 1
issue de la course                            : {"ok":false,"motif":"utilisateur-servi","operation":"attribuer","backend":"inventaire-statique"}
②c AUCUNE exception ne s’échappe — c’est elle qui ferait le 500: TENU
②c la violation d’index est traduite en refus TYPÉ: TENU
②c la RELECTURE a bien eu lieu — le motif est lu, pas deviné: 🔴 NON TENU — obtenu 1, attendu 2
code HTTP de ce motif                         : 409
②c et son code HTTP n’est PAS 500             : TENU
②c aucun des motifs de refus ne vaut 500      : TENU

VERDICT                                       : 🔴 AU MOINS UNE ASSERTION NON TENUE

# --- journal du service (sortie d’erreur), conservé tel quel ---

# code de sortie de la sonde : 1 (0 = tout tenu)

--- restauration ---
sha256 AVANT mutation    : 8b2707825461bc77459c0389fca108e1b47c8dd45227df30731a91f403450186
sha256 APRÈS restauration: 8b2707825461bc77459c0389fca108e1b47c8dd45227df30731a91f403450186
les deux empreintes CONCORDENT : le fichier est rendu à l'octet près.

# code de sortie de la sonde SOUS MUTATION : 1
# (1 = au moins une assertion NON TENUE = la rouge a bien rougi ;
#  0 = 🔴 LA MUTATION EST RESTÉE VERTE, l'assertion visée n'éprouve rien)
