# ROUGE 1b-refus-non-journalise — critère 1, moteur sqlite
# Jouée le 2026-08-20T05:04:11+02:00, commit 3e11b4f
#
--- le fichier muté est-il SUIVI par git ? (sans quoi checkout ne le restaurerait pas) ---
SUIVI : oui

--- la mutation, en diff ---
    diff --git a/plateforme/src/orchestration/inventaire-statique.ts b/plateforme/src/orchestration/inventaire-statique.ts
    index e44c7b1..9cf23b7 100644
    --- a/plateforme/src/orchestration/inventaire-statique.ts
    +++ b/plateforme/src/orchestration/inventaire-statique.ts
    @@ -61,7 +61,9 @@ async function inventaireDe(p: Pilote): Promise<Vm[]> {
     /// une panne muette ; l'exploitation tourne en niveau ordinaire, et une
     /// mitigation muette n'en est pas une.
     function refuserNonSupporte(operation: Operation): Resultat {
    -    console.warn(
    +    /* ROUGE 1b : le refus ne dit plus rien a personne */
    +    const tu = (..._a: unknown[]) => {};
    +    tu(
             `opération refusée : ${operation} n'est pas supportée par le backend ` +
                 `${BACKEND_STATIQUE}, qui ne pilote aucun hyperviseur — il inventorie ce ` +
                 "qu'un administrateur a enrôlé, et n'écrit que vm.utilisateur_id.",

--- le contrôle, sur l'arbre MUTÉ ---
# CRITÈRE ① — `instantane` REFUSE explicitement, en 501, et le JOURNALISE
# Exécution 1 — moteur sqlite
# Jouée le 2026-08-20T03:04:12.690Z, commit 3e11b4f
#
attribution préalable                         : TENU
code HTTP rendu                               : 501
corps rendu                                   : {"motif":"non-supporte","operation":"instantane","backend":"inventaire-statique"}
①a le code est 501, jamais 500                : TENU
①a le corps est le refus TYPÉ, entier         : TENU
①a et 501 est bien ce que la table de codes dit de ce motif: TENU
lignes de journal émises pendant l’appel      : 0
①b le refus a produit EXACTEMENT une ligne de journal: 🔴 NON TENU — obtenu 0, attendu 1
①b elle nomme l’opération refusée             : 🔴 NON TENU — obtenu false, attendu true
①b elle nomme le backend qui refuse           : 🔴 NON TENU — obtenu false, attendu true

VERDICT                                       : 🔴 AU MOINS UNE ASSERTION NON TENUE

# --- journal du service (sortie d’erreur), conservé tel quel ---

# code de sortie de la sonde : 1 (0 = tout tenu)

--- restauration ---
sha256 AVANT mutation    : 90184761875a42f0ab0341b407594ac6b20ed8baa56b85ca976f48d06221d797
sha256 APRÈS restauration: 90184761875a42f0ab0341b407594ac6b20ed8baa56b85ca976f48d06221d797
les deux empreintes CONCORDENT : le fichier est rendu à l'octet près.

# code de sortie de la sonde SOUS MUTATION : 1
# (1 = au moins une assertion NON TENUE = la rouge a bien rougi ;
#  0 = 🔴 LA MUTATION EST RESTÉE VERTE, l'assertion visée n'éprouve rien)
