# ROUGE 3a-refus-devenu-200 — critère 3, moteur sqlite
# Jouée le 2026-08-20T05:05:06+02:00, commit 3e11b4f
#
--- le fichier muté est-il SUIVI par git ? (sans quoi checkout ne le restaurerait pas) ---
SUIVI : oui

--- la mutation, en diff ---
    diff --git a/plateforme/src/http/routes-session.ts b/plateforme/src/http/routes-session.ts
    index 0de6a93..02d26f9 100644
    --- a/plateforme/src/http/routes-session.ts
    +++ b/plateforme/src/http/routes-session.ts
    @@ -111,7 +111,8 @@ export async function servirSession(
             // coffre du navigateur, `lirePrefixe` retomberait sur `''`, et la page
             // rejoindrait SILENCIEUSEMENT l'espace de noms partagé — la panne muette
             // que la spec §10 nomme.
    -        repondre(rep, CODE_HTTP['aucune-vm'], { motif: 'aucune-vm' }, cors);
    +        /* ROUGE 3a : un utilisateur sans VM recoit 200 et un prefixe vide */
    +        repondre(rep, 200, { vm: '', nom: '', prefixe: '', etat: 'prete' }, cors);
             return true;
         }
     

--- le contrôle, sur l'arbre MUTÉ ---
# CRITÈRE ③ — un utilisateur sans VM reçoit un refus IMMÉDIAT
# Exécution 1 — moteur sqlite
# Jouée le 2026-08-20T03:05:07.378Z, commit 3e11b4f
#
mise en place : la VM est à quelqu’un d’AUTRE : TENU
code HTTP rendu                               : 200
corps rendu                                   : {"vm":"","nom":"","prefixe":"","etat":"prete"}
③a le code est 409, jamais 200                : 🔴 NON TENU — obtenu 200, attendu 409
③a et 409 est ce que la table de codes dit d’`aucune-vm`: TENU
③a le corps porte le motif, et AUCUN préfixe  : 🔴 NON TENU — obtenu {"vm":"","nom":"","prefixe":"","etat":"prete"}, attendu {"motif":"aucune-vm"}
③a le corps ne porte pas de champ `prefixe` — un préfixe vide au coffre serait la panne muette: 🔴 NON TENU — obtenu true, attendu false
20 appels — médiane (ms)                      : 3.33
20 appels — pire cas (ms)                     : 9.67
borne MESURÉE du critère (ms)                 : 250
③b le pire des 20 refus reste sous la borne   : TENU (9.67 < 250)

VERDICT                                       : 🔴 AU MOINS UNE ASSERTION NON TENUE

# --- journal du service (sortie d’erreur), conservé tel quel ---

# code de sortie de la sonde : 1 (0 = tout tenu)

--- restauration ---
sha256 AVANT mutation    : 50c8caa936ba586152ab8f790202da878085e2583f09e6883049deeb4b76f238
sha256 APRÈS restauration: 50c8caa936ba586152ab8f790202da878085e2583f09e6883049deeb4b76f238
les deux empreintes CONCORDENT : le fichier est rendu à l'octet près.

# code de sortie de la sonde SOUS MUTATION : 1
# (1 = au moins une assertion NON TENUE = la rouge a bien rougi ;
#  0 = 🔴 LA MUTATION EST RESTÉE VERTE, l'assertion visée n'éprouve rien)
