# ROUGE 4a-etat-non-annonce — critère 4, moteur sqlite
# Jouée le 2026-08-20T05:05:51+02:00, commit 3e11b4f
#
--- le fichier muté est-il SUIVI par git ? (sans quoi checkout ne le restaurerait pas) ---
SUIVI : oui

--- la mutation, en diff ---
    diff --git a/plateforme/src/http/routes-session.ts b/plateforme/src/http/routes-session.ts
    index 0de6a93..36112b8 100644
    --- a/plateforme/src/http/routes-session.ts
    +++ b/plateforme/src/http/routes-session.ts
    @@ -139,8 +139,8 @@ export async function servirSession(
                 rep,
                 CODE_HTTP['agent-injoignable'],
                 {
    -                ...commun,
    -                motif: 'agent-injoignable',
    +                /* ROUGE 4a : ni etat, ni prefixe — seulement un vague conseil */
    +                motif: 'reessayez',
                     redemarrage: {
                         possible: false,
                         motif: 'non-supporte',

--- le contrôle, sur l'arbre MUTÉ ---
# CRITÈRE ④ — une VM dont l’agent n’a pas été vu est ANNONCÉE injoignable, et l’API AVOUE ne pas savoir la redémarrer
# Exécution 1 — moteur sqlite
# Jouée le 2026-08-20T03:05:52.007Z, commit 3e11b4f
#
mise en place : la VM est à dave              : TENU
SEUIL_INJOIGNABLE_MS                          : 90000
vu_a = maintenant — code HTTP                 : 200
vu_a = maintenant — corps                     : {"vm":"ed532c49-dd6f-4325-87a2-3a5b1e9556e7","nom":"w-dave","prefixe":"byfDaY8MgsDk_wOQhI2vDw","etat":"prete"}
④c avant la transition : 200                  : TENU
④c avant la transition : `prete`              : TENU
④c et le préfixe est délivré                  : TENU
vu_a = maintenant − SEUIL − 1 — code HTTP     : 503
vu_a = maintenant − SEUIL − 1 — corps         : {"motif":"reessayez","redemarrage":{"possible":false,"motif":"non-supporte","backend":"inventaire-statique"}}
④a l’état annoncé est `injoignable`           : 🔴 NON TENU — obtenu undefined, attendu "injoignable"
④a et le code est 503 — un état du monde, pas une erreur de requête: TENU
④a le préfixe est rendu QUAND MÊME — il est connu et juste: 🔴 NON TENU — obtenu undefined, attendu "byfDaY8MgsDk_wOQhI2vDw"
④b le champ `redemarrage` EXISTE              : TENU
④b et il AVOUE, avec son motif et son backend : TENU
t = vu_a + SEUIL (la borne EXACTE)            : prete
t = vu_a + SEUIL + 1 ms                       : injoignable
④c à la borne exacte, encore `prete`          : TENU
④c une milliseconde plus tard, `injoignable`  : TENU
④c la TRANSITION est donc VUE, des deux côtés : TENU
④c une VM JAMAIS vue est `injoignable`, pas « peut-être »: TENU

VERDICT                                       : 🔴 AU MOINS UNE ASSERTION NON TENUE

# --- journal du service (sortie d’erreur), conservé tel quel ---

# code de sortie de la sonde : 1 (0 = tout tenu)

--- restauration ---
sha256 AVANT mutation    : 50c8caa936ba586152ab8f790202da878085e2583f09e6883049deeb4b76f238
sha256 APRÈS restauration: 50c8caa936ba586152ab8f790202da878085e2583f09e6883049deeb4b76f238
les deux empreintes CONCORDENT : le fichier est rendu à l'octet près.

# code de sortie de la sonde SOUS MUTATION : 1
# (1 = au moins une assertion NON TENUE = la rouge a bien rougi ;
#  0 = 🔴 LA MUTATION EST RESTÉE VERTE, l'assertion visée n'éprouve rien)
