=== CRITERE ④ — aucun secret dans un fichier versionne ===
Date UTC : 2026-08-20T08:37:07Z
Commit : d9dc3715c81526e77a023ccb2275e17a829c5d55
Moteur : sqlite (exec. 1) puis postgres (exec. 2) — le balayage lit 'git ls-files', il ne touche AUCUNE base ;
         les deux moteurs sont joues pour que le critere soit mesure dans les DEUX suites.
Discriminant d'instance : sans objet (aucune base employee).

########## EXECUTION 1 (sqlite) ##########
Dockerfile
node_modules
package.json
package-lock.json
src
tsconfig.json

 RUN  v2.1.9 /home/mallanic/Projects/Guacamole/plateforme

 ✓ src/securite/secrets.test.ts (4 tests) 1238ms
   ✓ aucun secret dans un fichier versionné > 🔴 ne trouve aucune affectation littérale hors des exceptions déclarées 648ms
   ✓ aucun secret dans un fichier versionné > 🔴 chaque exception correspond à une trouvaille RÉELLE 577ms

 Test Files  1 passed (1)
      Tests  4 passed (4)
   Start at  10:37:09
   Duration  1.94s (transform 140ms, setup 0ms, collect 163ms, tests 1.24s, environment 1ms, prepare 103ms)

sortie exec.1 = 0

########## EXECUTION 2 (postgres) ##########
Dockerfile
node_modules
package.json
package-lock.json
src
tsconfig.json

 RUN  v2.1.9 /home/mallanic/Projects/Guacamole/plateforme

 ✓ src/securite/secrets.test.ts (4 tests) 888ms
   ✓ aucun secret dans un fichier versionné > 🔴 ne trouve aucune affectation littérale hors des exceptions déclarées 443ms
   ✓ aucun secret dans un fichier versionné > 🔴 chaque exception correspond à une trouvaille RÉELLE 432ms

 Test Files  1 passed (1)
      Tests  4 passed (4)
   Start at  10:37:12
   Duration  1.59s (transform 82ms, setup 0ms, collect 93ms, tests 888ms, environment 0ms, prepare 109ms)

sortie exec.2 = 0

########## LA ROUGE — procedure de la tache 11, jouee integralement ##########
1) git status --porcelain AVANT (consigne) :
?? docs/superpowers/plans/journaux-plateforme-p5/recette/
?? docs/superpowers/plans/journaux-presse-papier-p1/agent-arme-1-plat.log
?? docs/superpowers/plans/journaux-presse-papier-p1/agent-arme-1.log
?? docs/superpowers/plans/journaux-presse-papier-p1/critere-arme-1.log
?? docs/superpowers/plans/journaux-presse-papier-p1/instrument/
?? docs/superpowers/plans/journaux-presse-papier-p1/pp-arme-1.json
?? docs/superpowers/plans/journaux-presse-papier-p1/temoin-mesurabilite.json
?? docs/superpowers/plans/journaux-presse-papier-p1/temoin-mesurabilite.log
--- fin AVANT ---

2) creation d'essai-secret.env, VALEUR FACTICE, puis 'git add' (le balayage lit git ls-files) :
essai-secret.env
  -> le fichier est SUIVI par git

3) le test, attendu ROUGE :
Dockerfile
node_modules
package.json
package-lock.json
src
tsconfig.json

 RUN  v2.1.9 /home/mallanic/Projects/Guacamole/plateforme

 ❯ src/securite/secrets.test.ts (4 tests | 1 failed) 921ms
   × aucun secret dans un fichier versionné > 🔴 ne trouve aucune affectation littérale hors des exceptions déclarées 449ms
     → des secrets sont affectés en clair dans des fichiers versionnés (la valeur n'est volontairement pas affichée): expected [ Array(1) ] to deeply equal []
   ✓ aucun secret dans un fichier versionné > 🔴 chaque exception correspond à une trouvaille RÉELLE 460ms

⎯⎯⎯⎯⎯⎯⎯ Failed Tests 1 ⎯⎯⎯⎯⎯⎯⎯

 FAIL  src/securite/secrets.test.ts > aucun secret dans un fichier versionné > 🔴 ne trouve aucune affectation littérale hors des exceptions déclarées
AssertionError: des secrets sont affectés en clair dans des fichiers versionnés (la valeur n'est volontairement pas affichée): expected [ Array(1) ] to deeply equal []

- Expected
+ Received

- Array []
+ Array [
+   "essai-secret.env:1 affecte TURN_SECRET [empreinte 59444af30f860ed4]",
+ ]

 ❯ src/securite/secrets.test.ts:312:11
    310|             "des secrets sont affectés en clair dans des fichiers vers…
    311|                 "(la valeur n'est volontairement pas affichée)",
    312|         ).toEqual([]);
       |           ^
    313|     });
    314| 

⎯⎯⎯⎯⎯⎯⎯⎯⎯⎯⎯⎯⎯⎯⎯⎯⎯⎯⎯⎯⎯⎯⎯⎯[1/1]⎯

 Test Files  1 failed (1)
      Tests  1 failed | 3 passed (4)
   Start at  10:37:28
   Duration  1.62s (transform 115ms, setup 0ms, collect 94ms, tests 921ms, environment 0ms, prepare 188ms)

sortie de la rouge = 1  (attendu : non nul)

4) retrait : 'git rm --cached' PUIS suppression NOMMEE — jamais 'git clean' (le chantier
   concurrent presse-papier a des fichiers non suivis dans cet arbre) :
rm 'essai-secret.env'
   present ? non

5) git status --porcelain APRES :
?? docs/superpowers/plans/journaux-plateforme-p5/recette/
?? docs/superpowers/plans/journaux-presse-papier-p1/agent-arme-1-plat.log
?? docs/superpowers/plans/journaux-presse-papier-p1/agent-arme-1.log
?? docs/superpowers/plans/journaux-presse-papier-p1/critere-arme-1.log
?? docs/superpowers/plans/journaux-presse-papier-p1/instrument/
?? docs/superpowers/plans/journaux-presse-papier-p1/pp-arme-1.json
?? docs/superpowers/plans/journaux-presse-papier-p1/temoin-mesurabilite.json
?? docs/superpowers/plans/journaux-presse-papier-p1/temoin-mesurabilite.log
--- fin APRES ---

6) le test redevient VERT apres retrait :
Dockerfile
node_modules
package.json
package-lock.json
src
tsconfig.json

 RUN  v2.1.9 /home/mallanic/Projects/Guacamole/plateforme

 ✓ src/securite/secrets.test.ts (4 tests) 1031ms
   ✓ aucun secret dans un fichier versionné > 🔴 ne trouve aucune affectation littérale hors des exceptions déclarées 618ms
   ✓ aucun secret dans un fichier versionné > 🔴 chaque exception correspond à une trouvaille RÉELLE 399ms

 Test Files  1 passed (1)
      Tests  4 passed (4)
   Start at  10:37:49
   Duration  1.88s (transform 153ms, setup 0ms, collect 140ms, tests 1.03s, environment 1ms, prepare 158ms)

sortie apres retrait = 0

VERDICT ④ : TENU. Deux executions vertes (sqlite, postgres), sortie 0 chacune.
La ROUGE a ete VUE, et sa FORME est la bonne : le message nomme fichier:ligne et le NOM
('essai-secret.env:1 affecte TURN_SECRET [empreinte 59444af30f860ed4]'), et JAMAIS la valeur.
Etat de l'arbre AVANT et APRES : identique — verifie ci-dessus, ligne a ligne.
