=== LE CONTROLE QUI FERME LE PIEGE DU SECRET — joue AVANT le commit des pieces ===
Date UTC : 2026-08-20T09:03:08Z

🔴 IL REND UN COMPTE, JAMAIS UNE VALEUR. Le fichier de motifs vit dans /tmp et est
   detruit a la fin ; aucune de ses lignes n'apparait ici.

Motifs contrôlés (NOMS seuls) :
  - TURN_SECRET (de .env)
  - le mot de passe Postgres du profil deploiement, tire au sort pour cette recette
  - le mot de passe de l'utilisateur de recette, tire au sort
  - WINDOWS_PASSWORD et WINDOWS_ADMIN_PASSWORD (de .env)

nombre de motifs non vides : 5

nombre de motifs non vides : 5

--- compte d'occurrences par piece (doit valoir 0 partout) ---
  0  docs/superpowers/plans/journaux-plateforme-p5/cloture-finale-t0-t11.log
  0  docs/superpowers/plans/journaux-plateforme-p5/cloture-t0-t11.log
  0  docs/superpowers/plans/journaux-plateforme-p5/mutations-t1-frein.log
  0  docs/superpowers/plans/journaux-plateforme-p5/mutations-t10-entetes.log
  0  docs/superpowers/plans/journaux-plateforme-p5/mutations-t2-adresse-source.log
  0  docs/superpowers/plans/journaux-plateforme-p5/mutations-t3-t4.log
  0  docs/superpowers/plans/journaux-plateforme-p5/mutations-t5-config.log
  0  docs/superpowers/plans/journaux-plateforme-p5/mutations-t6-maxpayload.log
  0  docs/superpowers/plans/journaux-plateforme-p5/mutations-t7-frein-auth.log
  0  docs/superpowers/plans/journaux-plateforme-p5/mutations-t8-frein-agent.log
  0  docs/superpowers/plans/journaux-plateforme-p5/mutations-t9-sante.log
  0  docs/superpowers/plans/journaux-plateforme-p5/recette/00-prealables.log
  0  docs/superpowers/plans/journaux-plateforme-p5/recette/01-critere1-postgres-deploye.log
  0  docs/superpowers/plans/journaux-plateforme-p5/recette/02-critere2-coturn.log
  0  docs/superpowers/plans/journaux-plateforme-p5/recette/03-critere3-frein.log
  0  docs/superpowers/plans/journaux-plateforme-p5/recette/04-critere4-secrets.log
  0  docs/superpowers/plans/journaux-plateforme-p5/recette/05-critere5-navigateur.log
  0  docs/superpowers/plans/journaux-plateforme-p5/recette/06-controle-secrets-des-pieces.log
  0  docs/superpowers/plans/journaux-plateforme-p5/recette/instrument/discriminant.mts
  0  docs/superpowers/plans/journaux-plateforme-p5/recette/instrument/page-recette-p5.html
  0  docs/superpowers/plans/journaux-plateforme-p5/recette/instrument/page-recette-p5.js
  0  docs/superpowers/plans/journaux-plateforme-p5/recette/instrument/page-rouge-t16.html
  0  docs/superpowers/plans/journaux-plateforme-p5/recette/instrument/page-rouge-t16.js
  0  docs/superpowers/plans/journaux-plateforme-p5/recette/instrument/pilote-critere5.mjs
  0  docs/superpowers/plans/journaux-plateforme-p5/references-t0.log
  0  docs/superpowers/plans/journaux-plateforme-p5/rouge-t11-secrets.log
  0  docs/superpowers/plans/journaux-plateforme-p5/t12-16/00-etat-avant.log
  0  docs/superpowers/plans/journaux-plateforme-p5/t12-16/12-dynamique-avant-apres.log
  0  docs/superpowers/plans/journaux-plateforme-p5/t12-16/12-preuve-sans-secret.log
  0  docs/superpowers/plans/journaux-plateforme-p5/t12-16/12-rouge-statique-avant.log
  0  docs/superpowers/plans/journaux-plateforme-p5/t12-16/12-statique-rouge-et-vert.log
  0  docs/superpowers/plans/journaux-plateforme-p5/t12-16/13-profil-deploiement.log
  0  docs/superpowers/plans/journaux-plateforme-p5/t12-16/14-nginx-mesure.log
  0  docs/superpowers/plans/journaux-plateforme-p5/t12-16/15-16-rouges-et-mutations.log
  TOTAL = 0

=> Le controle porte sur TOUTES les pieces de journaux-plateforme-p5/, pas seulement
   sur celles de la recette : les journaux des taches 0 a 16 sont recontroles ici.
