# CRITÈRE ② — un agent au mauvais secret est refusé, sans distinguer « VM inconnue » de « secret faux »
# Exécution 1 — moteur sqlite
# Jouée le 2026-08-19T20:08:26.948Z, commit dded5b5
#
VM enrôlée (identifiant)          : af67b569-fd32-4d34-9adb-05aafca86524
longueur du secret tiré           : 43

A — VM inconnue, refus BRUT       : {"type":"refus","v":1,"motif":"enrolement"}
B — secret faux,  refus BRUT      : {"type":"refus","v":1,"motif":"enrolement"}
longueurs (A, B)                  : [43,43]
premier caractère divergent       : aucun
les deux refus sont IDENTIQUES    : TENU

A — fermeture                     : {"code":1008,"raison":"enrolement"}
B — fermeture                     : {"code":1008,"raison":"enrolement"}
les deux fermetures sont IDENTIQUES: TENU

C — bon secret, type de réponse   : enrole
le BON secret est accepté (témoin): TENU

VERDICT                           : TOUT TENU

# --- journal du service (sortie d’erreur), conservé tel quel ---
enrôlement refusé pour la VM 11111111-2222-3333-4444-555555555555
enrôlement refusé pour la VM af67b569-fd32-4d34-9adb-05aafca86524

# code de sortie de la sonde : 0 (0 = tout tenu)
