
> @guacamole/plateforme@0.1.0 test:postgres
> PLATEFORME_BASE=postgres vitest run src/base/pilotes.test.ts


 RUN  v2.1.9 /home/mallanic/Projects/Guacamole/plateforme

(node:2966458) ExperimentalWarning: SQLite is an experimental feature and might change at any time
(Use `node --trace-warnings ...` to show where the warning was created)
 ❯ src/base/pilotes.test.ts (9 tests | 2 failed) 2403ms
   ✓ sous-ensemble portable, moteur=postgres > applique les migrations, et le rejeu n’écrit rien de plus 363ms
   × sous-ensemble portable, moteur=postgres > rend un BIGINT relu en `number` sur les DEUX moteurs, sans conversion de l’appelant 266ms
     → expected [ 'vm.vue_a', 'string' ] to deeply equal [ 'vm.vue_a', 'number' ]
   × sous-ensemble portable, moteur=postgres > REFUSE de convertir un BIGINT qui ne tient pas dans un entier sûr 234ms
     → promise resolved "[ { vue_a: '9007199254740993' } ]" instead of rejecting

⎯⎯⎯⎯⎯⎯⎯ Failed Tests 2 ⎯⎯⎯⎯⎯⎯⎯

 FAIL  src/base/pilotes.test.ts > sous-ensemble portable, moteur=postgres > rend un BIGINT relu en `number` sur les DEUX moteurs, sans conversion de l’appelant
AssertionError: expected [ 'vm.vue_a', 'string' ] to deeply equal [ 'vm.vue_a', 'number' ]

- Expected
+ Received

  Array [
    "vm.vue_a",
-   "number",
+   "string",
  ]

 ❯ src/base/pilotes.test.ts:200:42
    198|             // Le nom de la colonne entre dans l'assertion : sans lui,…
    199|             // ne dirait pas LAQUELLE des sept a divergé.
    200|             expect([nom, typeof valeur]).toEqual([nom, 'number']);
       |                                          ^
    201|         }
    202| 

⎯⎯⎯⎯⎯⎯⎯⎯⎯⎯⎯⎯⎯⎯⎯⎯⎯⎯⎯⎯⎯⎯⎯⎯[1/2]⎯

 FAIL  src/base/pilotes.test.ts > sous-ensemble portable, moteur=postgres > REFUSE de convertir un BIGINT qui ne tient pas dans un entier sûr
AssertionError: promise resolved "[ { vue_a: '9007199254740993' } ]" instead of rejecting

- Expected: 
[Error: rejected promise]

+ Received: 
Array [
  Object {
    "vue_a": "9007199254740993",
  },
]

 ❯ src/base/pilotes.test.ts:242:32
    240| 
    241|         if (MOTEUR === 'postgres') {
    242|             await expect(lire()).rejects.toThrow(/entier sûr/);
       |                                ^
    243|         } else {
    244|             // Sous SQLite il n'y a AUCUN analyseur à garder : `node:s…

⎯⎯⎯⎯⎯⎯⎯⎯⎯⎯⎯⎯⎯⎯⎯⎯⎯⎯⎯⎯⎯⎯⎯⎯[2/2]⎯

 Test Files  1 failed (1)
      Tests  2 failed | 7 passed (9)
   Start at  22:34:44
   Duration  3.43s (transform 227ms, setup 0ms, collect 327ms, tests 2.40s, environment 0ms, prepare 120ms)

