--- la mutation, en diff ---
    --- /tmp/user/0/tmp.MZfs1ndXk6	2026-08-19 22:14:55.306985670 +0200
    +++ proto/ts/plateforme.ts	2026-08-19 22:14:55.354985884 +0200
    @@ -197,9 +197,7 @@
      */
     export function parseDepuisLaPlateforme(raw: string): DepuisLaPlateforme {
         const parsed = JSON.parse(raw) as Partial<DepuisLaPlateforme>;
    -    if (parsed.v !== PLATEFORME_VERSION) {
    -        throw new Error(`version de plateforme non supportée : ${parsed.v}`);
    -    }
    +    /* ROUGE 3-TS-DEPUIS : la comparaison de version est retiree */
         if (!TYPES_DEPUIS.includes(parsed.type as (typeof TYPES_DEPUIS)[number])) {
             throw new Error(`type de message de plateforme inconnu : ${parsed.type}`);
         }

--- le contrôle, sur l'arbre MUTÉ ---
# CRITÈRE ③ — une version de protocole incompatible est refusée des deux côtés
# Exécution 1 — moteur sqlite
# Jouée le 2026-08-19T20:14:56.193Z, commit dded5b5
#
PLATEFORME_VERSION                : 1
version du vecteur éprouvé        : 2

TS parseVersLaPlateforme          : {"ok":false,"motif":"version"}
TS (vers) refuse pour motif « version »: TENU
TS parseDepuisLaPlateforme        : 🔴 N’A PAS LEVÉ
TS (depuis) LÈVE sur la version suivante: 🔴 NON TENU

service — réponse BRUTE           : {"type":"refus","v":1,"motif":"version"}
service — fermeture               : {"code":1008,"raison":"version"}
le service répond refus/version   : TENU
le socket est FERMÉ (1008)        : TENU

# Le côté RUST est éprouvé par `cargo test -p proto plateforme` — voir
# critere-3-rust-*.log : cinq tests `rejette_la_version_suivante_sur_*`,
# un par variante, plus la vérification de la clé `version` du fichier
# de vecteurs, que seul le TypeScript contrôlait avant P3.

VERDICT                           : 🔴 1 assertion(s) NON TENUE(S)

# --- journal du service (sortie d’erreur), conservé tel quel ---

# code de sortie de la sonde : 1 (0 = tout tenu)

# code de sortie du contrôle sur l'arbre muté : 1
# (un code NON NUL est ce qu'on cherche : le contrôle dénonce la mutation)

# sha256 avant la mutation : 28d8e0d1e56408ac3e5de71c379edb9f64c3ff6025655d4a2e6e25f02b8eb570
# sha256 après restauration: 28d8e0d1e56408ac3e5de71c379edb9f64c3ff6025655d4a2e6e25f02b8eb570
# source RESTAURÉE À L'IDENTIQUE (empreintes égales)
