=== TRANCHE F, MESUREE SUR LA VM — 21 aout 2026 ===
binaire rebati depuis les sources de G5 (proto v5), verifie par TROIS chaines :
  chaine NEUVE de G5   : 1
  temoin NEGATIF       : 0   <- sans lui, un 0 d absence et un 0 de mauvais chemin se liraient pareil
  chaine PREEXISTANTE  : 1   <- c est LUI qui prouve que le chemin et le grep fonctionnent

reconciliation reelle : total=220 retenus=169 cles=156 icones=156 icones_echouees=0
applications en base           : 156
avec un accent                 : 149
accents DISTINCTS              : 87
SANS accent MAIS AVEC une icone: 7
  ^ la clause 5 de `dominante` (trop pale / trop sombre / trop transparent) est ATTEIGNABLE
    sur des donnees reelles : ce n est pas un ornement.
lignes d association           : 221
applications qui ouvrent qqch  : 21

=== CORROBORATION QUE PERSONNE N A CONCUE ===
les accents sont RECONNAISSABLES, et aucune valeur n a ete choisie par nous :
   #9898fe Adobe After Effects 2024
   #9898fe Adobe Character Animator 2024
   #f90d06 Adobe Creative Cloud
   #ff61f6 Adobe Dreamweaver 2021
   #fe9900 Adobe Illustrator 2024
   #fe3265 Adobe InDesign 2024
   #9898fe Adobe Media Encoder 2024
   #30a7fe Adobe Photoshop 2024
  Photoshop est BLEU, Illustrator est ORANGE, Creative Cloud est ROUGE.
  ⚠️ C est une CORROBORATION, jamais une preuve : elle ne vaut que parce que
     ces icones sont fortement colorees, et elle ne dit rien du sens des canaux
     sur une icone terne — c est le test d hote de `bgra_en_rgba` qui le tient.
