=== G4 PRODUIT -- n=20000 temoin=0 observation=40s
date    : 2026-08-21T11:01:18.9898651+02:00
session : 1
mode    : 2026-08-21T09:01:15.405011Z  INFO agent::apps: mode de surveillance retenu mode=Armee
corpus_avant : 220
preparation_ok : 20000 fichiers
FENETRE_DEBUT : 2026-08-21T09:01:23.6389979Z
rafale_ms : 6162
FENETRE_FIN   : 2026-08-21T09:02:09.8167571Z
RECONCILIATIONS_DANS_FENETRE : 4
  rec: declencheur=notification cles=156 notifications=65568 debordements=0
  rec: declencheur=notification cles=156 notifications=96741 debordements=0
  rec: declencheur=notification cles=156 notifications=96742 debordements=0
  rec: declencheur=periode cles=156 notifications=96742 debordements=0
PERDUES_DANS_FENETRE : 0
PERDUES_TOTAL_FICHIER : 0
RACINE_PERDUE : 0
RACINE_RETABLIE : 0
DERNIERE_LIGNE : 2026-08-21T09:02:01.595712Z  INFO agent::apps::boucle::memoire: catalogue reconcilie total=220 retenus=169 cles=156 icones=0 icones_echouees=0 icones_distinctes=98 apparues=0 modifiees=0 disparues=0 duree_ms=75 declencheur="periode" notifications=96742 debordements=0
corpus_apres : 220  (220 exige)
=== FIN
