=== G4 PRODUIT -- n=20000 temoin=0 observation=40s
date    : 2026-08-21T11:05:05.7621209+02:00
session : 1
mode    : 2026-08-21T09:05:02.262916Z  INFO agent::apps: mode de surveillance retenu mode=Armee
corpus_avant : 220
preparation_ok : 20000 fichiers
FENETRE_DEBUT : 2026-08-21T09:05:10.3781806Z
rafale_ms : 6214
FENETRE_FIN   : 2026-08-21T09:05:56.6006637Z
RECONCILIATIONS_DANS_FENETRE : 4
  rec: declencheur=notification cles=156 notifications=62784 debordements=0
  rec: declencheur=notification cles=156 notifications=96327 debordements=0
  rec: declencheur=notification cles=156 notifications=96328 debordements=0
  rec: declencheur=periode cles=156 notifications=96328 debordements=0
PERDUES_DANS_FENETRE : 0
PERDUES_TOTAL_FICHIER : 0
RACINE_PERDUE : 0
RACINE_RETABLIE : 0
DERNIERE_LIGNE : 2026-08-21T09:05:48.449842Z  INFO agent::apps::boucle::memoire: catalogue reconcilie total=220 retenus=169 cles=156 icones=0 icones_echouees=0 icones_distinctes=98 apparues=0 modifiees=0 disparues=0 duree_ms=75 declencheur="periode" notifications=96328 debordements=0
corpus_apres : 220  (220 exige)
=== FIN
