=== G4 PRODUIT -- n=20000 temoin=1 observation=80s
date    : 2026-08-21T11:10:14.6616869+02:00
session : 1
mode    : 2026-08-21T09:10:11.327030Z  INFO agent::apps: mode de surveillance retenu mode=Seule
corpus_avant : 220
preparation_ok : 20000 fichiers
FENETRE_DEBUT : 2026-08-21T09:10:19.3009409Z
rafale_ms : 6329
temoin_cree : 2026-08-21T09:10:25.6533945Z
FENETRE_FIN   : 2026-08-21T09:11:45.6675344Z
RECONCILIATIONS_DANS_FENETRE : 3
  rec: declencheur=notification cles=156 notifications=65166 debordements=0
  rec: declencheur=notification cles=157 notifications=96960 debordements=0
  rec: declencheur=notification cles=157 notifications=96961 debordements=0
PERDUES_DANS_FENETRE : 0
PERDUES_TOTAL_FICHIER : 0
RACINE_PERDUE : 0
RACINE_RETABLIE : 0
DERNIERE_LIGNE : 2026-08-21T09:10:27.466614Z  INFO agent::apps::boucle::memoire: catalogue reconcilie total=221 retenus=170 cles=157 icones=0 icones_echouees=0 icones_distinctes=98 apparues=0 modifiees=0 disparues=0 duree_ms=74 declencheur="notification" notifications=96961 debordements=0
corpus_apres : 220  (220 exige)
=== FIN
