=== G4 PRODUIT -- n=20000 temoin=0 observation=40s
date    : 2026-08-21T11:03:58.2209901+02:00
session : 1
mode    : 2026-08-21T09:02:36.086514Z  INFO agent::apps: mode de surveillance retenu mode=SansRebond
corpus_avant : 220
preparation_ok : 20000 fichiers
FENETRE_DEBUT : 2026-08-21T09:04:02.9569743Z
rafale_ms : 6463
FENETRE_FIN   : 2026-08-21T09:04:49.4274264Z
RECONCILIATIONS_DANS_FENETRE : 58
  rec: declencheur=notification cles=156 notifications=118593 debordements=0
  rec: declencheur=notification cles=156 notifications=120185 debordements=0
  rec: declencheur=notification cles=156 notifications=121786 debordements=0
  rec: declencheur=notification cles=156 notifications=123369 debordements=0
  rec: declencheur=notification cles=156 notifications=125119 debordements=0
  rec: declencheur=notification cles=156 notifications=126814 debordements=0
  rec: declencheur=notification cles=156 notifications=128421 debordements=0
  rec: declencheur=notification cles=156 notifications=129972 debordements=0
  rec: declencheur=notification cles=156 notifications=131492 debordements=0
  rec: declencheur=notification cles=156 notifications=133042 debordements=0
  rec: declencheur=notification cles=156 notifications=134763 debordements=0
  rec: declencheur=notification cles=156 notifications=136610 debordements=0
  rec: declencheur=notification cles=156 notifications=136946 debordements=0
  rec: declencheur=notification cles=156 notifications=138544 debordements=0
  rec: declencheur=notification cles=156 notifications=140106 debordements=0
  rec: declencheur=notification cles=156 notifications=141697 debordements=0
  rec: declencheur=notification cles=156 notifications=143487 debordements=0
  rec: declencheur=notification cles=156 notifications=144998 debordements=0
  rec: declencheur=notification cles=156 notifications=146577 debordements=0
  rec: declencheur=notification cles=156 notifications=148308 debordements=0
  rec: declencheur=notification cles=156 notifications=149893 debordements=0
  rec: declencheur=notification cles=156 notifications=151572 debordements=0
  rec: declencheur=notification cles=156 notifications=153224 debordements=0
  rec: declencheur=notification cles=156 notifications=155111 debordements=0
  rec: declencheur=notification cles=156 notifications=156821 debordements=0
  rec: declencheur=notification cles=156 notifications=158472 debordements=0
  rec: declencheur=notification cles=156 notifications=160135 debordements=0
  rec: declencheur=notification cles=156 notifications=162069 debordements=0
  rec: declencheur=notification cles=156 notifications=163903 debordements=0
  rec: declencheur=notification cles=156 notifications=165608 debordements=0
  rec: declencheur=notification cles=156 notifications=167227 debordements=0
  rec: declencheur=notification cles=156 notifications=168987 debordements=0
  rec: declencheur=notification cles=156 notifications=170838 debordements=0
  rec: declencheur=notification cles=156 notifications=172627 debordements=0
  rec: declencheur=notification cles=156 notifications=173976 debordements=0
  rec: declencheur=notification cles=156 notifications=175654 debordements=0
  rec: declencheur=notification cles=156 notifications=177375 debordements=0
  rec: declencheur=notification cles=156 notifications=179134 debordements=0
  rec: declencheur=notification cles=156 notifications=181029 debordements=0
  rec: declencheur=notification cles=156 notifications=183064 debordements=0
  rec: declencheur=notification cles=156 notifications=185103 debordements=0
  rec: declencheur=notification cles=156 notifications=186947 debordements=0
  rec: declencheur=notification cles=156 notifications=188748 debordements=0
  rec: declencheur=notification cles=156 notifications=190487 debordements=0
  rec: declencheur=notification cles=156 notifications=192262 debordements=0
  rec: declencheur=notification cles=156 notifications=194045 debordements=0
  rec: declencheur=notification cles=156 notifications=195821 debordements=0
  rec: declencheur=notification cles=156 notifications=197629 debordements=0
  rec: declencheur=notification cles=156 notifications=199750 debordements=0
  rec: declencheur=notification cles=156 notifications=201572 debordements=0
  rec: declencheur=notification cles=156 notifications=203532 debordements=0
  rec: declencheur=notification cles=156 notifications=205406 debordements=0
  rec: declencheur=notification cles=156 notifications=207311 debordements=0
  rec: declencheur=notification cles=156 notifications=209264 debordements=0
  rec: declencheur=notification cles=156 notifications=210641 debordements=0
  rec: declencheur=notification cles=156 notifications=211936 debordements=0
  rec: declencheur=notification cles=156 notifications=212440 debordements=0
  rec: declencheur=periode cles=156 notifications=212440 debordements=0
PERDUES_DANS_FENETRE : 0
PERDUES_TOTAL_FICHIER : 0
RACINE_PERDUE : 0
RACINE_RETABLIE : 0
DERNIERE_LIGNE : 2026-08-21T09:04:39.643779Z  INFO agent::apps::boucle::memoire: catalogue reconcilie total=220 retenus=169 cles=156 icones=0 icones_echouees=0 icones_distinctes=98 apparues=0 modifiees=0 disparues=0 duree_ms=76 declencheur="periode" notifications=212440 debordements=0
corpus_apres : 220  (220 exige)
=== FIN
