2026-08-21T09:24:40.994285Z  INFO agent: accélération pointeur neutralisée rapport="seuils relus = [0, 0, 0], vitesse relue = 10 (attendu : [0, 0, 0] et 10)"
2026-08-21T09:24:41.124161Z  INFO agent::plateforme::session: agent enrôlé auprès de la plateforme url="ws://192.168.3.1:8099/agent" prefixe=4ypa-h7T_3rqfV_4EfFYOA expire_a=1787304881077
2026-08-21T09:24:41.124325Z  INFO agent::apps: mode de surveillance retenu mode=Armee
2026-08-21T09:24:41.125843Z  INFO agent::superviseur::signalisation: déclaration du superviseur émise sur la session de contrôle (acceptation encore inconnue) session="4ypa-h7T_3rqfV_4EfFYOA:bureau"
2026-08-21T09:24:41.126368Z  INFO agent::apps::surveillance::fil: racine surveillée racine=C:\ProgramData\Microsoft\Windows\Start Menu
2026-08-21T09:24:41.126428Z  INFO agent::apps::surveillance::fil: racine surveillée racine=C:\Users\Administrateur\AppData\Roaming\Microsoft\Windows\Start Menu
2026-08-21T09:24:41.126468Z  INFO agent::apps::surveillance::fil: racine surveillée racine=C:\Users\Administrateur\Desktop
2026-08-21T09:24:41.126501Z  INFO agent::apps::surveillance::fil: racine surveillée racine=C:\Users\Public\Desktop
2026-08-21T09:24:41.126506Z  INFO agent::apps::surveillance::fil: surveillance des raccourcis armée racines=4
2026-08-21T09:24:41.128135Z  INFO agent::capture::enumeration: adaptateur DXGI sans sortie adaptateur=NVIDIA GeForce RTX 4070 index_adaptateur=1
2026-08-21T09:24:41.128168Z  INFO agent::capture::enumeration: adaptateur DXGI sans sortie adaptateur=Microsoft Basic Render Driver index_adaptateur=2
2026-08-21T09:24:41.128179Z  INFO agent::diagnostics::multifenetre::montee: topologie relevée moment="avant purge" nombre=1 attachees=1
2026-08-21T09:24:41.128185Z  INFO agent::diagnostics::multifenetre::montee: sortie moment="avant purge" nom=\\.\DISPLAY1 adaptateur=NVIDIA GeForce RTX 4070 index_adaptateur=0 index_sortie=0 attachee=true x=0 y=0 largeur=2400 hauteur=1080
2026-08-21T09:24:41.240842Z  INFO agent::apps::boucle::memoire: raccourci ecarte chemin=C:\Users\Administrateur\Desktop\Gestionnaire de périphériques.lnk motif="extension" extension=msc
2026-08-21T09:24:41.255658Z  INFO agent::apps::boucle::memoire: raccourci ecarte chemin=C:\Users\Administrateur\Desktop\Paramètres Windows.lnk motif="cible-vide"
2026-08-21T09:24:41.255677Z  INFO agent::apps::boucle::memoire: raccourci ecarte chemin=C:\Users\Administrateur\Desktop\Services.lnk motif="extension" extension=msc
2026-08-21T09:24:41.417571Z  INFO agent::apps::boucle::memoire: raccourci ecarte chemin=C:\Users\Administrateur\AppData\Roaming\Microsoft\Windows\Start Menu\Programs\System Tools\computer.lnk motif="cible-vide"
2026-08-21T09:24:41.417595Z  INFO agent::apps::boucle::memoire: raccourci ecarte chemin=C:\Users\Administrateur\AppData\Roaming\Microsoft\Windows\Start Menu\Programs\System Tools\Control Panel.lnk motif="cible-vide"
2026-08-21T09:24:41.417599Z  INFO agent::apps::boucle::memoire: raccourci ecarte chemin=C:\Users\Administrateur\AppData\Roaming\Microsoft\Windows\Start Menu\Programs\System Tools\File Explorer.lnk motif="cible-vide"
2026-08-21T09:24:41.417601Z  INFO agent::apps::boucle::memoire: raccourci ecarte chemin=C:\Users\Administrateur\AppData\Roaming\Microsoft\Windows\Start Menu\Programs\System Tools\Run.lnk motif="cible-vide"
2026-08-21T09:24:41.454647Z  INFO agent::apps::boucle::memoire: raccourci ecarte chemin=C:\Users\Administrateur\AppData\Roaming\Microsoft\Windows\Start Menu\Programs\Python 3.13\IDLE (Python 3.13 64-bit).lnk motif="cible-absente"
2026-08-21T09:24:41.454678Z  INFO agent::apps::boucle::memoire: raccourci ecarte chemin=C:\Users\Administrateur\AppData\Roaming\Microsoft\Windows\Start Menu\Programs\Python 3.13\Python 3.13 (64-bit).lnk motif="cible-absente"
2026-08-21T09:24:41.454682Z  INFO agent::apps::boucle::memoire: raccourci ecarte chemin=C:\Users\Administrateur\AppData\Roaming\Microsoft\Windows\Start Menu\Programs\Python 3.13\Python 3.13 Manuals (64-bit).lnk motif="extension" extension=html
2026-08-21T09:24:41.454691Z  INFO agent::apps::boucle::memoire: raccourci ecarte chemin=C:\Users\Administrateur\AppData\Roaming\Microsoft\Windows\Start Menu\Programs\Python 3.13\Python 3.13 Module Docs (64-bit).lnk motif="cible-absente"
2026-08-21T09:24:41.721679Z  INFO agent::apps::boucle::memoire: raccourci ecarte chemin=C:\ProgramData\Microsoft\Windows\Start Menu\Programs\Windows Kits\Windows Software Development Kit\Documentation for Desktop Apps.lnk motif="extension" extension=url
2026-08-21T09:24:41.721704Z  INFO agent::apps::boucle::memoire: raccourci ecarte chemin=C:\ProgramData\Microsoft\Windows\Start Menu\Programs\Windows Kits\Windows Software Development Kit\Documentation for UWP Apps.lnk motif="extension" extension=url
2026-08-21T09:24:41.721708Z  INFO agent::apps::boucle::memoire: raccourci ecarte chemin=C:\ProgramData\Microsoft\Windows\Start Menu\Programs\Windows Kits\Windows Software Development Kit\Sample Desktop Apps.lnk motif="extension" extension=url
2026-08-21T09:24:41.721711Z  INFO agent::apps::boucle::memoire: raccourci ecarte chemin=C:\ProgramData\Microsoft\Windows\Start Menu\Programs\Windows Kits\Windows Software Development Kit\Sample UWP Apps.lnk motif="extension" extension=url
2026-08-21T09:24:41.721713Z  INFO agent::apps::boucle::memoire: raccourci ecarte chemin=C:\ProgramData\Microsoft\Windows\Start Menu\Programs\Windows Kits\Windows Software Development Kit\Tools for Desktop Apps.lnk motif="extension" extension=url
2026-08-21T09:24:41.721715Z  INFO agent::apps::boucle::memoire: raccourci ecarte chemin=C:\ProgramData\Microsoft\Windows\Start Menu\Programs\Windows Kits\Windows Software Development Kit\Tools for UWP Apps.lnk motif="extension" extension=url
2026-08-21T09:24:41.841270Z  INFO agent::apps::boucle::memoire: raccourci ecarte chemin=C:\ProgramData\Microsoft\Windows\Start Menu\Programs\smartmontools\smartmontools Daily Builds.lnk motif="cible-vide"
2026-08-21T09:24:41.841298Z  INFO agent::apps::boucle::memoire: raccourci ecarte chemin=C:\ProgramData\Microsoft\Windows\Start Menu\Programs\smartmontools\smartmontools Home Page.lnk motif="cible-vide"
2026-08-21T09:24:42.012572Z  INFO agent::apps::boucle::memoire: raccourci ecarte chemin=C:\ProgramData\Microsoft\Windows\Start Menu\Programs\smartmontools\Documentation\ChangeLog.lnk motif="extension" extension=txt
2026-08-21T09:24:42.012598Z  INFO agent::apps::boucle::memoire: raccourci ecarte chemin=C:\ProgramData\Microsoft\Windows\Start Menu\Programs\smartmontools\Documentation\COPYING.lnk motif="extension" extension=txt
2026-08-21T09:24:42.030682Z  INFO agent::apps::boucle::memoire: raccourci ecarte chemin=C:\ProgramData\Microsoft\Windows\Start Menu\Programs\smartmontools\Documentation\NEWS.lnk motif="extension" extension=txt
2026-08-21T09:24:42.030705Z  INFO agent::apps::boucle::memoire: raccourci ecarte chemin=C:\ProgramData\Microsoft\Windows\Start Menu\Programs\smartmontools\Documentation\smartctl manual page (html).lnk motif="extension" extension=html
2026-08-21T09:24:42.030709Z  INFO agent::apps::boucle::memoire: raccourci ecarte chemin=C:\ProgramData\Microsoft\Windows\Start Menu\Programs\smartmontools\Documentation\smartctl manual page (pdf).lnk motif="extension" extension=pdf
2026-08-21T09:24:42.030712Z  INFO agent::apps::boucle::memoire: raccourci ecarte chemin=C:\ProgramData\Microsoft\Windows\Start Menu\Programs\smartmontools\Documentation\smartd manual page (html).lnk motif="extension" extension=html
2026-08-21T09:24:42.030714Z  INFO agent::apps::boucle::memoire: raccourci ecarte chemin=C:\ProgramData\Microsoft\Windows\Start Menu\Programs\smartmontools\Documentation\smartd manual page (pdf).lnk motif="extension" extension=pdf
2026-08-21T09:24:42.030716Z  INFO agent::apps::boucle::memoire: raccourci ecarte chemin=C:\ProgramData\Microsoft\Windows\Start Menu\Programs\smartmontools\Documentation\smartd.conf manual page (html).lnk motif="extension" extension=html
2026-08-21T09:24:42.030719Z  INFO agent::apps::boucle::memoire: raccourci ecarte chemin=C:\ProgramData\Microsoft\Windows\Start Menu\Programs\smartmontools\Documentation\smartd.conf manual page (pdf).lnk motif="extension" extension=pdf
2026-08-21T09:24:42.046447Z  INFO agent::apps::boucle::memoire: raccourci ecarte chemin=C:\ProgramData\Microsoft\Windows\Start Menu\Programs\Revo Uninstaller\Revo Uninstaller Help.lnk motif="extension" extension=pdf
2026-08-21T09:24:42.046488Z  INFO agent::apps::boucle::memoire: raccourci ecarte chemin=C:\ProgramData\Microsoft\Windows\Start Menu\Programs\RetroArch\RetroArch Website.lnk motif="extension" extension=url
2026-08-21T09:24:42.075455Z  INFO agent::apps::boucle::memoire: raccourci ecarte chemin=C:\ProgramData\Microsoft\Windows\Start Menu\Programs\NVIDIA Corporation\NVIDIA Tools Extension (64 bit)\Browse NVIDIA Tools Extension.lnk motif="extension" extension=
2026-08-21T09:24:42.085787Z  INFO agent::apps::boucle::memoire: raccourci ecarte chemin=C:\ProgramData\Microsoft\Windows\Start Menu\Programs\NVIDIA Corporation\Nsight Visual Studio Edition 2025.1\Nsight Redistributable.lnk motif="extension" extension=msi
2026-08-21T09:24:42.139041Z  INFO agent::apps::boucle::memoire: raccourci ecarte chemin=C:\ProgramData\Microsoft\Windows\Start Menu\Programs\NVIDIA Corporation\CUDA Toolkit\v11.2\Visual Profiler.lnk motif="extension" extension=bat
2026-08-21T09:24:42.139074Z  INFO agent::apps::boucle::memoire: raccourci ecarte chemin=C:\ProgramData\Microsoft\Windows\Start Menu\Programs\NVIDIA Corporation\CUDA Samples\v11.2\Browse CUDA Samples.lnk motif="extension" extension=2
2026-08-21T09:24:42.148499Z  INFO agent::apps::boucle::memoire: raccourci ecarte chemin=C:\ProgramData\Microsoft\Windows\Start Menu\Programs\Microsoft Xbox 360 Accessories\Aide de Microsoft Xbox 360 Accessories.lnk motif="extension" extension=chm
2026-08-21T09:24:42.264360Z  INFO agent::apps::boucle::memoire: raccourci ecarte chemin=C:\ProgramData\Microsoft\Windows\Start Menu\Programs\CMake\CMake Documentation.lnk motif="extension" extension=html
2026-08-21T09:24:42.270719Z  INFO agent::apps::boucle::memoire: raccourci ecarte chemin=C:\ProgramData\Microsoft\Windows\Start Menu\Programs\Blue Ripple Sound\Rapture3D - Help.lnk motif="extension" extension=chm
2026-08-21T09:24:42.314895Z  INFO agent::apps::boucle::memoire: raccourci ecarte chemin=C:\ProgramData\Microsoft\Windows\Start Menu\Programs\Administrative Tools\Component Services.lnk motif="extension" extension=msc
2026-08-21T09:24:42.314925Z  INFO agent::apps::boucle::memoire: raccourci ecarte chemin=C:\ProgramData\Microsoft\Windows\Start Menu\Programs\Administrative Tools\Computer Management.lnk motif="extension" extension=msc
2026-08-21T09:24:42.334046Z  INFO agent::apps::boucle::memoire: raccourci ecarte chemin=C:\ProgramData\Microsoft\Windows\Start Menu\Programs\Administrative Tools\Event Viewer.lnk motif="extension" extension=msc
2026-08-21T09:24:42.383080Z  INFO agent::apps::boucle::memoire: raccourci ecarte chemin=C:\ProgramData\Microsoft\Windows\Start Menu\Programs\Administrative Tools\Network Policy Server.lnk motif="extension" extension=msc
2026-08-21T09:24:42.402611Z  INFO agent::apps::boucle::memoire: raccourci ecarte chemin=C:\ProgramData\Microsoft\Windows\Start Menu\Programs\Administrative Tools\Performance Monitor.lnk motif="extension" extension=msc
2026-08-21T09:24:42.435632Z  INFO agent::apps::boucle::memoire: raccourci ecarte chemin=C:\ProgramData\Microsoft\Windows\Start Menu\Programs\Administrative Tools\Security Configuration Management.lnk motif="extension" extension=msc
2026-08-21T09:24:42.435688Z  INFO agent::apps::boucle::memoire: raccourci ecarte chemin=C:\ProgramData\Microsoft\Windows\Start Menu\Programs\Administrative Tools\services.lnk motif="extension" extension=msc
2026-08-21T09:24:42.462913Z  INFO agent::apps::boucle::memoire: raccourci ecarte chemin=C:\ProgramData\Microsoft\Windows\Start Menu\Programs\Administrative Tools\Task Scheduler.lnk motif="extension" extension=msc
2026-08-21T09:24:42.462937Z  INFO agent::apps::boucle::memoire: raccourci ecarte chemin=C:\ProgramData\Microsoft\Windows\Start Menu\Programs\Administrative Tools\Windows Defender Firewall with Advanced Security.lnk motif="extension" extension=msc
2026-08-21T09:24:42.462941Z  INFO agent::apps::boucle::memoire: raccourci ecarte chemin=C:\ProgramData\Microsoft\Windows\Start Menu\Programs\Administrative Tools\Windows Server Backup.lnk motif="extension" extension=msc
2026-08-21T09:24:42.462944Z  INFO agent::apps::boucle::memoire: raccourci ecarte chemin=C:\ProgramData\Microsoft\Windows\Start Menu\Programs\Administrative Tools\Remote Desktop Services\RD Gateway Manager.lnk motif="extension" extension=msc
2026-08-21T09:24:42.471677Z  INFO agent::apps::boucle::memoire: raccourci ecarte chemin=C:\ProgramData\Microsoft\Windows\Start Menu\Programs\Administrative Tools\Remote Desktop Services\Remote Desktop Licensing Diagnosis.lnk motif="extension" extension=msc
2026-08-21T09:24:42.604220Z  INFO agent::apps::boucle::memoire: raccourci ecarte chemin=C:\ProgramData\Microsoft\Windows\Start Menu\Programs\Accessories\System Tools\Windows Server Backup.lnk motif="extension" extension=msc
2026-08-21T09:24:42.621919Z  INFO agent::apps::boucle::memoire: raccourci ecarte chemin=C:\ProgramData\Microsoft\Windows\Start Menu\Programs\7-Zip\7-Zip Help.lnk motif="extension" extension=chm
2026-08-21T09:24:42.622062Z  INFO agent::apps::boucle::memoire: catalogue reconcilie total=220 retenus=169 cles=156 icones=156 icones_echouees=0 icones_distinctes=98 apparues=156 modifiees=0 disparues=0 duree_ms=1496 declencheur="demarrage" notifications=0 debordements=0
2026-08-21T09:24:44.130398Z  INFO agent::capture::enumeration: adaptateur DXGI sans sortie adaptateur=NVIDIA GeForce RTX 4070 index_adaptateur=1
2026-08-21T09:24:44.130433Z  INFO agent::capture::enumeration: adaptateur DXGI sans sortie adaptateur=Microsoft Basic Render Driver index_adaptateur=2
2026-08-21T09:24:44.130441Z  INFO agent::diagnostics::multifenetre::montee: topologie relevée moment="après purge" nombre=1 attachees=1
2026-08-21T09:24:44.130452Z  INFO agent::diagnostics::multifenetre::montee: sortie moment="après purge" nom=\\.\DISPLAY1 adaptateur=NVIDIA GeForce RTX 4070 index_adaptateur=0 index_sortie=0 attachee=true x=0 y=0 largeur=2400 hauteur=1080
2026-08-21T09:24:44.130466Z  INFO agent::moniteurs_virtuels::purge: purge terminée retirees=0 avant=1 apres=1
2026-08-21T09:24:44.134568Z  INFO agent::superviseur::lanceur: capteur lancé pid=22556
2026-08-21T09:24:44.136160Z  INFO agent::superviseur::lanceur::pont: pont fichiers lancé pid=24200 session="4ypa-h7T_3rqfV_4EfFYOA:fichiers"
2026-08-21T09:24:44.136176Z  WARN agent::superviseur::boucle::surveillance_pont: pont fichiers lancé ou relancé (tentatives suivantes silencieuses tant que le cycle se répète) pid_neuf=24200
2026-08-21T09:24:44.143030Z  INFO agent: accélération pointeur neutralisée rapport="seuils relus = [0, 0, 0], vitesse relue = 10 (attendu : [0, 0, 0] et 10)"
2026-08-21T09:24:44.143060Z  INFO agent::capteur: capteur démarré tube="\\\\.\\pipe\\agent-capteur"
2026-08-21T09:24:44.143769Z  INFO agent: accélération pointeur neutralisée rapport="seuils relus = [0, 0, 0], vitesse relue = 10 (attendu : [0, 0, 0] et 10)"
2026-08-21T09:24:44.143796Z  INFO agent: identité héritée du superviseur (AGENT_JETON) : ce processus n'ouvre aucun canal /agent, un seul socket par VM
2026-08-21T09:24:44.143826Z  WARN agent::apps: decouverte d'applications inactive : ce processus n'a pas de canal /agent (identité héritée du superviseur, ou AGENT_VM/AGENT_SECRET absents)
2026-08-21T09:24:44.144701Z  INFO agent::pont::transport: socket UDP du pont fichiers addr=192.168.3.2:62938
2026-08-21T09:24:44.172000Z  INFO agent::signaling: déclaration de l'agent émise au signaling (acceptation encore inconnue) session="4ypa-h7T_3rqfV_4EfFYOA:fichiers"
2026-08-21T09:24:44.639117Z  INFO agent::superviseur::boucle::surveillance_pont: pont fichiers de nouveau stable pid=24200
2026-08-21T09:25:11.120126Z  INFO agent::apps::boucle: identité changée : le prochain catalogue sera COMPLET (rafraîchissement de jeton OU réenrôlement — cette boucle ne les distingue pas)
2026-08-21T09:25:12.690073Z  INFO agent::apps::boucle::memoire: catalogue reconcilie total=220 retenus=169 cles=156 icones=0 icones_echouees=0 icones_distinctes=98 apparues=0 modifiees=0 disparues=0 duree_ms=67 declencheur="periode" notifications=0 debordements=0
2026-08-21T09:25:41.169175Z  INFO agent::apps::boucle: identité changée : le prochain catalogue sera COMPLET (rafraîchissement de jeton OU réenrôlement — cette boucle ne les distingue pas)
2026-08-21T09:25:42.759627Z  INFO agent::apps::boucle::memoire: catalogue reconcilie total=220 retenus=169 cles=156 icones=0 icones_echouees=0 icones_distinctes=98 apparues=0 modifiees=0 disparues=0 duree_ms=68 declencheur="periode" notifications=0 debordements=0
2026-08-21T09:26:11.039171Z  INFO agent::apps::boucle: identité changée : le prochain catalogue sera COMPLET (rafraîchissement de jeton OU réenrôlement — cette boucle ne les distingue pas)
2026-08-21T09:26:12.825838Z  INFO agent::apps::boucle::memoire: catalogue reconcilie total=220 retenus=169 cles=156 icones=0 icones_echouees=0 icones_distinctes=98 apparues=0 modifiees=0 disparues=0 duree_ms=65 declencheur="periode" notifications=0 debordements=0
2026-08-21T09:26:41.107754Z  INFO agent::apps::boucle: identité changée : le prochain catalogue sera COMPLET (rafraîchissement de jeton OU réenrôlement — cette boucle ne les distingue pas)
2026-08-21T09:26:42.892833Z  INFO agent::apps::boucle::memoire: catalogue reconcilie total=220 retenus=169 cles=156 icones=0 icones_echouees=0 icones_distinctes=98 apparues=0 modifiees=0 disparues=0 duree_ms=65 declencheur="periode" notifications=0 debordements=0
2026-08-21T09:27:11.176780Z  INFO agent::apps::boucle: identité changée : le prochain catalogue sera COMPLET (rafraîchissement de jeton OU réenrôlement — cette boucle ne les distingue pas)
2026-08-21T09:27:12.961018Z  INFO agent::apps::boucle::memoire: catalogue reconcilie total=220 retenus=169 cles=156 icones=0 icones_echouees=0 icones_distinctes=98 apparues=0 modifiees=0 disparues=0 duree_ms=67 declencheur="periode" notifications=0 debordements=0
2026-08-21T09:27:41.045285Z  INFO agent::apps::boucle: identité changée : le prochain catalogue sera COMPLET (rafraîchissement de jeton OU réenrôlement — cette boucle ne les distingue pas)
2026-08-21T09:27:43.025822Z  INFO agent::apps::boucle::memoire: catalogue reconcilie total=220 retenus=169 cles=156 icones=0 icones_echouees=0 icones_distinctes=98 apparues=0 modifiees=0 disparues=0 duree_ms=64 declencheur="periode" notifications=0 debordements=0
2026-08-21T09:28:11.113523Z  INFO agent::apps::boucle: identité changée : le prochain catalogue sera COMPLET (rafraîchissement de jeton OU réenrôlement — cette boucle ne les distingue pas)
2026-08-21T09:28:13.093742Z  INFO agent::apps::boucle::memoire: catalogue reconcilie total=220 retenus=169 cles=156 icones=0 icones_echouees=0 icones_distinctes=98 apparues=0 modifiees=0 disparues=0 duree_ms=66 declencheur="periode" notifications=0 debordements=0
2026-08-21T09:28:41.175309Z  INFO agent::apps::boucle: identité changée : le prochain catalogue sera COMPLET (rafraîchissement de jeton OU réenrôlement — cette boucle ne les distingue pas)
2026-08-21T09:28:43.160827Z  INFO agent::apps::boucle::memoire: catalogue reconcilie total=220 retenus=169 cles=156 icones=0 icones_echouees=0 icones_distinctes=98 apparues=0 modifiees=0 disparues=0 duree_ms=66 declencheur="periode" notifications=0 debordements=0
