=== G4 PORTE S1 -- N=5000
date          : 2026-08-21T10:50:17.8225819+02:00
session       : 1
guet          : C:\Users\Administrateur\AppData\Roaming\Microsoft\Windows\Start Menu
cible         : C:\Users\Administrateur\AppData\Roaming\Microsoft\Windows\Start Menu\Programs\g4-rafale
a_corpus_avant : 220
preparation_ms : 1185  fichiers=5000
guetteur_arme  : tampon=65536 sousarbre=True consommateur=C#
d_rafale_ms    : 1558  robocopy_code=1
d_fichiers_poses : 5000
d_debit_fichiers_par_s : 3209.2
drainage_ms    : 5500  (stable pendant 5000 ms)
c_crees        : 5001
c_erreurs      : 0
c_debordements : 0
c_fenetre_evenements_ms : 1553.6
c_debit_evenements_par_s : 3219.1
c_manquants    : -1
VERDICT : NE DEBORDE PAS
e_corpus_apres : 220
e_nettoyage : OK (220 inchange)
f_repertoire_rafale : retire
f_preparation : retiree
=== FIN
