=== G4 PORTE S1 -- N=20000
date          : 2026-08-21T10:50:31.5505006+02:00
session       : 1
guet          : C:\Users\Administrateur\AppData\Roaming\Microsoft\Windows\Start Menu
cible         : C:\Users\Administrateur\AppData\Roaming\Microsoft\Windows\Start Menu\Programs\g4-rafale
a_corpus_avant : 220
preparation_ms : 4558  fichiers=20000
guetteur_arme  : tampon=65536 sousarbre=True consommateur=C#
d_rafale_ms    : 6794  robocopy_code=1
d_fichiers_poses : 20000
d_debit_fichiers_par_s : 2943.8
drainage_ms    : 5500  (stable pendant 5000 ms)
c_crees        : 20001
c_erreurs      : 0
c_debordements : 0
c_fenetre_evenements_ms : 6794.4
c_debit_evenements_par_s : 2943.7
c_manquants    : -1
VERDICT : NE DEBORDE PAS
e_corpus_apres : 220
e_nettoyage : OK (220 inchange)
f_repertoire_rafale : retire
f_preparation : retiree
=== FIN
