=== G4 PORTE S1 -- N=1000
date          : 2026-08-21T10:48:07.3210247+02:00
session       : 1
guet          : C:\Users\Administrateur\AppData\Roaming\Microsoft\Windows\Start Menu
cible         : C:\Users\Administrateur\AppData\Roaming\Microsoft\Windows\Start Menu\Programs\g4-rafale
a_corpus_avant : 220
preparation_ms : 271  fichiers=1000
guetteur_arme  : tampon=65536 sousarbre=True
d_rafale_ms    : 304  robocopy_code=1
d_fichiers_poses : 1000
d_debit_fichiers_par_s : 3289.5
c_crees        : 10
c_erreurs      : 0
c_debordements : 0
c_fenetre_evenements_ms : 5032.3
c_debit_evenements_par_s : 3.6
VERDICT : NE DEBORDE PAS
e_corpus_apres : 220
e_nettoyage : OK (220 inchange)
f_repertoire_rafale : retire
f_preparation : retiree
=== FIN
