=== 1. VALEURS REGISTRE BRUTES (hex) POUR LES ENDPOINTS CABLE ===

Render / {deec1914-6490-47ee-9475-091b9a2ea537}
  NOM  : Haut-parleurs   DESC : VB-Audio Virtual Cable
  TYPE de la valeur DeviceFormat : System.Byte[]
  LONGUEUR : 48 octets
  HEX      : 41 00 38 00 01 00 00 00 FE FF 02 00 80 BB 00 00 00 65 04 00 06 00 18 00 16 00 18 00 03 00 00 00 01 00 00 00 00 00 10 00 80 00 00 AA 00 38 9B 71

Capture / {5fae72b2-f885-4038-9827-0d91f862a7d5}
  NOM  : CABLE Output   DESC : VB-Audio Virtual Cable
  TYPE de la valeur DeviceFormat : System.Byte[]
  LONGUEUR : 48 octets
  HEX      : 41 00 35 00 01 00 00 00 FE FF 02 00 44 AC 00 00 98 09 04 00 06 00 18 00 16 00 18 00 03 00 00 00 01 00 00 00 00 00 10 00 80 00 00 AA 00 38 9B 71

=== 2. FORMAT REELLEMENT RENDU PAR IAudioClient::GetMixFormat ===
    (la MEME API que notre code WASAPI emploiera)

--- RENDU (eRender), endpoints ACTIFS ---
  Haut-parleurs (Steam Streaming Speakers)  ||  {0.0.0.00000000}.{8695a111-abf2-4199-88c0-fe4a9176f3e9}  ||  tag=EXTENSIBLE HZ=48000 canaux=2 bits=32 octets/s=384000 bloc=8 sous-format=00000003-0000-0010-8000-00aa00389b71
  HDP-V104 (NVIDIA High Definition Audio)  ||  {0.0.0.00000000}.{8bf867bf-5ebe-45ea-b488-3d70ce3e430c}  ||  tag=EXTENSIBLE HZ=48000 canaux=2 bits=32 octets/s=384000 bloc=8 sous-format=00000003-0000-0010-8000-00aa00389b71
  Haut-parleurs (VB-Audio Virtual Cable)  ||  {0.0.0.00000000}.{deec1914-6490-47ee-9475-091b9a2ea537}  ||  tag=EXTENSIBLE HZ=48000 canaux=2 bits=32 octets/s=384000 bloc=8 sous-format=00000003-0000-0010-8000-00aa00389b71

--- CAPTURE (eCapture), endpoints ACTIFS ---
  CABLE Output (VB-Audio Virtual Cable)  ||  {0.0.1.00000000}.{5fae72b2-f885-4038-9827-0d91f862a7d5}  ||  tag=EXTENSIBLE HZ=44100 canaux=2 bits=32 octets/s=352800 bloc=8 sous-format=00000003-0000-0010-8000-00aa00389b71

--- SONDE 3 : peripheriques PAR DEFAUT (session 0, via WinRM) ---
  RENDU    eConsole         : Haut-parleurs (VB-Audio Virtual Cable)  ||  {0.0.0.00000000}.{deec1914-6490-47ee-9475-091b9a2ea537}
  RENDU    eMultimedia      : Haut-parleurs (VB-Audio Virtual Cable)  ||  {0.0.0.00000000}.{deec1914-6490-47ee-9475-091b9a2ea537}
  RENDU    eCommunications  : Haut-parleurs (VB-Audio Virtual Cable)  ||  {0.0.0.00000000}.{deec1914-6490-47ee-9475-091b9a2ea537}
  CAPTURE  eConsole         : CABLE Output (VB-Audio Virtual Cable)  ||  {0.0.1.00000000}.{5fae72b2-f885-4038-9827-0d91f862a7d5}
  CAPTURE  eMultimedia      : CABLE Output (VB-Audio Virtual Cable)  ||  {0.0.1.00000000}.{5fae72b2-f885-4038-9827-0d91f862a7d5}
  CAPTURE  eCommunications  : CABLE Output (VB-Audio Virtual Cable)  ||  {0.0.1.00000000}.{5fae72b2-f885-4038-9827-0d91f862a7d5}