sources synchronisées vers /media/vm/dev
quota WinRM MaxMemoryPerShellMB déjà suffisant (4096 Mo)
cargo :    Compiling agent v0.1.0 (C:\dev\agent)
Au caract
re Ligne:1 : 148
+ ... IMUM = '3.5'; Set-Location C:\dev; cargo build --release 2>&1 | Out-S ...
+                                        ~~~~~~~~~~~~~~~~~~~~~~~~~~
    + CategoryInfo          : NotSpecified: (   Compiling agent v0.1.0 (C:\dev\agent):String) [], RemoteException
    + FullyQualifiedErrorId : NativeCommandError
 
warning: method `eveillee` is never used
   --> agent\src\capteur\vivier.rs:157:12
    |
 83 | impl Vivier {
    | ----------- method in this implementation
...
157 |     pub fn eveillee(&self, session: &str) -> Option<bool> {
    |            ^^^^^^^^
    |
    = note: `#[warn(dead_code)]` (part of `#[warn(unused)]`) on by default

warning: method `nom` is never used
  --> agent\src\diagnostics\multifenetre\voies.rs:29:8
   |
28 | pub(super) trait VoieDeCapture {
   |                  ------------- method in this trait
29 |     fn nom(&self) -> &'static str;
   |        ^^^

warning: method `nombre` is never used
  --> agent\src\moniteurs_virtuels.rs:80:12
   |
66 | impl<'p> Sorties<'p> {
   | -------------------- method in this implementation
...
80 |     pub fn nombre(&self) -> usize {
   |            ^^^^^^

warning: methods `etat` and `taille_sortie_de` are never used
   --> agent\src\superviseur\table.rs:202:12
    |
193 | impl Table {
    | ---------- methods in this implementation
...
202 |     pub fn etat(&self, session: &IdSession) -> Option<&Etat> {
    |            ^^^^
...
268 |     pub fn taille_sortie_de(&self, session: &IdSession) -> Option<(u32, u32)> {
    |            ^^^^^^^^^^^^^^^^

warning: constant `TAILLE_MAX_SORTIE` is never used
  --> agent\src\windows_source\sortie.rs:76:11
   |
76 | pub const TAILLE_MAX_SORTIE: (u32, u32) = (1920, 1080);
   |           ^^^^^^^^^^^^^^^^^

warning: function `borner_a_la_taille_max` is never used
   --> agent\src\windows_source\sortie.rs:110:8
    |
110 | pub fn borner_a_la_taille_max((l, h): (u32, u32)) -> (u32, u32) {
    |        ^^^^^^^^^^^^^^^^^^^^^^

warning: constant `DEVICE_REMOVED` is never used
  --> agent\src\capture\reprise.rs:30:11
   |
30 | pub const DEVICE_REMOVED: i32 = 0x887A0005u32 as i32;
   |           ^^^^^^^^^^^^^^

warning: constant `ATTENTE_EXPIREE` is never used
  --> agent\src\capture\reprise.rs:35:11
   |
35 | pub const ATTENTE_EXPIREE: i32 = 0x887A0027u32 as i32;
   |           ^^^^^^^^^^^^^^^

warning: field `capture` is never read
   --> agent\src\encode.rs:289:5
    |
253 | pub struct H264Encoder {
    |            ----------- field in this struct
...
289 |     capture: (u32, u32),
    |     ^^^^^^^

warning: function `client_size` is never used
  --> agent\src\window.rs:79:8
   |
79 | pub fn client_size(hwnd: HWND) -> Result<(u32, u32)> {
   |        ^^^^^^^^^^^

warning: method `hwnd` is never used
   --> agent\src\windows_source.rs:237:12
    |
153 | impl WindowsSource {
    | ------------------ method in this implementation
...
237 |     pub fn hwnd(&self) -> HWND {
    |            ^^^^

warning: `agent` (bin "agent") generated 11 warnings
    Finished `release` profile [optimized] target(s) in 28.85s