2026-07-31T16:16:22.299095Z  INFO agent::diagnostics::exceptions: filtre d'exception installé chemin="C:\\dev\\exceptions.log" modules=33 fil_principal=6332
2026-07-31T16:16:22.299637Z  INFO agent: accélération pointeur neutralisée rapport="seuils relus = [0, 0, 0], vitesse relue = 10 (attendu : [0, 0, 0] et 10)"
2026-07-31T16:16:22.302201Z  INFO agent::capture: sortie retenue pour la duplication adaptateur=NVIDIA GeForce RTX 4070 index_adaptateur=0 index_sortie=0 attachee=true
2026-07-31T16:16:22.410399Z  INFO agent::capture: protection multi-fils activée sur le contexte immédiat D3D11 protection_precedente=false
2026-07-31T16:16:22.410681Z  INFO agent::capture: duplication de sortie établie desktop_width=2400 desktop_height=1080
2026-07-31T16:16:22.410694Z  INFO agent::diagnostics::multifenetre::banc: banc : coordonnées de fenêtre et de texture bureau_x=0 bureau_y=0 bureau_largeur=2400 bureau_hauteur=1080 texture_largeur=2400 texture_hauteur=1080 facteur_horizontal=1.0 facteur_vertical=1.0
2026-07-31T16:16:22.410710Z  INFO agent::diagnostics::multifenetre::banc: banc : disposition retenue voie="printwindow" nombre=4 places=[Rect { x: 0, y: 0, width: 1200, height: 540 }, Rect { x: 1200, y: 0, width: 1200, height: 540 }, Rect { x: 0, y: 540, width: 1200, height: 540 }, Rect { x: 1200, y: 540, width: 1200, height: 540 }] places_texture=[Rect { x: 0, y: 0, width: 1200, height: 540 }, Rect { x: 1200, y: 0, width: 1200, height: 540 }, Rect { x: 0, y: 540, width: 1200, height: 540 }, Rect { x: 1200, y: 540, width: 1200, height: 540 }]
2026-07-31T16:16:32.418599Z  INFO agent::diagnostics::multifenetre::banc: passe TÉMOIN — cadence de peinture sans capture mires=4 trames=37633 cadence=3763.1717511067222
2026-07-31T16:16:33.495786Z  INFO agent::diagnostics::multifenetre::banc: banc en cours images=[19, 19, 19, 19] unites=[0, 0, 0, 0] verdicts_faux=0 avant=Verdicts { justes: 19, voisines: 0, noires: 0, inconnues: 0 } apres=Verdicts { justes: 0, voisines: 0, noires: 0, inconnues: 0 }
2026-07-31T16:16:34.495887Z  INFO agent::diagnostics::multifenetre::banc: banc en cours images=[37, 37, 37, 37] unites=[0, 0, 0, 0] verdicts_faux=0 avant=Verdicts { justes: 37, voisines: 0, noires: 0, inconnues: 0 } apres=Verdicts { justes: 0, voisines: 0, noires: 0, inconnues: 0 }
2026-07-31T16:16:35.495649Z  INFO agent::diagnostics::multifenetre::banc: banc en cours images=[55, 55, 55, 55] unites=[0, 0, 0, 0] verdicts_faux=0 avant=Verdicts { justes: 55, voisines: 0, noires: 0, inconnues: 0 } apres=Verdicts { justes: 0, voisines: 0, noires: 0, inconnues: 0 }
2026-07-31T16:16:36.495744Z  INFO agent::diagnostics::multifenetre::banc: banc en cours images=[73, 73, 73, 73] unites=[0, 0, 0, 0] verdicts_faux=0 avant=Verdicts { justes: 73, voisines: 0, noires: 0, inconnues: 0 } apres=Verdicts { justes: 0, voisines: 0, noires: 0, inconnues: 0 }
2026-07-31T16:16:37.496072Z  INFO agent::diagnostics::multifenetre::banc: banc en cours images=[91, 91, 91, 91] unites=[0, 0, 0, 0] verdicts_faux=0 avant=Verdicts { justes: 91, voisines: 0, noires: 0, inconnues: 0 } apres=Verdicts { justes: 0, voisines: 0, noires: 0, inconnues: 0 }
2026-07-31T16:16:37.496876Z  INFO agent::diagnostics::multifenetre::banc: recouvrement posé : la mire 0 est sous la mire 3
2026-07-31T16:16:38.497047Z  INFO agent::diagnostics::multifenetre::banc: banc en cours images=[109, 109, 109, 109] unites=[0, 0, 0, 0] verdicts_faux=0 avant=Verdicts { justes: 91, voisines: 0, noires: 0, inconnues: 0 } apres=Verdicts { justes: 18, voisines: 0, noires: 0, inconnues: 0 }
2026-07-31T16:16:39.497017Z  INFO agent::diagnostics::multifenetre::banc: banc en cours images=[126, 126, 126, 126] unites=[0, 0, 0, 0] verdicts_faux=0 avant=Verdicts { justes: 91, voisines: 0, noires: 0, inconnues: 0 } apres=Verdicts { justes: 35, voisines: 0, noires: 0, inconnues: 0 }
2026-07-31T16:16:40.474778Z  INFO agent::diagnostics::multifenetre::banc: banc en cours images=[143, 143, 143, 143] unites=[0, 0, 0, 0] verdicts_faux=0 avant=Verdicts { justes: 91, voisines: 0, noires: 0, inconnues: 0 } apres=Verdicts { justes: 52, voisines: 0, noires: 0, inconnues: 0 }
2026-07-31T16:16:41.454939Z  INFO agent::diagnostics::multifenetre::banc: banc en cours images=[160, 160, 160, 160] unites=[0, 0, 0, 0] verdicts_faux=0 avant=Verdicts { justes: 91, voisines: 0, noires: 0, inconnues: 0 } apres=Verdicts { justes: 69, voisines: 0, noires: 0, inconnues: 0 }
2026-07-31T16:16:42.497387Z  INFO agent::diagnostics::multifenetre::banc: banc en cours images=[178, 178, 178, 178] unites=[0, 0, 0, 0] verdicts_faux=0 avant=Verdicts { justes: 91, voisines: 0, noires: 0, inconnues: 0 } apres=Verdicts { justes: 87, voisines: 0, noires: 0, inconnues: 0 }
2026-07-31T16:16:42.497424Z  INFO agent::diagnostics::multifenetre::banc: passe terminée passe="capture" voie="printwindow" nombre=4 cadences=[17.8, 17.8, 17.8, 17.8] unites=[0, 0, 0, 0] verdicts_faux=0 mire0_avant_recouvrement=Verdicts { justes: 91, voisines: 0, noires: 0, inconnues: 0 } mire0_apres_recouvrement=Verdicts { justes: 87, voisines: 0, noires: 0, inconnues: 0 }
2026-07-31T16:16:42.498188Z  INFO agent::encode: encodeur matériel retenu encodeur=NVIDIA H.264 Encoder MFT
2026-07-31T16:16:42.574420Z  INFO agent::encode: convertisseur BGRA→NV12 (Video Processor MFT) configuré converter_provides_samples=true
2026-07-31T16:16:42.574863Z  INFO agent::encode: encodeur matériel retenu encodeur=NVIDIA H.264 Encoder MFT
2026-07-31T16:16:42.604832Z  INFO agent::encode: convertisseur BGRA→NV12 (Video Processor MFT) configuré converter_provides_samples=true
2026-07-31T16:16:42.605182Z  INFO agent::encode: encodeur matériel retenu encodeur=NVIDIA H.264 Encoder MFT
2026-07-31T16:16:42.643011Z  INFO agent::encode: convertisseur BGRA→NV12 (Video Processor MFT) configuré converter_provides_samples=true
2026-07-31T16:16:42.643297Z  INFO agent::encode: encodeur matériel retenu encodeur=NVIDIA H.264 Encoder MFT
2026-07-31T16:16:42.674093Z  INFO agent::encode: convertisseur BGRA→NV12 (Video Processor MFT) configuré converter_provides_samples=true
2026-07-31T16:16:43.729114Z  INFO agent::diagnostics::multifenetre::banc: banc en cours images=[19, 19, 19, 19] unites=[9, 9, 9, 9] verdicts_faux=0 avant=Verdicts { justes: 19, voisines: 0, noires: 0, inconnues: 0 } apres=Verdicts { justes: 0, voisines: 0, noires: 0, inconnues: 0 }
2026-07-31T16:16:44.729237Z  INFO agent::diagnostics::multifenetre::banc: banc en cours images=[37, 37, 37, 37] unites=[18, 18, 18, 18] verdicts_faux=0 avant=Verdicts { justes: 37, voisines: 0, noires: 0, inconnues: 0 } apres=Verdicts { justes: 0, voisines: 0, noires: 0, inconnues: 0 }
2026-07-31T16:16:45.729418Z  INFO agent::diagnostics::multifenetre::banc: banc en cours images=[55, 55, 55, 55] unites=[27, 27, 27, 27] verdicts_faux=0 avant=Verdicts { justes: 55, voisines: 0, noires: 0, inconnues: 0 } apres=Verdicts { justes: 0, voisines: 0, noires: 0, inconnues: 0 }
2026-07-31T16:16:46.729407Z  INFO agent::diagnostics::multifenetre::banc: banc en cours images=[73, 73, 73, 73] unites=[36, 36, 36, 36] verdicts_faux=0 avant=Verdicts { justes: 73, voisines: 0, noires: 0, inconnues: 0 } apres=Verdicts { justes: 0, voisines: 0, noires: 0, inconnues: 0 }
2026-07-31T16:16:47.675354Z  INFO agent::diagnostics::multifenetre::banc: recouvrement posé : la mire 0 est sous la mire 3
2026-07-31T16:16:47.740908Z  INFO agent::diagnostics::multifenetre::banc: banc en cours images=[91, 91, 91, 91] unites=[45, 45, 45, 45] verdicts_faux=0 avant=Verdicts { justes: 90, voisines: 0, noires: 0, inconnues: 0 } apres=Verdicts { justes: 1, voisines: 0, noires: 0, inconnues: 0 }
2026-07-31T16:16:48.719514Z  INFO agent::diagnostics::multifenetre::banc: banc en cours images=[107, 107, 107, 107] unites=[53, 53, 53, 53] verdicts_faux=0 avant=Verdicts { justes: 90, voisines: 0, noires: 0, inconnues: 0 } apres=Verdicts { justes: 17, voisines: 0, noires: 0, inconnues: 0 }
2026-07-31T16:16:49.696778Z  INFO agent::diagnostics::multifenetre::banc: banc en cours images=[123, 123, 123, 123] unites=[61, 61, 61, 61] verdicts_faux=0 avant=Verdicts { justes: 90, voisines: 0, noires: 0, inconnues: 0 } apres=Verdicts { justes: 33, voisines: 0, noires: 0, inconnues: 0 }
2026-07-31T16:16:50.674927Z  INFO agent::diagnostics::multifenetre::banc: banc en cours images=[139, 139, 139, 139] unites=[69, 69, 69, 69] verdicts_faux=0 avant=Verdicts { justes: 90, voisines: 0, noires: 0, inconnues: 0 } apres=Verdicts { justes: 49, voisines: 0, noires: 0, inconnues: 0 }
2026-07-31T16:16:51.696739Z  INFO agent::diagnostics::multifenetre::banc: banc en cours images=[156, 156, 156, 156] unites=[78, 78, 78, 78] verdicts_faux=0 avant=Verdicts { justes: 90, voisines: 0, noires: 0, inconnues: 0 } apres=Verdicts { justes: 66, voisines: 0, noires: 0, inconnues: 0 }
2026-07-31T16:16:52.740950Z  INFO agent::diagnostics::multifenetre::banc: banc en cours images=[173, 173, 173, 173] unites=[86, 86, 86, 86] verdicts_faux=0 avant=Verdicts { justes: 90, voisines: 0, noires: 0, inconnues: 0 } apres=Verdicts { justes: 83, voisines: 0, noires: 0, inconnues: 0 }
2026-07-31T16:16:52.740972Z  INFO agent::diagnostics::multifenetre::banc: libération des encodeurs : début nombre=4
2026-07-31T16:16:52.740975Z  INFO agent::diagnostics::multifenetre::banc: libération d'un encodeur : avant id=0
2026-07-31T16:16:52.744403Z  INFO agent::encode::arret: MFT sans IMFShutdown : aucun arrêt explicite possible mft="convertisseur de couleur" erreur=Cette interface n’est pas prise en charge (0x80004002)
2026-07-31T16:16:52.744514Z  INFO agent::encode::arret: arrêt de la MFT confirmé mft="encodeur H.264" attente_ms=0
2026-07-31T16:16:52.744565Z  INFO agent::diagnostics::multifenetre::banc: libération d'un encodeur : après id=0
2026-07-31T16:16:52.744570Z  INFO agent::diagnostics::multifenetre::banc: libération d'un encodeur : avant id=1
