2026-07-31T17:39:52.351822Z  INFO agent: accélération pointeur neutralisée rapport="seuils relus = [0, 0, 0], vitesse relue = 10 (attendu : [0, 0, 0] et 10)"
2026-07-31T17:39:52.353491Z  INFO agent::capture: sortie retenue pour la duplication adaptateur=NVIDIA GeForce RTX 4070 index_adaptateur=0 index_sortie=0 attachee=true
2026-07-31T17:39:52.444220Z  INFO agent::capture: protection multi-fils activée sur le contexte immédiat D3D11 protection_precedente=false
2026-07-31T17:39:52.444505Z  INFO agent::capture: duplication de sortie établie desktop_width=2400 desktop_height=1080
2026-07-31T17:39:52.444519Z  INFO agent::diagnostics::multifenetre::banc: banc : coordonnées de fenêtre et de texture bureau_x=0 bureau_y=0 bureau_largeur=2400 bureau_hauteur=1080 texture_largeur=2400 texture_hauteur=1080 facteur_horizontal=1.0 facteur_vertical=1.0
2026-07-31T17:39:52.444534Z  INFO agent::diagnostics::multifenetre::banc: banc : disposition retenue voie="duplication" nombre=1 places=[Rect { x: 0, y: 0, width: 2400, height: 1080 }] places_texture=[Rect { x: 0, y: 0, width: 2400, height: 1080 }]
2026-07-31T17:40:02.456805Z  INFO agent::diagnostics::multifenetre::banc: passe TÉMOIN — cadence de peinture sans capture mires=1 trames=990 cadence=98.91979187595531
2026-07-31T17:40:02.457097Z  INFO agent::capture: sortie retenue pour la duplication adaptateur=NVIDIA GeForce RTX 4070 index_adaptateur=0 index_sortie=0 attachee=true
2026-07-31T17:40:02.484282Z  INFO agent::capture: protection multi-fils activée sur le contexte immédiat D3D11 protection_precedente=false
2026-07-31T17:40:02.484521Z  INFO agent::capture: duplication de sortie établie desktop_width=2400 desktop_height=1080
2026-07-31T17:40:03.491098Z  INFO agent::diagnostics::multifenetre::banc: banc en cours images=[57] unites=[0] verdicts_faux=0 avant=Verdicts { justes: 57, voisines: 0, noires: 0, inconnues: 0 } apres=Verdicts { justes: 0, voisines: 0, noires: 0, inconnues: 0 }
2026-07-31T17:40:04.490980Z  INFO agent::diagnostics::multifenetre::banc: banc en cours images=[113] unites=[0] verdicts_faux=0 avant=Verdicts { justes: 113, voisines: 0, noires: 0, inconnues: 0 } apres=Verdicts { justes: 0, voisines: 0, noires: 0, inconnues: 0 }
2026-07-31T17:40:05.493109Z  INFO agent::diagnostics::multifenetre::banc: banc en cours images=[167] unites=[0] verdicts_faux=0 avant=Verdicts { justes: 167, voisines: 0, noires: 0, inconnues: 0 } apres=Verdicts { justes: 0, voisines: 0, noires: 0, inconnues: 0 }
2026-07-31T17:40:06.493428Z  INFO agent::diagnostics::multifenetre::banc: banc en cours images=[245] unites=[0] verdicts_faux=0 avant=Verdicts { justes: 245, voisines: 0, noires: 0, inconnues: 0 } apres=Verdicts { justes: 0, voisines: 0, noires: 0, inconnues: 0 }
2026-07-31T17:40:07.493271Z  INFO agent::diagnostics::multifenetre::banc: banc en cours images=[333] unites=[0] verdicts_faux=0 avant=Verdicts { justes: 333, voisines: 0, noires: 0, inconnues: 0 } apres=Verdicts { justes: 0, voisines: 0, noires: 0, inconnues: 0 }
2026-07-31T17:40:08.493688Z  INFO agent::diagnostics::multifenetre::banc: banc en cours images=[423] unites=[0] verdicts_faux=0 avant=Verdicts { justes: 423, voisines: 0, noires: 0, inconnues: 0 } apres=Verdicts { justes: 0, voisines: 0, noires: 0, inconnues: 0 }
2026-07-31T17:40:09.493642Z  INFO agent::diagnostics::multifenetre::banc: banc en cours images=[512] unites=[0] verdicts_faux=0 avant=Verdicts { justes: 512, voisines: 0, noires: 0, inconnues: 0 } apres=Verdicts { justes: 0, voisines: 0, noires: 0, inconnues: 0 }
2026-07-31T17:40:10.493429Z  INFO agent::diagnostics::multifenetre::banc: banc en cours images=[600] unites=[0] verdicts_faux=0 avant=Verdicts { justes: 600, voisines: 0, noires: 0, inconnues: 0 } apres=Verdicts { justes: 0, voisines: 0, noires: 0, inconnues: 0 }
2026-07-31T17:40:11.493326Z  INFO agent::diagnostics::multifenetre::banc: banc en cours images=[690] unites=[0] verdicts_faux=0 avant=Verdicts { justes: 690, voisines: 0, noires: 0, inconnues: 0 } apres=Verdicts { justes: 0, voisines: 0, noires: 0, inconnues: 0 }
2026-07-31T17:40:12.493074Z  INFO agent::diagnostics::multifenetre::banc: banc en cours images=[778] unites=[0] verdicts_faux=0 avant=Verdicts { justes: 778, voisines: 0, noires: 0, inconnues: 0 } apres=Verdicts { justes: 0, voisines: 0, noires: 0, inconnues: 0 }
2026-07-31T17:40:12.493106Z  INFO agent::diagnostics::multifenetre::banc: passe terminée passe="capture" voie="duplication" nombre=1 cadences=[77.8] unites=[0] verdicts_faux=0 mire0_avant_recouvrement=Verdicts { justes: 778, voisines: 0, noires: 0, inconnues: 0 } mire0_apres_recouvrement=Verdicts { justes: 0, voisines: 0, noires: 0, inconnues: 0 }
2026-07-31T17:40:12.493866Z  INFO agent::encode: encodeur matériel retenu encodeur=NVIDIA H.264 Encoder MFT
2026-07-31T17:40:12.571038Z  INFO agent::encode::arret: file de travail sérialisée imposée mft="encodeur" file=393218
2026-07-31T17:40:12.575918Z  INFO agent::encode: convertisseur BGRA→NV12 (Video Processor MFT) configuré converter_provides_samples=true
2026-07-31T17:40:12.575938Z  INFO agent::encode::arret: file de travail sérialisée imposée mft="convertisseur" file=327681
2026-07-31T17:40:13.580333Z  INFO agent::diagnostics::multifenetre::banc: banc en cours images=[60] unites=[29] verdicts_faux=0 avant=Verdicts { justes: 60, voisines: 0, noires: 0, inconnues: 0 } apres=Verdicts { justes: 0, voisines: 0, noires: 0, inconnues: 0 }
2026-07-31T17:40:14.579954Z  INFO agent::diagnostics::multifenetre::banc: banc en cours images=[115] unites=[57] verdicts_faux=0 avant=Verdicts { justes: 115, voisines: 0, noires: 0, inconnues: 0 } apres=Verdicts { justes: 0, voisines: 0, noires: 0, inconnues: 0 }
2026-07-31T17:40:15.579969Z  INFO agent::diagnostics::multifenetre::banc: banc en cours images=[171] unites=[85] verdicts_faux=0 avant=Verdicts { justes: 171, voisines: 0, noires: 0, inconnues: 0 } apres=Verdicts { justes: 0, voisines: 0, noires: 0, inconnues: 0 }
2026-07-31T17:40:16.581609Z  INFO agent::diagnostics::multifenetre::banc: banc en cours images=[225] unites=[112] verdicts_faux=0 avant=Verdicts { justes: 225, voisines: 0, noires: 0, inconnues: 0 } apres=Verdicts { justes: 0, voisines: 0, noires: 0, inconnues: 0 }
2026-07-31T17:40:17.578695Z  INFO agent::encode::arret: épreuve : file bouchée file=393218 duree_ms=3000
2026-07-31T17:40:17.581786Z  INFO agent::diagnostics::multifenetre::banc: banc en cours images=[289] unites=[144] verdicts_faux=0 avant=Verdicts { justes: 289, voisines: 0, noires: 0, inconnues: 0 } apres=Verdicts { justes: 0, voisines: 0, noires: 0, inconnues: 0 }
2026-07-31T17:40:18.582627Z  INFO agent::diagnostics::multifenetre::banc: banc en cours images=[379] unites=[144] verdicts_faux=0 avant=Verdicts { justes: 379, voisines: 0, noires: 0, inconnues: 0 } apres=Verdicts { justes: 0, voisines: 0, noires: 0, inconnues: 0 }
2026-07-31T17:40:19.587184Z  INFO agent::diagnostics::multifenetre::banc: banc en cours images=[469] unites=[144] verdicts_faux=0 avant=Verdicts { justes: 469, voisines: 0, noires: 0, inconnues: 0 } apres=Verdicts { justes: 0, voisines: 0, noires: 0, inconnues: 0 }
2026-07-31T17:40:20.578212Z  INFO agent::diagnostics::multifenetre::banc: banc en cours images=[530] unites=[144] verdicts_faux=0 avant=Verdicts { justes: 530, voisines: 0, noires: 0, inconnues: 0 } apres=Verdicts { justes: 0, voisines: 0, noires: 0, inconnues: 0 }
2026-07-31T17:40:21.580328Z  INFO agent::diagnostics::multifenetre::banc: banc en cours images=[586] unites=[172] verdicts_faux=0 avant=Verdicts { justes: 586, voisines: 0, noires: 0, inconnues: 0 } apres=Verdicts { justes: 0, voisines: 0, noires: 0, inconnues: 0 }
2026-07-31T17:40:22.580322Z  INFO agent::diagnostics::multifenetre::banc: banc en cours images=[640] unites=[199] verdicts_faux=0 avant=Verdicts { justes: 640, voisines: 0, noires: 0, inconnues: 0 } apres=Verdicts { justes: 0, voisines: 0, noires: 0, inconnues: 0 }
2026-07-31T17:40:22.580343Z  INFO agent::diagnostics::multifenetre::banc: libération des encodeurs : début nombre=1
2026-07-31T17:40:22.580346Z  INFO agent::diagnostics::multifenetre::banc: libération d'un encodeur : avant id=0
2026-07-31T17:40:22.583072Z  INFO agent::diagnostics::multifenetre::banc: libération d'un encodeur : après id=0
2026-07-31T17:40:22.583083Z  INFO agent::diagnostics::multifenetre::banc: libération des encodeurs : terminée
2026-07-31T17:40:22.583088Z  INFO agent::diagnostics::multifenetre::banc: passe terminée passe="capture+encodage" voie="duplication" nombre=1 cadences=[64.0] unites=[199] verdicts_faux=0 mire0_avant_recouvrement=Verdicts { justes: 640, voisines: 0, noires: 0, inconnues: 0 } mire0_apres_recouvrement=Verdicts { justes: 0, voisines: 0, noires: 0, inconnues: 0 }
2026-07-31T17:40:22.583106Z  INFO agent::diagnostics::multifenetre::banc: libération des voies de capture : avant
2026-07-31T17:40:22.598270Z  INFO agent::diagnostics::multifenetre::banc: libération des voies de capture : après
