[2m2026-07-31T19:13:32.768862Z[0m [32m INFO[0m [2magent[0m[2m:[0m accélération pointeur neutralisée [3mrapport[0m[2m=[0m"seuils relus = [0, 0, 0], vitesse relue = 10 (attendu : [0, 0, 0] et 10)"
[2m2026-07-31T19:13:32.770761Z[0m [32m INFO[0m [2magent::capture[0m[2m:[0m adaptateur DXGI sans sortie [3madaptateur[0m[2m=[0mNVIDIA GeForce RTX 4070 [3mindex_adaptateur[0m[2m=[0m1
[2m2026-07-31T19:13:32.770801Z[0m [32m INFO[0m [2magent::capture[0m[2m:[0m adaptateur DXGI sans sortie [3madaptateur[0m[2m=[0mMicrosoft Basic Render Driver [3mindex_adaptateur[0m[2m=[0m2
[2m2026-07-31T19:13:32.770822Z[0m [32m INFO[0m [2magent::diagnostics::multifenetre::montee[0m[2m:[0m topologie relevée [3mmoment[0m[2m=[0m"avant création" [3mnombre[0m[2m=[0m1 [3mattachees[0m[2m=[0m1
[2m2026-07-31T19:13:32.770844Z[0m [32m INFO[0m [2magent::diagnostics::multifenetre::montee[0m[2m:[0m sortie [3mmoment[0m[2m=[0m"avant création" [3mnom[0m[2m=[0m\\.\DISPLAY1 [3madaptateur[0m[2m=[0mNVIDIA GeForce RTX 4070 [3mindex_adaptateur[0m[2m=[0m0 [3mindex_sortie[0m[2m=[0m0 [3mattachee[0m[2m=[0mtrue [3mx[0m[2m=[0m0 [3my[0m[2m=[0m0 [3mlargeur[0m[2m=[0m2400 [3mhauteur[0m[2m=[0m1080
[2m2026-07-31T19:13:32.771816Z[0m [32m INFO[0m [2magent::diagnostics::multifenetre::moniteurs[0m[2m:[0m sortie virtuelle créée [3mid[0m[2m=[0m260 [3madaptateur_bas[0m[2m=[0m62534 [3madaptateur_haut[0m[2m=[0m0 [3mguid[0m[2m=[0m9C4A1F6E-2B73-4D51-9E08-677541430001 [3mlargeur[0m[2m=[0m1280 [3mhauteur[0m[2m=[0m720 [3mhertz[0m[2m=[0m60
[2m2026-07-31T19:13:32.771846Z[0m [32m INFO[0m [2magent::diagnostics::multifenetre::paralleles[0m[2m:[0m sortie virtuelle créée [3mrang[0m[2m=[0m1 [3mid[0m[2m=[0m260
[2m2026-07-31T19:13:35.773346Z[0m [32m INFO[0m [2magent::capture[0m[2m:[0m adaptateur DXGI sans sortie [3madaptateur[0m[2m=[0mNVIDIA GeForce RTX 4070 [3mindex_adaptateur[0m[2m=[0m1
[2m2026-07-31T19:13:35.773381Z[0m [32m INFO[0m [2magent::capture[0m[2m:[0m adaptateur DXGI sans sortie [3madaptateur[0m[2m=[0mMicrosoft Basic Render Driver [3mindex_adaptateur[0m[2m=[0m2
[2m2026-07-31T19:13:35.773398Z[0m [32m INFO[0m [2magent::diagnostics::multifenetre::montee[0m[2m:[0m topologie relevée [3mmoment[0m[2m=[0m"après création" [3mnombre[0m[2m=[0m2 [3mattachees[0m[2m=[0m2
[2m2026-07-31T19:13:35.773402Z[0m [32m INFO[0m [2magent::diagnostics::multifenetre::montee[0m[2m:[0m sortie [3mmoment[0m[2m=[0m"après création" [3mnom[0m[2m=[0m\\.\DISPLAY1 [3madaptateur[0m[2m=[0mNVIDIA GeForce RTX 4070 [3mindex_adaptateur[0m[2m=[0m0 [3mindex_sortie[0m[2m=[0m0 [3mattachee[0m[2m=[0mtrue [3mx[0m[2m=[0m0 [3my[0m[2m=[0m0 [3mlargeur[0m[2m=[0m2400 [3mhauteur[0m[2m=[0m1080
[2m2026-07-31T19:13:35.773407Z[0m [32m INFO[0m [2magent::diagnostics::multifenetre::montee[0m[2m:[0m sortie [3mmoment[0m[2m=[0m"après création" [3mnom[0m[2m=[0m\\.\DISPLAY5 [3madaptateur[0m[2m=[0mNVIDIA GeForce RTX 4070 [3mindex_adaptateur[0m[2m=[0m0 [3mindex_sortie[0m[2m=[0m1 [3mattachee[0m[2m=[0mtrue [3mx[0m[2m=[0m2400 [3my[0m[2m=[0m0 [3mlargeur[0m[2m=[0m1280 [3mhauteur[0m[2m=[0m720
[2m2026-07-31T19:13:35.773412Z[0m [32m INFO[0m [2magent::diagnostics::multifenetre::paralleles[0m[2m:[0m sortie virtuelle retenue [3mnom[0m[2m=[0m\\.\DISPLAY5 [3madaptateur[0m[2m=[0mNVIDIA GeForce RTX 4070 [3mindex_adaptateur[0m[2m=[0m0 [3mindex_sortie[0m[2m=[0m1 [3mattachee[0m[2m=[0mtrue [3mx[0m[2m=[0m2400 [3my[0m[2m=[0m0 [3mlargeur_annoncee[0m[2m=[0m1280 [3mhauteur_annoncee[0m[2m=[0m720
[2m2026-07-31T19:13:45.867161Z[0m [32m INFO[0m [2magent::diagnostics::multifenetre::compteurs[0m[2m:[0m passe TÉMOIN — cadence de peinture sans capture [3mmires[0m[2m=[0m1 [3mtrames[0m[2m=[0m122739 [3mcadence[0m[2m=[0m12273.884903121569
[2m2026-07-31T19:13:45.867418Z[0m [32m INFO[0m [2magent::capture[0m[2m:[0m adaptateur DXGI sans sortie [3madaptateur[0m[2m=[0mNVIDIA GeForce RTX 4070 [3mindex_adaptateur[0m[2m=[0m1
[2m2026-07-31T19:13:45.867442Z[0m [32m INFO[0m [2magent::capture[0m[2m:[0m adaptateur DXGI sans sortie [3madaptateur[0m[2m=[0mMicrosoft Basic Render Driver [3mindex_adaptateur[0m[2m=[0m2
[2m2026-07-31T19:13:45.867456Z[0m [32m INFO[0m [2magent::diagnostics::multifenetre::paralleles[0m[2m:[0m les N sorties virtuelles sont encore là ET attachées — les verdicts de cette passe portent bien sur elles [3mpasse[0m[2m=[0m"témoin" [3mnombre[0m[2m=[0m1
[2m2026-07-31T19:13:45.867820Z[0m [32m INFO[0m [2magent::capture[0m[2m:[0m sortie retenue pour la duplication [3madaptateur[0m[2m=[0mNVIDIA GeForce RTX 4070 [3mindex_adaptateur[0m[2m=[0m0 [3mindex_sortie[0m[2m=[0m1 [3mattachee[0m[2m=[0mtrue
[2m2026-07-31T19:13:45.900493Z[0m [32m INFO[0m [2magent::capture[0m[2m:[0m protection multi-fils activée sur le contexte immédiat D3D11 [3mprotection_precedente[0m[2m=[0mfalse
[2m2026-07-31T19:13:45.900789Z[0m [32m INFO[0m [2magent::capture[0m[2m:[0m duplication de sortie établie [3mdesktop_width[0m[2m=[0m1280 [3mdesktop_height[0m[2m=[0m720
[2m2026-07-31T19:13:45.900810Z[0m [32m INFO[0m [2magent::diagnostics::multifenetre::paralleles::passes[0m[2m:[0m duplication ouverte [3mrang[0m[2m=[0m1 [3mnom[0m[2m=[0m\\.\DISPLAY5 [3mtexture_largeur[0m[2m=[0m1280 [3mtexture_hauteur[0m[2m=[0m720
[2m2026-07-31T19:13:45.900915Z[0m [32m INFO[0m [2magent::diagnostics::multifenetre::paralleles::passes[0m[2m:[0m les N duplications sont ouvertes de front [3mnombre[0m[2m=[0m1 [3mplaces_bureau[0m[2m=[0m[Rect { x: 2400, y: 0, width: 1280, height: 720 }] [3mplaces_texture[0m[2m=[0m[Rect { x: 0, y: 0, width: 1280, height: 720 }]
[2m2026-07-31T19:13:46.900956Z[0m [32m INFO[0m [2magent::diagnostics::multifenetre::paralleles::passes[0m[2m:[0m banc parallèle en cours [3mimages[0m[2m=[0m[90] [3munites[0m[2m=[0m[0] [3mverdicts[0m[2m=[0mVerdicts { justes: 90, voisines: 0, noires: 0, inconnues: 0 }
[2m2026-07-31T19:13:47.900978Z[0m [32m INFO[0m [2magent::diagnostics::multifenetre::paralleles::passes[0m[2m:[0m banc parallèle en cours [3mimages[0m[2m=[0m[180] [3munites[0m[2m=[0m[0] [3mverdicts[0m[2m=[0mVerdicts { justes: 180, voisines: 0, noires: 0, inconnues: 0 }
[2m2026-07-31T19:13:48.900969Z[0m [32m INFO[0m [2magent::diagnostics::multifenetre::paralleles::passes[0m[2m:[0m banc parallèle en cours [3mimages[0m[2m=[0m[270] [3munites[0m[2m=[0m[0] [3mverdicts[0m[2m=[0mVerdicts { justes: 270, voisines: 0, noires: 0, inconnues: 0 }
[2m2026-07-31T19:13:49.900947Z[0m [32m INFO[0m [2magent::diagnostics::multifenetre::paralleles::passes[0m[2m:[0m banc parallèle en cours [3mimages[0m[2m=[0m[360] [3munites[0m[2m=[0m[0] [3mverdicts[0m[2m=[0mVerdicts { justes: 360, voisines: 0, noires: 0, inconnues: 0 }
[2m2026-07-31T19:13:50.900995Z[0m [32m INFO[0m [2magent::diagnostics::multifenetre::paralleles::passes[0m[2m:[0m banc parallèle en cours [3mimages[0m[2m=[0m[450] [3munites[0m[2m=[0m[0] [3mverdicts[0m[2m=[0mVerdicts { justes: 450, voisines: 0, noires: 0, inconnues: 0 }
[2m2026-07-31T19:13:51.900970Z[0m [32m INFO[0m [2magent::diagnostics::multifenetre::paralleles::passes[0m[2m:[0m banc parallèle en cours [3mimages[0m[2m=[0m[540] [3munites[0m[2m=[0m[0] [3mverdicts[0m[2m=[0mVerdicts { justes: 540, voisines: 0, noires: 0, inconnues: 0 }
[2m2026-07-31T19:13:52.900986Z[0m [32m INFO[0m [2magent::diagnostics::multifenetre::paralleles::passes[0m[2m:[0m banc parallèle en cours [3mimages[0m[2m=[0m[630] [3munites[0m[2m=[0m[0] [3mverdicts[0m[2m=[0mVerdicts { justes: 630, voisines: 0, noires: 0, inconnues: 0 }
[2m2026-07-31T19:13:53.901020Z[0m [32m INFO[0m [2magent::diagnostics::multifenetre::paralleles::passes[0m[2m:[0m banc parallèle en cours [3mimages[0m[2m=[0m[720] [3munites[0m[2m=[0m[0] [3mverdicts[0m[2m=[0mVerdicts { justes: 720, voisines: 0, noires: 0, inconnues: 0 }
[2m2026-07-31T19:13:54.900962Z[0m [32m INFO[0m [2magent::diagnostics::multifenetre::paralleles::passes[0m[2m:[0m banc parallèle en cours [3mimages[0m[2m=[0m[810] [3munites[0m[2m=[0m[0] [3mverdicts[0m[2m=[0mVerdicts { justes: 810, voisines: 0, noires: 0, inconnues: 0 }
[2m2026-07-31T19:13:55.900974Z[0m [32m INFO[0m [2magent::diagnostics::multifenetre::paralleles::passes[0m[2m:[0m banc parallèle en cours [3mimages[0m[2m=[0m[900] [3munites[0m[2m=[0m[0] [3mverdicts[0m[2m=[0mVerdicts { justes: 900, voisines: 0, noires: 0, inconnues: 0 }
[2m2026-07-31T19:13:55.900996Z[0m [32m INFO[0m [2magent::diagnostics::multifenetre::compteurs[0m[2m:[0m passe terminée [3mpasse[0m[2m=[0m"capture" [3mvoie[0m[2m=[0m"duplication-parallele" [3mnombre[0m[2m=[0m1 [3mcadences[0m[2m=[0m[90.0] [3munites[0m[2m=[0m[0] [3mverdicts_faux[0m[2m=[0m0 [3mmire0_avant_recouvrement[0m[2m=[0mVerdicts { justes: 0, voisines: 0, noires: 0, inconnues: 0 } [3mmire0_apres_recouvrement[0m[2m=[0mVerdicts { justes: 900, voisines: 0, noires: 0, inconnues: 0 }
[2m2026-07-31T19:13:55.901223Z[0m [32m INFO[0m [2magent::capture[0m[2m:[0m adaptateur DXGI sans sortie [3madaptateur[0m[2m=[0mNVIDIA GeForce RTX 4070 [3mindex_adaptateur[0m[2m=[0m1
[2m2026-07-31T19:13:55.901246Z[0m [32m INFO[0m [2magent::capture[0m[2m:[0m adaptateur DXGI sans sortie [3madaptateur[0m[2m=[0mMicrosoft Basic Render Driver [3mindex_adaptateur[0m[2m=[0m2
[2m2026-07-31T19:13:55.901257Z[0m [32m INFO[0m [2magent::diagnostics::multifenetre::paralleles[0m[2m:[0m les N sorties virtuelles sont encore là ET attachées — les verdicts de cette passe portent bien sur elles [3mpasse[0m[2m=[0m"capture" [3mnombre[0m[2m=[0m1
[2m2026-07-31T19:13:55.902081Z[0m [32m INFO[0m [2magent::encode[0m[2m:[0m encodeur matériel retenu [3mencodeur[0m[2m=[0mNVIDIA H.264 Encoder MFT
[2m2026-07-31T19:13:55.969741Z[0m [32m INFO[0m [2magent::encode::arret[0m[2m:[0m file de travail sérialisée imposée [3mmft[0m[2m=[0m"encodeur" [3mfile[0m[2m=[0m327681
[2m2026-07-31T19:13:55.974811Z[0m [32m INFO[0m [2magent::encode[0m[2m:[0m convertisseur BGRA→NV12 (Video Processor MFT) configuré [3mconverter_provides_samples[0m[2m=[0mtrue
[2m2026-07-31T19:13:56.975297Z[0m [32m INFO[0m [2magent::diagnostics::multifenetre::paralleles::passes[0m[2m:[0m banc parallèle en cours [3mimages[0m[2m=[0m[90] [3munites[0m[2m=[0m[45] [3mverdicts[0m[2m=[0mVerdicts { justes: 90, voisines: 0, noires: 0, inconnues: 0 }
[2m2026-07-31T19:13:57.975450Z[0m [32m INFO[0m [2magent::diagnostics::multifenetre::paralleles::passes[0m[2m:[0m banc parallèle en cours [3mimages[0m[2m=[0m[180] [3munites[0m[2m=[0m[90] [3mverdicts[0m[2m=[0mVerdicts { justes: 180, voisines: 0, noires: 0, inconnues: 0 }
[2m2026-07-31T19:13:58.975394Z[0m [32m INFO[0m [2magent::diagnostics::multifenetre::paralleles::passes[0m[2m:[0m banc parallèle en cours [3mimages[0m[2m=[0m[270] [3munites[0m[2m=[0m[135] [3mverdicts[0m[2m=[0mVerdicts { justes: 270, voisines: 0, noires: 0, inconnues: 0 }
[2m2026-07-31T19:13:59.975368Z[0m [32m INFO[0m [2magent::diagnostics::multifenetre::paralleles::passes[0m[2m:[0m banc parallèle en cours [3mimages[0m[2m=[0m[360] [3munites[0m[2m=[0m[180] [3mverdicts[0m[2m=[0mVerdicts { justes: 360, voisines: 0, noires: 0, inconnues: 0 }
[2m2026-07-31T19:14:00.975330Z[0m [32m INFO[0m [2magent::diagnostics::multifenetre::paralleles::passes[0m[2m:[0m banc parallèle en cours [3mimages[0m[2m=[0m[450] [3munites[0m[2m=[0m[225] [3mverdicts[0m[2m=[0mVerdicts { justes: 450, voisines: 0, noires: 0, inconnues: 0 }
[2m2026-07-31T19:14:01.975388Z[0m [32m INFO[0m [2magent::diagnostics::multifenetre::paralleles::passes[0m[2m:[0m banc parallèle en cours [3mimages[0m[2m=[0m[540] [3munites[0m[2m=[0m[270] [3mverdicts[0m[2m=[0mVerdicts { justes: 540, voisines: 0, noires: 0, inconnues: 0 }
[2m2026-07-31T19:14:02.975431Z[0m [32m INFO[0m [2magent::diagnostics::multifenetre::paralleles::passes[0m[2m:[0m banc parallèle en cours [3mimages[0m[2m=[0m[630] [3munites[0m[2m=[0m[315] [3mverdicts[0m[2m=[0mVerdicts { justes: 630, voisines: 0, noires: 0, inconnues: 0 }
[2m2026-07-31T19:14:03.975358Z[0m [32m INFO[0m [2magent::diagnostics::multifenetre::paralleles::passes[0m[2m:[0m banc parallèle en cours [3mimages[0m[2m=[0m[720] [3munites[0m[2m=[0m[360] [3mverdicts[0m[2m=[0mVerdicts { justes: 720, voisines: 0, noires: 0, inconnues: 0 }
[2m2026-07-31T19:14:04.975275Z[0m [32m INFO[0m [2magent::diagnostics::multifenetre::paralleles::passes[0m[2m:[0m banc parallèle en cours [3mimages[0m[2m=[0m[810] [3munites[0m[2m=[0m[405] [3mverdicts[0m[2m=[0mVerdicts { justes: 810, voisines: 0, noires: 0, inconnues: 0 }
[2m2026-07-31T19:14:05.975299Z[0m [32m INFO[0m [2magent::diagnostics::multifenetre::paralleles::passes[0m[2m:[0m banc parallèle en cours [3mimages[0m[2m=[0m[900] [3munites[0m[2m=[0m[450] [3mverdicts[0m[2m=[0mVerdicts { justes: 900, voisines: 0, noires: 0, inconnues: 0 }
[2m2026-07-31T19:14:05.975340Z[0m [32m INFO[0m [2magent::diagnostics::multifenetre::paralleles::passes[0m[2m:[0m images converties puis écartées, encodeur par encodeur — l'écart entre « images » et « unites » se lit ici, pas dans le parallélisme [3mnv12_ecartees[0m[2m=[0m[449]
[2m2026-07-31T19:14:05.975345Z[0m [32m INFO[0m [2magent::diagnostics::multifenetre::paralleles::passes[0m[2m:[0m libération des encodeurs : début [3mnombre[0m[2m=[0m1
[2m2026-07-31T19:14:05.975349Z[0m [32m INFO[0m [2magent::diagnostics::multifenetre::paralleles::passes[0m[2m:[0m libération d'un encodeur : avant [3mid[0m[2m=[0m0
[2m2026-07-31T19:14:05.976018Z[0m [32m INFO[0m [2magent::diagnostics::multifenetre::paralleles::passes[0m[2m:[0m libération d'un encodeur : après [3mid[0m[2m=[0m0
[2m2026-07-31T19:14:05.976029Z[0m [32m INFO[0m [2magent::diagnostics::multifenetre::paralleles::passes[0m[2m:[0m libération des encodeurs : terminée
[2m2026-07-31T19:14:05.976033Z[0m [32m INFO[0m [2magent::diagnostics::multifenetre::compteurs[0m[2m:[0m passe terminée [3mpasse[0m[2m=[0m"capture+encodage" [3mvoie[0m[2m=[0m"duplication-parallele" [3mnombre[0m[2m=[0m1 [3mcadences[0m[2m=[0m[90.0] [3munites[0m[2m=[0m[450] [3mverdicts_faux[0m[2m=[0m0 [3mmire0_avant_recouvrement[0m[2m=[0mVerdicts { justes: 0, voisines: 0, noires: 0, inconnues: 0 } [3mmire0_apres_recouvrement[0m[2m=[0mVerdicts { justes: 900, voisines: 0, noires: 0, inconnues: 0 }
[2m2026-07-31T19:14:05.976293Z[0m [32m INFO[0m [2magent::capture[0m[2m:[0m adaptateur DXGI sans sortie [3madaptateur[0m[2m=[0mNVIDIA GeForce RTX 4070 [3mindex_adaptateur[0m[2m=[0m1
[2m2026-07-31T19:14:05.976313Z[0m [32m INFO[0m [2magent::capture[0m[2m:[0m adaptateur DXGI sans sortie [3madaptateur[0m[2m=[0mMicrosoft Basic Render Driver [3mindex_adaptateur[0m[2m=[0m2
[2m2026-07-31T19:14:05.976321Z[0m [32m INFO[0m [2magent::diagnostics::multifenetre::paralleles[0m[2m:[0m les N sorties virtuelles sont encore là ET attachées — les verdicts de cette passe portent bien sur elles [3mpasse[0m[2m=[0m"capture+encodage" [3mnombre[0m[2m=[0m1
[2m2026-07-31T19:14:05.976328Z[0m [32m INFO[0m [2magent::diagnostics::multifenetre::paralleles::passes[0m[2m:[0m libération des voies de capture : avant
[2m2026-07-31T19:14:05.992463Z[0m [32m INFO[0m [2magent::diagnostics::multifenetre::paralleles::passes[0m[2m:[0m libération des voies de capture : après
[2m2026-07-31T19:14:06.003528Z[0m [32m INFO[0m [2magent::diagnostics::multifenetre::paralleles[0m[2m:[0m chien de garde : plus grand écart entre deux battements sur toute la mesure [3mintervalle_ping_max_ms[0m[2m=[0m1000
[2m2026-07-31T19:14:06.003772Z[0m [32m INFO[0m [2magent::capture[0m[2m:[0m adaptateur DXGI sans sortie [3madaptateur[0m[2m=[0mNVIDIA GeForce RTX 4070 [3mindex_adaptateur[0m[2m=[0m1
[2m2026-07-31T19:14:06.003797Z[0m [32m INFO[0m [2magent::capture[0m[2m:[0m adaptateur DXGI sans sortie [3madaptateur[0m[2m=[0mMicrosoft Basic Render Driver [3mindex_adaptateur[0m[2m=[0m2
[2m2026-07-31T19:14:06.003808Z[0m [32m INFO[0m [2magent::diagnostics::multifenetre::paralleles[0m[2m:[0m les N sorties virtuelles sont encore là ET attachées — les verdicts de cette passe portent bien sur elles [3mpasse[0m[2m=[0m"bilan" [3mnombre[0m[2m=[0m1
[2m2026-07-31T19:14:06.011112Z[0m [32m INFO[0m [2magent::diagnostics::multifenetre::moniteurs[0m[2m:[0m sortie virtuelle détruite [3mid[0m[2m=[0m260
[2m2026-07-31T19:14:09.012018Z[0m [32m INFO[0m [2magent::capture[0m[2m:[0m adaptateur DXGI sans sortie [3madaptateur[0m[2m=[0mNVIDIA GeForce RTX 4070 [3mindex_adaptateur[0m[2m=[0m1
[2m2026-07-31T19:14:09.012050Z[0m [32m INFO[0m [2magent::capture[0m[2m:[0m adaptateur DXGI sans sortie [3madaptateur[0m[2m=[0mMicrosoft Basic Render Driver [3mindex_adaptateur[0m[2m=[0m2
[2m2026-07-31T19:14:09.012058Z[0m [32m INFO[0m [2magent::diagnostics::multifenetre::montee[0m[2m:[0m topologie relevée [3mmoment[0m[2m=[0m"après destruction" [3mnombre[0m[2m=[0m1 [3mattachees[0m[2m=[0m1
[2m2026-07-31T19:14:09.012062Z[0m [32m INFO[0m [2magent::diagnostics::multifenetre::montee[0m[2m:[0m sortie [3mmoment[0m[2m=[0m"après destruction" [3mnom[0m[2m=[0m\\.\DISPLAY1 [3madaptateur[0m[2m=[0mNVIDIA GeForce RTX 4070 [3mindex_adaptateur[0m[2m=[0m0 [3mindex_sortie[0m[2m=[0m0 [3mattachee[0m[2m=[0mtrue [3mx[0m[2m=[0m0 [3my[0m[2m=[0m0 [3mlargeur[0m[2m=[0m2400 [3mhauteur[0m[2m=[0m1080
[2m2026-07-31T19:14:09.012068Z[0m [32m INFO[0m [2magent::diagnostics::multifenetre::paralleles[0m[2m:[0m état initial restauré — mêmes sorties, nommément [3mnoms[0m[2m=[0m["\\\\.\\DISPLAY1"]
