[2m2026-07-31T19:34:37.348587Z[0m [32m INFO[0m [2magent[0m[2m:[0m accélération pointeur neutralisée [3mrapport[0m[2m=[0m"seuils relus = [0, 0, 0], vitesse relue = 10 (attendu : [0, 0, 0] et 10)"
[2m2026-07-31T19:34:37.350448Z[0m [32m INFO[0m [2magent::capture[0m[2m:[0m adaptateur DXGI sans sortie [3madaptateur[0m[2m=[0mNVIDIA GeForce RTX 4070 [3mindex_adaptateur[0m[2m=[0m1
[2m2026-07-31T19:34:37.350478Z[0m [32m INFO[0m [2magent::capture[0m[2m:[0m adaptateur DXGI sans sortie [3madaptateur[0m[2m=[0mMicrosoft Basic Render Driver [3mindex_adaptateur[0m[2m=[0m2
[2m2026-07-31T19:34:37.350492Z[0m [32m INFO[0m [2magent::diagnostics::multifenetre::montee[0m[2m:[0m topologie relevée [3mmoment[0m[2m=[0m"avant création" [3mnombre[0m[2m=[0m1 [3mattachees[0m[2m=[0m1
[2m2026-07-31T19:34:37.350500Z[0m [32m INFO[0m [2magent::diagnostics::multifenetre::montee[0m[2m:[0m sortie [3mmoment[0m[2m=[0m"avant création" [3mnom[0m[2m=[0m\\.\DISPLAY1 [3madaptateur[0m[2m=[0mNVIDIA GeForce RTX 4070 [3mindex_adaptateur[0m[2m=[0m0 [3mindex_sortie[0m[2m=[0m0 [3mattachee[0m[2m=[0mtrue [3mx[0m[2m=[0m0 [3my[0m[2m=[0m0 [3mlargeur[0m[2m=[0m2400 [3mhauteur[0m[2m=[0m1080
[2m2026-07-31T19:34:37.351378Z[0m [32m INFO[0m [2magent::diagnostics::multifenetre::moniteurs[0m[2m:[0m sortie virtuelle créée [3mid[0m[2m=[0m264 [3madaptateur_bas[0m[2m=[0m62534 [3madaptateur_haut[0m[2m=[0m0 [3mguid[0m[2m=[0m9C4A1F6E-2B73-4D51-9E08-677541430001 [3mlargeur[0m[2m=[0m1280 [3mhauteur[0m[2m=[0m720 [3mhertz[0m[2m=[0m60
[2m2026-07-31T19:34:37.351393Z[0m [32m INFO[0m [2magent::diagnostics::multifenetre::paralleles[0m[2m:[0m sortie virtuelle créée [3mrang[0m[2m=[0m1 [3mid[0m[2m=[0m264
[2m2026-07-31T19:34:37.351450Z[0m [32m INFO[0m [2magent::diagnostics::multifenetre::moniteurs[0m[2m:[0m sortie virtuelle créée [3mid[0m[2m=[0m265 [3madaptateur_bas[0m[2m=[0m62534 [3madaptateur_haut[0m[2m=[0m0 [3mguid[0m[2m=[0m9C4A1F6E-2B73-4D51-9E08-677541430002 [3mlargeur[0m[2m=[0m1280 [3mhauteur[0m[2m=[0m720 [3mhertz[0m[2m=[0m60
[2m2026-07-31T19:34:37.351455Z[0m [32m INFO[0m [2magent::diagnostics::multifenetre::paralleles[0m[2m:[0m sortie virtuelle créée [3mrang[0m[2m=[0m2 [3mid[0m[2m=[0m265
[2m2026-07-31T19:34:37.351551Z[0m [32m INFO[0m [2magent::diagnostics::multifenetre::moniteurs[0m[2m:[0m sortie virtuelle créée [3mid[0m[2m=[0m256 [3madaptateur_bas[0m[2m=[0m62534 [3madaptateur_haut[0m[2m=[0m0 [3mguid[0m[2m=[0m9C4A1F6E-2B73-4D51-9E08-677541430003 [3mlargeur[0m[2m=[0m1280 [3mhauteur[0m[2m=[0m720 [3mhertz[0m[2m=[0m60
[2m2026-07-31T19:34:37.351557Z[0m [32m INFO[0m [2magent::diagnostics::multifenetre::paralleles[0m[2m:[0m sortie virtuelle créée [3mrang[0m[2m=[0m3 [3mid[0m[2m=[0m256
[2m2026-07-31T19:34:37.351602Z[0m [32m INFO[0m [2magent::diagnostics::multifenetre::moniteurs[0m[2m:[0m sortie virtuelle créée [3mid[0m[2m=[0m257 [3madaptateur_bas[0m[2m=[0m62534 [3madaptateur_haut[0m[2m=[0m0 [3mguid[0m[2m=[0m9C4A1F6E-2B73-4D51-9E08-677541430004 [3mlargeur[0m[2m=[0m1280 [3mhauteur[0m[2m=[0m720 [3mhertz[0m[2m=[0m60
[2m2026-07-31T19:34:37.351607Z[0m [32m INFO[0m [2magent::diagnostics::multifenetre::paralleles[0m[2m:[0m sortie virtuelle créée [3mrang[0m[2m=[0m4 [3mid[0m[2m=[0m257
[2m2026-07-31T19:34:40.352667Z[0m [32m INFO[0m [2magent::capture[0m[2m:[0m adaptateur DXGI sans sortie [3madaptateur[0m[2m=[0mNVIDIA GeForce RTX 4070 [3mindex_adaptateur[0m[2m=[0m1
[2m2026-07-31T19:34:40.352700Z[0m [32m INFO[0m [2magent::capture[0m[2m:[0m adaptateur DXGI sans sortie [3madaptateur[0m[2m=[0mMicrosoft Basic Render Driver [3mindex_adaptateur[0m[2m=[0m2
[2m2026-07-31T19:34:40.352709Z[0m [32m INFO[0m [2magent::diagnostics::multifenetre::montee[0m[2m:[0m topologie relevée [3mmoment[0m[2m=[0m"après création" [3mnombre[0m[2m=[0m5 [3mattachees[0m[2m=[0m5
[2m2026-07-31T19:34:40.352712Z[0m [32m INFO[0m [2magent::diagnostics::multifenetre::montee[0m[2m:[0m sortie [3mmoment[0m[2m=[0m"après création" [3mnom[0m[2m=[0m\\.\DISPLAY1 [3madaptateur[0m[2m=[0mNVIDIA GeForce RTX 4070 [3mindex_adaptateur[0m[2m=[0m0 [3mindex_sortie[0m[2m=[0m0 [3mattachee[0m[2m=[0mtrue [3mx[0m[2m=[0m0 [3my[0m[2m=[0m0 [3mlargeur[0m[2m=[0m2400 [3mhauteur[0m[2m=[0m1080
[2m2026-07-31T19:34:40.352717Z[0m [32m INFO[0m [2magent::diagnostics::multifenetre::montee[0m[2m:[0m sortie [3mmoment[0m[2m=[0m"après création" [3mnom[0m[2m=[0m\\.\DISPLAY5 [3madaptateur[0m[2m=[0mNVIDIA GeForce RTX 4070 [3mindex_adaptateur[0m[2m=[0m0 [3mindex_sortie[0m[2m=[0m1 [3mattachee[0m[2m=[0mtrue [3mx[0m[2m=[0m2400 [3my[0m[2m=[0m0 [3mlargeur[0m[2m=[0m1280 [3mhauteur[0m[2m=[0m720
[2m2026-07-31T19:34:40.352720Z[0m [32m INFO[0m [2magent::diagnostics::multifenetre::montee[0m[2m:[0m sortie [3mmoment[0m[2m=[0m"après création" [3mnom[0m[2m=[0m\\.\DISPLAY6 [3madaptateur[0m[2m=[0mNVIDIA GeForce RTX 4070 [3mindex_adaptateur[0m[2m=[0m0 [3mindex_sortie[0m[2m=[0m2 [3mattachee[0m[2m=[0mtrue [3mx[0m[2m=[0m3680 [3my[0m[2m=[0m0 [3mlargeur[0m[2m=[0m1280 [3mhauteur[0m[2m=[0m720
[2m2026-07-31T19:34:40.352722Z[0m [32m INFO[0m [2magent::diagnostics::multifenetre::montee[0m[2m:[0m sortie [3mmoment[0m[2m=[0m"après création" [3mnom[0m[2m=[0m\\.\DISPLAY7 [3madaptateur[0m[2m=[0mNVIDIA GeForce RTX 4070 [3mindex_adaptateur[0m[2m=[0m0 [3mindex_sortie[0m[2m=[0m3 [3mattachee[0m[2m=[0mtrue [3mx[0m[2m=[0m4960 [3my[0m[2m=[0m0 [3mlargeur[0m[2m=[0m1280 [3mhauteur[0m[2m=[0m720
[2m2026-07-31T19:34:40.352725Z[0m [32m INFO[0m [2magent::diagnostics::multifenetre::montee[0m[2m:[0m sortie [3mmoment[0m[2m=[0m"après création" [3mnom[0m[2m=[0m\\.\DISPLAY8 [3madaptateur[0m[2m=[0mNVIDIA GeForce RTX 4070 [3mindex_adaptateur[0m[2m=[0m0 [3mindex_sortie[0m[2m=[0m4 [3mattachee[0m[2m=[0mtrue [3mx[0m[2m=[0m6240 [3my[0m[2m=[0m0 [3mlargeur[0m[2m=[0m1280 [3mhauteur[0m[2m=[0m720
[2m2026-07-31T19:34:40.352729Z[0m [32m INFO[0m [2magent::diagnostics::multifenetre::paralleles[0m[2m:[0m sortie virtuelle retenue [3mnom[0m[2m=[0m\\.\DISPLAY5 [3madaptateur[0m[2m=[0mNVIDIA GeForce RTX 4070 [3mindex_adaptateur[0m[2m=[0m0 [3mindex_sortie[0m[2m=[0m1 [3mattachee[0m[2m=[0mtrue [3mx[0m[2m=[0m2400 [3my[0m[2m=[0m0 [3mlargeur_annoncee[0m[2m=[0m1280 [3mhauteur_annoncee[0m[2m=[0m720
[2m2026-07-31T19:34:40.352732Z[0m [32m INFO[0m [2magent::diagnostics::multifenetre::paralleles[0m[2m:[0m sortie virtuelle retenue [3mnom[0m[2m=[0m\\.\DISPLAY6 [3madaptateur[0m[2m=[0mNVIDIA GeForce RTX 4070 [3mindex_adaptateur[0m[2m=[0m0 [3mindex_sortie[0m[2m=[0m2 [3mattachee[0m[2m=[0mtrue [3mx[0m[2m=[0m3680 [3my[0m[2m=[0m0 [3mlargeur_annoncee[0m[2m=[0m1280 [3mhauteur_annoncee[0m[2m=[0m720
[2m2026-07-31T19:34:40.352734Z[0m [32m INFO[0m [2magent::diagnostics::multifenetre::paralleles[0m[2m:[0m sortie virtuelle retenue [3mnom[0m[2m=[0m\\.\DISPLAY7 [3madaptateur[0m[2m=[0mNVIDIA GeForce RTX 4070 [3mindex_adaptateur[0m[2m=[0m0 [3mindex_sortie[0m[2m=[0m3 [3mattachee[0m[2m=[0mtrue [3mx[0m[2m=[0m4960 [3my[0m[2m=[0m0 [3mlargeur_annoncee[0m[2m=[0m1280 [3mhauteur_annoncee[0m[2m=[0m720
[2m2026-07-31T19:34:40.352737Z[0m [32m INFO[0m [2magent::diagnostics::multifenetre::paralleles[0m[2m:[0m sortie virtuelle retenue [3mnom[0m[2m=[0m\\.\DISPLAY8 [3madaptateur[0m[2m=[0mNVIDIA GeForce RTX 4070 [3mindex_adaptateur[0m[2m=[0m0 [3mindex_sortie[0m[2m=[0m4 [3mattachee[0m[2m=[0mtrue [3mx[0m[2m=[0m6240 [3my[0m[2m=[0m0 [3mlargeur_annoncee[0m[2m=[0m1280 [3mhauteur_annoncee[0m[2m=[0m720
[2m2026-07-31T19:34:50.450021Z[0m [32m INFO[0m [2magent::diagnostics::multifenetre::compteurs[0m[2m:[0m passe TÉMOIN — cadence de peinture sans capture [3mmires[0m[2m=[0m4 [3mtrames[0m[2m=[0m33255 [3mcadence[0m[2m=[0m3325.397012454524
[2m2026-07-31T19:34:50.450301Z[0m [32m INFO[0m [2magent::capture[0m[2m:[0m adaptateur DXGI sans sortie [3madaptateur[0m[2m=[0mNVIDIA GeForce RTX 4070 [3mindex_adaptateur[0m[2m=[0m1
[2m2026-07-31T19:34:50.450327Z[0m [32m INFO[0m [2magent::capture[0m[2m:[0m adaptateur DXGI sans sortie [3madaptateur[0m[2m=[0mMicrosoft Basic Render Driver [3mindex_adaptateur[0m[2m=[0m2
[2m2026-07-31T19:34:50.450340Z[0m [32m INFO[0m [2magent::diagnostics::multifenetre::paralleles[0m[2m:[0m les N sorties virtuelles sont encore là ET attachées — les verdicts de cette passe portent bien sur elles [3mpasse[0m[2m=[0m"témoin" [3mnombre[0m[2m=[0m4
[2m2026-07-31T19:34:50.450553Z[0m [32m INFO[0m [2magent::capture[0m[2m:[0m sortie retenue pour la duplication [3madaptateur[0m[2m=[0mNVIDIA GeForce RTX 4070 [3mindex_adaptateur[0m[2m=[0m0 [3mindex_sortie[0m[2m=[0m1 [3mattachee[0m[2m=[0mtrue
[2m2026-07-31T19:34:50.476549Z[0m [32m INFO[0m [2magent::capture[0m[2m:[0m protection multi-fils activée sur le contexte immédiat D3D11 [3mprotection_precedente[0m[2m=[0mfalse
[2m2026-07-31T19:34:50.476939Z[0m [32m INFO[0m [2magent::capture[0m[2m:[0m duplication de sortie établie [3mdesktop_width[0m[2m=[0m1280 [3mdesktop_height[0m[2m=[0m720
[2m2026-07-31T19:34:50.476954Z[0m [32m INFO[0m [2magent::diagnostics::multifenetre::paralleles::passes[0m[2m:[0m duplication ouverte [3mrang[0m[2m=[0m1 [3mnom[0m[2m=[0m\\.\DISPLAY5 [3mtexture_largeur[0m[2m=[0m1280 [3mtexture_hauteur[0m[2m=[0m720
[2m2026-07-31T19:34:50.477309Z[0m [32m INFO[0m [2magent::capture[0m[2m:[0m sortie retenue pour la duplication [3madaptateur[0m[2m=[0mNVIDIA GeForce RTX 4070 [3mindex_adaptateur[0m[2m=[0m0 [3mindex_sortie[0m[2m=[0m2 [3mattachee[0m[2m=[0mtrue
[2m2026-07-31T19:34:50.498757Z[0m [32m INFO[0m [2magent::capture[0m[2m:[0m protection multi-fils activée sur le contexte immédiat D3D11 [3mprotection_precedente[0m[2m=[0mfalse
[2m2026-07-31T19:34:50.498990Z[0m [32m INFO[0m [2magent::capture[0m[2m:[0m duplication de sortie établie [3mdesktop_width[0m[2m=[0m1280 [3mdesktop_height[0m[2m=[0m720
[2m2026-07-31T19:34:50.499001Z[0m [32m INFO[0m [2magent::diagnostics::multifenetre::paralleles::passes[0m[2m:[0m duplication ouverte [3mrang[0m[2m=[0m2 [3mnom[0m[2m=[0m\\.\DISPLAY6 [3mtexture_largeur[0m[2m=[0m1280 [3mtexture_hauteur[0m[2m=[0m720
[2m2026-07-31T19:34:50.499303Z[0m [32m INFO[0m [2magent::capture[0m[2m:[0m sortie retenue pour la duplication [3madaptateur[0m[2m=[0mNVIDIA GeForce RTX 4070 [3mindex_adaptateur[0m[2m=[0m0 [3mindex_sortie[0m[2m=[0m3 [3mattachee[0m[2m=[0mtrue
[2m2026-07-31T19:34:50.517427Z[0m [32m INFO[0m [2magent::capture[0m[2m:[0m protection multi-fils activée sur le contexte immédiat D3D11 [3mprotection_precedente[0m[2m=[0mfalse
[2m2026-07-31T19:34:50.517654Z[0m [32m INFO[0m [2magent::capture[0m[2m:[0m duplication de sortie établie [3mdesktop_width[0m[2m=[0m1280 [3mdesktop_height[0m[2m=[0m720
[2m2026-07-31T19:34:50.517665Z[0m [32m INFO[0m [2magent::diagnostics::multifenetre::paralleles::passes[0m[2m:[0m duplication ouverte [3mrang[0m[2m=[0m3 [3mnom[0m[2m=[0m\\.\DISPLAY7 [3mtexture_largeur[0m[2m=[0m1280 [3mtexture_hauteur[0m[2m=[0m720
[2m2026-07-31T19:34:50.517996Z[0m [32m INFO[0m [2magent::capture[0m[2m:[0m sortie retenue pour la duplication [3madaptateur[0m[2m=[0mNVIDIA GeForce RTX 4070 [3mindex_adaptateur[0m[2m=[0m0 [3mindex_sortie[0m[2m=[0m4 [3mattachee[0m[2m=[0mtrue
[2m2026-07-31T19:34:50.536416Z[0m [32m INFO[0m [2magent::capture[0m[2m:[0m protection multi-fils activée sur le contexte immédiat D3D11 [3mprotection_precedente[0m[2m=[0mfalse
[2m2026-07-31T19:34:50.536655Z[0m [32m INFO[0m [2magent::capture[0m[2m:[0m duplication de sortie établie [3mdesktop_width[0m[2m=[0m1280 [3mdesktop_height[0m[2m=[0m720
[2m2026-07-31T19:34:50.536666Z[0m [32m INFO[0m [2magent::diagnostics::multifenetre::paralleles::passes[0m[2m:[0m duplication ouverte [3mrang[0m[2m=[0m4 [3mnom[0m[2m=[0m\\.\DISPLAY8 [3mtexture_largeur[0m[2m=[0m1280 [3mtexture_hauteur[0m[2m=[0m720
[2m2026-07-31T19:34:50.536988Z[0m [32m INFO[0m [2magent::diagnostics::multifenetre::paralleles::passes[0m[2m:[0m les N duplications sont ouvertes de front [3mnombre[0m[2m=[0m4 [3mplaces_bureau[0m[2m=[0m[Rect { x: 2400, y: 0, width: 1280, height: 720 }, Rect { x: 3680, y: 0, width: 1280, height: 720 }, Rect { x: 4960, y: 0, width: 1280, height: 720 }, Rect { x: 6240, y: 0, width: 1280, height: 720 }] [3mplaces_texture[0m[2m=[0m[Rect { x: 0, y: 0, width: 1280, height: 720 }, Rect { x: 0, y: 0, width: 1280, height: 720 }, Rect { x: 0, y: 0, width: 1280, height: 720 }, Rect { x: 0, y: 0, width: 1280, height: 720 }]
[2m2026-07-31T19:34:51.537131Z[0m [32m INFO[0m [2magent::diagnostics::multifenetre::paralleles::passes[0m[2m:[0m banc parallèle en cours [3mimages[0m[2m=[0m[91, 91, 91, 90] [3munites[0m[2m=[0m[0, 0, 0, 0] [3mverdicts[0m[2m=[0mVerdicts { justes: 91, voisines: 0, noires: 0, inconnues: 0 }
[2m2026-07-31T19:34:52.537177Z[0m [32m INFO[0m [2magent::diagnostics::multifenetre::paralleles::passes[0m[2m:[0m banc parallèle en cours [3mimages[0m[2m=[0m[181, 181, 181, 180] [3munites[0m[2m=[0m[0, 0, 0, 0] [3mverdicts[0m[2m=[0mVerdicts { justes: 181, voisines: 0, noires: 0, inconnues: 0 }
[2m2026-07-31T19:34:53.537314Z[0m [32m INFO[0m [2magent::diagnostics::multifenetre::paralleles::passes[0m[2m:[0m banc parallèle en cours [3mimages[0m[2m=[0m[271, 271, 271, 270] [3munites[0m[2m=[0m[0, 0, 0, 0] [3mverdicts[0m[2m=[0mVerdicts { justes: 270, voisines: 0, noires: 0, inconnues: 0 }
[2m2026-07-31T19:34:54.537061Z[0m [32m INFO[0m [2magent::diagnostics::multifenetre::paralleles::passes[0m[2m:[0m banc parallèle en cours [3mimages[0m[2m=[0m[361, 361, 361, 360] [3munites[0m[2m=[0m[0, 0, 0, 0] [3mverdicts[0m[2m=[0mVerdicts { justes: 360, voisines: 0, noires: 0, inconnues: 0 }
[2m2026-07-31T19:34:55.537105Z[0m [32m INFO[0m [2magent::diagnostics::multifenetre::paralleles::passes[0m[2m:[0m banc parallèle en cours [3mimages[0m[2m=[0m[451, 451, 451, 450] [3munites[0m[2m=[0m[0, 0, 0, 0] [3mverdicts[0m[2m=[0mVerdicts { justes: 450, voisines: 0, noires: 0, inconnues: 0 }
[2m2026-07-31T19:34:56.537257Z[0m [32m INFO[0m [2magent::diagnostics::multifenetre::paralleles::passes[0m[2m:[0m banc parallèle en cours [3mimages[0m[2m=[0m[541, 541, 541, 540] [3munites[0m[2m=[0m[0, 0, 0, 0] [3mverdicts[0m[2m=[0mVerdicts { justes: 540, voisines: 0, noires: 0, inconnues: 0 }
[2m2026-07-31T19:34:57.537061Z[0m [32m INFO[0m [2magent::diagnostics::multifenetre::paralleles::passes[0m[2m:[0m banc parallèle en cours [3mimages[0m[2m=[0m[631, 631, 631, 630] [3munites[0m[2m=[0m[0, 0, 0, 0] [3mverdicts[0m[2m=[0mVerdicts { justes: 630, voisines: 0, noires: 0, inconnues: 0 }
[2m2026-07-31T19:34:58.537264Z[0m [32m INFO[0m [2magent::diagnostics::multifenetre::paralleles::passes[0m[2m:[0m banc parallèle en cours [3mimages[0m[2m=[0m[721, 721, 721, 720] [3munites[0m[2m=[0m[0, 0, 0, 0] [3mverdicts[0m[2m=[0mVerdicts { justes: 720, voisines: 0, noires: 0, inconnues: 0 }
[2m2026-07-31T19:34:59.537330Z[0m [32m INFO[0m [2magent::diagnostics::multifenetre::paralleles::passes[0m[2m:[0m banc parallèle en cours [3mimages[0m[2m=[0m[811, 811, 811, 810] [3munites[0m[2m=[0m[0, 0, 0, 0] [3mverdicts[0m[2m=[0mVerdicts { justes: 810, voisines: 0, noires: 0, inconnues: 0 }
[2m2026-07-31T19:35:00.537066Z[0m [32m INFO[0m [2magent::diagnostics::multifenetre::paralleles::passes[0m[2m:[0m banc parallèle en cours [3mimages[0m[2m=[0m[901, 901, 901, 900] [3munites[0m[2m=[0m[0, 0, 0, 0] [3mverdicts[0m[2m=[0mVerdicts { justes: 900, voisines: 0, noires: 0, inconnues: 0 }
[2m2026-07-31T19:35:00.537088Z[0m [32m INFO[0m [2magent::diagnostics::multifenetre::compteurs[0m[2m:[0m passe terminée [3mpasse[0m[2m=[0m"capture" [3mvoie[0m[2m=[0m"duplication-parallele" [3mnombre[0m[2m=[0m4 [3mcadences[0m[2m=[0m[90.1, 90.1, 90.1, 90.0] [3munites[0m[2m=[0m[0, 0, 0, 0] [3mverdicts_faux[0m[2m=[0m0 [3mmire0_avant_recouvrement[0m[2m=[0mVerdicts { justes: 0, voisines: 0, noires: 0, inconnues: 0 } [3mmire0_apres_recouvrement[0m[2m=[0mVerdicts { justes: 900, voisines: 0, noires: 0, inconnues: 0 }
[2m2026-07-31T19:35:00.537389Z[0m [32m INFO[0m [2magent::capture[0m[2m:[0m adaptateur DXGI sans sortie [3madaptateur[0m[2m=[0mNVIDIA GeForce RTX 4070 [3mindex_adaptateur[0m[2m=[0m1
[2m2026-07-31T19:35:00.537412Z[0m [32m INFO[0m [2magent::capture[0m[2m:[0m adaptateur DXGI sans sortie [3madaptateur[0m[2m=[0mMicrosoft Basic Render Driver [3mindex_adaptateur[0m[2m=[0m2
[2m2026-07-31T19:35:00.537422Z[0m [32m INFO[0m [2magent::diagnostics::multifenetre::paralleles[0m[2m:[0m les N sorties virtuelles sont encore là ET attachées — les verdicts de cette passe portent bien sur elles [3mpasse[0m[2m=[0m"capture" [3mnombre[0m[2m=[0m4
[2m2026-07-31T19:35:00.538410Z[0m [32m INFO[0m [2magent::encode[0m[2m:[0m encodeur matériel retenu [3mencodeur[0m[2m=[0mNVIDIA H.264 Encoder MFT
[2m2026-07-31T19:35:00.606237Z[0m [32m INFO[0m [2magent::encode::arret[0m[2m:[0m file de travail sérialisée imposée [3mmft[0m[2m=[0m"encodeur" [3mfile[0m[2m=[0m327681
[2m2026-07-31T19:35:00.611331Z[0m [32m INFO[0m [2magent::encode[0m[2m:[0m convertisseur BGRA→NV12 (Video Processor MFT) configuré [3mconverter_provides_samples[0m[2m=[0mtrue
[2m2026-07-31T19:35:00.611923Z[0m [32m INFO[0m [2magent::encode[0m[2m:[0m encodeur matériel retenu [3mencodeur[0m[2m=[0mNVIDIA H.264 Encoder MFT
[2m2026-07-31T19:35:00.666255Z[0m [32m INFO[0m [2magent::encode::arret[0m[2m:[0m file de travail sérialisée imposée [3mmft[0m[2m=[0m"encodeur" [3mfile[0m[2m=[0m524293
[2m2026-07-31T19:35:00.666463Z[0m [32m INFO[0m [2magent::encode[0m[2m:[0m convertisseur BGRA→NV12 (Video Processor MFT) configuré [3mconverter_provides_samples[0m[2m=[0mtrue
[2m2026-07-31T19:35:00.666881Z[0m [32m INFO[0m [2magent::encode[0m[2m:[0m encodeur matériel retenu [3mencodeur[0m[2m=[0mNVIDIA H.264 Encoder MFT
[2m2026-07-31T19:35:00.718085Z[0m [32m INFO[0m [2magent::encode::arret[0m[2m:[0m file de travail sérialisée imposée [3mmft[0m[2m=[0m"encodeur" [3mfile[0m[2m=[0m655368
[2m2026-07-31T19:35:00.718292Z[0m [32m INFO[0m [2magent::encode[0m[2m:[0m convertisseur BGRA→NV12 (Video Processor MFT) configuré [3mconverter_provides_samples[0m[2m=[0mtrue
[2m2026-07-31T19:35:00.718721Z[0m [32m INFO[0m [2magent::encode[0m[2m:[0m encodeur matériel retenu [3mencodeur[0m[2m=[0mNVIDIA H.264 Encoder MFT
[2m2026-07-31T19:35:00.770176Z[0m [32m INFO[0m [2magent::encode::arret[0m[2m:[0m file de travail sérialisée imposée [3mmft[0m[2m=[0m"encodeur" [3mfile[0m[2m=[0m786443
[2m2026-07-31T19:35:00.770379Z[0m [32m INFO[0m [2magent::encode[0m[2m:[0m convertisseur BGRA→NV12 (Video Processor MFT) configuré [3mconverter_provides_samples[0m[2m=[0mtrue
[2m2026-07-31T19:35:01.770937Z[0m [32m INFO[0m [2magent::diagnostics::multifenetre::paralleles::passes[0m[2m:[0m banc parallèle en cours [3mimages[0m[2m=[0m[91, 91, 91, 91] [3munites[0m[2m=[0m[45, 45, 45, 45] [3mverdicts[0m[2m=[0mVerdicts { justes: 91, voisines: 0, noires: 0, inconnues: 0 }
[2m2026-07-31T19:35:02.770931Z[0m [32m INFO[0m [2magent::diagnostics::multifenetre::paralleles::passes[0m[2m:[0m banc parallèle en cours [3mimages[0m[2m=[0m[181, 181, 181, 181] [3munites[0m[2m=[0m[90, 90, 90, 90] [3mverdicts[0m[2m=[0mVerdicts { justes: 181, voisines: 0, noires: 0, inconnues: 0 }
[2m2026-07-31T19:35:03.770970Z[0m [32m INFO[0m [2magent::diagnostics::multifenetre::paralleles::passes[0m[2m:[0m banc parallèle en cours [3mimages[0m[2m=[0m[271, 271, 271, 271] [3munites[0m[2m=[0m[135, 135, 135, 135] [3mverdicts[0m[2m=[0mVerdicts { justes: 271, voisines: 0, noires: 0, inconnues: 0 }
[2m2026-07-31T19:35:04.770954Z[0m [32m INFO[0m [2magent::diagnostics::multifenetre::paralleles::passes[0m[2m:[0m banc parallèle en cours [3mimages[0m[2m=[0m[361, 361, 361, 361] [3munites[0m[2m=[0m[180, 180, 180, 180] [3mverdicts[0m[2m=[0mVerdicts { justes: 361, voisines: 0, noires: 0, inconnues: 0 }
[2m2026-07-31T19:35:05.770900Z[0m [32m INFO[0m [2magent::diagnostics::multifenetre::paralleles::passes[0m[2m:[0m banc parallèle en cours [3mimages[0m[2m=[0m[451, 451, 451, 451] [3munites[0m[2m=[0m[225, 225, 225, 225] [3mverdicts[0m[2m=[0mVerdicts { justes: 451, voisines: 0, noires: 0, inconnues: 0 }
[2m2026-07-31T19:35:06.770891Z[0m [32m INFO[0m [2magent::diagnostics::multifenetre::paralleles::passes[0m[2m:[0m banc parallèle en cours [3mimages[0m[2m=[0m[541, 541, 541, 541] [3munites[0m[2m=[0m[270, 270, 270, 270] [3mverdicts[0m[2m=[0mVerdicts { justes: 541, voisines: 0, noires: 0, inconnues: 0 }
[2m2026-07-31T19:35:07.770880Z[0m [32m INFO[0m [2magent::diagnostics::multifenetre::paralleles::passes[0m[2m:[0m banc parallèle en cours [3mimages[0m[2m=[0m[631, 631, 631, 631] [3munites[0m[2m=[0m[315, 315, 315, 315] [3mverdicts[0m[2m=[0mVerdicts { justes: 631, voisines: 0, noires: 0, inconnues: 0 }
[2m2026-07-31T19:35:08.771082Z[0m [32m INFO[0m [2magent::diagnostics::multifenetre::paralleles::passes[0m[2m:[0m banc parallèle en cours [3mimages[0m[2m=[0m[721, 721, 721, 721] [3munites[0m[2m=[0m[360, 360, 360, 360] [3mverdicts[0m[2m=[0mVerdicts { justes: 721, voisines: 0, noires: 0, inconnues: 0 }
[2m2026-07-31T19:35:09.770927Z[0m [32m INFO[0m [2magent::diagnostics::multifenetre::paralleles::passes[0m[2m:[0m banc parallèle en cours [3mimages[0m[2m=[0m[811, 811, 811, 811] [3munites[0m[2m=[0m[405, 405, 405, 405] [3mverdicts[0m[2m=[0mVerdicts { justes: 811, voisines: 0, noires: 0, inconnues: 0 }
[2m2026-07-31T19:35:10.771024Z[0m [32m INFO[0m [2magent::diagnostics::multifenetre::paralleles::passes[0m[2m:[0m banc parallèle en cours [3mimages[0m[2m=[0m[901, 901, 901, 901] [3munites[0m[2m=[0m[450, 450, 450, 450] [3mverdicts[0m[2m=[0mVerdicts { justes: 901, voisines: 0, noires: 0, inconnues: 0 }
[2m2026-07-31T19:35:10.771055Z[0m [32m INFO[0m [2magent::diagnostics::multifenetre::paralleles::passes[0m[2m:[0m images converties puis écartées, encodeur par encodeur — l'écart entre « images » et « unites » se lit ici, pas dans le parallélisme [3mnv12_ecartees[0m[2m=[0m[450, 450, 450, 450]
[2m2026-07-31T19:35:10.771060Z[0m [32m INFO[0m [2magent::diagnostics::multifenetre::paralleles::passes[0m[2m:[0m libération des encodeurs : début [3mnombre[0m[2m=[0m4
[2m2026-07-31T19:35:10.771062Z[0m [32m INFO[0m [2magent::diagnostics::multifenetre::paralleles::passes[0m[2m:[0m libération d'un encodeur : avant [3mid[0m[2m=[0m0
[2m2026-07-31T19:35:10.771587Z[0m [32m INFO[0m [2magent::diagnostics::multifenetre::paralleles::passes[0m[2m:[0m libération d'un encodeur : après [3mid[0m[2m=[0m0
[2m2026-07-31T19:35:10.771596Z[0m [32m INFO[0m [2magent::diagnostics::multifenetre::paralleles::passes[0m[2m:[0m libération d'un encodeur : avant [3mid[0m[2m=[0m1
[2m2026-07-31T19:35:10.771949Z[0m [32m INFO[0m [2magent::diagnostics::multifenetre::paralleles::passes[0m[2m:[0m libération d'un encodeur : après [3mid[0m[2m=[0m1
[2m2026-07-31T19:35:10.771956Z[0m [32m INFO[0m [2magent::diagnostics::multifenetre::paralleles::passes[0m[2m:[0m libération d'un encodeur : avant [3mid[0m[2m=[0m2
[2m2026-07-31T19:35:10.772278Z[0m [32m INFO[0m [2magent::diagnostics::multifenetre::paralleles::passes[0m[2m:[0m libération d'un encodeur : après [3mid[0m[2m=[0m2
[2m2026-07-31T19:35:10.772285Z[0m [32m INFO[0m [2magent::diagnostics::multifenetre::paralleles::passes[0m[2m:[0m libération d'un encodeur : avant [3mid[0m[2m=[0m3
[2m2026-07-31T19:35:10.772756Z[0m [32m INFO[0m [2magent::diagnostics::multifenetre::paralleles::passes[0m[2m:[0m libération d'un encodeur : après [3mid[0m[2m=[0m3
[2m2026-07-31T19:35:10.772764Z[0m [32m INFO[0m [2magent::diagnostics::multifenetre::paralleles::passes[0m[2m:[0m libération des encodeurs : terminée
[2m2026-07-31T19:35:10.772768Z[0m [32m INFO[0m [2magent::diagnostics::multifenetre::compteurs[0m[2m:[0m passe terminée [3mpasse[0m[2m=[0m"capture+encodage" [3mvoie[0m[2m=[0m"duplication-parallele" [3mnombre[0m[2m=[0m4 [3mcadences[0m[2m=[0m[90.1, 90.1, 90.1, 90.1] [3munites[0m[2m=[0m[450, 450, 450, 450] [3mverdicts_faux[0m[2m=[0m0 [3mmire0_avant_recouvrement[0m[2m=[0mVerdicts { justes: 0, voisines: 0, noires: 0, inconnues: 0 } [3mmire0_apres_recouvrement[0m[2m=[0mVerdicts { justes: 901, voisines: 0, noires: 0, inconnues: 0 }
[2m2026-07-31T19:35:10.773016Z[0m [32m INFO[0m [2magent::capture[0m[2m:[0m adaptateur DXGI sans sortie [3madaptateur[0m[2m=[0mNVIDIA GeForce RTX 4070 [3mindex_adaptateur[0m[2m=[0m1
[2m2026-07-31T19:35:10.773040Z[0m [32m INFO[0m [2magent::capture[0m[2m:[0m adaptateur DXGI sans sortie [3madaptateur[0m[2m=[0mMicrosoft Basic Render Driver [3mindex_adaptateur[0m[2m=[0m2
[2m2026-07-31T19:35:10.773053Z[0m [32m INFO[0m [2magent::diagnostics::multifenetre::paralleles[0m[2m:[0m les N sorties virtuelles sont encore là ET attachées — les verdicts de cette passe portent bien sur elles [3mpasse[0m[2m=[0m"capture+encodage" [3mnombre[0m[2m=[0m4
[2m2026-07-31T19:35:10.773058Z[0m [32m INFO[0m [2magent::diagnostics::multifenetre::paralleles::passes[0m[2m:[0m libération des voies de capture : avant
[2m2026-07-31T19:35:10.831608Z[0m [32m INFO[0m [2magent::diagnostics::multifenetre::paralleles::passes[0m[2m:[0m libération des voies de capture : après
[2m2026-07-31T19:35:10.842880Z[0m [32m INFO[0m [2magent::diagnostics::multifenetre::paralleles[0m[2m:[0m chien de garde : plus grand écart entre deux battements sur toute la mesure [3mintervalle_ping_max_ms[0m[2m=[0m1000
[2m2026-07-31T19:35:10.843198Z[0m [32m INFO[0m [2magent::capture[0m[2m:[0m adaptateur DXGI sans sortie [3madaptateur[0m[2m=[0mNVIDIA GeForce RTX 4070 [3mindex_adaptateur[0m[2m=[0m1
[2m2026-07-31T19:35:10.843233Z[0m [32m INFO[0m [2magent::capture[0m[2m:[0m adaptateur DXGI sans sortie [3madaptateur[0m[2m=[0mMicrosoft Basic Render Driver [3mindex_adaptateur[0m[2m=[0m2
[2m2026-07-31T19:35:10.843246Z[0m [32m INFO[0m [2magent::diagnostics::multifenetre::paralleles[0m[2m:[0m les N sorties virtuelles sont encore là ET attachées — les verdicts de cette passe portent bien sur elles [3mpasse[0m[2m=[0m"bilan" [3mnombre[0m[2m=[0m4
[2m2026-07-31T19:35:10.848250Z[0m [32m INFO[0m [2magent::diagnostics::multifenetre::moniteurs[0m[2m:[0m sortie virtuelle détruite [3mid[0m[2m=[0m257
[2m2026-07-31T19:35:10.853129Z[0m [32m INFO[0m [2magent::diagnostics::multifenetre::moniteurs[0m[2m:[0m sortie virtuelle détruite [3mid[0m[2m=[0m256
[2m2026-07-31T19:35:10.857691Z[0m [32m INFO[0m [2magent::diagnostics::multifenetre::moniteurs[0m[2m:[0m sortie virtuelle détruite [3mid[0m[2m=[0m265
[2m2026-07-31T19:35:10.864278Z[0m [32m INFO[0m [2magent::diagnostics::multifenetre::moniteurs[0m[2m:[0m sortie virtuelle détruite [3mid[0m[2m=[0m264
[2m2026-07-31T19:35:13.865390Z[0m [32m INFO[0m [2magent::capture[0m[2m:[0m adaptateur DXGI sans sortie [3madaptateur[0m[2m=[0mNVIDIA GeForce RTX 4070 [3mindex_adaptateur[0m[2m=[0m1
[2m2026-07-31T19:35:13.865420Z[0m [32m INFO[0m [2magent::capture[0m[2m:[0m adaptateur DXGI sans sortie [3madaptateur[0m[2m=[0mMicrosoft Basic Render Driver [3mindex_adaptateur[0m[2m=[0m2
[2m2026-07-31T19:35:13.865428Z[0m [32m INFO[0m [2magent::diagnostics::multifenetre::montee[0m[2m:[0m topologie relevée [3mmoment[0m[2m=[0m"après destruction" [3mnombre[0m[2m=[0m1 [3mattachees[0m[2m=[0m1
[2m2026-07-31T19:35:13.865432Z[0m [32m INFO[0m [2magent::diagnostics::multifenetre::montee[0m[2m:[0m sortie [3mmoment[0m[2m=[0m"après destruction" [3mnom[0m[2m=[0m\\.\DISPLAY1 [3madaptateur[0m[2m=[0mNVIDIA GeForce RTX 4070 [3mindex_adaptateur[0m[2m=[0m0 [3mindex_sortie[0m[2m=[0m0 [3mattachee[0m[2m=[0mtrue [3mx[0m[2m=[0m0 [3my[0m[2m=[0m0 [3mlargeur[0m[2m=[0m2400 [3mhauteur[0m[2m=[0m1080
[2m2026-07-31T19:35:13.865438Z[0m [32m INFO[0m [2magent::diagnostics::multifenetre::paralleles[0m[2m:[0m état initial restauré — mêmes sorties, nommément [3mnoms[0m[2m=[0m["\\\\.\\DISPLAY1"]
