[2m2026-07-31T19:28:43.415817Z[0m [32m INFO[0m [2magent[0m[2m:[0m accélération pointeur neutralisée [3mrapport[0m[2m=[0m"seuils relus = [0, 0, 0], vitesse relue = 10 (attendu : [0, 0, 0] et 10)"
[2m2026-07-31T19:28:43.417607Z[0m [32m INFO[0m [2magent::capture[0m[2m:[0m adaptateur DXGI sans sortie [3madaptateur[0m[2m=[0mNVIDIA GeForce RTX 4070 [3mindex_adaptateur[0m[2m=[0m1
[2m2026-07-31T19:28:43.417641Z[0m [32m INFO[0m [2magent::capture[0m[2m:[0m adaptateur DXGI sans sortie [3madaptateur[0m[2m=[0mMicrosoft Basic Render Driver [3mindex_adaptateur[0m[2m=[0m2
[2m2026-07-31T19:28:43.417656Z[0m [32m INFO[0m [2magent::diagnostics::multifenetre::montee[0m[2m:[0m topologie relevée [3mmoment[0m[2m=[0m"avant création" [3mnombre[0m[2m=[0m1 [3mattachees[0m[2m=[0m1
[2m2026-07-31T19:28:43.417665Z[0m [32m INFO[0m [2magent::diagnostics::multifenetre::montee[0m[2m:[0m sortie [3mmoment[0m[2m=[0m"avant création" [3mnom[0m[2m=[0m\\.\DISPLAY1 [3madaptateur[0m[2m=[0mNVIDIA GeForce RTX 4070 [3mindex_adaptateur[0m[2m=[0m0 [3mindex_sortie[0m[2m=[0m0 [3mattachee[0m[2m=[0mtrue [3mx[0m[2m=[0m0 [3my[0m[2m=[0m0 [3mlargeur[0m[2m=[0m2400 [3mhauteur[0m[2m=[0m1080
[2m2026-07-31T19:28:43.418734Z[0m [32m INFO[0m [2magent::diagnostics::multifenetre::moniteurs[0m[2m:[0m sortie virtuelle créée [3mid[0m[2m=[0m261 [3madaptateur_bas[0m[2m=[0m62534 [3madaptateur_haut[0m[2m=[0m0 [3mguid[0m[2m=[0m9C4A1F6E-2B73-4D51-9E08-677541430001 [3mlargeur[0m[2m=[0m1280 [3mhauteur[0m[2m=[0m720 [3mhertz[0m[2m=[0m60
[2m2026-07-31T19:28:43.418752Z[0m [32m INFO[0m [2magent::diagnostics::multifenetre::paralleles[0m[2m:[0m sortie virtuelle créée [3mrang[0m[2m=[0m1 [3mid[0m[2m=[0m261
[2m2026-07-31T19:28:46.420145Z[0m [32m INFO[0m [2magent::capture[0m[2m:[0m adaptateur DXGI sans sortie [3madaptateur[0m[2m=[0mNVIDIA GeForce RTX 4070 [3mindex_adaptateur[0m[2m=[0m1
[2m2026-07-31T19:28:46.420177Z[0m [32m INFO[0m [2magent::capture[0m[2m:[0m adaptateur DXGI sans sortie [3madaptateur[0m[2m=[0mMicrosoft Basic Render Driver [3mindex_adaptateur[0m[2m=[0m2
[2m2026-07-31T19:28:46.420185Z[0m [32m INFO[0m [2magent::diagnostics::multifenetre::montee[0m[2m:[0m topologie relevée [3mmoment[0m[2m=[0m"après création" [3mnombre[0m[2m=[0m2 [3mattachees[0m[2m=[0m2
[2m2026-07-31T19:28:46.420188Z[0m [32m INFO[0m [2magent::diagnostics::multifenetre::montee[0m[2m:[0m sortie [3mmoment[0m[2m=[0m"après création" [3mnom[0m[2m=[0m\\.\DISPLAY1 [3madaptateur[0m[2m=[0mNVIDIA GeForce RTX 4070 [3mindex_adaptateur[0m[2m=[0m0 [3mindex_sortie[0m[2m=[0m0 [3mattachee[0m[2m=[0mtrue [3mx[0m[2m=[0m0 [3my[0m[2m=[0m0 [3mlargeur[0m[2m=[0m2400 [3mhauteur[0m[2m=[0m1080
[2m2026-07-31T19:28:46.420193Z[0m [32m INFO[0m [2magent::diagnostics::multifenetre::montee[0m[2m:[0m sortie [3mmoment[0m[2m=[0m"après création" [3mnom[0m[2m=[0m\\.\DISPLAY5 [3madaptateur[0m[2m=[0mNVIDIA GeForce RTX 4070 [3mindex_adaptateur[0m[2m=[0m0 [3mindex_sortie[0m[2m=[0m1 [3mattachee[0m[2m=[0mtrue [3mx[0m[2m=[0m2400 [3my[0m[2m=[0m0 [3mlargeur[0m[2m=[0m1280 [3mhauteur[0m[2m=[0m720
[2m2026-07-31T19:28:46.420198Z[0m [32m INFO[0m [2magent::diagnostics::multifenetre::paralleles[0m[2m:[0m sortie virtuelle retenue [3mnom[0m[2m=[0m\\.\DISPLAY5 [3madaptateur[0m[2m=[0mNVIDIA GeForce RTX 4070 [3mindex_adaptateur[0m[2m=[0m0 [3mindex_sortie[0m[2m=[0m1 [3mattachee[0m[2m=[0mtrue [3mx[0m[2m=[0m2400 [3my[0m[2m=[0m0 [3mlargeur_annoncee[0m[2m=[0m1280 [3mhauteur_annoncee[0m[2m=[0m720
[2m2026-07-31T19:28:56.507545Z[0m [32m INFO[0m [2magent::diagnostics::multifenetre::compteurs[0m[2m:[0m passe TÉMOIN — cadence de peinture sans capture [3mmires[0m[2m=[0m1 [3mtrames[0m[2m=[0m126409 [3mcadence[0m[2m=[0m12640.863467904577
[2m2026-07-31T19:28:56.507809Z[0m [32m INFO[0m [2magent::capture[0m[2m:[0m adaptateur DXGI sans sortie [3madaptateur[0m[2m=[0mNVIDIA GeForce RTX 4070 [3mindex_adaptateur[0m[2m=[0m1
[2m2026-07-31T19:28:56.507832Z[0m [32m INFO[0m [2magent::capture[0m[2m:[0m adaptateur DXGI sans sortie [3madaptateur[0m[2m=[0mMicrosoft Basic Render Driver [3mindex_adaptateur[0m[2m=[0m2
[2m2026-07-31T19:28:56.507844Z[0m [32m INFO[0m [2magent::diagnostics::multifenetre::paralleles[0m[2m:[0m les N sorties virtuelles sont encore là ET attachées — les verdicts de cette passe portent bien sur elles [3mpasse[0m[2m=[0m"témoin" [3mnombre[0m[2m=[0m1
[2m2026-07-31T19:28:56.508085Z[0m [32m INFO[0m [2magent::capture[0m[2m:[0m sortie retenue pour la duplication [3madaptateur[0m[2m=[0mNVIDIA GeForce RTX 4070 [3mindex_adaptateur[0m[2m=[0m0 [3mindex_sortie[0m[2m=[0m1 [3mattachee[0m[2m=[0mtrue
[2m2026-07-31T19:28:56.534737Z[0m [32m INFO[0m [2magent::capture[0m[2m:[0m protection multi-fils activée sur le contexte immédiat D3D11 [3mprotection_precedente[0m[2m=[0mfalse
[2m2026-07-31T19:28:56.535111Z[0m [32m INFO[0m [2magent::capture[0m[2m:[0m duplication de sortie établie [3mdesktop_width[0m[2m=[0m1280 [3mdesktop_height[0m[2m=[0m720
[2m2026-07-31T19:28:56.535124Z[0m [32m INFO[0m [2magent::diagnostics::multifenetre::paralleles::passes[0m[2m:[0m duplication ouverte [3mrang[0m[2m=[0m1 [3mnom[0m[2m=[0m\\.\DISPLAY5 [3mtexture_largeur[0m[2m=[0m1280 [3mtexture_hauteur[0m[2m=[0m720
[2m2026-07-31T19:28:56.535217Z[0m [32m INFO[0m [2magent::diagnostics::multifenetre::paralleles::passes[0m[2m:[0m les N duplications sont ouvertes de front [3mnombre[0m[2m=[0m1 [3mplaces_bureau[0m[2m=[0m[Rect { x: 2400, y: 0, width: 1280, height: 720 }] [3mplaces_texture[0m[2m=[0m[Rect { x: 0, y: 0, width: 1280, height: 720 }]
[2m2026-07-31T19:28:57.535281Z[0m [32m INFO[0m [2magent::diagnostics::multifenetre::paralleles::passes[0m[2m:[0m banc parallèle en cours [3mimages[0m[2m=[0m[90] [3munites[0m[2m=[0m[0] [3mverdicts[0m[2m=[0mVerdicts { justes: 90, voisines: 0, noires: 0, inconnues: 0 }
[2m2026-07-31T19:28:58.535368Z[0m [32m INFO[0m [2magent::diagnostics::multifenetre::paralleles::passes[0m[2m:[0m banc parallèle en cours [3mimages[0m[2m=[0m[180] [3munites[0m[2m=[0m[0] [3mverdicts[0m[2m=[0mVerdicts { justes: 180, voisines: 0, noires: 0, inconnues: 0 }
[2m2026-07-31T19:28:59.535248Z[0m [32m INFO[0m [2magent::diagnostics::multifenetre::paralleles::passes[0m[2m:[0m banc parallèle en cours [3mimages[0m[2m=[0m[270] [3munites[0m[2m=[0m[0] [3mverdicts[0m[2m=[0mVerdicts { justes: 270, voisines: 0, noires: 0, inconnues: 0 }
[2m2026-07-31T19:29:00.535258Z[0m [32m INFO[0m [2magent::diagnostics::multifenetre::paralleles::passes[0m[2m:[0m banc parallèle en cours [3mimages[0m[2m=[0m[360] [3munites[0m[2m=[0m[0] [3mverdicts[0m[2m=[0mVerdicts { justes: 360, voisines: 0, noires: 0, inconnues: 0 }
[2m2026-07-31T19:29:01.535290Z[0m [32m INFO[0m [2magent::diagnostics::multifenetre::paralleles::passes[0m[2m:[0m banc parallèle en cours [3mimages[0m[2m=[0m[450] [3munites[0m[2m=[0m[0] [3mverdicts[0m[2m=[0mVerdicts { justes: 450, voisines: 0, noires: 0, inconnues: 0 }
[2m2026-07-31T19:29:02.535310Z[0m [32m INFO[0m [2magent::diagnostics::multifenetre::paralleles::passes[0m[2m:[0m banc parallèle en cours [3mimages[0m[2m=[0m[540] [3munites[0m[2m=[0m[0] [3mverdicts[0m[2m=[0mVerdicts { justes: 540, voisines: 0, noires: 0, inconnues: 0 }
[2m2026-07-31T19:29:03.535351Z[0m [32m INFO[0m [2magent::diagnostics::multifenetre::paralleles::passes[0m[2m:[0m banc parallèle en cours [3mimages[0m[2m=[0m[630] [3munites[0m[2m=[0m[0] [3mverdicts[0m[2m=[0mVerdicts { justes: 630, voisines: 0, noires: 0, inconnues: 0 }
[2m2026-07-31T19:29:04.535420Z[0m [32m INFO[0m [2magent::diagnostics::multifenetre::paralleles::passes[0m[2m:[0m banc parallèle en cours [3mimages[0m[2m=[0m[720] [3munites[0m[2m=[0m[0] [3mverdicts[0m[2m=[0mVerdicts { justes: 720, voisines: 0, noires: 0, inconnues: 0 }
[2m2026-07-31T19:29:05.535267Z[0m [32m INFO[0m [2magent::diagnostics::multifenetre::paralleles::passes[0m[2m:[0m banc parallèle en cours [3mimages[0m[2m=[0m[810] [3munites[0m[2m=[0m[0] [3mverdicts[0m[2m=[0mVerdicts { justes: 810, voisines: 0, noires: 0, inconnues: 0 }
[2m2026-07-31T19:29:06.535298Z[0m [32m INFO[0m [2magent::diagnostics::multifenetre::paralleles::passes[0m[2m:[0m banc parallèle en cours [3mimages[0m[2m=[0m[900] [3munites[0m[2m=[0m[0] [3mverdicts[0m[2m=[0mVerdicts { justes: 900, voisines: 0, noires: 0, inconnues: 0 }
[2m2026-07-31T19:29:06.535320Z[0m [32m INFO[0m [2magent::diagnostics::multifenetre::compteurs[0m[2m:[0m passe terminée [3mpasse[0m[2m=[0m"capture" [3mvoie[0m[2m=[0m"duplication-parallele" [3mnombre[0m[2m=[0m1 [3mcadences[0m[2m=[0m[90.0] [3munites[0m[2m=[0m[0] [3mverdicts_faux[0m[2m=[0m0 [3mmire0_avant_recouvrement[0m[2m=[0mVerdicts { justes: 0, voisines: 0, noires: 0, inconnues: 0 } [3mmire0_apres_recouvrement[0m[2m=[0mVerdicts { justes: 900, voisines: 0, noires: 0, inconnues: 0 }
[2m2026-07-31T19:29:06.535632Z[0m [32m INFO[0m [2magent::capture[0m[2m:[0m adaptateur DXGI sans sortie [3madaptateur[0m[2m=[0mNVIDIA GeForce RTX 4070 [3mindex_adaptateur[0m[2m=[0m1
[2m2026-07-31T19:29:06.535656Z[0m [32m INFO[0m [2magent::capture[0m[2m:[0m adaptateur DXGI sans sortie [3madaptateur[0m[2m=[0mMicrosoft Basic Render Driver [3mindex_adaptateur[0m[2m=[0m2
[2m2026-07-31T19:29:06.535669Z[0m [32m INFO[0m [2magent::diagnostics::multifenetre::paralleles[0m[2m:[0m les N sorties virtuelles sont encore là ET attachées — les verdicts de cette passe portent bien sur elles [3mpasse[0m[2m=[0m"capture" [3mnombre[0m[2m=[0m1
[2m2026-07-31T19:29:06.536607Z[0m [32m INFO[0m [2magent::encode[0m[2m:[0m encodeur matériel retenu [3mencodeur[0m[2m=[0mNVIDIA H.264 Encoder MFT
[2m2026-07-31T19:29:06.608104Z[0m [32m INFO[0m [2magent::encode::arret[0m[2m:[0m file de travail sérialisée imposée [3mmft[0m[2m=[0m"encodeur" [3mfile[0m[2m=[0m327681
[2m2026-07-31T19:29:06.613572Z[0m [32m INFO[0m [2magent::encode[0m[2m:[0m convertisseur BGRA→NV12 (Video Processor MFT) configuré [3mconverter_provides_samples[0m[2m=[0mtrue
[2m2026-07-31T19:29:07.614108Z[0m [32m INFO[0m [2magent::diagnostics::multifenetre::paralleles::passes[0m[2m:[0m banc parallèle en cours [3mimages[0m[2m=[0m[91] [3munites[0m[2m=[0m[45] [3mverdicts[0m[2m=[0mVerdicts { justes: 91, voisines: 0, noires: 0, inconnues: 0 }
[2m2026-07-31T19:29:08.614076Z[0m [32m INFO[0m [2magent::diagnostics::multifenetre::paralleles::passes[0m[2m:[0m banc parallèle en cours [3mimages[0m[2m=[0m[181] [3munites[0m[2m=[0m[90] [3mverdicts[0m[2m=[0mVerdicts { justes: 181, voisines: 0, noires: 0, inconnues: 0 }
[2m2026-07-31T19:29:09.614119Z[0m [32m INFO[0m [2magent::diagnostics::multifenetre::paralleles::passes[0m[2m:[0m banc parallèle en cours [3mimages[0m[2m=[0m[271] [3munites[0m[2m=[0m[135] [3mverdicts[0m[2m=[0mVerdicts { justes: 271, voisines: 0, noires: 0, inconnues: 0 }
[2m2026-07-31T19:29:10.614122Z[0m [32m INFO[0m [2magent::diagnostics::multifenetre::paralleles::passes[0m[2m:[0m banc parallèle en cours [3mimages[0m[2m=[0m[361] [3munites[0m[2m=[0m[180] [3mverdicts[0m[2m=[0mVerdicts { justes: 361, voisines: 0, noires: 0, inconnues: 0 }
[2m2026-07-31T19:29:11.614092Z[0m [32m INFO[0m [2magent::diagnostics::multifenetre::paralleles::passes[0m[2m:[0m banc parallèle en cours [3mimages[0m[2m=[0m[451] [3munites[0m[2m=[0m[225] [3mverdicts[0m[2m=[0mVerdicts { justes: 451, voisines: 0, noires: 0, inconnues: 0 }
[2m2026-07-31T19:29:12.614086Z[0m [32m INFO[0m [2magent::diagnostics::multifenetre::paralleles::passes[0m[2m:[0m banc parallèle en cours [3mimages[0m[2m=[0m[541] [3munites[0m[2m=[0m[270] [3mverdicts[0m[2m=[0mVerdicts { justes: 541, voisines: 0, noires: 0, inconnues: 0 }
[2m2026-07-31T19:29:13.614130Z[0m [32m INFO[0m [2magent::diagnostics::multifenetre::paralleles::passes[0m[2m:[0m banc parallèle en cours [3mimages[0m[2m=[0m[631] [3munites[0m[2m=[0m[315] [3mverdicts[0m[2m=[0mVerdicts { justes: 631, voisines: 0, noires: 0, inconnues: 0 }
[2m2026-07-31T19:29:14.614143Z[0m [32m INFO[0m [2magent::diagnostics::multifenetre::paralleles::passes[0m[2m:[0m banc parallèle en cours [3mimages[0m[2m=[0m[721] [3munites[0m[2m=[0m[360] [3mverdicts[0m[2m=[0mVerdicts { justes: 721, voisines: 0, noires: 0, inconnues: 0 }
[2m2026-07-31T19:29:15.614108Z[0m [32m INFO[0m [2magent::diagnostics::multifenetre::paralleles::passes[0m[2m:[0m banc parallèle en cours [3mimages[0m[2m=[0m[811] [3munites[0m[2m=[0m[405] [3mverdicts[0m[2m=[0mVerdicts { justes: 811, voisines: 0, noires: 0, inconnues: 0 }
[2m2026-07-31T19:29:16.614139Z[0m [32m INFO[0m [2magent::diagnostics::multifenetre::paralleles::passes[0m[2m:[0m banc parallèle en cours [3mimages[0m[2m=[0m[901] [3munites[0m[2m=[0m[450] [3mverdicts[0m[2m=[0mVerdicts { justes: 901, voisines: 0, noires: 0, inconnues: 0 }
[2m2026-07-31T19:29:16.614168Z[0m [32m INFO[0m [2magent::diagnostics::multifenetre::paralleles::passes[0m[2m:[0m images converties puis écartées, encodeur par encodeur — l'écart entre « images » et « unites » se lit ici, pas dans le parallélisme [3mnv12_ecartees[0m[2m=[0m[450]
[2m2026-07-31T19:29:16.614172Z[0m [32m INFO[0m [2magent::diagnostics::multifenetre::paralleles::passes[0m[2m:[0m libération des encodeurs : début [3mnombre[0m[2m=[0m1
[2m2026-07-31T19:29:16.614175Z[0m [32m INFO[0m [2magent::diagnostics::multifenetre::paralleles::passes[0m[2m:[0m libération d'un encodeur : avant [3mid[0m[2m=[0m0
[2m2026-07-31T19:29:16.614835Z[0m [32m INFO[0m [2magent::diagnostics::multifenetre::paralleles::passes[0m[2m:[0m libération d'un encodeur : après [3mid[0m[2m=[0m0
[2m2026-07-31T19:29:16.614843Z[0m [32m INFO[0m [2magent::diagnostics::multifenetre::paralleles::passes[0m[2m:[0m libération des encodeurs : terminée
[2m2026-07-31T19:29:16.614846Z[0m [32m INFO[0m [2magent::diagnostics::multifenetre::compteurs[0m[2m:[0m passe terminée [3mpasse[0m[2m=[0m"capture+encodage" [3mvoie[0m[2m=[0m"duplication-parallele" [3mnombre[0m[2m=[0m1 [3mcadences[0m[2m=[0m[90.1] [3munites[0m[2m=[0m[450] [3mverdicts_faux[0m[2m=[0m0 [3mmire0_avant_recouvrement[0m[2m=[0mVerdicts { justes: 0, voisines: 0, noires: 0, inconnues: 0 } [3mmire0_apres_recouvrement[0m[2m=[0mVerdicts { justes: 901, voisines: 0, noires: 0, inconnues: 0 }
[2m2026-07-31T19:29:16.615118Z[0m [32m INFO[0m [2magent::capture[0m[2m:[0m adaptateur DXGI sans sortie [3madaptateur[0m[2m=[0mNVIDIA GeForce RTX 4070 [3mindex_adaptateur[0m[2m=[0m1
[2m2026-07-31T19:29:16.615146Z[0m [32m INFO[0m [2magent::capture[0m[2m:[0m adaptateur DXGI sans sortie [3madaptateur[0m[2m=[0mMicrosoft Basic Render Driver [3mindex_adaptateur[0m[2m=[0m2
[2m2026-07-31T19:29:16.615159Z[0m [32m INFO[0m [2magent::diagnostics::multifenetre::paralleles[0m[2m:[0m les N sorties virtuelles sont encore là ET attachées — les verdicts de cette passe portent bien sur elles [3mpasse[0m[2m=[0m"capture+encodage" [3mnombre[0m[2m=[0m1
[2m2026-07-31T19:29:16.615165Z[0m [32m INFO[0m [2magent::diagnostics::multifenetre::paralleles::passes[0m[2m:[0m libération des voies de capture : avant
[2m2026-07-31T19:29:16.630822Z[0m [32m INFO[0m [2magent::diagnostics::multifenetre::paralleles::passes[0m[2m:[0m libération des voies de capture : après
[2m2026-07-31T19:29:16.646582Z[0m [32m INFO[0m [2magent::diagnostics::multifenetre::paralleles[0m[2m:[0m chien de garde : plus grand écart entre deux battements sur toute la mesure [3mintervalle_ping_max_ms[0m[2m=[0m1000
[2m2026-07-31T19:29:16.646810Z[0m [32m INFO[0m [2magent::capture[0m[2m:[0m adaptateur DXGI sans sortie [3madaptateur[0m[2m=[0mNVIDIA GeForce RTX 4070 [3mindex_adaptateur[0m[2m=[0m1
[2m2026-07-31T19:29:16.646833Z[0m [32m INFO[0m [2magent::capture[0m[2m:[0m adaptateur DXGI sans sortie [3madaptateur[0m[2m=[0mMicrosoft Basic Render Driver [3mindex_adaptateur[0m[2m=[0m2
[2m2026-07-31T19:29:16.646843Z[0m [32m INFO[0m [2magent::diagnostics::multifenetre::paralleles[0m[2m:[0m les N sorties virtuelles sont encore là ET attachées — les verdicts de cette passe portent bien sur elles [3mpasse[0m[2m=[0m"bilan" [3mnombre[0m[2m=[0m1
[2m2026-07-31T19:29:16.653744Z[0m [32m INFO[0m [2magent::diagnostics::multifenetre::moniteurs[0m[2m:[0m sortie virtuelle détruite [3mid[0m[2m=[0m261
[2m2026-07-31T19:29:19.654750Z[0m [32m INFO[0m [2magent::capture[0m[2m:[0m adaptateur DXGI sans sortie [3madaptateur[0m[2m=[0mNVIDIA GeForce RTX 4070 [3mindex_adaptateur[0m[2m=[0m1
[2m2026-07-31T19:29:19.654782Z[0m [32m INFO[0m [2magent::capture[0m[2m:[0m adaptateur DXGI sans sortie [3madaptateur[0m[2m=[0mMicrosoft Basic Render Driver [3mindex_adaptateur[0m[2m=[0m2
[2m2026-07-31T19:29:19.654791Z[0m [32m INFO[0m [2magent::diagnostics::multifenetre::montee[0m[2m:[0m topologie relevée [3mmoment[0m[2m=[0m"après destruction" [3mnombre[0m[2m=[0m1 [3mattachees[0m[2m=[0m1
[2m2026-07-31T19:29:19.654794Z[0m [32m INFO[0m [2magent::diagnostics::multifenetre::montee[0m[2m:[0m sortie [3mmoment[0m[2m=[0m"après destruction" [3mnom[0m[2m=[0m\\.\DISPLAY1 [3madaptateur[0m[2m=[0mNVIDIA GeForce RTX 4070 [3mindex_adaptateur[0m[2m=[0m0 [3mindex_sortie[0m[2m=[0m0 [3mattachee[0m[2m=[0mtrue [3mx[0m[2m=[0m0 [3my[0m[2m=[0m0 [3mlargeur[0m[2m=[0m2400 [3mhauteur[0m[2m=[0m1080
[2m2026-07-31T19:29:19.654801Z[0m [32m INFO[0m [2magent::diagnostics::multifenetre::paralleles[0m[2m:[0m état initial restauré — mêmes sorties, nommément [3mnoms[0m[2m=[0m["\\\\.\\DISPLAY1"]
