[2m2026-07-31T19:37:41.681614Z[0m [32m INFO[0m [2magent[0m[2m:[0m accélération pointeur neutralisée [3mrapport[0m[2m=[0m"seuils relus = [0, 0, 0], vitesse relue = 10 (attendu : [0, 0, 0] et 10)"
[2m2026-07-31T19:37:41.683412Z[0m [32m INFO[0m [2magent::capture[0m[2m:[0m adaptateur DXGI sans sortie [3madaptateur[0m[2m=[0mNVIDIA GeForce RTX 4070 [3mindex_adaptateur[0m[2m=[0m1
[2m2026-07-31T19:37:41.683445Z[0m [32m INFO[0m [2magent::capture[0m[2m:[0m adaptateur DXGI sans sortie [3madaptateur[0m[2m=[0mMicrosoft Basic Render Driver [3mindex_adaptateur[0m[2m=[0m2
[2m2026-07-31T19:37:41.683459Z[0m [32m INFO[0m [2magent::diagnostics::multifenetre::montee[0m[2m:[0m topologie relevée [3mmoment[0m[2m=[0m"avant création" [3mnombre[0m[2m=[0m1 [3mattachees[0m[2m=[0m1
[2m2026-07-31T19:37:41.683467Z[0m [32m INFO[0m [2magent::diagnostics::multifenetre::montee[0m[2m:[0m sortie [3mmoment[0m[2m=[0m"avant création" [3mnom[0m[2m=[0m\\.\DISPLAY1 [3madaptateur[0m[2m=[0mNVIDIA GeForce RTX 4070 [3mindex_adaptateur[0m[2m=[0m0 [3mindex_sortie[0m[2m=[0m0 [3mattachee[0m[2m=[0mtrue [3mx[0m[2m=[0m0 [3my[0m[2m=[0m0 [3mlargeur[0m[2m=[0m2400 [3mhauteur[0m[2m=[0m1080
[2m2026-07-31T19:37:41.684460Z[0m [32m INFO[0m [2magent::diagnostics::multifenetre::moniteurs[0m[2m:[0m sortie virtuelle créée [3mid[0m[2m=[0m258 [3madaptateur_bas[0m[2m=[0m62534 [3madaptateur_haut[0m[2m=[0m0 [3mguid[0m[2m=[0m9C4A1F6E-2B73-4D51-9E08-677541430001 [3mlargeur[0m[2m=[0m1280 [3mhauteur[0m[2m=[0m720 [3mhertz[0m[2m=[0m60
[2m2026-07-31T19:37:41.684475Z[0m [32m INFO[0m [2magent::diagnostics::multifenetre::paralleles[0m[2m:[0m sortie virtuelle créée [3mrang[0m[2m=[0m1 [3mid[0m[2m=[0m258
[2m2026-07-31T19:37:41.684569Z[0m [32m INFO[0m [2magent::diagnostics::multifenetre::moniteurs[0m[2m:[0m sortie virtuelle créée [3mid[0m[2m=[0m259 [3madaptateur_bas[0m[2m=[0m62534 [3madaptateur_haut[0m[2m=[0m0 [3mguid[0m[2m=[0m9C4A1F6E-2B73-4D51-9E08-677541430002 [3mlargeur[0m[2m=[0m1280 [3mhauteur[0m[2m=[0m720 [3mhertz[0m[2m=[0m60
[2m2026-07-31T19:37:41.684575Z[0m [32m INFO[0m [2magent::diagnostics::multifenetre::paralleles[0m[2m:[0m sortie virtuelle créée [3mrang[0m[2m=[0m2 [3mid[0m[2m=[0m259
[2m2026-07-31T19:37:41.684652Z[0m [32m INFO[0m [2magent::diagnostics::multifenetre::moniteurs[0m[2m:[0m sortie virtuelle créée [3mid[0m[2m=[0m260 [3madaptateur_bas[0m[2m=[0m62534 [3madaptateur_haut[0m[2m=[0m0 [3mguid[0m[2m=[0m9C4A1F6E-2B73-4D51-9E08-677541430003 [3mlargeur[0m[2m=[0m1280 [3mhauteur[0m[2m=[0m720 [3mhertz[0m[2m=[0m60
[2m2026-07-31T19:37:41.684657Z[0m [32m INFO[0m [2magent::diagnostics::multifenetre::paralleles[0m[2m:[0m sortie virtuelle créée [3mrang[0m[2m=[0m3 [3mid[0m[2m=[0m260
[2m2026-07-31T19:37:41.684703Z[0m [32m INFO[0m [2magent::diagnostics::multifenetre::moniteurs[0m[2m:[0m sortie virtuelle créée [3mid[0m[2m=[0m261 [3madaptateur_bas[0m[2m=[0m62534 [3madaptateur_haut[0m[2m=[0m0 [3mguid[0m[2m=[0m9C4A1F6E-2B73-4D51-9E08-677541430004 [3mlargeur[0m[2m=[0m1280 [3mhauteur[0m[2m=[0m720 [3mhertz[0m[2m=[0m60
[2m2026-07-31T19:37:41.684708Z[0m [32m INFO[0m [2magent::diagnostics::multifenetre::paralleles[0m[2m:[0m sortie virtuelle créée [3mrang[0m[2m=[0m4 [3mid[0m[2m=[0m261
[2m2026-07-31T19:37:41.684757Z[0m [32m INFO[0m [2magent::diagnostics::multifenetre::moniteurs[0m[2m:[0m sortie virtuelle créée [3mid[0m[2m=[0m263 [3madaptateur_bas[0m[2m=[0m62534 [3madaptateur_haut[0m[2m=[0m0 [3mguid[0m[2m=[0m9C4A1F6E-2B73-4D51-9E08-677541430005 [3mlargeur[0m[2m=[0m1280 [3mhauteur[0m[2m=[0m720 [3mhertz[0m[2m=[0m60
[2m2026-07-31T19:37:41.684762Z[0m [32m INFO[0m [2magent::diagnostics::multifenetre::paralleles[0m[2m:[0m sortie virtuelle créée [3mrang[0m[2m=[0m5 [3mid[0m[2m=[0m263
[2m2026-07-31T19:37:41.684816Z[0m [32m INFO[0m [2magent::diagnostics::multifenetre::moniteurs[0m[2m:[0m sortie virtuelle créée [3mid[0m[2m=[0m262 [3madaptateur_bas[0m[2m=[0m62534 [3madaptateur_haut[0m[2m=[0m0 [3mguid[0m[2m=[0m9C4A1F6E-2B73-4D51-9E08-677541430006 [3mlargeur[0m[2m=[0m1280 [3mhauteur[0m[2m=[0m720 [3mhertz[0m[2m=[0m60
[2m2026-07-31T19:37:41.684821Z[0m [32m INFO[0m [2magent::diagnostics::multifenetre::paralleles[0m[2m:[0m sortie virtuelle créée [3mrang[0m[2m=[0m6 [3mid[0m[2m=[0m262
[2m2026-07-31T19:37:41.684867Z[0m [32m INFO[0m [2magent::diagnostics::multifenetre::moniteurs[0m[2m:[0m sortie virtuelle créée [3mid[0m[2m=[0m257 [3madaptateur_bas[0m[2m=[0m62534 [3madaptateur_haut[0m[2m=[0m0 [3mguid[0m[2m=[0m9C4A1F6E-2B73-4D51-9E08-677541430007 [3mlargeur[0m[2m=[0m1280 [3mhauteur[0m[2m=[0m720 [3mhertz[0m[2m=[0m60
[2m2026-07-31T19:37:41.684873Z[0m [32m INFO[0m [2magent::diagnostics::multifenetre::paralleles[0m[2m:[0m sortie virtuelle créée [3mrang[0m[2m=[0m7 [3mid[0m[2m=[0m257
[2m2026-07-31T19:37:41.684922Z[0m [32m INFO[0m [2magent::diagnostics::multifenetre::moniteurs[0m[2m:[0m sortie virtuelle créée [3mid[0m[2m=[0m256 [3madaptateur_bas[0m[2m=[0m62534 [3madaptateur_haut[0m[2m=[0m0 [3mguid[0m[2m=[0m9C4A1F6E-2B73-4D51-9E08-677541430008 [3mlargeur[0m[2m=[0m1280 [3mhauteur[0m[2m=[0m720 [3mhertz[0m[2m=[0m60
[2m2026-07-31T19:37:41.684927Z[0m [32m INFO[0m [2magent::diagnostics::multifenetre::paralleles[0m[2m:[0m sortie virtuelle créée [3mrang[0m[2m=[0m8 [3mid[0m[2m=[0m256
[2m2026-07-31T19:37:44.686450Z[0m [32m INFO[0m [2magent::capture[0m[2m:[0m adaptateur DXGI sans sortie [3madaptateur[0m[2m=[0mNVIDIA GeForce RTX 4070 [3mindex_adaptateur[0m[2m=[0m1
[2m2026-07-31T19:37:44.686481Z[0m [32m INFO[0m [2magent::capture[0m[2m:[0m adaptateur DXGI sans sortie [3madaptateur[0m[2m=[0mMicrosoft Basic Render Driver [3mindex_adaptateur[0m[2m=[0m2
[2m2026-07-31T19:37:44.686489Z[0m [32m INFO[0m [2magent::diagnostics::multifenetre::montee[0m[2m:[0m topologie relevée [3mmoment[0m[2m=[0m"après création" [3mnombre[0m[2m=[0m9 [3mattachees[0m[2m=[0m9
[2m2026-07-31T19:37:44.686493Z[0m [32m INFO[0m [2magent::diagnostics::multifenetre::montee[0m[2m:[0m sortie [3mmoment[0m[2m=[0m"après création" [3mnom[0m[2m=[0m\\.\DISPLAY1 [3madaptateur[0m[2m=[0mNVIDIA GeForce RTX 4070 [3mindex_adaptateur[0m[2m=[0m0 [3mindex_sortie[0m[2m=[0m0 [3mattachee[0m[2m=[0mtrue [3mx[0m[2m=[0m0 [3my[0m[2m=[0m0 [3mlargeur[0m[2m=[0m2400 [3mhauteur[0m[2m=[0m1080
[2m2026-07-31T19:37:44.686498Z[0m [32m INFO[0m [2magent::diagnostics::multifenetre::montee[0m[2m:[0m sortie [3mmoment[0m[2m=[0m"après création" [3mnom[0m[2m=[0m\\.\DISPLAY5 [3madaptateur[0m[2m=[0mNVIDIA GeForce RTX 4070 [3mindex_adaptateur[0m[2m=[0m0 [3mindex_sortie[0m[2m=[0m1 [3mattachee[0m[2m=[0mtrue [3mx[0m[2m=[0m2400 [3my[0m[2m=[0m0 [3mlargeur[0m[2m=[0m1280 [3mhauteur[0m[2m=[0m720
[2m2026-07-31T19:37:44.686501Z[0m [32m INFO[0m [2magent::diagnostics::multifenetre::montee[0m[2m:[0m sortie [3mmoment[0m[2m=[0m"après création" [3mnom[0m[2m=[0m\\.\DISPLAY6 [3madaptateur[0m[2m=[0mNVIDIA GeForce RTX 4070 [3mindex_adaptateur[0m[2m=[0m0 [3mindex_sortie[0m[2m=[0m2 [3mattachee[0m[2m=[0mtrue [3mx[0m[2m=[0m3680 [3my[0m[2m=[0m0 [3mlargeur[0m[2m=[0m1280 [3mhauteur[0m[2m=[0m720
[2m2026-07-31T19:37:44.686503Z[0m [32m INFO[0m [2magent::diagnostics::multifenetre::montee[0m[2m:[0m sortie [3mmoment[0m[2m=[0m"après création" [3mnom[0m[2m=[0m\\.\DISPLAY7 [3madaptateur[0m[2m=[0mNVIDIA GeForce RTX 4070 [3mindex_adaptateur[0m[2m=[0m0 [3mindex_sortie[0m[2m=[0m3 [3mattachee[0m[2m=[0mtrue [3mx[0m[2m=[0m4960 [3my[0m[2m=[0m0 [3mlargeur[0m[2m=[0m1280 [3mhauteur[0m[2m=[0m720
[2m2026-07-31T19:37:44.686506Z[0m [32m INFO[0m [2magent::diagnostics::multifenetre::montee[0m[2m:[0m sortie [3mmoment[0m[2m=[0m"après création" [3mnom[0m[2m=[0m\\.\DISPLAY8 [3madaptateur[0m[2m=[0mNVIDIA GeForce RTX 4070 [3mindex_adaptateur[0m[2m=[0m0 [3mindex_sortie[0m[2m=[0m4 [3mattachee[0m[2m=[0mtrue [3mx[0m[2m=[0m6240 [3my[0m[2m=[0m0 [3mlargeur[0m[2m=[0m1280 [3mhauteur[0m[2m=[0m720
[2m2026-07-31T19:37:44.686508Z[0m [32m INFO[0m [2magent::diagnostics::multifenetre::montee[0m[2m:[0m sortie [3mmoment[0m[2m=[0m"après création" [3mnom[0m[2m=[0m\\.\DISPLAY9 [3madaptateur[0m[2m=[0mNVIDIA GeForce RTX 4070 [3mindex_adaptateur[0m[2m=[0m0 [3mindex_sortie[0m[2m=[0m5 [3mattachee[0m[2m=[0mtrue [3mx[0m[2m=[0m7520 [3my[0m[2m=[0m0 [3mlargeur[0m[2m=[0m1280 [3mhauteur[0m[2m=[0m720
[2m2026-07-31T19:37:44.686511Z[0m [32m INFO[0m [2magent::diagnostics::multifenetre::montee[0m[2m:[0m sortie [3mmoment[0m[2m=[0m"après création" [3mnom[0m[2m=[0m\\.\DISPLAY10 [3madaptateur[0m[2m=[0mNVIDIA GeForce RTX 4070 [3mindex_adaptateur[0m[2m=[0m0 [3mindex_sortie[0m[2m=[0m6 [3mattachee[0m[2m=[0mtrue [3mx[0m[2m=[0m8800 [3my[0m[2m=[0m0 [3mlargeur[0m[2m=[0m1280 [3mhauteur[0m[2m=[0m720
[2m2026-07-31T19:37:44.686514Z[0m [32m INFO[0m [2magent::diagnostics::multifenetre::montee[0m[2m:[0m sortie [3mmoment[0m[2m=[0m"après création" [3mnom[0m[2m=[0m\\.\DISPLAY11 [3madaptateur[0m[2m=[0mNVIDIA GeForce RTX 4070 [3mindex_adaptateur[0m[2m=[0m0 [3mindex_sortie[0m[2m=[0m7 [3mattachee[0m[2m=[0mtrue [3mx[0m[2m=[0m10080 [3my[0m[2m=[0m0 [3mlargeur[0m[2m=[0m1280 [3mhauteur[0m[2m=[0m720
[2m2026-07-31T19:37:44.686516Z[0m [32m INFO[0m [2magent::diagnostics::multifenetre::montee[0m[2m:[0m sortie [3mmoment[0m[2m=[0m"après création" [3mnom[0m[2m=[0m\\.\DISPLAY12 [3madaptateur[0m[2m=[0mNVIDIA GeForce RTX 4070 [3mindex_adaptateur[0m[2m=[0m0 [3mindex_sortie[0m[2m=[0m8 [3mattachee[0m[2m=[0mtrue [3mx[0m[2m=[0m11360 [3my[0m[2m=[0m0 [3mlargeur[0m[2m=[0m1280 [3mhauteur[0m[2m=[0m720
[2m2026-07-31T19:37:44.686683Z[0m [32m INFO[0m [2magent::diagnostics::multifenetre::paralleles[0m[2m:[0m sortie virtuelle retenue [3mnom[0m[2m=[0m\\.\DISPLAY5 [3madaptateur[0m[2m=[0mNVIDIA GeForce RTX 4070 [3mindex_adaptateur[0m[2m=[0m0 [3mindex_sortie[0m[2m=[0m1 [3mattachee[0m[2m=[0mtrue [3mx[0m[2m=[0m2400 [3my[0m[2m=[0m0 [3mlargeur_annoncee[0m[2m=[0m1280 [3mhauteur_annoncee[0m[2m=[0m720
[2m2026-07-31T19:37:44.686696Z[0m [32m INFO[0m [2magent::diagnostics::multifenetre::paralleles[0m[2m:[0m sortie virtuelle retenue [3mnom[0m[2m=[0m\\.\DISPLAY6 [3madaptateur[0m[2m=[0mNVIDIA GeForce RTX 4070 [3mindex_adaptateur[0m[2m=[0m0 [3mindex_sortie[0m[2m=[0m2 [3mattachee[0m[2m=[0mtrue [3mx[0m[2m=[0m3680 [3my[0m[2m=[0m0 [3mlargeur_annoncee[0m[2m=[0m1280 [3mhauteur_annoncee[0m[2m=[0m720
[2m2026-07-31T19:37:44.686700Z[0m [32m INFO[0m [2magent::diagnostics::multifenetre::paralleles[0m[2m:[0m sortie virtuelle retenue [3mnom[0m[2m=[0m\\.\DISPLAY7 [3madaptateur[0m[2m=[0mNVIDIA GeForce RTX 4070 [3mindex_adaptateur[0m[2m=[0m0 [3mindex_sortie[0m[2m=[0m3 [3mattachee[0m[2m=[0mtrue [3mx[0m[2m=[0m4960 [3my[0m[2m=[0m0 [3mlargeur_annoncee[0m[2m=[0m1280 [3mhauteur_annoncee[0m[2m=[0m720
[2m2026-07-31T19:37:44.686702Z[0m [32m INFO[0m [2magent::diagnostics::multifenetre::paralleles[0m[2m:[0m sortie virtuelle retenue [3mnom[0m[2m=[0m\\.\DISPLAY8 [3madaptateur[0m[2m=[0mNVIDIA GeForce RTX 4070 [3mindex_adaptateur[0m[2m=[0m0 [3mindex_sortie[0m[2m=[0m4 [3mattachee[0m[2m=[0mtrue [3mx[0m[2m=[0m6240 [3my[0m[2m=[0m0 [3mlargeur_annoncee[0m[2m=[0m1280 [3mhauteur_annoncee[0m[2m=[0m720
[2m2026-07-31T19:37:44.686705Z[0m [32m INFO[0m [2magent::diagnostics::multifenetre::paralleles[0m[2m:[0m sortie virtuelle retenue [3mnom[0m[2m=[0m\\.\DISPLAY9 [3madaptateur[0m[2m=[0mNVIDIA GeForce RTX 4070 [3mindex_adaptateur[0m[2m=[0m0 [3mindex_sortie[0m[2m=[0m5 [3mattachee[0m[2m=[0mtrue [3mx[0m[2m=[0m7520 [3my[0m[2m=[0m0 [3mlargeur_annoncee[0m[2m=[0m1280 [3mhauteur_annoncee[0m[2m=[0m720
[2m2026-07-31T19:37:44.686708Z[0m [32m INFO[0m [2magent::diagnostics::multifenetre::paralleles[0m[2m:[0m sortie virtuelle retenue [3mnom[0m[2m=[0m\\.\DISPLAY10 [3madaptateur[0m[2m=[0mNVIDIA GeForce RTX 4070 [3mindex_adaptateur[0m[2m=[0m0 [3mindex_sortie[0m[2m=[0m6 [3mattachee[0m[2m=[0mtrue [3mx[0m[2m=[0m8800 [3my[0m[2m=[0m0 [3mlargeur_annoncee[0m[2m=[0m1280 [3mhauteur_annoncee[0m[2m=[0m720
[2m2026-07-31T19:37:44.686710Z[0m [32m INFO[0m [2magent::diagnostics::multifenetre::paralleles[0m[2m:[0m sortie virtuelle retenue [3mnom[0m[2m=[0m\\.\DISPLAY11 [3madaptateur[0m[2m=[0mNVIDIA GeForce RTX 4070 [3mindex_adaptateur[0m[2m=[0m0 [3mindex_sortie[0m[2m=[0m7 [3mattachee[0m[2m=[0mtrue [3mx[0m[2m=[0m10080 [3my[0m[2m=[0m0 [3mlargeur_annoncee[0m[2m=[0m1280 [3mhauteur_annoncee[0m[2m=[0m720
[2m2026-07-31T19:37:44.686713Z[0m [32m INFO[0m [2magent::diagnostics::multifenetre::paralleles[0m[2m:[0m sortie virtuelle retenue [3mnom[0m[2m=[0m\\.\DISPLAY12 [3madaptateur[0m[2m=[0mNVIDIA GeForce RTX 4070 [3mindex_adaptateur[0m[2m=[0m0 [3mindex_sortie[0m[2m=[0m8 [3mattachee[0m[2m=[0mtrue [3mx[0m[2m=[0m11360 [3my[0m[2m=[0m0 [3mlargeur_annoncee[0m[2m=[0m1280 [3mhauteur_annoncee[0m[2m=[0m720
[2m2026-07-31T19:37:54.789830Z[0m [32m INFO[0m [2magent::diagnostics::multifenetre::compteurs[0m[2m:[0m passe TÉMOIN — cadence de peinture sans capture [3mmires[0m[2m=[0m8 [3mtrames[0m[2m=[0m17059 [3mcadence[0m[2m=[0m1705.8306579837529
[2m2026-07-31T19:37:54.790140Z[0m [32m INFO[0m [2magent::capture[0m[2m:[0m adaptateur DXGI sans sortie [3madaptateur[0m[2m=[0mNVIDIA GeForce RTX 4070 [3mindex_adaptateur[0m[2m=[0m1
[2m2026-07-31T19:37:54.790165Z[0m [32m INFO[0m [2magent::capture[0m[2m:[0m adaptateur DXGI sans sortie [3madaptateur[0m[2m=[0mMicrosoft Basic Render Driver [3mindex_adaptateur[0m[2m=[0m2
[2m2026-07-31T19:37:54.790179Z[0m [32m INFO[0m [2magent::diagnostics::multifenetre::paralleles[0m[2m:[0m les N sorties virtuelles sont encore là ET attachées — les verdicts de cette passe portent bien sur elles [3mpasse[0m[2m=[0m"témoin" [3mnombre[0m[2m=[0m8
[2m2026-07-31T19:37:54.790475Z[0m [32m INFO[0m [2magent::capture[0m[2m:[0m sortie retenue pour la duplication [3madaptateur[0m[2m=[0mNVIDIA GeForce RTX 4070 [3mindex_adaptateur[0m[2m=[0m0 [3mindex_sortie[0m[2m=[0m1 [3mattachee[0m[2m=[0mtrue
[2m2026-07-31T19:37:54.817457Z[0m [32m INFO[0m [2magent::capture[0m[2m:[0m protection multi-fils activée sur le contexte immédiat D3D11 [3mprotection_precedente[0m[2m=[0mfalse
[2m2026-07-31T19:37:54.817854Z[0m [32m INFO[0m [2magent::capture[0m[2m:[0m duplication de sortie établie [3mdesktop_width[0m[2m=[0m1280 [3mdesktop_height[0m[2m=[0m720
[2m2026-07-31T19:37:54.817868Z[0m [32m INFO[0m [2magent::diagnostics::multifenetre::paralleles::passes[0m[2m:[0m duplication ouverte [3mrang[0m[2m=[0m1 [3mnom[0m[2m=[0m\\.\DISPLAY5 [3mtexture_largeur[0m[2m=[0m1280 [3mtexture_hauteur[0m[2m=[0m720
[2m2026-07-31T19:37:54.818196Z[0m [32m INFO[0m [2magent::capture[0m[2m:[0m sortie retenue pour la duplication [3madaptateur[0m[2m=[0mNVIDIA GeForce RTX 4070 [3mindex_adaptateur[0m[2m=[0m0 [3mindex_sortie[0m[2m=[0m2 [3mattachee[0m[2m=[0mtrue
[2m2026-07-31T19:37:54.836460Z[0m [32m INFO[0m [2magent::capture[0m[2m:[0m protection multi-fils activée sur le contexte immédiat D3D11 [3mprotection_precedente[0m[2m=[0mfalse
[2m2026-07-31T19:37:54.836711Z[0m [32m INFO[0m [2magent::capture[0m[2m:[0m duplication de sortie établie [3mdesktop_width[0m[2m=[0m1280 [3mdesktop_height[0m[2m=[0m720
[2m2026-07-31T19:37:54.836722Z[0m [32m INFO[0m [2magent::diagnostics::multifenetre::paralleles::passes[0m[2m:[0m duplication ouverte [3mrang[0m[2m=[0m2 [3mnom[0m[2m=[0m\\.\DISPLAY6 [3mtexture_largeur[0m[2m=[0m1280 [3mtexture_hauteur[0m[2m=[0m720
[2m2026-07-31T19:37:54.837043Z[0m [32m INFO[0m [2magent::capture[0m[2m:[0m sortie retenue pour la duplication [3madaptateur[0m[2m=[0mNVIDIA GeForce RTX 4070 [3mindex_adaptateur[0m[2m=[0m0 [3mindex_sortie[0m[2m=[0m3 [3mattachee[0m[2m=[0mtrue
[2m2026-07-31T19:37:54.854438Z[0m [32m INFO[0m [2magent::capture[0m[2m:[0m protection multi-fils activée sur le contexte immédiat D3D11 [3mprotection_precedente[0m[2m=[0mfalse
[2m2026-07-31T19:37:54.854674Z[0m [32m INFO[0m [2magent::capture[0m[2m:[0m duplication de sortie établie [3mdesktop_width[0m[2m=[0m1280 [3mdesktop_height[0m[2m=[0m720
[2m2026-07-31T19:37:54.854685Z[0m [32m INFO[0m [2magent::diagnostics::multifenetre::paralleles::passes[0m[2m:[0m duplication ouverte [3mrang[0m[2m=[0m3 [3mnom[0m[2m=[0m\\.\DISPLAY7 [3mtexture_largeur[0m[2m=[0m1280 [3mtexture_hauteur[0m[2m=[0m720
[2m2026-07-31T19:37:54.855031Z[0m [32m INFO[0m [2magent::capture[0m[2m:[0m sortie retenue pour la duplication [3madaptateur[0m[2m=[0mNVIDIA GeForce RTX 4070 [3mindex_adaptateur[0m[2m=[0m0 [3mindex_sortie[0m[2m=[0m4 [3mattachee[0m[2m=[0mtrue
[2m2026-07-31T19:37:54.873442Z[0m [32m INFO[0m [2magent::capture[0m[2m:[0m protection multi-fils activée sur le contexte immédiat D3D11 [3mprotection_precedente[0m[2m=[0mfalse
[2m2026-07-31T19:37:54.873686Z[0m [32m INFO[0m [2magent::capture[0m[2m:[0m duplication de sortie établie [3mdesktop_width[0m[2m=[0m1280 [3mdesktop_height[0m[2m=[0m720
[2m2026-07-31T19:37:54.873698Z[0m [32m INFO[0m [2magent::diagnostics::multifenetre::paralleles::passes[0m[2m:[0m duplication ouverte [3mrang[0m[2m=[0m4 [3mnom[0m[2m=[0m\\.\DISPLAY8 [3mtexture_largeur[0m[2m=[0m1280 [3mtexture_hauteur[0m[2m=[0m720
[2m2026-07-31T19:37:54.874050Z[0m [32m INFO[0m [2magent::capture[0m[2m:[0m sortie retenue pour la duplication [3madaptateur[0m[2m=[0mNVIDIA GeForce RTX 4070 [3mindex_adaptateur[0m[2m=[0m0 [3mindex_sortie[0m[2m=[0m5 [3mattachee[0m[2m=[0mtrue
[2m2026-07-31T19:37:54.896234Z[0m [32m INFO[0m [2magent::capture[0m[2m:[0m protection multi-fils activée sur le contexte immédiat D3D11 [3mprotection_precedente[0m[2m=[0mfalse
[2m2026-07-31T19:37:54.896483Z[0m [32m INFO[0m [2magent::capture[0m[2m:[0m duplication de sortie établie [3mdesktop_width[0m[2m=[0m1280 [3mdesktop_height[0m[2m=[0m720
[2m2026-07-31T19:37:54.896496Z[0m [32m INFO[0m [2magent::diagnostics::multifenetre::paralleles::passes[0m[2m:[0m duplication ouverte [3mrang[0m[2m=[0m5 [3mnom[0m[2m=[0m\\.\DISPLAY9 [3mtexture_largeur[0m[2m=[0m1280 [3mtexture_hauteur[0m[2m=[0m720
[2m2026-07-31T19:37:54.896828Z[0m [32m INFO[0m [2magent::capture[0m[2m:[0m sortie retenue pour la duplication [3madaptateur[0m[2m=[0mNVIDIA GeForce RTX 4070 [3mindex_adaptateur[0m[2m=[0m0 [3mindex_sortie[0m[2m=[0m6 [3mattachee[0m[2m=[0mtrue
[2m2026-07-31T19:37:54.915282Z[0m [32m INFO[0m [2magent::capture[0m[2m:[0m protection multi-fils activée sur le contexte immédiat D3D11 [3mprotection_precedente[0m[2m=[0mfalse
[2m2026-07-31T19:37:54.915509Z[0m [32m INFO[0m [2magent::capture[0m[2m:[0m duplication de sortie établie [3mdesktop_width[0m[2m=[0m1280 [3mdesktop_height[0m[2m=[0m720
[2m2026-07-31T19:37:54.915520Z[0m [32m INFO[0m [2magent::diagnostics::multifenetre::paralleles::passes[0m[2m:[0m duplication ouverte [3mrang[0m[2m=[0m6 [3mnom[0m[2m=[0m\\.\DISPLAY10 [3mtexture_largeur[0m[2m=[0m1280 [3mtexture_hauteur[0m[2m=[0m720
[2m2026-07-31T19:37:54.915940Z[0m [32m INFO[0m [2magent::capture[0m[2m:[0m sortie retenue pour la duplication [3madaptateur[0m[2m=[0mNVIDIA GeForce RTX 4070 [3mindex_adaptateur[0m[2m=[0m0 [3mindex_sortie[0m[2m=[0m7 [3mattachee[0m[2m=[0mtrue
[2m2026-07-31T19:37:54.935093Z[0m [32m INFO[0m [2magent::capture[0m[2m:[0m protection multi-fils activée sur le contexte immédiat D3D11 [3mprotection_precedente[0m[2m=[0mfalse
[2m2026-07-31T19:37:54.935346Z[0m [32m INFO[0m [2magent::capture[0m[2m:[0m duplication de sortie établie [3mdesktop_width[0m[2m=[0m1280 [3mdesktop_height[0m[2m=[0m720
[2m2026-07-31T19:37:54.935357Z[0m [32m INFO[0m [2magent::diagnostics::multifenetre::paralleles::passes[0m[2m:[0m duplication ouverte [3mrang[0m[2m=[0m7 [3mnom[0m[2m=[0m\\.\DISPLAY11 [3mtexture_largeur[0m[2m=[0m1280 [3mtexture_hauteur[0m[2m=[0m720
[2m2026-07-31T19:37:54.935734Z[0m [32m INFO[0m [2magent::capture[0m[2m:[0m sortie retenue pour la duplication [3madaptateur[0m[2m=[0mNVIDIA GeForce RTX 4070 [3mindex_adaptateur[0m[2m=[0m0 [3mindex_sortie[0m[2m=[0m8 [3mattachee[0m[2m=[0mtrue
[2m2026-07-31T19:37:54.954179Z[0m [32m INFO[0m [2magent::capture[0m[2m:[0m protection multi-fils activée sur le contexte immédiat D3D11 [3mprotection_precedente[0m[2m=[0mfalse
[2m2026-07-31T19:37:54.954416Z[0m [32m INFO[0m [2magent::capture[0m[2m:[0m duplication de sortie établie [3mdesktop_width[0m[2m=[0m1280 [3mdesktop_height[0m[2m=[0m720
[2m2026-07-31T19:37:54.954427Z[0m [32m INFO[0m [2magent::diagnostics::multifenetre::paralleles::passes[0m[2m:[0m duplication ouverte [3mrang[0m[2m=[0m8 [3mnom[0m[2m=[0m\\.\DISPLAY12 [3mtexture_largeur[0m[2m=[0m1280 [3mtexture_hauteur[0m[2m=[0m720
[2m2026-07-31T19:37:54.954987Z[0m [32m INFO[0m [2magent::diagnostics::multifenetre::paralleles::passes[0m[2m:[0m les N duplications sont ouvertes de front [3mnombre[0m[2m=[0m8 [3mplaces_bureau[0m[2m=[0m[Rect { x: 2400, y: 0, width: 1280, height: 720 }, Rect { x: 3680, y: 0, width: 1280, height: 720 }, Rect { x: 4960, y: 0, width: 1280, height: 720 }, Rect { x: 6240, y: 0, width: 1280, height: 720 }, Rect { x: 7520, y: 0, width: 1280, height: 720 }, Rect { x: 8800, y: 0, width: 1280, height: 720 }, Rect { x: 10080, y: 0, width: 1280, height: 720 }, Rect { x: 11360, y: 0, width: 1280, height: 720 }] [3mplaces_texture[0m[2m=[0m[Rect { x: 0, y: 0, width: 1280, height: 720 }, Rect { x: 0, y: 0, width: 1280, height: 720 }, Rect { x: 0, y: 0, width: 1280, height: 720 }, Rect { x: 0, y: 0, width: 1280, height: 720 }, Rect { x: 0, y: 0, width: 1280, height: 720 }, Rect { x: 0, y: 0, width: 1280, height: 720 }, Rect { x: 0, y: 0, width: 1280, height: 720 }, Rect { x: 0, y: 0, width: 1280, height: 720 }]
[2m2026-07-31T19:37:55.955171Z[0m [32m INFO[0m [2magent::diagnostics::multifenetre::paralleles::passes[0m[2m:[0m banc parallèle en cours [3mimages[0m[2m=[0m[91, 91, 91, 91, 91, 91, 91, 90] [3munites[0m[2m=[0m[0, 0, 0, 0, 0, 0, 0, 0] [3mverdicts[0m[2m=[0mVerdicts { justes: 91, voisines: 0, noires: 0, inconnues: 0 }
[2m2026-07-31T19:37:56.955207Z[0m [32m INFO[0m [2magent::diagnostics::multifenetre::paralleles::passes[0m[2m:[0m banc parallèle en cours [3mimages[0m[2m=[0m[181, 181, 181, 181, 181, 181, 181, 180] [3munites[0m[2m=[0m[0, 0, 0, 0, 0, 0, 0, 0] [3mverdicts[0m[2m=[0mVerdicts { justes: 181, voisines: 0, noires: 0, inconnues: 0 }
[2m2026-07-31T19:37:57.955418Z[0m [32m INFO[0m [2magent::diagnostics::multifenetre::paralleles::passes[0m[2m:[0m banc parallèle en cours [3mimages[0m[2m=[0m[271, 271, 271, 271, 271, 271, 271, 270] [3munites[0m[2m=[0m[0, 0, 0, 0, 0, 0, 0, 0] [3mverdicts[0m[2m=[0mVerdicts { justes: 271, voisines: 0, noires: 0, inconnues: 0 }
[2m2026-07-31T19:37:58.955262Z[0m [32m INFO[0m [2magent::diagnostics::multifenetre::paralleles::passes[0m[2m:[0m banc parallèle en cours [3mimages[0m[2m=[0m[361, 361, 361, 361, 361, 361, 361, 360] [3munites[0m[2m=[0m[0, 0, 0, 0, 0, 0, 0, 0] [3mverdicts[0m[2m=[0mVerdicts { justes: 361, voisines: 0, noires: 0, inconnues: 0 }
[2m2026-07-31T19:37:59.955289Z[0m [32m INFO[0m [2magent::diagnostics::multifenetre::paralleles::passes[0m[2m:[0m banc parallèle en cours [3mimages[0m[2m=[0m[451, 451, 451, 451, 451, 451, 451, 450] [3munites[0m[2m=[0m[0, 0, 0, 0, 0, 0, 0, 0] [3mverdicts[0m[2m=[0mVerdicts { justes: 451, voisines: 0, noires: 0, inconnues: 0 }
[2m2026-07-31T19:38:00.955316Z[0m [32m INFO[0m [2magent::diagnostics::multifenetre::paralleles::passes[0m[2m:[0m banc parallèle en cours [3mimages[0m[2m=[0m[541, 541, 541, 541, 541, 541, 541, 540] [3munites[0m[2m=[0m[0, 0, 0, 0, 0, 0, 0, 0] [3mverdicts[0m[2m=[0mVerdicts { justes: 541, voisines: 0, noires: 0, inconnues: 0 }
[2m2026-07-31T19:38:01.955481Z[0m [32m INFO[0m [2magent::diagnostics::multifenetre::paralleles::passes[0m[2m:[0m banc parallèle en cours [3mimages[0m[2m=[0m[631, 631, 631, 631, 631, 631, 631, 630] [3munites[0m[2m=[0m[0, 0, 0, 0, 0, 0, 0, 0] [3mverdicts[0m[2m=[0mVerdicts { justes: 631, voisines: 0, noires: 0, inconnues: 0 }
[2m2026-07-31T19:38:02.955430Z[0m [32m INFO[0m [2magent::diagnostics::multifenetre::paralleles::passes[0m[2m:[0m banc parallèle en cours [3mimages[0m[2m=[0m[721, 721, 721, 721, 721, 721, 721, 720] [3munites[0m[2m=[0m[0, 0, 0, 0, 0, 0, 0, 0] [3mverdicts[0m[2m=[0mVerdicts { justes: 721, voisines: 0, noires: 0, inconnues: 0 }
[2m2026-07-31T19:38:03.955224Z[0m [32m INFO[0m [2magent::diagnostics::multifenetre::paralleles::passes[0m[2m:[0m banc parallèle en cours [3mimages[0m[2m=[0m[811, 811, 811, 811, 811, 811, 811, 810] [3munites[0m[2m=[0m[0, 0, 0, 0, 0, 0, 0, 0] [3mverdicts[0m[2m=[0mVerdicts { justes: 811, voisines: 0, noires: 0, inconnues: 0 }
[2m2026-07-31T19:38:04.955471Z[0m [32m INFO[0m [2magent::diagnostics::multifenetre::paralleles::passes[0m[2m:[0m banc parallèle en cours [3mimages[0m[2m=[0m[901, 901, 901, 901, 901, 901, 901, 900] [3munites[0m[2m=[0m[0, 0, 0, 0, 0, 0, 0, 0] [3mverdicts[0m[2m=[0mVerdicts { justes: 901, voisines: 0, noires: 0, inconnues: 0 }
[2m2026-07-31T19:38:04.955497Z[0m [32m INFO[0m [2magent::diagnostics::multifenetre::compteurs[0m[2m:[0m passe terminée [3mpasse[0m[2m=[0m"capture" [3mvoie[0m[2m=[0m"duplication-parallele" [3mnombre[0m[2m=[0m8 [3mcadences[0m[2m=[0m[90.1, 90.1, 90.1, 90.1, 90.1, 90.1, 90.1, 90.0] [3munites[0m[2m=[0m[0, 0, 0, 0, 0, 0, 0, 0] [3mverdicts_faux[0m[2m=[0m0 [3mmire0_avant_recouvrement[0m[2m=[0mVerdicts { justes: 0, voisines: 0, noires: 0, inconnues: 0 } [3mmire0_apres_recouvrement[0m[2m=[0mVerdicts { justes: 901, voisines: 0, noires: 0, inconnues: 0 }
[2m2026-07-31T19:38:04.955882Z[0m [32m INFO[0m [2magent::capture[0m[2m:[0m adaptateur DXGI sans sortie [3madaptateur[0m[2m=[0mNVIDIA GeForce RTX 4070 [3mindex_adaptateur[0m[2m=[0m1
[2m2026-07-31T19:38:04.955906Z[0m [32m INFO[0m [2magent::capture[0m[2m:[0m adaptateur DXGI sans sortie [3madaptateur[0m[2m=[0mMicrosoft Basic Render Driver [3mindex_adaptateur[0m[2m=[0m2
[2m2026-07-31T19:38:04.955918Z[0m [32m INFO[0m [2magent::diagnostics::multifenetre::paralleles[0m[2m:[0m les N sorties virtuelles sont encore là ET attachées — les verdicts de cette passe portent bien sur elles [3mpasse[0m[2m=[0m"capture" [3mnombre[0m[2m=[0m8
[2m2026-07-31T19:38:04.956932Z[0m [32m INFO[0m [2magent::encode[0m[2m:[0m encodeur matériel retenu [3mencodeur[0m[2m=[0mNVIDIA H.264 Encoder MFT
[2m2026-07-31T19:38:05.018312Z[0m [32m INFO[0m [2magent::encode::arret[0m[2m:[0m file de travail sérialisée imposée [3mmft[0m[2m=[0m"encodeur" [3mfile[0m[2m=[0m327681
[2m2026-07-31T19:38:05.023477Z[0m [32m INFO[0m [2magent::encode[0m[2m:[0m convertisseur BGRA→NV12 (Video Processor MFT) configuré [3mconverter_provides_samples[0m[2m=[0mtrue
[2m2026-07-31T19:38:05.024087Z[0m [32m INFO[0m [2magent::encode[0m[2m:[0m encodeur matériel retenu [3mencodeur[0m[2m=[0mNVIDIA H.264 Encoder MFT
[2m2026-07-31T19:38:05.076490Z[0m [32m INFO[0m [2magent::encode::arret[0m[2m:[0m file de travail sérialisée imposée [3mmft[0m[2m=[0m"encodeur" [3mfile[0m[2m=[0m524293
[2m2026-07-31T19:38:05.076697Z[0m [32m INFO[0m [2magent::encode[0m[2m:[0m convertisseur BGRA→NV12 (Video Processor MFT) configuré [3mconverter_provides_samples[0m[2m=[0mtrue
[2m2026-07-31T19:38:05.077269Z[0m [32m INFO[0m [2magent::encode[0m[2m:[0m encodeur matériel retenu [3mencodeur[0m[2m=[0mNVIDIA H.264 Encoder MFT
[2m2026-07-31T19:38:05.127952Z[0m [32m INFO[0m [2magent::encode::arret[0m[2m:[0m file de travail sérialisée imposée [3mmft[0m[2m=[0m"encodeur" [3mfile[0m[2m=[0m655368
[2m2026-07-31T19:38:05.128158Z[0m [32m INFO[0m [2magent::encode[0m[2m:[0m convertisseur BGRA→NV12 (Video Processor MFT) configuré [3mconverter_provides_samples[0m[2m=[0mtrue
[2m2026-07-31T19:38:05.128580Z[0m [32m INFO[0m [2magent::encode[0m[2m:[0m encodeur matériel retenu [3mencodeur[0m[2m=[0mNVIDIA H.264 Encoder MFT
[2m2026-07-31T19:38:05.179822Z[0m [32m INFO[0m [2magent::encode::arret[0m[2m:[0m file de travail sérialisée imposée [3mmft[0m[2m=[0m"encodeur" [3mfile[0m[2m=[0m786443
[2m2026-07-31T19:38:05.180030Z[0m [32m INFO[0m [2magent::encode[0m[2m:[0m convertisseur BGRA→NV12 (Video Processor MFT) configuré [3mconverter_provides_samples[0m[2m=[0mtrue
[2m2026-07-31T19:38:05.180588Z[0m [32m INFO[0m [2magent::encode[0m[2m:[0m encodeur matériel retenu [3mencodeur[0m[2m=[0mNVIDIA H.264 Encoder MFT
[2m2026-07-31T19:38:05.232308Z[0m [32m INFO[0m [2magent::encode::arret[0m[2m:[0m file de travail sérialisée imposée [3mmft[0m[2m=[0m"encodeur" [3mfile[0m[2m=[0m917518
[2m2026-07-31T19:38:05.232526Z[0m [32m INFO[0m [2magent::encode[0m[2m:[0m convertisseur BGRA→NV12 (Video Processor MFT) configuré [3mconverter_provides_samples[0m[2m=[0mtrue
[2m2026-07-31T19:38:05.233143Z[0m [32m INFO[0m [2magent::encode[0m[2m:[0m encodeur matériel retenu [3mencodeur[0m[2m=[0mNVIDIA H.264 Encoder MFT
[2m2026-07-31T19:38:05.285574Z[0m [32m INFO[0m [2magent::encode::arret[0m[2m:[0m file de travail sérialisée imposée [3mmft[0m[2m=[0m"encodeur" [3mfile[0m[2m=[0m1048593
[2m2026-07-31T19:38:05.285826Z[0m [32m INFO[0m [2magent::encode[0m[2m:[0m convertisseur BGRA→NV12 (Video Processor MFT) configuré [3mconverter_provides_samples[0m[2m=[0mtrue
[2m2026-07-31T19:38:05.286395Z[0m [32m INFO[0m [2magent::encode[0m[2m:[0m encodeur matériel retenu [3mencodeur[0m[2m=[0mNVIDIA H.264 Encoder MFT
[2m2026-07-31T19:38:05.343178Z[0m [32m INFO[0m [2magent::encode::arret[0m[2m:[0m file de travail sérialisée imposée [3mmft[0m[2m=[0m"encodeur" [3mfile[0m[2m=[0m1179668
[2m2026-07-31T19:38:05.343387Z[0m [32m INFO[0m [2magent::encode[0m[2m:[0m convertisseur BGRA→NV12 (Video Processor MFT) configuré [3mconverter_provides_samples[0m[2m=[0mtrue
[2m2026-07-31T19:38:05.343789Z[0m [32m INFO[0m [2magent::encode[0m[2m:[0m encodeur matériel retenu [3mencodeur[0m[2m=[0mNVIDIA H.264 Encoder MFT
[2m2026-07-31T19:38:05.395156Z[0m [32m INFO[0m [2magent::encode::arret[0m[2m:[0m file de travail sérialisée imposée [3mmft[0m[2m=[0m"encodeur" [3mfile[0m[2m=[0m1310743
[2m2026-07-31T19:38:05.395364Z[0m [32m INFO[0m [2magent::encode[0m[2m:[0m convertisseur BGRA→NV12 (Video Processor MFT) configuré [3mconverter_provides_samples[0m[2m=[0mtrue
[2m2026-07-31T19:38:06.396550Z[0m [32m INFO[0m [2magent::diagnostics::multifenetre::paralleles::passes[0m[2m:[0m banc parallèle en cours [3mimages[0m[2m=[0m[91, 91, 91, 91, 91, 91, 91, 91] [3munites[0m[2m=[0m[45, 45, 45, 45, 45, 45, 45, 45] [3mverdicts[0m[2m=[0mVerdicts { justes: 91, voisines: 0, noires: 0, inconnues: 0 }
[2m2026-07-31T19:38:07.396031Z[0m [32m INFO[0m [2magent::diagnostics::multifenetre::paralleles::passes[0m[2m:[0m banc parallèle en cours [3mimages[0m[2m=[0m[181, 181, 181, 181, 181, 181, 181, 181] [3munites[0m[2m=[0m[90, 90, 90, 90, 90, 90, 90, 90] [3mverdicts[0m[2m=[0mVerdicts { justes: 181, voisines: 0, noires: 0, inconnues: 0 }
[2m2026-07-31T19:38:08.396392Z[0m [32m INFO[0m [2magent::diagnostics::multifenetre::paralleles::passes[0m[2m:[0m banc parallèle en cours [3mimages[0m[2m=[0m[271, 271, 271, 271, 271, 271, 271, 271] [3munites[0m[2m=[0m[135, 135, 135, 135, 135, 135, 135, 135] [3mverdicts[0m[2m=[0mVerdicts { justes: 271, voisines: 0, noires: 0, inconnues: 0 }
[2m2026-07-31T19:38:09.396091Z[0m [32m INFO[0m [2magent::diagnostics::multifenetre::paralleles::passes[0m[2m:[0m banc parallèle en cours [3mimages[0m[2m=[0m[361, 361, 361, 361, 361, 361, 361, 361] [3munites[0m[2m=[0m[180, 180, 180, 180, 180, 180, 180, 180] [3mverdicts[0m[2m=[0mVerdicts { justes: 361, voisines: 0, noires: 0, inconnues: 0 }
[2m2026-07-31T19:38:10.396015Z[0m [32m INFO[0m [2magent::diagnostics::multifenetre::paralleles::passes[0m[2m:[0m banc parallèle en cours [3mimages[0m[2m=[0m[451, 451, 451, 451, 451, 451, 451, 451] [3munites[0m[2m=[0m[225, 225, 225, 225, 225, 225, 225, 225] [3mverdicts[0m[2m=[0mVerdicts { justes: 451, voisines: 0, noires: 0, inconnues: 0 }
[2m2026-07-31T19:38:11.395968Z[0m [32m INFO[0m [2magent::diagnostics::multifenetre::paralleles::passes[0m[2m:[0m banc parallèle en cours [3mimages[0m[2m=[0m[541, 541, 541, 541, 541, 541, 541, 541] [3munites[0m[2m=[0m[270, 270, 270, 270, 270, 270, 270, 270] [3mverdicts[0m[2m=[0mVerdicts { justes: 541, voisines: 0, noires: 0, inconnues: 0 }
[2m2026-07-31T19:38:12.396274Z[0m [32m INFO[0m [2magent::diagnostics::multifenetre::paralleles::passes[0m[2m:[0m banc parallèle en cours [3mimages[0m[2m=[0m[631, 631, 631, 631, 631, 631, 631, 631] [3munites[0m[2m=[0m[315, 315, 315, 315, 315, 315, 315, 315] [3mverdicts[0m[2m=[0mVerdicts { justes: 631, voisines: 0, noires: 0, inconnues: 0 }
[2m2026-07-31T19:38:13.396140Z[0m [32m INFO[0m [2magent::diagnostics::multifenetre::paralleles::passes[0m[2m:[0m banc parallèle en cours [3mimages[0m[2m=[0m[721, 721, 721, 721, 721, 721, 721, 721] [3munites[0m[2m=[0m[360, 360, 360, 360, 360, 360, 360, 360] [3mverdicts[0m[2m=[0mVerdicts { justes: 721, voisines: 0, noires: 0, inconnues: 0 }
[2m2026-07-31T19:38:14.396182Z[0m [32m INFO[0m [2magent::diagnostics::multifenetre::paralleles::passes[0m[2m:[0m banc parallèle en cours [3mimages[0m[2m=[0m[811, 811, 811, 811, 811, 811, 811, 811] [3munites[0m[2m=[0m[405, 405, 405, 405, 405, 405, 405, 405] [3mverdicts[0m[2m=[0mVerdicts { justes: 811, voisines: 0, noires: 0, inconnues: 0 }
[2m2026-07-31T19:38:15.396150Z[0m [32m INFO[0m [2magent::diagnostics::multifenetre::paralleles::passes[0m[2m:[0m banc parallèle en cours [3mimages[0m[2m=[0m[901, 901, 901, 901, 901, 901, 901, 901] [3munites[0m[2m=[0m[450, 450, 450, 450, 450, 450, 450, 450] [3mverdicts[0m[2m=[0mVerdicts { justes: 901, voisines: 0, noires: 0, inconnues: 0 }
[2m2026-07-31T19:38:15.396179Z[0m [32m INFO[0m [2magent::diagnostics::multifenetre::paralleles::passes[0m[2m:[0m images converties puis écartées, encodeur par encodeur — l'écart entre « images » et « unites » se lit ici, pas dans le parallélisme [3mnv12_ecartees[0m[2m=[0m[450, 450, 450, 450, 450, 450, 450, 450]
[2m2026-07-31T19:38:15.396183Z[0m [32m INFO[0m [2magent::diagnostics::multifenetre::paralleles::passes[0m[2m:[0m libération des encodeurs : début [3mnombre[0m[2m=[0m8
[2m2026-07-31T19:38:15.396186Z[0m [32m INFO[0m [2magent::diagnostics::multifenetre::paralleles::passes[0m[2m:[0m libération d'un encodeur : avant [3mid[0m[2m=[0m0
[2m2026-07-31T19:38:15.396723Z[0m [32m INFO[0m [2magent::diagnostics::multifenetre::paralleles::passes[0m[2m:[0m libération d'un encodeur : après [3mid[0m[2m=[0m0
[2m2026-07-31T19:38:15.396732Z[0m [32m INFO[0m [2magent::diagnostics::multifenetre::paralleles::passes[0m[2m:[0m libération d'un encodeur : avant [3mid[0m[2m=[0m1
[2m2026-07-31T19:38:15.397155Z[0m [32m INFO[0m [2magent::diagnostics::multifenetre::paralleles::passes[0m[2m:[0m libération d'un encodeur : après [3mid[0m[2m=[0m1
[2m2026-07-31T19:38:15.397164Z[0m [32m INFO[0m [2magent::diagnostics::multifenetre::paralleles::passes[0m[2m:[0m libération d'un encodeur : avant [3mid[0m[2m=[0m2
[2m2026-07-31T19:38:15.397505Z[0m [32m INFO[0m [2magent::diagnostics::multifenetre::paralleles::passes[0m[2m:[0m libération d'un encodeur : après [3mid[0m[2m=[0m2
[2m2026-07-31T19:38:15.397511Z[0m [32m INFO[0m [2magent::diagnostics::multifenetre::paralleles::passes[0m[2m:[0m libération d'un encodeur : avant [3mid[0m[2m=[0m3
[2m2026-07-31T19:38:15.398576Z[0m [32m INFO[0m [2magent::diagnostics::multifenetre::paralleles::passes[0m[2m:[0m libération d'un encodeur : après [3mid[0m[2m=[0m3
[2m2026-07-31T19:38:15.398586Z[0m [32m INFO[0m [2magent::diagnostics::multifenetre::paralleles::passes[0m[2m:[0m libération d'un encodeur : avant [3mid[0m[2m=[0m4
[2m2026-07-31T19:38:15.398956Z[0m [32m INFO[0m [2magent::diagnostics::multifenetre::paralleles::passes[0m[2m:[0m libération d'un encodeur : après [3mid[0m[2m=[0m4
[2m2026-07-31T19:38:15.398963Z[0m [32m INFO[0m [2magent::diagnostics::multifenetre::paralleles::passes[0m[2m:[0m libération d'un encodeur : avant [3mid[0m[2m=[0m5
[2m2026-07-31T19:38:15.399297Z[0m [32m INFO[0m [2magent::diagnostics::multifenetre::paralleles::passes[0m[2m:[0m libération d'un encodeur : après [3mid[0m[2m=[0m5
[2m2026-07-31T19:38:15.399304Z[0m [32m INFO[0m [2magent::diagnostics::multifenetre::paralleles::passes[0m[2m:[0m libération d'un encodeur : avant [3mid[0m[2m=[0m6
[2m2026-07-31T19:38:15.399617Z[0m [32m INFO[0m [2magent::diagnostics::multifenetre::paralleles::passes[0m[2m:[0m libération d'un encodeur : après [3mid[0m[2m=[0m6
[2m2026-07-31T19:38:15.399624Z[0m [32m INFO[0m [2magent::diagnostics::multifenetre::paralleles::passes[0m[2m:[0m libération d'un encodeur : avant [3mid[0m[2m=[0m7
[2m2026-07-31T19:38:15.400144Z[0m [32m INFO[0m [2magent::diagnostics::multifenetre::paralleles::passes[0m[2m:[0m libération d'un encodeur : après [3mid[0m[2m=[0m7
[2m2026-07-31T19:38:15.400153Z[0m [32m INFO[0m [2magent::diagnostics::multifenetre::paralleles::passes[0m[2m:[0m libération des encodeurs : terminée
[2m2026-07-31T19:38:15.400157Z[0m [32m INFO[0m [2magent::diagnostics::multifenetre::compteurs[0m[2m:[0m passe terminée [3mpasse[0m[2m=[0m"capture+encodage" [3mvoie[0m[2m=[0m"duplication-parallele" [3mnombre[0m[2m=[0m8 [3mcadences[0m[2m=[0m[90.1, 90.1, 90.1, 90.1, 90.1, 90.1, 90.1, 90.1] [3munites[0m[2m=[0m[450, 450, 450, 450, 450, 450, 450, 450] [3mverdicts_faux[0m[2m=[0m0 [3mmire0_avant_recouvrement[0m[2m=[0mVerdicts { justes: 0, voisines: 0, noires: 0, inconnues: 0 } [3mmire0_apres_recouvrement[0m[2m=[0mVerdicts { justes: 901, voisines: 0, noires: 0, inconnues: 0 }
[2m2026-07-31T19:38:15.400487Z[0m [32m INFO[0m [2magent::capture[0m[2m:[0m adaptateur DXGI sans sortie [3madaptateur[0m[2m=[0mNVIDIA GeForce RTX 4070 [3mindex_adaptateur[0m[2m=[0m1
[2m2026-07-31T19:38:15.400514Z[0m [32m INFO[0m [2magent::capture[0m[2m:[0m adaptateur DXGI sans sortie [3madaptateur[0m[2m=[0mMicrosoft Basic Render Driver [3mindex_adaptateur[0m[2m=[0m2
[2m2026-07-31T19:38:15.400527Z[0m [32m INFO[0m [2magent::diagnostics::multifenetre::paralleles[0m[2m:[0m les N sorties virtuelles sont encore là ET attachées — les verdicts de cette passe portent bien sur elles [3mpasse[0m[2m=[0m"capture+encodage" [3mnombre[0m[2m=[0m8
[2m2026-07-31T19:38:15.400531Z[0m [32m INFO[0m [2magent::diagnostics::multifenetre::paralleles::passes[0m[2m:[0m libération des voies de capture : avant
[2m2026-07-31T19:38:15.520643Z[0m [32m INFO[0m [2magent::diagnostics::multifenetre::paralleles::passes[0m[2m:[0m libération des voies de capture : après
[2m2026-07-31T19:38:15.539077Z[0m [32m INFO[0m [2magent::diagnostics::multifenetre::paralleles[0m[2m:[0m chien de garde : plus grand écart entre deux battements sur toute la mesure [3mintervalle_ping_max_ms[0m[2m=[0m1002
[2m2026-07-31T19:38:15.539415Z[0m [32m INFO[0m [2magent::capture[0m[2m:[0m adaptateur DXGI sans sortie [3madaptateur[0m[2m=[0mNVIDIA GeForce RTX 4070 [3mindex_adaptateur[0m[2m=[0m1
[2m2026-07-31T19:38:15.539440Z[0m [32m INFO[0m [2magent::capture[0m[2m:[0m adaptateur DXGI sans sortie [3madaptateur[0m[2m=[0mMicrosoft Basic Render Driver [3mindex_adaptateur[0m[2m=[0m2
[2m2026-07-31T19:38:15.539453Z[0m [32m INFO[0m [2magent::diagnostics::multifenetre::paralleles[0m[2m:[0m les N sorties virtuelles sont encore là ET attachées — les verdicts de cette passe portent bien sur elles [3mpasse[0m[2m=[0m"bilan" [3mnombre[0m[2m=[0m8
[2m2026-07-31T19:38:15.544631Z[0m [32m INFO[0m [2magent::diagnostics::multifenetre::moniteurs[0m[2m:[0m sortie virtuelle détruite [3mid[0m[2m=[0m256
[2m2026-07-31T19:38:15.549832Z[0m [32m INFO[0m [2magent::diagnostics::multifenetre::moniteurs[0m[2m:[0m sortie virtuelle détruite [3mid[0m[2m=[0m257
[2m2026-07-31T19:38:15.555383Z[0m [32m INFO[0m [2magent::diagnostics::multifenetre::moniteurs[0m[2m:[0m sortie virtuelle détruite [3mid[0m[2m=[0m262
[2m2026-07-31T19:38:15.560800Z[0m [32m INFO[0m [2magent::diagnostics::multifenetre::moniteurs[0m[2m:[0m sortie virtuelle détruite [3mid[0m[2m=[0m263
[2m2026-07-31T19:38:15.567106Z[0m [32m INFO[0m [2magent::diagnostics::multifenetre::moniteurs[0m[2m:[0m sortie virtuelle détruite [3mid[0m[2m=[0m261
[2m2026-07-31T19:38:15.572599Z[0m [32m INFO[0m [2magent::diagnostics::multifenetre::moniteurs[0m[2m:[0m sortie virtuelle détruite [3mid[0m[2m=[0m260
[2m2026-07-31T19:38:15.578113Z[0m [32m INFO[0m [2magent::diagnostics::multifenetre::moniteurs[0m[2m:[0m sortie virtuelle détruite [3mid[0m[2m=[0m259
[2m2026-07-31T19:38:15.586412Z[0m [32m INFO[0m [2magent::diagnostics::multifenetre::moniteurs[0m[2m:[0m sortie virtuelle détruite [3mid[0m[2m=[0m258
[2m2026-07-31T19:38:18.587702Z[0m [32m INFO[0m [2magent::capture[0m[2m:[0m adaptateur DXGI sans sortie [3madaptateur[0m[2m=[0mNVIDIA GeForce RTX 4070 [3mindex_adaptateur[0m[2m=[0m1
[2m2026-07-31T19:38:18.587734Z[0m [32m INFO[0m [2magent::capture[0m[2m:[0m adaptateur DXGI sans sortie [3madaptateur[0m[2m=[0mMicrosoft Basic Render Driver [3mindex_adaptateur[0m[2m=[0m2
[2m2026-07-31T19:38:18.587742Z[0m [32m INFO[0m [2magent::diagnostics::multifenetre::montee[0m[2m:[0m topologie relevée [3mmoment[0m[2m=[0m"après destruction" [3mnombre[0m[2m=[0m1 [3mattachees[0m[2m=[0m1
[2m2026-07-31T19:38:18.587746Z[0m [32m INFO[0m [2magent::diagnostics::multifenetre::montee[0m[2m:[0m sortie [3mmoment[0m[2m=[0m"après destruction" [3mnom[0m[2m=[0m\\.\DISPLAY1 [3madaptateur[0m[2m=[0mNVIDIA GeForce RTX 4070 [3mindex_adaptateur[0m[2m=[0m0 [3mindex_sortie[0m[2m=[0m0 [3mattachee[0m[2m=[0mtrue [3mx[0m[2m=[0m0 [3my[0m[2m=[0m0 [3mlargeur[0m[2m=[0m2400 [3mhauteur[0m[2m=[0m1080
[2m2026-07-31T19:38:18.587752Z[0m [32m INFO[0m [2magent::diagnostics::multifenetre::paralleles[0m[2m:[0m état initial restauré — mêmes sorties, nommément [3mnoms[0m[2m=[0m["\\\\.\\DISPLAY1"]
