[2m2026-07-31T19:31:41.686683Z[0m [32m INFO[0m [2magent[0m[2m:[0m accélération pointeur neutralisée [3mrapport[0m[2m=[0m"seuils relus = [0, 0, 0], vitesse relue = 10 (attendu : [0, 0, 0] et 10)"
[2m2026-07-31T19:31:41.688778Z[0m [32m INFO[0m [2magent::capture[0m[2m:[0m adaptateur DXGI sans sortie [3madaptateur[0m[2m=[0mNVIDIA GeForce RTX 4070 [3mindex_adaptateur[0m[2m=[0m1
[2m2026-07-31T19:31:41.688814Z[0m [32m INFO[0m [2magent::capture[0m[2m:[0m adaptateur DXGI sans sortie [3madaptateur[0m[2m=[0mMicrosoft Basic Render Driver [3mindex_adaptateur[0m[2m=[0m2
[2m2026-07-31T19:31:41.688830Z[0m [32m INFO[0m [2magent::diagnostics::multifenetre::montee[0m[2m:[0m topologie relevée [3mmoment[0m[2m=[0m"avant création" [3mnombre[0m[2m=[0m1 [3mattachees[0m[2m=[0m1
[2m2026-07-31T19:31:41.688839Z[0m [32m INFO[0m [2magent::diagnostics::multifenetre::montee[0m[2m:[0m sortie [3mmoment[0m[2m=[0m"avant création" [3mnom[0m[2m=[0m\\.\DISPLAY1 [3madaptateur[0m[2m=[0mNVIDIA GeForce RTX 4070 [3mindex_adaptateur[0m[2m=[0m0 [3mindex_sortie[0m[2m=[0m0 [3mattachee[0m[2m=[0mtrue [3mx[0m[2m=[0m0 [3my[0m[2m=[0m0 [3mlargeur[0m[2m=[0m2400 [3mhauteur[0m[2m=[0m1080
[2m2026-07-31T19:31:41.689882Z[0m [32m INFO[0m [2magent::diagnostics::multifenetre::moniteurs[0m[2m:[0m sortie virtuelle créée [3mid[0m[2m=[0m262 [3madaptateur_bas[0m[2m=[0m62534 [3madaptateur_haut[0m[2m=[0m0 [3mguid[0m[2m=[0m9C4A1F6E-2B73-4D51-9E08-677541430001 [3mlargeur[0m[2m=[0m1280 [3mhauteur[0m[2m=[0m720 [3mhertz[0m[2m=[0m60
[2m2026-07-31T19:31:41.689899Z[0m [32m INFO[0m [2magent::diagnostics::multifenetre::paralleles[0m[2m:[0m sortie virtuelle créée [3mrang[0m[2m=[0m1 [3mid[0m[2m=[0m262
[2m2026-07-31T19:31:41.689965Z[0m [32m INFO[0m [2magent::diagnostics::multifenetre::moniteurs[0m[2m:[0m sortie virtuelle créée [3mid[0m[2m=[0m263 [3madaptateur_bas[0m[2m=[0m62534 [3madaptateur_haut[0m[2m=[0m0 [3mguid[0m[2m=[0m9C4A1F6E-2B73-4D51-9E08-677541430002 [3mlargeur[0m[2m=[0m1280 [3mhauteur[0m[2m=[0m720 [3mhertz[0m[2m=[0m60
[2m2026-07-31T19:31:41.689971Z[0m [32m INFO[0m [2magent::diagnostics::multifenetre::paralleles[0m[2m:[0m sortie virtuelle créée [3mrang[0m[2m=[0m2 [3mid[0m[2m=[0m263
[2m2026-07-31T19:31:44.691408Z[0m [32m INFO[0m [2magent::capture[0m[2m:[0m adaptateur DXGI sans sortie [3madaptateur[0m[2m=[0mNVIDIA GeForce RTX 4070 [3mindex_adaptateur[0m[2m=[0m1
[2m2026-07-31T19:31:44.691444Z[0m [32m INFO[0m [2magent::capture[0m[2m:[0m adaptateur DXGI sans sortie [3madaptateur[0m[2m=[0mMicrosoft Basic Render Driver [3mindex_adaptateur[0m[2m=[0m2
[2m2026-07-31T19:31:44.691453Z[0m [32m INFO[0m [2magent::diagnostics::multifenetre::montee[0m[2m:[0m topologie relevée [3mmoment[0m[2m=[0m"après création" [3mnombre[0m[2m=[0m3 [3mattachees[0m[2m=[0m3
[2m2026-07-31T19:31:44.691456Z[0m [32m INFO[0m [2magent::diagnostics::multifenetre::montee[0m[2m:[0m sortie [3mmoment[0m[2m=[0m"après création" [3mnom[0m[2m=[0m\\.\DISPLAY1 [3madaptateur[0m[2m=[0mNVIDIA GeForce RTX 4070 [3mindex_adaptateur[0m[2m=[0m0 [3mindex_sortie[0m[2m=[0m0 [3mattachee[0m[2m=[0mtrue [3mx[0m[2m=[0m0 [3my[0m[2m=[0m0 [3mlargeur[0m[2m=[0m2400 [3mhauteur[0m[2m=[0m1080
[2m2026-07-31T19:31:44.691461Z[0m [32m INFO[0m [2magent::diagnostics::multifenetre::montee[0m[2m:[0m sortie [3mmoment[0m[2m=[0m"après création" [3mnom[0m[2m=[0m\\.\DISPLAY5 [3madaptateur[0m[2m=[0mNVIDIA GeForce RTX 4070 [3mindex_adaptateur[0m[2m=[0m0 [3mindex_sortie[0m[2m=[0m1 [3mattachee[0m[2m=[0mtrue [3mx[0m[2m=[0m2400 [3my[0m[2m=[0m0 [3mlargeur[0m[2m=[0m1280 [3mhauteur[0m[2m=[0m720
[2m2026-07-31T19:31:44.691464Z[0m [32m INFO[0m [2magent::diagnostics::multifenetre::montee[0m[2m:[0m sortie [3mmoment[0m[2m=[0m"après création" [3mnom[0m[2m=[0m\\.\DISPLAY6 [3madaptateur[0m[2m=[0mNVIDIA GeForce RTX 4070 [3mindex_adaptateur[0m[2m=[0m0 [3mindex_sortie[0m[2m=[0m2 [3mattachee[0m[2m=[0mtrue [3mx[0m[2m=[0m3680 [3my[0m[2m=[0m0 [3mlargeur[0m[2m=[0m1280 [3mhauteur[0m[2m=[0m720
[2m2026-07-31T19:31:44.691470Z[0m [32m INFO[0m [2magent::diagnostics::multifenetre::paralleles[0m[2m:[0m sortie virtuelle retenue [3mnom[0m[2m=[0m\\.\DISPLAY5 [3madaptateur[0m[2m=[0mNVIDIA GeForce RTX 4070 [3mindex_adaptateur[0m[2m=[0m0 [3mindex_sortie[0m[2m=[0m1 [3mattachee[0m[2m=[0mtrue [3mx[0m[2m=[0m2400 [3my[0m[2m=[0m0 [3mlargeur_annoncee[0m[2m=[0m1280 [3mhauteur_annoncee[0m[2m=[0m720
[2m2026-07-31T19:31:44.691473Z[0m [32m INFO[0m [2magent::diagnostics::multifenetre::paralleles[0m[2m:[0m sortie virtuelle retenue [3mnom[0m[2m=[0m\\.\DISPLAY6 [3madaptateur[0m[2m=[0mNVIDIA GeForce RTX 4070 [3mindex_adaptateur[0m[2m=[0m0 [3mindex_sortie[0m[2m=[0m2 [3mattachee[0m[2m=[0mtrue [3mx[0m[2m=[0m3680 [3my[0m[2m=[0m0 [3mlargeur_annoncee[0m[2m=[0m1280 [3mhauteur_annoncee[0m[2m=[0m720
[2m2026-07-31T19:31:54.784611Z[0m [32m INFO[0m [2magent::diagnostics::multifenetre::compteurs[0m[2m:[0m passe TÉMOIN — cadence de peinture sans capture [3mmires[0m[2m=[0m2 [3mtrames[0m[2m=[0m66653 [3mcadence[0m[2m=[0m6665.253276574531
[2m2026-07-31T19:31:54.784880Z[0m [32m INFO[0m [2magent::capture[0m[2m:[0m adaptateur DXGI sans sortie [3madaptateur[0m[2m=[0mNVIDIA GeForce RTX 4070 [3mindex_adaptateur[0m[2m=[0m1
[2m2026-07-31T19:31:54.784905Z[0m [32m INFO[0m [2magent::capture[0m[2m:[0m adaptateur DXGI sans sortie [3madaptateur[0m[2m=[0mMicrosoft Basic Render Driver [3mindex_adaptateur[0m[2m=[0m2
[2m2026-07-31T19:31:54.784918Z[0m [32m INFO[0m [2magent::diagnostics::multifenetre::paralleles[0m[2m:[0m les N sorties virtuelles sont encore là ET attachées — les verdicts de cette passe portent bien sur elles [3mpasse[0m[2m=[0m"témoin" [3mnombre[0m[2m=[0m2
[2m2026-07-31T19:31:54.785106Z[0m [32m INFO[0m [2magent::capture[0m[2m:[0m sortie retenue pour la duplication [3madaptateur[0m[2m=[0mNVIDIA GeForce RTX 4070 [3mindex_adaptateur[0m[2m=[0m0 [3mindex_sortie[0m[2m=[0m1 [3mattachee[0m[2m=[0mtrue
[2m2026-07-31T19:31:54.812909Z[0m [32m INFO[0m [2magent::capture[0m[2m:[0m protection multi-fils activée sur le contexte immédiat D3D11 [3mprotection_precedente[0m[2m=[0mfalse
[2m2026-07-31T19:31:54.813207Z[0m [32m INFO[0m [2magent::capture[0m[2m:[0m duplication de sortie établie [3mdesktop_width[0m[2m=[0m1280 [3mdesktop_height[0m[2m=[0m720
[2m2026-07-31T19:31:54.813222Z[0m [32m INFO[0m [2magent::diagnostics::multifenetre::paralleles::passes[0m[2m:[0m duplication ouverte [3mrang[0m[2m=[0m1 [3mnom[0m[2m=[0m\\.\DISPLAY5 [3mtexture_largeur[0m[2m=[0m1280 [3mtexture_hauteur[0m[2m=[0m720
[2m2026-07-31T19:31:54.813566Z[0m [32m INFO[0m [2magent::capture[0m[2m:[0m sortie retenue pour la duplication [3madaptateur[0m[2m=[0mNVIDIA GeForce RTX 4070 [3mindex_adaptateur[0m[2m=[0m0 [3mindex_sortie[0m[2m=[0m2 [3mattachee[0m[2m=[0mtrue
[2m2026-07-31T19:31:54.832011Z[0m [32m INFO[0m [2magent::capture[0m[2m:[0m protection multi-fils activée sur le contexte immédiat D3D11 [3mprotection_precedente[0m[2m=[0mfalse
[2m2026-07-31T19:31:54.832229Z[0m [32m INFO[0m [2magent::capture[0m[2m:[0m duplication de sortie établie [3mdesktop_width[0m[2m=[0m1280 [3mdesktop_height[0m[2m=[0m720
[2m2026-07-31T19:31:54.832240Z[0m [32m INFO[0m [2magent::diagnostics::multifenetre::paralleles::passes[0m[2m:[0m duplication ouverte [3mrang[0m[2m=[0m2 [3mnom[0m[2m=[0m\\.\DISPLAY6 [3mtexture_largeur[0m[2m=[0m1280 [3mtexture_hauteur[0m[2m=[0m720
[2m2026-07-31T19:31:54.832400Z[0m [32m INFO[0m [2magent::diagnostics::multifenetre::paralleles::passes[0m[2m:[0m les N duplications sont ouvertes de front [3mnombre[0m[2m=[0m2 [3mplaces_bureau[0m[2m=[0m[Rect { x: 2400, y: 0, width: 1280, height: 720 }, Rect { x: 3680, y: 0, width: 1280, height: 720 }] [3mplaces_texture[0m[2m=[0m[Rect { x: 0, y: 0, width: 1280, height: 720 }, Rect { x: 0, y: 0, width: 1280, height: 720 }]
[2m2026-07-31T19:31:55.832544Z[0m [32m INFO[0m [2magent::diagnostics::multifenetre::paralleles::passes[0m[2m:[0m banc parallèle en cours [3mimages[0m[2m=[0m[91, 90] [3munites[0m[2m=[0m[0, 0] [3mverdicts[0m[2m=[0mVerdicts { justes: 91, voisines: 0, noires: 0, inconnues: 0 }
[2m2026-07-31T19:31:56.832475Z[0m [32m INFO[0m [2magent::diagnostics::multifenetre::paralleles::passes[0m[2m:[0m banc parallèle en cours [3mimages[0m[2m=[0m[181, 180] [3munites[0m[2m=[0m[0, 0] [3mverdicts[0m[2m=[0mVerdicts { justes: 181, voisines: 0, noires: 0, inconnues: 0 }
[2m2026-07-31T19:31:57.832497Z[0m [32m INFO[0m [2magent::diagnostics::multifenetre::paralleles::passes[0m[2m:[0m banc parallèle en cours [3mimages[0m[2m=[0m[271, 270] [3munites[0m[2m=[0m[0, 0] [3mverdicts[0m[2m=[0mVerdicts { justes: 271, voisines: 0, noires: 0, inconnues: 0 }
[2m2026-07-31T19:31:58.832499Z[0m [32m INFO[0m [2magent::diagnostics::multifenetre::paralleles::passes[0m[2m:[0m banc parallèle en cours [3mimages[0m[2m=[0m[361, 360] [3munites[0m[2m=[0m[0, 0] [3mverdicts[0m[2m=[0mVerdicts { justes: 361, voisines: 0, noires: 0, inconnues: 0 }
[2m2026-07-31T19:31:59.832551Z[0m [32m INFO[0m [2magent::diagnostics::multifenetre::paralleles::passes[0m[2m:[0m banc parallèle en cours [3mimages[0m[2m=[0m[451, 450] [3munites[0m[2m=[0m[0, 0] [3mverdicts[0m[2m=[0mVerdicts { justes: 451, voisines: 0, noires: 0, inconnues: 0 }
[2m2026-07-31T19:32:00.832462Z[0m [32m INFO[0m [2magent::diagnostics::multifenetre::paralleles::passes[0m[2m:[0m banc parallèle en cours [3mimages[0m[2m=[0m[541, 540] [3munites[0m[2m=[0m[0, 0] [3mverdicts[0m[2m=[0mVerdicts { justes: 541, voisines: 0, noires: 0, inconnues: 0 }
[2m2026-07-31T19:32:01.832575Z[0m [32m INFO[0m [2magent::diagnostics::multifenetre::paralleles::passes[0m[2m:[0m banc parallèle en cours [3mimages[0m[2m=[0m[631, 630] [3munites[0m[2m=[0m[0, 0] [3mverdicts[0m[2m=[0mVerdicts { justes: 631, voisines: 0, noires: 0, inconnues: 0 }
[2m2026-07-31T19:32:02.832447Z[0m [32m INFO[0m [2magent::diagnostics::multifenetre::paralleles::passes[0m[2m:[0m banc parallèle en cours [3mimages[0m[2m=[0m[721, 720] [3munites[0m[2m=[0m[0, 0] [3mverdicts[0m[2m=[0mVerdicts { justes: 721, voisines: 0, noires: 0, inconnues: 0 }
[2m2026-07-31T19:32:03.832514Z[0m [32m INFO[0m [2magent::diagnostics::multifenetre::paralleles::passes[0m[2m:[0m banc parallèle en cours [3mimages[0m[2m=[0m[811, 810] [3munites[0m[2m=[0m[0, 0] [3mverdicts[0m[2m=[0mVerdicts { justes: 811, voisines: 0, noires: 0, inconnues: 0 }
[2m2026-07-31T19:32:04.832445Z[0m [32m INFO[0m [2magent::diagnostics::multifenetre::paralleles::passes[0m[2m:[0m banc parallèle en cours [3mimages[0m[2m=[0m[901, 900] [3munites[0m[2m=[0m[0, 0] [3mverdicts[0m[2m=[0mVerdicts { justes: 901, voisines: 0, noires: 0, inconnues: 0 }
[2m2026-07-31T19:32:04.832469Z[0m [32m INFO[0m [2magent::diagnostics::multifenetre::compteurs[0m[2m:[0m passe terminée [3mpasse[0m[2m=[0m"capture" [3mvoie[0m[2m=[0m"duplication-parallele" [3mnombre[0m[2m=[0m2 [3mcadences[0m[2m=[0m[90.1, 90.0] [3munites[0m[2m=[0m[0, 0] [3mverdicts_faux[0m[2m=[0m0 [3mmire0_avant_recouvrement[0m[2m=[0mVerdicts { justes: 0, voisines: 0, noires: 0, inconnues: 0 } [3mmire0_apres_recouvrement[0m[2m=[0mVerdicts { justes: 901, voisines: 0, noires: 0, inconnues: 0 }
[2m2026-07-31T19:32:04.832730Z[0m [32m INFO[0m [2magent::capture[0m[2m:[0m adaptateur DXGI sans sortie [3madaptateur[0m[2m=[0mNVIDIA GeForce RTX 4070 [3mindex_adaptateur[0m[2m=[0m1
[2m2026-07-31T19:32:04.832756Z[0m [32m INFO[0m [2magent::capture[0m[2m:[0m adaptateur DXGI sans sortie [3madaptateur[0m[2m=[0mMicrosoft Basic Render Driver [3mindex_adaptateur[0m[2m=[0m2
[2m2026-07-31T19:32:04.832766Z[0m [32m INFO[0m [2magent::diagnostics::multifenetre::paralleles[0m[2m:[0m les N sorties virtuelles sont encore là ET attachées — les verdicts de cette passe portent bien sur elles [3mpasse[0m[2m=[0m"capture" [3mnombre[0m[2m=[0m2
[2m2026-07-31T19:32:04.833728Z[0m [32m INFO[0m [2magent::encode[0m[2m:[0m encodeur matériel retenu [3mencodeur[0m[2m=[0mNVIDIA H.264 Encoder MFT
[2m2026-07-31T19:32:04.904048Z[0m [32m INFO[0m [2magent::encode::arret[0m[2m:[0m file de travail sérialisée imposée [3mmft[0m[2m=[0m"encodeur" [3mfile[0m[2m=[0m327681
[2m2026-07-31T19:32:04.909033Z[0m [32m INFO[0m [2magent::encode[0m[2m:[0m convertisseur BGRA→NV12 (Video Processor MFT) configuré [3mconverter_provides_samples[0m[2m=[0mtrue
[2m2026-07-31T19:32:04.909669Z[0m [32m INFO[0m [2magent::encode[0m[2m:[0m encodeur matériel retenu [3mencodeur[0m[2m=[0mNVIDIA H.264 Encoder MFT
[2m2026-07-31T19:32:04.963213Z[0m [32m INFO[0m [2magent::encode::arret[0m[2m:[0m file de travail sérialisée imposée [3mmft[0m[2m=[0m"encodeur" [3mfile[0m[2m=[0m524293
[2m2026-07-31T19:32:04.963426Z[0m [32m INFO[0m [2magent::encode[0m[2m:[0m convertisseur BGRA→NV12 (Video Processor MFT) configuré [3mconverter_provides_samples[0m[2m=[0mtrue
[2m2026-07-31T19:32:05.963838Z[0m [32m INFO[0m [2magent::diagnostics::multifenetre::paralleles::passes[0m[2m:[0m banc parallèle en cours [3mimages[0m[2m=[0m[91, 91] [3munites[0m[2m=[0m[45, 45] [3mverdicts[0m[2m=[0mVerdicts { justes: 91, voisines: 0, noires: 0, inconnues: 0 }
[2m2026-07-31T19:32:06.963891Z[0m [32m INFO[0m [2magent::diagnostics::multifenetre::paralleles::passes[0m[2m:[0m banc parallèle en cours [3mimages[0m[2m=[0m[181, 181] [3munites[0m[2m=[0m[90, 90] [3mverdicts[0m[2m=[0mVerdicts { justes: 181, voisines: 0, noires: 0, inconnues: 0 }
[2m2026-07-31T19:32:07.963913Z[0m [32m INFO[0m [2magent::diagnostics::multifenetre::paralleles::passes[0m[2m:[0m banc parallèle en cours [3mimages[0m[2m=[0m[271, 271] [3munites[0m[2m=[0m[135, 135] [3mverdicts[0m[2m=[0mVerdicts { justes: 271, voisines: 0, noires: 0, inconnues: 0 }
[2m2026-07-31T19:32:08.963846Z[0m [32m INFO[0m [2magent::diagnostics::multifenetre::paralleles::passes[0m[2m:[0m banc parallèle en cours [3mimages[0m[2m=[0m[361, 361] [3munites[0m[2m=[0m[180, 180] [3mverdicts[0m[2m=[0mVerdicts { justes: 361, voisines: 0, noires: 0, inconnues: 0 }
[2m2026-07-31T19:32:09.963869Z[0m [32m INFO[0m [2magent::diagnostics::multifenetre::paralleles::passes[0m[2m:[0m banc parallèle en cours [3mimages[0m[2m=[0m[451, 451] [3munites[0m[2m=[0m[225, 225] [3mverdicts[0m[2m=[0mVerdicts { justes: 451, voisines: 0, noires: 0, inconnues: 0 }
[2m2026-07-31T19:32:10.963847Z[0m [32m INFO[0m [2magent::diagnostics::multifenetre::paralleles::passes[0m[2m:[0m banc parallèle en cours [3mimages[0m[2m=[0m[541, 541] [3munites[0m[2m=[0m[270, 270] [3mverdicts[0m[2m=[0mVerdicts { justes: 541, voisines: 0, noires: 0, inconnues: 0 }
[2m2026-07-31T19:32:11.963887Z[0m [32m INFO[0m [2magent::diagnostics::multifenetre::paralleles::passes[0m[2m:[0m banc parallèle en cours [3mimages[0m[2m=[0m[631, 631] [3munites[0m[2m=[0m[315, 315] [3mverdicts[0m[2m=[0mVerdicts { justes: 631, voisines: 0, noires: 0, inconnues: 0 }
[2m2026-07-31T19:32:12.963857Z[0m [32m INFO[0m [2magent::diagnostics::multifenetre::paralleles::passes[0m[2m:[0m banc parallèle en cours [3mimages[0m[2m=[0m[721, 721] [3munites[0m[2m=[0m[360, 360] [3mverdicts[0m[2m=[0mVerdicts { justes: 721, voisines: 0, noires: 0, inconnues: 0 }
[2m2026-07-31T19:32:13.963919Z[0m [32m INFO[0m [2magent::diagnostics::multifenetre::paralleles::passes[0m[2m:[0m banc parallèle en cours [3mimages[0m[2m=[0m[811, 811] [3munites[0m[2m=[0m[405, 405] [3mverdicts[0m[2m=[0mVerdicts { justes: 811, voisines: 0, noires: 0, inconnues: 0 }
[2m2026-07-31T19:32:14.963904Z[0m [32m INFO[0m [2magent::diagnostics::multifenetre::paralleles::passes[0m[2m:[0m banc parallèle en cours [3mimages[0m[2m=[0m[901, 901] [3munites[0m[2m=[0m[450, 450] [3mverdicts[0m[2m=[0mVerdicts { justes: 901, voisines: 0, noires: 0, inconnues: 0 }
[2m2026-07-31T19:32:14.963933Z[0m [32m INFO[0m [2magent::diagnostics::multifenetre::paralleles::passes[0m[2m:[0m images converties puis écartées, encodeur par encodeur — l'écart entre « images » et « unites » se lit ici, pas dans le parallélisme [3mnv12_ecartees[0m[2m=[0m[450, 450]
[2m2026-07-31T19:32:14.963937Z[0m [32m INFO[0m [2magent::diagnostics::multifenetre::paralleles::passes[0m[2m:[0m libération des encodeurs : début [3mnombre[0m[2m=[0m2
[2m2026-07-31T19:32:14.963939Z[0m [32m INFO[0m [2magent::diagnostics::multifenetre::paralleles::passes[0m[2m:[0m libération d'un encodeur : avant [3mid[0m[2m=[0m0
[2m2026-07-31T19:32:14.964465Z[0m [32m INFO[0m [2magent::diagnostics::multifenetre::paralleles::passes[0m[2m:[0m libération d'un encodeur : après [3mid[0m[2m=[0m0
[2m2026-07-31T19:32:14.964475Z[0m [32m INFO[0m [2magent::diagnostics::multifenetre::paralleles::passes[0m[2m:[0m libération d'un encodeur : avant [3mid[0m[2m=[0m1
[2m2026-07-31T19:32:14.964970Z[0m [32m INFO[0m [2magent::diagnostics::multifenetre::paralleles::passes[0m[2m:[0m libération d'un encodeur : après [3mid[0m[2m=[0m1
[2m2026-07-31T19:32:14.964979Z[0m [32m INFO[0m [2magent::diagnostics::multifenetre::paralleles::passes[0m[2m:[0m libération des encodeurs : terminée
[2m2026-07-31T19:32:14.964982Z[0m [32m INFO[0m [2magent::diagnostics::multifenetre::compteurs[0m[2m:[0m passe terminée [3mpasse[0m[2m=[0m"capture+encodage" [3mvoie[0m[2m=[0m"duplication-parallele" [3mnombre[0m[2m=[0m2 [3mcadences[0m[2m=[0m[90.1, 90.1] [3munites[0m[2m=[0m[450, 450] [3mverdicts_faux[0m[2m=[0m0 [3mmire0_avant_recouvrement[0m[2m=[0mVerdicts { justes: 0, voisines: 0, noires: 0, inconnues: 0 } [3mmire0_apres_recouvrement[0m[2m=[0mVerdicts { justes: 901, voisines: 0, noires: 0, inconnues: 0 }
[2m2026-07-31T19:32:14.965240Z[0m [32m INFO[0m [2magent::capture[0m[2m:[0m adaptateur DXGI sans sortie [3madaptateur[0m[2m=[0mNVIDIA GeForce RTX 4070 [3mindex_adaptateur[0m[2m=[0m1
[2m2026-07-31T19:32:14.965263Z[0m [32m INFO[0m [2magent::capture[0m[2m:[0m adaptateur DXGI sans sortie [3madaptateur[0m[2m=[0mMicrosoft Basic Render Driver [3mindex_adaptateur[0m[2m=[0m2
[2m2026-07-31T19:32:14.965275Z[0m [32m INFO[0m [2magent::diagnostics::multifenetre::paralleles[0m[2m:[0m les N sorties virtuelles sont encore là ET attachées — les verdicts de cette passe portent bien sur elles [3mpasse[0m[2m=[0m"capture+encodage" [3mnombre[0m[2m=[0m2
[2m2026-07-31T19:32:14.965281Z[0m [32m INFO[0m [2magent::diagnostics::multifenetre::paralleles::passes[0m[2m:[0m libération des voies de capture : avant
[2m2026-07-31T19:32:14.993673Z[0m [32m INFO[0m [2magent::diagnostics::multifenetre::paralleles::passes[0m[2m:[0m libération des voies de capture : après
[2m2026-07-31T19:32:15.012091Z[0m [32m INFO[0m [2magent::diagnostics::multifenetre::paralleles[0m[2m:[0m chien de garde : plus grand écart entre deux battements sur toute la mesure [3mintervalle_ping_max_ms[0m[2m=[0m1000
[2m2026-07-31T19:32:15.012392Z[0m [32m INFO[0m [2magent::capture[0m[2m:[0m adaptateur DXGI sans sortie [3madaptateur[0m[2m=[0mNVIDIA GeForce RTX 4070 [3mindex_adaptateur[0m[2m=[0m1
[2m2026-07-31T19:32:15.012416Z[0m [32m INFO[0m [2magent::capture[0m[2m:[0m adaptateur DXGI sans sortie [3madaptateur[0m[2m=[0mMicrosoft Basic Render Driver [3mindex_adaptateur[0m[2m=[0m2
[2m2026-07-31T19:32:15.012426Z[0m [32m INFO[0m [2magent::diagnostics::multifenetre::paralleles[0m[2m:[0m les N sorties virtuelles sont encore là ET attachées — les verdicts de cette passe portent bien sur elles [3mpasse[0m[2m=[0m"bilan" [3mnombre[0m[2m=[0m2
[2m2026-07-31T19:32:15.017514Z[0m [32m INFO[0m [2magent::diagnostics::multifenetre::moniteurs[0m[2m:[0m sortie virtuelle détruite [3mid[0m[2m=[0m263
[2m2026-07-31T19:32:15.024227Z[0m [32m INFO[0m [2magent::diagnostics::multifenetre::moniteurs[0m[2m:[0m sortie virtuelle détruite [3mid[0m[2m=[0m262
[2m2026-07-31T19:32:18.025252Z[0m [32m INFO[0m [2magent::capture[0m[2m:[0m adaptateur DXGI sans sortie [3madaptateur[0m[2m=[0mNVIDIA GeForce RTX 4070 [3mindex_adaptateur[0m[2m=[0m1
[2m2026-07-31T19:32:18.025291Z[0m [32m INFO[0m [2magent::capture[0m[2m:[0m adaptateur DXGI sans sortie [3madaptateur[0m[2m=[0mMicrosoft Basic Render Driver [3mindex_adaptateur[0m[2m=[0m2
[2m2026-07-31T19:32:18.025300Z[0m [32m INFO[0m [2magent::diagnostics::multifenetre::montee[0m[2m:[0m topologie relevée [3mmoment[0m[2m=[0m"après destruction" [3mnombre[0m[2m=[0m1 [3mattachees[0m[2m=[0m1
[2m2026-07-31T19:32:18.025305Z[0m [32m INFO[0m [2magent::diagnostics::multifenetre::montee[0m[2m:[0m sortie [3mmoment[0m[2m=[0m"après destruction" [3mnom[0m[2m=[0m\\.\DISPLAY1 [3madaptateur[0m[2m=[0mNVIDIA GeForce RTX 4070 [3mindex_adaptateur[0m[2m=[0m0 [3mindex_sortie[0m[2m=[0m0 [3mattachee[0m[2m=[0mtrue [3mx[0m[2m=[0m0 [3my[0m[2m=[0m0 [3mlargeur[0m[2m=[0m2400 [3mhauteur[0m[2m=[0m1080
[2m2026-07-31T19:32:18.025313Z[0m [32m INFO[0m [2magent::diagnostics::multifenetre::paralleles[0m[2m:[0m état initial restauré — mêmes sorties, nommément [3mnoms[0m[2m=[0m["\\\\.\\DISPLAY1"]
