[2m2026-07-31T14:53:53.960678Z[0m [32m INFO[0m [2magent[0m[2m:[0m accélération pointeur neutralisée [3mrapport[0m[2m=[0m"seuils relus = [0, 0, 0], vitesse relue = 10 (attendu : [0, 0, 0] et 10)"
[2m2026-07-31T14:53:53.963156Z[0m [32m INFO[0m [2magent::capture[0m[2m:[0m sortie retenue pour la duplication [3madaptateur[0m[2m=[0mNVIDIA GeForce RTX 4070 [3mindex_adaptateur[0m[2m=[0m0 [3mindex_sortie[0m[2m=[0m0 [3mattachee[0m[2m=[0mtrue
[2m2026-07-31T14:53:54.103808Z[0m [32m INFO[0m [2magent::capture[0m[2m:[0m protection multi-fils activée sur le contexte immédiat D3D11 [3mprotection_precedente[0m[2m=[0mfalse
[2m2026-07-31T14:53:54.104310Z[0m [32m INFO[0m [2magent::capture[0m[2m:[0m duplication de sortie établie [3mdesktop_width[0m[2m=[0m2400 [3mdesktop_height[0m[2m=[0m1080
[2m2026-07-31T14:53:54.104340Z[0m [32m INFO[0m [2magent::diagnostics::multifenetre::banc[0m[2m:[0m banc : coordonnées de fenêtre et de texture [3mbureau_x[0m[2m=[0m0 [3mbureau_y[0m[2m=[0m0 [3mbureau_largeur[0m[2m=[0m2400 [3mbureau_hauteur[0m[2m=[0m1080 [3mtexture_largeur[0m[2m=[0m2400 [3mtexture_hauteur[0m[2m=[0m1080 [3mfacteur_horizontal[0m[2m=[0m1.0 [3mfacteur_vertical[0m[2m=[0m1.0
[2m2026-07-31T14:53:54.104373Z[0m [32m INFO[0m [2magent::diagnostics::multifenetre::banc[0m[2m:[0m banc : disposition retenue [3mvoie[0m[2m=[0m"duplication" [3mnombre[0m[2m=[0m1 [3mplaces[0m[2m=[0m[Rect { x: 0, y: 0, width: 2400, height: 1080 }] [3mplaces_texture[0m[2m=[0m[Rect { x: 0, y: 0, width: 2400, height: 1080 }]
[2m2026-07-31T14:54:04.114795Z[0m [32m INFO[0m [2magent::diagnostics::multifenetre::banc[0m[2m:[0m passe TÉMOIN — cadence de peinture sans capture [3mmires[0m[2m=[0m1 [3mtrames[0m[2m=[0m949 [3mcadence[0m[2m=[0m94.84620702522358
[2m2026-07-31T14:54:04.115116Z[0m [32m INFO[0m [2magent::capture[0m[2m:[0m sortie retenue pour la duplication [3madaptateur[0m[2m=[0mNVIDIA GeForce RTX 4070 [3mindex_adaptateur[0m[2m=[0m0 [3mindex_sortie[0m[2m=[0m0 [3mattachee[0m[2m=[0mtrue
[2m2026-07-31T14:54:04.151945Z[0m [32m INFO[0m [2magent::capture[0m[2m:[0m protection multi-fils activée sur le contexte immédiat D3D11 [3mprotection_precedente[0m[2m=[0mfalse
[2m2026-07-31T14:54:04.152188Z[0m [32m INFO[0m [2magent::capture[0m[2m:[0m duplication de sortie établie [3mdesktop_width[0m[2m=[0m2400 [3mdesktop_height[0m[2m=[0m1080
[2m2026-07-31T14:54:05.160069Z[0m [32m INFO[0m [2magent::diagnostics::multifenetre::banc[0m[2m:[0m banc en cours [3mimages[0m[2m=[0m[57] [3munites[0m[2m=[0m[0] [3mverdicts_faux[0m[2m=[0m0 [3mavant[0m[2m=[0mVerdicts { justes: 57, voisines: 0, noires: 0, inconnues: 0 } [3mapres[0m[2m=[0mVerdicts { justes: 0, voisines: 0, noires: 0, inconnues: 0 }
[2m2026-07-31T14:54:06.160078Z[0m [32m INFO[0m [2magent::diagnostics::multifenetre::banc[0m[2m:[0m banc en cours [3mimages[0m[2m=[0m[113] [3munites[0m[2m=[0m[0] [3mverdicts_faux[0m[2m=[0m0 [3mavant[0m[2m=[0mVerdicts { justes: 113, voisines: 0, noires: 0, inconnues: 0 } [3mapres[0m[2m=[0mVerdicts { justes: 0, voisines: 0, noires: 0, inconnues: 0 }
[2m2026-07-31T14:54:07.158738Z[0m [32m INFO[0m [2magent::diagnostics::multifenetre::banc[0m[2m:[0m banc en cours [3mimages[0m[2m=[0m[175] [3munites[0m[2m=[0m[0] [3mverdicts_faux[0m[2m=[0m0 [3mavant[0m[2m=[0mVerdicts { justes: 175, voisines: 0, noires: 0, inconnues: 0 } [3mapres[0m[2m=[0mVerdicts { justes: 0, voisines: 0, noires: 0, inconnues: 0 }
[2m2026-07-31T14:54:08.162371Z[0m [32m INFO[0m [2magent::diagnostics::multifenetre::banc[0m[2m:[0m banc en cours [3mimages[0m[2m=[0m[253] [3munites[0m[2m=[0m[0] [3mverdicts_faux[0m[2m=[0m0 [3mavant[0m[2m=[0mVerdicts { justes: 253, voisines: 0, noires: 0, inconnues: 0 } [3mapres[0m[2m=[0mVerdicts { justes: 0, voisines: 0, noires: 0, inconnues: 0 }
[2m2026-07-31T14:54:09.162287Z[0m [32m INFO[0m [2magent::diagnostics::multifenetre::banc[0m[2m:[0m banc en cours [3mimages[0m[2m=[0m[342] [3munites[0m[2m=[0m[0] [3mverdicts_faux[0m[2m=[0m0 [3mavant[0m[2m=[0mVerdicts { justes: 342, voisines: 0, noires: 0, inconnues: 0 } [3mapres[0m[2m=[0mVerdicts { justes: 0, voisines: 0, noires: 0, inconnues: 0 }
[2m2026-07-31T14:54:10.163011Z[0m [32m INFO[0m [2magent::diagnostics::multifenetre::banc[0m[2m:[0m banc en cours [3mimages[0m[2m=[0m[429] [3munites[0m[2m=[0m[0] [3mverdicts_faux[0m[2m=[0m0 [3mavant[0m[2m=[0mVerdicts { justes: 429, voisines: 0, noires: 0, inconnues: 0 } [3mapres[0m[2m=[0mVerdicts { justes: 0, voisines: 0, noires: 0, inconnues: 0 }
[2m2026-07-31T14:54:11.162220Z[0m [32m INFO[0m [2magent::diagnostics::multifenetre::banc[0m[2m:[0m banc en cours [3mimages[0m[2m=[0m[516] [3munites[0m[2m=[0m[0] [3mverdicts_faux[0m[2m=[0m0 [3mavant[0m[2m=[0mVerdicts { justes: 516, voisines: 0, noires: 0, inconnues: 0 } [3mapres[0m[2m=[0mVerdicts { justes: 0, voisines: 0, noires: 0, inconnues: 0 }
[2m2026-07-31T14:54:12.162183Z[0m [32m INFO[0m [2magent::diagnostics::multifenetre::banc[0m[2m:[0m banc en cours [3mimages[0m[2m=[0m[606] [3munites[0m[2m=[0m[0] [3mverdicts_faux[0m[2m=[0m0 [3mavant[0m[2m=[0mVerdicts { justes: 606, voisines: 0, noires: 0, inconnues: 0 } [3mapres[0m[2m=[0mVerdicts { justes: 0, voisines: 0, noires: 0, inconnues: 0 }
[2m2026-07-31T14:54:13.162460Z[0m [32m INFO[0m [2magent::diagnostics::multifenetre::banc[0m[2m:[0m banc en cours [3mimages[0m[2m=[0m[695] [3munites[0m[2m=[0m[0] [3mverdicts_faux[0m[2m=[0m0 [3mavant[0m[2m=[0mVerdicts { justes: 695, voisines: 0, noires: 0, inconnues: 0 } [3mapres[0m[2m=[0mVerdicts { justes: 0, voisines: 0, noires: 0, inconnues: 0 }
[2m2026-07-31T14:54:14.162487Z[0m [32m INFO[0m [2magent::diagnostics::multifenetre::banc[0m[2m:[0m banc en cours [3mimages[0m[2m=[0m[785] [3munites[0m[2m=[0m[0] [3mverdicts_faux[0m[2m=[0m0 [3mavant[0m[2m=[0mVerdicts { justes: 785, voisines: 0, noires: 0, inconnues: 0 } [3mapres[0m[2m=[0mVerdicts { justes: 0, voisines: 0, noires: 0, inconnues: 0 }
[2m2026-07-31T14:54:14.162514Z[0m [32m INFO[0m [2magent::diagnostics::multifenetre::banc[0m[2m:[0m passe terminée [3mpasse[0m[2m=[0m"capture" [3mvoie[0m[2m=[0m"duplication" [3mnombre[0m[2m=[0m1 [3mcadences[0m[2m=[0m[78.5] [3munites[0m[2m=[0m[0] [3mverdicts_faux[0m[2m=[0m0 [3mmire0_avant_recouvrement[0m[2m=[0mVerdicts { justes: 785, voisines: 0, noires: 0, inconnues: 0 } [3mmire0_apres_recouvrement[0m[2m=[0mVerdicts { justes: 0, voisines: 0, noires: 0, inconnues: 0 }
[2m2026-07-31T14:54:14.163771Z[0m [32m INFO[0m [2magent::encode[0m[2m:[0m encodeur matériel retenu [3mencodeur[0m[2m=[0mNVIDIA H.264 Encoder MFT
[2m2026-07-31T14:54:14.252262Z[0m [32m INFO[0m [2magent::encode[0m[2m:[0m convertisseur BGRA→NV12 (Video Processor MFT) configuré [3mconverter_provides_samples[0m[2m=[0mtrue
[2m2026-07-31T14:54:15.260450Z[0m [32m INFO[0m [2magent::diagnostics::multifenetre::banc[0m[2m:[0m banc en cours [3mimages[0m[2m=[0m[57] [3munites[0m[2m=[0m[28] [3mverdicts_faux[0m[2m=[0m0 [3mavant[0m[2m=[0mVerdicts { justes: 57, voisines: 0, noires: 0, inconnues: 0 } [3mapres[0m[2m=[0mVerdicts { justes: 0, voisines: 0, noires: 0, inconnues: 0 }
[2m2026-07-31T14:54:16.260380Z[0m [32m INFO[0m [2magent::diagnostics::multifenetre::banc[0m[2m:[0m banc en cours [3mimages[0m[2m=[0m[113] [3munites[0m[2m=[0m[56] [3mverdicts_faux[0m[2m=[0m0 [3mavant[0m[2m=[0mVerdicts { justes: 113, voisines: 0, noires: 0, inconnues: 0 } [3mapres[0m[2m=[0mVerdicts { justes: 0, voisines: 0, noires: 0, inconnues: 0 }
[2m2026-07-31T14:54:17.261297Z[0m [32m INFO[0m [2magent::diagnostics::multifenetre::banc[0m[2m:[0m banc en cours [3mimages[0m[2m=[0m[172] [3munites[0m[2m=[0m[86] [3mverdicts_faux[0m[2m=[0m0 [3mavant[0m[2m=[0mVerdicts { justes: 172, voisines: 0, noires: 0, inconnues: 0 } [3mapres[0m[2m=[0mVerdicts { justes: 0, voisines: 0, noires: 0, inconnues: 0 }
[2m2026-07-31T14:54:18.262684Z[0m [32m INFO[0m [2magent::diagnostics::multifenetre::banc[0m[2m:[0m banc en cours [3mimages[0m[2m=[0m[237] [3munites[0m[2m=[0m[118] [3mverdicts_faux[0m[2m=[0m0 [3mavant[0m[2m=[0mVerdicts { justes: 237, voisines: 0, noires: 0, inconnues: 0 } [3mapres[0m[2m=[0mVerdicts { justes: 0, voisines: 0, noires: 0, inconnues: 0 }
[2m2026-07-31T14:54:19.262882Z[0m [32m INFO[0m [2magent::diagnostics::multifenetre::banc[0m[2m:[0m banc en cours [3mimages[0m[2m=[0m[325] [3munites[0m[2m=[0m[162] [3mverdicts_faux[0m[2m=[0m0 [3mavant[0m[2m=[0mVerdicts { justes: 325, voisines: 0, noires: 0, inconnues: 0 } [3mapres[0m[2m=[0mVerdicts { justes: 0, voisines: 0, noires: 0, inconnues: 0 }
[2m2026-07-31T14:54:20.261897Z[0m [32m INFO[0m [2magent::diagnostics::multifenetre::banc[0m[2m:[0m banc en cours [3mimages[0m[2m=[0m[412] [3munites[0m[2m=[0m[206] [3mverdicts_faux[0m[2m=[0m0 [3mavant[0m[2m=[0mVerdicts { justes: 412, voisines: 0, noires: 0, inconnues: 0 } [3mapres[0m[2m=[0mVerdicts { justes: 0, voisines: 0, noires: 0, inconnues: 0 }
[2m2026-07-31T14:54:21.263156Z[0m [32m INFO[0m [2magent::diagnostics::multifenetre::banc[0m[2m:[0m banc en cours [3mimages[0m[2m=[0m[501] [3munites[0m[2m=[0m[250] [3mverdicts_faux[0m[2m=[0m0 [3mavant[0m[2m=[0mVerdicts { justes: 501, voisines: 0, noires: 0, inconnues: 0 } [3mapres[0m[2m=[0mVerdicts { justes: 0, voisines: 0, noires: 0, inconnues: 0 }
[2m2026-07-31T14:54:22.261814Z[0m [32m INFO[0m [2magent::diagnostics::multifenetre::banc[0m[2m:[0m banc en cours [3mimages[0m[2m=[0m[591] [3munites[0m[2m=[0m[295] [3mverdicts_faux[0m[2m=[0m0 [3mavant[0m[2m=[0mVerdicts { justes: 591, voisines: 0, noires: 0, inconnues: 0 } [3mapres[0m[2m=[0mVerdicts { justes: 0, voisines: 0, noires: 0, inconnues: 0 }
[2m2026-07-31T14:54:23.262211Z[0m [32m INFO[0m [2magent::diagnostics::multifenetre::banc[0m[2m:[0m banc en cours [3mimages[0m[2m=[0m[677] [3munites[0m[2m=[0m[338] [3mverdicts_faux[0m[2m=[0m0 [3mavant[0m[2m=[0mVerdicts { justes: 677, voisines: 0, noires: 0, inconnues: 0 } [3mapres[0m[2m=[0mVerdicts { justes: 0, voisines: 0, noires: 0, inconnues: 0 }
[2m2026-07-31T14:54:24.261921Z[0m [32m INFO[0m [2magent::diagnostics::multifenetre::banc[0m[2m:[0m banc en cours [3mimages[0m[2m=[0m[766] [3munites[0m[2m=[0m[382] [3mverdicts_faux[0m[2m=[0m0 [3mavant[0m[2m=[0mVerdicts { justes: 766, voisines: 0, noires: 0, inconnues: 0 } [3mapres[0m[2m=[0mVerdicts { justes: 0, voisines: 0, noires: 0, inconnues: 0 }
[2m2026-07-31T14:54:24.261941Z[0m [32m INFO[0m [2magent::diagnostics::multifenetre::banc[0m[2m:[0m libération des encodeurs : début [3mnombre[0m[2m=[0m1
[2m2026-07-31T14:54:24.261944Z[0m [32m INFO[0m [2magent::diagnostics::multifenetre::banc[0m[2m:[0m libération d'un encodeur : avant [3mid[0m[2m=[0m0
[2m2026-07-31T14:54:24.261956Z[0m [32m INFO[0m [2magent::encode[0m[2m:[0m Drop H264Encoder : converter END_OF_STREAM : avant
[2m2026-07-31T14:54:24.261959Z[0m [32m INFO[0m [2magent::encode[0m[2m:[0m Drop H264Encoder : converter END_OF_STREAM : après
[2m2026-07-31T14:54:24.261961Z[0m [32m INFO[0m [2magent::encode[0m[2m:[0m Drop H264Encoder : converter END_STREAMING : avant
[2m2026-07-31T14:54:24.261963Z[0m [32m INFO[0m [2magent::encode[0m[2m:[0m Drop H264Encoder : converter END_STREAMING : après
[2m2026-07-31T14:54:24.261964Z[0m [32m INFO[0m [2magent::encode[0m[2m:[0m Drop H264Encoder : transform END_OF_STREAM : avant
[2m2026-07-31T14:54:24.261968Z[0m [32m INFO[0m [2magent::encode[0m[2m:[0m Drop H264Encoder : transform END_OF_STREAM : après
[2m2026-07-31T14:54:24.261969Z[0m [32m INFO[0m [2magent::encode[0m[2m:[0m Drop H264Encoder : transform END_STREAMING : avant
[2m2026-07-31T14:54:24.261971Z[0m [32m INFO[0m [2magent::encode[0m[2m:[0m Drop H264Encoder : transform END_STREAMING : après
[2m2026-07-31T14:54:24.261972Z[0m [32m INFO[0m [2magent::encode[0m[2m:[0m Drop H264Encoder : corps de Drop terminé
[2m2026-07-31T14:54:24.263662Z[0m [32m INFO[0m [2magent::encode[0m[2m:[0m Drop MediaFoundationSession : MFShutdown : avant
[2m2026-07-31T14:54:24.264577Z[0m [32m INFO[0m [2magent::encode[0m[2m:[0m Drop MediaFoundationSession : MFShutdown : après
[2m2026-07-31T14:54:24.264588Z[0m [32m INFO[0m [2magent::diagnostics::multifenetre::banc[0m[2m:[0m libération d'un encodeur : après [3mid[0m[2m=[0m0
[2m2026-07-31T14:54:24.264592Z[0m [32m INFO[0m [2magent::diagnostics::multifenetre::banc[0m[2m:[0m libération des encodeurs : terminée
[2m2026-07-31T14:54:24.264598Z[0m [32m INFO[0m [2magent::diagnostics::multifenetre::banc[0m[2m:[0m passe terminée [3mpasse[0m[2m=[0m"capture+encodage" [3mvoie[0m[2m=[0m"duplication" [3mnombre[0m[2m=[0m1 [3mcadences[0m[2m=[0m[76.6] [3munites[0m[2m=[0m[382] [3mverdicts_faux[0m[2m=[0m0 [3mmire0_avant_recouvrement[0m[2m=[0mVerdicts { justes: 766, voisines: 0, noires: 0, inconnues: 0 } [3mmire0_apres_recouvrement[0m[2m=[0mVerdicts { justes: 0, voisines: 0, noires: 0, inconnues: 0 }
[2m2026-07-31T14:54:24.264615Z[0m [32m INFO[0m [2magent::diagnostics::multifenetre::banc[0m[2m:[0m libération des voies de capture : avant
[2m2026-07-31T14:54:24.290451Z[0m [32m INFO[0m [2magent::diagnostics::multifenetre::banc[0m[2m:[0m libération des voies de capture : après
