# Critère 2 — exécution 2 sur 2, moteur postgres
# Joué le 2026-08-19T15:40:33+02:00, commit 8879a4b
# Les DEUX exécutions d'un critère diffèrent par le MOTEUR de base (sqlite,
# puis postgres) : c'est une répétition plus forte que deux passes identiques
# pour les critères qui touchent la base, et strictement identique pour ceux
# qui sont purs. Aucun taux n'est revendiqué.

 RUN  v2.1.9 /home/mallanic/Projects/Guacamole/plateforme

 ✓ src/identite/jeton.test.ts (7 tests) 10ms
stderr | src/signaling/garde-fil.test.ts > la garde, au niveau du socket > CRITÈRE ① : un client sans jeton est refusé, et ne voit AUCUN ice-config
poignée de main refusée : poignée de main sans jeton sur la session s-1

stderr | src/signaling/garde-fil.test.ts > la garde, au niveau du socket > le socket est FERMÉ après le refus, et le message est arrivé AVANT
poignée de main refusée : poignée de main sans jeton sur la session s-1

stderr | src/signaling/garde-fil.test.ts > la garde, au niveau du socket > CRITÈRE ② : un jeton dont la durée est écoulée est refusé jeton-expire
poignée de main refusée : jeton refusé (expire) sur la session s-3

 ✓ src/signaling/garde-fil.test.ts (6 tests) 2685ms
   ✓ la garde, au niveau du socket > CRITÈRE ① : un client sans jeton est refusé, et ne voit AUCUN ice-config 539ms
   ✓ la garde, au niveau du socket > CRITÈRE ② : un jeton dont la durée est écoulée est refusé jeton-expire 510ms
   ✓ la garde, au niveau du socket > CRITÈRE ③ : u2 se voit refuser la session de u1, et le JOURNAL la nomme 514ms
   ✓ la garde, au niveau du socket > après le départ des deux pairs, u2 PEUT prendre la session 607ms

 Test Files  2 passed (2)
      Tests  13 passed (13)
   Start at  15:40:34
   Duration  3.12s (transform 144ms, setup 0ms, collect 178ms, tests 2.69s, environment 0ms, prepare 199ms)

