# Critère 2 — exécution 1 sur 2, moteur sqlite
# Joué le 2026-08-19T15:40:19+02:00, commit 8879a4b
# Les DEUX exécutions d'un critère diffèrent par le MOTEUR de base (sqlite,
# puis postgres) : c'est une répétition plus forte que deux passes identiques
# pour les critères qui touchent la base, et strictement identique pour ceux
# qui sont purs. Aucun taux n'est revendiqué.

 RUN  v2.1.9 /home/mallanic/Projects/Guacamole/plateforme

 ✓ src/identite/jeton.test.ts (7 tests) 5ms
stderr | src/signaling/garde-fil.test.ts > la garde, au niveau du socket > CRITÈRE ① : un client sans jeton est refusé, et ne voit AUCUN ice-config
poignée de main refusée : poignée de main sans jeton sur la session s-1

stderr | src/signaling/garde-fil.test.ts > la garde, au niveau du socket > le socket est FERMÉ après le refus, et le message est arrivé AVANT
poignée de main refusée : poignée de main sans jeton sur la session s-1

stderr | src/signaling/garde-fil.test.ts > la garde, au niveau du socket > CRITÈRE ② : un jeton dont la durée est écoulée est refusé jeton-expire
poignée de main refusée : jeton refusé (expire) sur la session s-3

 ✓ src/signaling/garde-fil.test.ts (6 tests) 2712ms
   ✓ la garde, au niveau du socket > CRITÈRE ① : un client sans jeton est refusé, et ne voit AUCUN ice-config 541ms
   ✓ la garde, au niveau du socket > CRITÈRE ② : un jeton dont la durée est écoulée est refusé jeton-expire 515ms
   ✓ la garde, au niveau du socket > CRITÈRE ③ : u2 se voit refuser la session de u1, et le JOURNAL la nomme 515ms
   ✓ la garde, au niveau du socket > après le départ des deux pairs, u2 PEUT prendre la session 617ms

 Test Files  2 passed (2)
      Tests  13 passed (13)
   Start at  15:40:20
   Duration  3.14s (transform 135ms, setup 0ms, collect 190ms, tests 2.72s, environment 1ms, prepare 259ms)

