# ROUGE ② — l'`exp` IGNORÉ dans verifierJeton
# Jouée le 2026-08-19T15:42:13+02:00, commit 8879a4b
# Mutation : `if (maintenant >= exp) return {ok:false,motif:'expire'};` retirée.


 RUN  v2.1.9 /home/mallanic/Projects/Guacamole/plateforme

 ✓ src/identite/jeton.test.ts > signer et verifierJeton > relit le sujet d’un jeton signé
 ✓ src/identite/jeton.test.ts > signer et verifierJeton > REFUSE alg:none, même avec une signature vide
 ✓ src/identite/jeton.test.ts > signer et verifierJeton > REFUSE alg:RS256, dont la signature HS256 est pourtant VALIDE
 ✓ src/identite/jeton.test.ts > signer et verifierJeton > REFUSE une signature dont un caractère a changé
 × src/identite/jeton.test.ts > signer et verifierJeton > expire sur une horloge qui VARIE : accepté à t0+d/2, refusé à t0+d et au-delà
   → expected { ok: true, sujet: 'utilisateur-42' } to deeply equal { ok: false, motif: 'expire' }
 ✓ src/identite/jeton.test.ts > signer et verifierJeton > REFUSE une forme invalide sans jamais LEVER
 ✓ src/identite/jeton.test.ts > signer et verifierJeton > signer LÈVE sur un secret plus court que LONGUEUR_SECRET_MIN
stderr | src/signaling/garde-fil.test.ts > la garde, au niveau du socket > CRITÈRE ① : un client sans jeton est refusé, et ne voit AUCUN ice-config
poignée de main refusée : poignée de main sans jeton sur la session s-1

stderr | src/signaling/garde-fil.test.ts > la garde, au niveau du socket > le socket est FERMÉ après le refus, et le message est arrivé AVANT
poignée de main refusée : poignée de main sans jeton sur la session s-1

 ✓ src/signaling/garde-fil.test.ts > la garde, au niveau du socket > CRITÈRE ① : un client sans jeton est refusé, et ne voit AUCUN ice-config 536ms
 ✓ src/signaling/garde-fil.test.ts > la garde, au niveau du socket > le socket est FERMÉ après le refus, et le message est arrivé AVANT
 × src/signaling/garde-fil.test.ts > la garde, au niveau du socket > CRITÈRE ② : un jeton dont la durée est écoulée est refusé jeton-expire 530ms
   → expected [ { type: 'ice-config', …(1) } ] to deep equally contain ObjectContaining{…}
 ✓ src/signaling/garde-fil.test.ts > la garde, au niveau du socket > CRITÈRE ③ : u2 se voit refuser la session de u1, et le JOURNAL la nomme 519ms
 ✓ src/signaling/garde-fil.test.ts > la garde, au niveau du socket > après le départ des deux pairs, u2 PEUT prendre la session 617ms
 ✓ src/signaling/garde-fil.test.ts > la garde, au niveau du socket > un pair `agent` SANS jeton est toujours accepté — la fenêtre de E2

⎯⎯⎯⎯⎯⎯⎯ Failed Tests 2 ⎯⎯⎯⎯⎯⎯⎯

 FAIL  src/identite/jeton.test.ts > signer et verifierJeton > expire sur une horloge qui VARIE : accepté à t0+d/2, refusé à t0+d et au-delà
AssertionError: expected { ok: true, sujet: 'utilisateur-42' } to deeply equal { ok: false, motif: 'expire' }

- Expected
+ Received

  Object {
-   "motif": "expire",
-   "ok": false,
+   "ok": true,
+   "sujet": "utilisateur-42",
  }

 ❯ src/identite/jeton.test.ts:72:58
     70|         });
     71|         // La borne est FRANCHE : `maintenant >= exp` refuse.
     72|         expect(verifierJeton(jeton, SECRET, T0 + duree)).toEqual({ ok:…
       |                                                          ^
     73|         expect(verifierJeton(jeton, SECRET, T0 + duree + 1)).toEqual({…
     74|     });

⎯⎯⎯⎯⎯⎯⎯⎯⎯⎯⎯⎯⎯⎯⎯⎯⎯⎯⎯⎯⎯⎯⎯⎯[1/2]⎯

 FAIL  src/signaling/garde-fil.test.ts > la garde, au niveau du socket > CRITÈRE ② : un jeton dont la durée est écoulée est refusé jeton-expire
AssertionError: expected [ { type: 'ice-config', …(1) } ] to deep equally contain ObjectContaining{…}

- Expected: 
ObjectContaining {
  "motif": "jeton-expire",
  "type": "error",
}

+ Received: 
Array [
  Object {
    "iceServers": Array [
      Object {
        "credential": "vcasi+I0p9GGFDOjbU4UabIjlDM=",
        "urls": "turn:127.0.0.1:3478",
        "username": "1787233336:s-3",
      },
    ],
    "type": "ice-config",
  },
]

 ❯ src/signaling/garde-fil.test.ts:143:33
    141|         maintenant = T0 + DUREE_JETON_ACCES_MS;
    142|         const expire = await poignee(port, { role: 'client', session: …
    143|         expect(expire.messages).toContainEqual(
       |                                 ^
    144|             expect.objectContaining({ type: 'error', motif: 'jeton-exp…
    145|         );

⎯⎯⎯⎯⎯⎯⎯⎯⎯⎯⎯⎯⎯⎯⎯⎯⎯⎯⎯⎯⎯⎯⎯⎯[2/2]⎯

 Test Files  2 failed (2)
      Tests  2 failed | 11 passed (13)
   Start at  15:42:14
   Duration  3.45s (transform 176ms, setup 0ms, collect 268ms, tests 2.76s, environment 1ms, prepare 254ms)

