# ROUGE ③ — la REVENDICATION retirée de relais.ts
# Jouée le 2026-08-19T15:42:18+02:00, commit 8879a4b
# Mutation : `garde.revendiquer(declaredSession, verdict.utilisateurId);` retirée.


 RUN  v2.1.9 /home/mallanic/Projects/Guacamole/plateforme

stderr | src/signaling/garde-fil.test.ts > la garde, au niveau du socket > CRITÈRE ① : un client sans jeton est refusé, et ne voit AUCUN ice-config
poignée de main refusée : poignée de main sans jeton sur la session s-1

 ✓ src/signaling/garde-fil.test.ts > la garde, au niveau du socket > CRITÈRE ① : un client sans jeton est refusé, et ne voit AUCUN ice-config 545ms
stderr | src/signaling/garde-fil.test.ts > la garde, au niveau du socket > le socket est FERMÉ après le refus, et le message est arrivé AVANT
poignée de main refusée : poignée de main sans jeton sur la session s-1

 ✓ src/signaling/garde-fil.test.ts > la garde, au niveau du socket > le socket est FERMÉ après le refus, et le message est arrivé AVANT
stderr | src/signaling/garde-fil.test.ts > la garde, au niveau du socket > CRITÈRE ② : un jeton dont la durée est écoulée est refusé jeton-expire
poignée de main refusée : jeton refusé (expire) sur la session s-3

 ✓ src/signaling/garde-fil.test.ts > la garde, au niveau du socket > CRITÈRE ② : un jeton dont la durée est écoulée est refusé jeton-expire 510ms
 × src/signaling/garde-fil.test.ts > la garde, au niveau du socket > CRITÈRE ③ : u2 se voit refuser la session de u1, et le JOURNAL la nomme 535ms
   → expected undefined to be 'session-refusee' // Object.is equality
 × src/signaling/garde-fil.test.ts > la garde, au niveau du socket > après le départ des deux pairs, u2 PEUT prendre la session
   → expected undefined to be 'u1' // Object.is equality
 ✓ src/signaling/garde-fil.test.ts > la garde, au niveau du socket > un pair `agent` SANS jeton est toujours accepté — la fenêtre de E2

⎯⎯⎯⎯⎯⎯⎯ Failed Tests 2 ⎯⎯⎯⎯⎯⎯⎯

 FAIL  src/signaling/garde-fil.test.ts > la garde, au niveau du socket > CRITÈRE ③ : u2 se voit refuser la session de u1, et le JOURNAL la nomme
AssertionError: expected undefined to be 'session-refusee' // Object.is equality

- Expected: 
"session-refusee"

+ Received: 
undefined

 ❯ src/signaling/garde-fil.test.ts:166:30
    164|         const erreur = deux.messages.find((m) => m.type === 'error');
    165|         expect(erreur).toBeDefined();
    166|         expect(erreur.motif).toBe('session-refusee');
       |                              ^
    167|         // Le message SUR LE FIL ne nomme ni la session ni son proprié…
    168|         expect(erreur.reason).not.toContain('s-privee');

⎯⎯⎯⎯⎯⎯⎯⎯⎯⎯⎯⎯⎯⎯⎯⎯⎯⎯⎯⎯⎯⎯⎯⎯[1/2]⎯

 FAIL  src/signaling/garde-fil.test.ts > la garde, au niveau du socket > après le départ des deux pairs, u2 PEUT prendre la session
AssertionError: expected undefined to be 'u1' // Object.is equality

- Expected: 
"u1"

+ Received: 
undefined

 ❯ src/signaling/garde-fil.test.ts:186:53
    184|             jeton: signer('u1', SECRET, T0),
    185|         });
    186|         expect(proprietes.proprietaire('s-rendue')).toBe('u1');
       |                                                     ^
    187| 
    188|         un.socket.close();

⎯⎯⎯⎯⎯⎯⎯⎯⎯⎯⎯⎯⎯⎯⎯⎯⎯⎯⎯⎯⎯⎯⎯⎯[2/2]⎯

 Test Files  1 failed (1)
      Tests  2 failed | 4 passed (6)
   Start at  15:42:19
   Duration  3.22s (transform 163ms, setup 0ms, collect 195ms, tests 2.37s, environment 0ms, prepare 136ms)

