# Témoin, moitié TypeScript — exécution 2 sur 2
# Joué le 2026-08-19T15:46:59+02:00, commit 18ab224
#
# Ce sont les SIX étapes TypeScript de scripts/verify-all.sh, jouées
# séparément parce que ses DEUX premières étapes (cargo) échouent sur du
# travail NON COMMITÉ d'un autre chantier — voir verify-all-{1,2}.log et
# temoin-cargo-arbre-propre.log.

==> client : npm test
connexion.html
dist
index.html
node_modules
package.json
package-lock.json
probe-coalesced.html
recette
shell.html
src
tsconfig.json
verify-webrtc.mjs
vite.config.ts

> @guacamole/client@0.1.0 test
> vitest run


 RUN  v2.1.9 /home/mallanic/Projects/Guacamole/client

stderr | src/fullscreen.test.ts > verrouillage du clavier > avale un rejet de lock sans le propager
Keyboard Lock refusé Error: refusé
    at /home/mallanic/Projects/Guacamole/client/src/fullscreen.test.ts:32:48
    at file:///home/mallanic/Projects/Guacamole/client/node_modules/@vitest/runner/dist/index.js:146:14
    at file:///home/mallanic/Projects/Guacamole/client/node_modules/@vitest/runner/dist/index.js:533:11
    at runWithTimeout (file:///home/mallanic/Projects/Guacamole/client/node_modules/@vitest/runner/dist/index.js:39:7)
    at runTest (file:///home/mallanic/Projects/Guacamole/client/node_modules/@vitest/runner/dist/index.js:1056:17)
    at processTicksAndRejections (node:internal/process/task_queues:105:5)
    at runSuite (file:///home/mallanic/Projects/Guacamole/client/node_modules/@vitest/runner/dist/index.js:1205:15)
    at runSuite (file:///home/mallanic/Projects/Guacamole/client/node_modules/@vitest/runner/dist/index.js:1205:15)
    at runFiles (file:///home/mallanic/Projects/Guacamole/client/node_modules/@vitest/runner/dist/index.js:1262:5)
    at startTests (file:///home/mallanic/Projects/Guacamole/client/node_modules/@vitest/runner/dist/index.js:1271:3)

 ✓ src/jeton.test.ts (10 tests) 36ms
 ✓ src/audio.test.ts (11 tests) 47ms
 ✓ src/status.test.ts (11 tests) 19ms
 ✓ src/fullscreen.test.ts (16 tests) 65ms
 ✓ src/pointer.test.ts (12 tests) 60ms
stderr | src/webrtc.test.ts > waitForAnswer face à des messages malformés > un message brut `null` n'explose pas le gestionnaire et la réponse valide suivante est toujours acceptée
message de signaling illisible ou de forme inattendue, ignoré

stderr | src/webrtc.test.ts > waitForAnswer face à des messages malformés > les charges utiles non-objet successives (nombre, chaîne, tableau) sont toutes ignorées
message de signaling illisible ou de forme inattendue, ignoré
message de signaling illisible ou de forme inattendue, ignoré
message de signaling illisible ou de forme inattendue, ignoré

 ✓ src/webrtc.test.ts (13 tests) 54ms
 ✓ src/gamepad.test.ts (16 tests) 60ms
 ✓ src/resize.test.ts (5 tests) 22ms
 ✓ src/visibilite.test.ts (6 tests) 15ms
 ✓ src/shell.test.ts (8 tests) 63ms
 ✓ src/scancodes.test.ts (4 tests) 17ms
 ✓ src/lien.test.ts (4 tests) 13ms
 ✓ src/viewport.test.ts (4 tests) 12ms

 Test Files  13 passed (13)
      Tests  120 passed (120)
   Start at  15:47:01
   Duration  1.90s (transform 1.41s, setup 0ms, collect 2.37s, tests 483ms, environment 5ms, prepare 2.28s)

==> client : npm run typecheck
connexion.html
dist
index.html
node_modules
package.json
package-lock.json
probe-coalesced.html
recette
shell.html
src
tsconfig.json
verify-webrtc.mjs
vite.config.ts

> @guacamole/client@0.1.0 typecheck
> tsc --noEmit

==> proto : npm test
Cargo.toml
node_modules
package.json
package-lock.json
src
ts
tsconfig.json
vectors.json

> @guacamole/proto@0.1.0 test
> vitest run


 RUN  v2.1.9 /home/mallanic/Projects/Guacamole/proto

 ✓ ts/control.test.ts (15 tests) 18ms
 ✓ ts/input.test.ts (20 tests) 27ms

 Test Files  2 passed (2)
      Tests  35 passed (35)
   Start at  15:47:08
   Duration  979ms (transform 250ms, setup 0ms, collect 269ms, tests 45ms, environment 1ms, prepare 353ms)

==> proto : npm run typecheck
Cargo.toml
node_modules
package.json
package-lock.json
src
ts
tsconfig.json
vectors.json

> @guacamole/proto@0.1.0 typecheck
> tsc --noEmit

==> plateforme : npm run test:sqlite
node_modules
package.json
package-lock.json
src
tsconfig.json

> @guacamole/plateforme@0.1.0 test:sqlite
> PLATEFORME_BASE=sqlite vitest run


 RUN  v2.1.9 /home/mallanic/Projects/Guacamole/plateforme

(node:933289) ExperimentalWarning: SQLite is an experimental feature and might change at any time
(Use `node --trace-warnings ...` to show where the warning was created)
(node:933288) ExperimentalWarning: SQLite is an experimental feature and might change at any time
(Use `node --trace-warnings ...` to show where the warning was created)
(node:933269) ExperimentalWarning: SQLite is an experimental feature and might change at any time
(Use `node --trace-warnings ...` to show where the warning was created)
(node:933278) ExperimentalWarning: SQLite is an experimental feature and might change at any time
(Use `node --trace-warnings ...` to show where the warning was created)
stderr | src/signaling/garde-fil.test.ts > la garde, au niveau du socket > CRITÈRE ① : un client sans jeton est refusé, et ne voit AUCUN ice-config
poignée de main refusée : poignée de main sans jeton sur la session s-1

stderr | src/signaling/server.test.ts > serveur de signaling > relaie une offre du client vers l'agent
aucun serveur TURN configuré (TURN_URL/TURN_SECRET) : session sans relais

stderr | src/signaling/server.test.ts > serveur de signaling > relaie une offre du client vers l'agent
aucun serveur TURN configuré (TURN_URL/TURN_SECRET) : session sans relais

stderr | src/signaling/server.test.ts > serveur de signaling > relaie une réponse de l'agent vers le client
aucun serveur TURN configuré (TURN_URL/TURN_SECRET) : session sans relais

stderr | src/signaling/server.test.ts > serveur de signaling > relaie une réponse de l'agent vers le client
aucun serveur TURN configuré (TURN_URL/TURN_SECRET) : session sans relais

stderr | src/signaling/server.test.ts > serveur de signaling > isole les sessions entre elles
aucun serveur TURN configuré (TURN_URL/TURN_SECRET) : session sans relais

 ✓ src/base/pilotes.test.ts (7 tests) 37ms
stderr | src/signaling/server.test.ts > serveur de signaling > isole les sessions entre elles
aucun serveur TURN configuré (TURN_URL/TURN_SECRET) : session sans relais

 ✓ src/depot/jeton.test.ts (7 tests) 38ms
stderr | src/signaling/garde-fil.test.ts > la garde, au niveau du socket > le socket est FERMÉ après le refus, et le message est arrivé AVANT
poignée de main refusée : poignée de main sans jeton sur la session s-1

stderr | src/signaling/trace.test.ts > le service entier > écrit une ligne à l’appariement, et la clôt à la déconnexion des deux pairs
aucun serveur TURN configuré (TURN_URL/TURN_SECRET) : session sans relais

stderr | src/signaling/trace.test.ts > le service entier > écrit une ligne à l’appariement, et la clôt à la déconnexion des deux pairs
aucun serveur TURN configuré (TURN_URL/TURN_SECRET) : session sans relais

 ✓ src/base/sous-ensemble.test.ts (7 tests) 11ms
stderr | src/signaling/trace.test.ts > le service entier > n’écrit rien quand un seul pair s’est déclaré
aucun serveur TURN configuré (TURN_URL/TURN_SECRET) : session sans relais

 ✓ src/identite/garde.test.ts (9 tests) 33ms
 ✓ src/signaling/resilience.test.ts (2 tests) 1003ms
stderr | src/signaling/garde-fil.test.ts > la garde, au niveau du socket > CRITÈRE ② : un jeton dont la durée est écoulée est refusé jeton-expire
poignée de main refusée : jeton refusé (expire) sur la session s-3

(node:933481) ExperimentalWarning: SQLite is an experimental feature and might change at any time
(Use `node --trace-warnings ...` to show where the warning was created)
stderr | src/http/serveur.test.ts > demarrerServeur > sert le relais de signaling sur le chemin racine, poignée de main comprise
aucun serveur TURN configuré (TURN_URL/TURN_SECRET) : session sans relais

stderr | src/http/serveur.test.ts > demarrerServeur > sert le relais de signaling sur le chemin racine, poignée de main comprise
aucun serveur TURN configuré (TURN_URL/TURN_SECRET) : session sans relais

(node:933488) ExperimentalWarning: SQLite is an experimental feature and might change at any time
(Use `node --trace-warnings ...` to show where the warning was created)
stderr | src/signaling/trace.test.ts > le service entier > inscrit en base l’utilisateur du client authentifié qui apparie
aucun serveur TURN configuré (TURN_URL/TURN_SECRET) : session sans relais

stderr | src/signaling/trace.test.ts > le service entier > inscrit en base l’utilisateur du client authentifié qui apparie
aucun serveur TURN configuré (TURN_URL/TURN_SECRET) : session sans relais

 ✓ src/http/serveur.test.ts (3 tests) 141ms
 ✓ src/depot/session.test.ts (7 tests) 25ms
 ✓ src/signaling/trace.test.ts (6 tests) 1029ms
   ✓ le service entier > n’écrit rien quand un seul pair s’est déclaré 615ms
 ✓ src/identite/jeton.test.ts (7 tests) 20ms
(node:933563) ExperimentalWarning: SQLite is an experimental feature and might change at any time
(Use `node --trace-warnings ...` to show where the warning was created)
 ✓ src/config.test.ts (9 tests) 14ms
 ✓ src/http/routes-auth.test.ts (8 tests) 1776ms
   ✓ routes d’authentification > connexion valide : l’accès est un jeton que le service accepte, et le rafraîchissement vaut 356ms
   ✓ routes d’authentification > mot de passe faux et courriel inconnu rendent le MÊME message 456ms
(node:933623) ExperimentalWarning: SQLite is an experimental feature and might change at any time
(Use `node --trace-warnings ...` to show where the warning was created)
stderr | src/signaling/server.test.ts > serveur de signaling > signale la disparition du pair
aucun serveur TURN configuré (TURN_URL/TURN_SECRET) : session sans relais

stderr | src/signaling/server.test.ts > serveur de signaling > signale la disparition du pair
aucun serveur TURN configuré (TURN_URL/TURN_SECRET) : session sans relais

stderr | src/signaling/server.test.ts > serveur de signaling > rejette un second agent sur la même session
aucun serveur TURN configuré (TURN_URL/TURN_SECRET) : session sans relais

stderr | src/signaling/server.test.ts > serveur de signaling > rejette un message racine `null` en premier message sans planter, et permet de retenter
aucun serveur TURN configuré (TURN_URL/TURN_SECRET) : session sans relais

stderr | src/signaling/server.test.ts > serveur de signaling > rejette un message racine `null` en premier message sans planter, et permet de retenter
aucun serveur TURN configuré (TURN_URL/TURN_SECRET) : session sans relais

stderr | src/signaling/server.test.ts > serveur de signaling > rejette un message racine `null` en premier message sans planter, et permet de retenter
aucun serveur TURN configuré (TURN_URL/TURN_SECRET) : session sans relais

stderr | src/signaling/server.test.ts > serveur de signaling > rejette un message racine `null` en premier message sans planter, et permet de retenter
aucun serveur TURN configuré (TURN_URL/TURN_SECRET) : session sans relais

stderr | src/signaling/server.test.ts > serveur de signaling > rejette un message racine `null` en message suivant sans planter, et la session continue de fonctionner
aucun serveur TURN configuré (TURN_URL/TURN_SECRET) : session sans relais

stderr | src/signaling/server.test.ts > serveur de signaling > rejette un message racine `null` en message suivant sans planter, et la session continue de fonctionner
aucun serveur TURN configuré (TURN_URL/TURN_SECRET) : session sans relais

stderr | src/signaling/server.test.ts > serveur de signaling > rejette un message racine `null` en message suivant sans planter, et la session continue de fonctionner
aucun serveur TURN configuré (TURN_URL/TURN_SECRET) : session sans relais

stderr | src/signaling/server.test.ts > serveur de signaling > rejette un message racine `null` en message suivant sans planter, et la session continue de fonctionner
aucun serveur TURN configuré (TURN_URL/TURN_SECRET) : session sans relais

stderr | src/signaling/server.test.ts > serveur de signaling > relaie les messages de la session de contrôle entre superviseur et shell
aucun serveur TURN configuré (TURN_URL/TURN_SECRET) : session sans relais

stderr | src/signaling/server.test.ts > serveur de signaling > relaie les messages de la session de contrôle entre superviseur et shell
aucun serveur TURN configuré (TURN_URL/TURN_SECRET) : session sans relais

stderr | src/signaling/server.test.ts > serveur de signaling > délivre à l'agent l'offre arrivée avant lui
aucun serveur TURN configuré (TURN_URL/TURN_SECRET) : session sans relais

stderr | src/signaling/server.test.ts > serveur de signaling > délivre à l'agent l'offre arrivée avant lui
aucun serveur TURN configuré (TURN_URL/TURN_SECRET) : session sans relais

stderr | src/signaling/server.test.ts > serveur de signaling > ne délivre que la dernière offre, pas toutes celles reçues
aucun serveur TURN configuré (TURN_URL/TURN_SECRET) : session sans relais

stderr | src/signaling/server.test.ts > serveur de signaling > ne délivre que la dernière offre, pas toutes celles reçues
aucun serveur TURN configuré (TURN_URL/TURN_SECRET) : session sans relais

stderr | src/signaling/server.test.ts > serveur de signaling > oublie l'offre mémorisée quand la session se vide
aucun serveur TURN configuré (TURN_URL/TURN_SECRET) : session sans relais

 ✓ src/index.test.ts (3 tests) 59ms
stderr | src/signaling/server.test.ts > serveur de signaling > oublie l'offre mémorisée quand la session se vide
aucun serveur TURN configuré (TURN_URL/TURN_SECRET) : session sans relais

 ✓ src/depot/utilisateur.test.ts (5 tests) 464ms
 ✓ src/signaling/ice.test.ts (6 tests) 11ms
 ✓ src/http/cors.test.ts (5 tests) 8ms
 ✓ src/signaling/garde-fil.test.ts (6 tests) 2776ms
   ✓ la garde, au niveau du socket > CRITÈRE ① : un client sans jeton est refusé, et ne voit AUCUN ice-config 563ms
   ✓ la garde, au niveau du socket > CRITÈRE ② : un jeton dont la durée est écoulée est refusé jeton-expire 509ms
   ✓ la garde, au niveau du socket > CRITÈRE ③ : u2 se voit refuser la session de u1, et le JOURNAL la nomme 517ms
   ✓ la garde, au niveau du socket > après le départ des deux pairs, u2 PEUT prendre la session 658ms
 ✓ src/base/pilote.test.ts (6 tests) 26ms
 ✓ src/signaling/appariement.test.ts (5 tests) 16ms
(node:933739) ExperimentalWarning: SQLite is an experimental feature and might change at any time
(Use `node --trace-warnings ...` to show where the warning was created)
 ✓ src/admin/creer-utilisateur.test.ts (5 tests) 9ms
 ✓ src/signaling/propriete.test.ts (5 tests) 14ms
 ✓ src/identite/mot-de-passe.test.ts (7 tests) 1173ms
 ✓ src/signaling/server.test.ts (12 tests) 4323ms
   ✓ serveur de signaling > isole les sessions entre elles 2020ms
   ✓ serveur de signaling > oublie l'offre mémorisée quand la session se vide 2068ms

 Test Files  22 passed (22)
      Tests  137 passed (137)
   Start at  15:47:14
   Duration  5.26s (transform 1.29s, setup 0ms, collect 4.03s, tests 13.01s, environment 13ms, prepare 3.69s)

==> plateforme : npm run test:postgres
node_modules
package.json
package-lock.json
src
tsconfig.json

> @guacamole/plateforme@0.1.0 test:postgres
> PLATEFORME_BASE=postgres vitest run


 RUN  v2.1.9 /home/mallanic/Projects/Guacamole/plateforme

(node:934531) ExperimentalWarning: SQLite is an experimental feature and might change at any time
(Use `node --trace-warnings ...` to show where the warning was created)
(node:934519) ExperimentalWarning: SQLite is an experimental feature and might change at any time
(Use `node --trace-warnings ...` to show where the warning was created)
(node:934497) ExperimentalWarning: SQLite is an experimental feature and might change at any time
(Use `node --trace-warnings ...` to show where the warning was created)
stderr | src/signaling/server.test.ts > serveur de signaling > relaie une offre du client vers l'agent
aucun serveur TURN configuré (TURN_URL/TURN_SECRET) : session sans relais

(node:934513) ExperimentalWarning: SQLite is an experimental feature and might change at any time
(Use `node --trace-warnings ...` to show where the warning was created)
stderr | src/signaling/server.test.ts > serveur de signaling > relaie une offre du client vers l'agent
aucun serveur TURN configuré (TURN_URL/TURN_SECRET) : session sans relais

stderr | src/signaling/garde-fil.test.ts > la garde, au niveau du socket > CRITÈRE ① : un client sans jeton est refusé, et ne voit AUCUN ice-config
poignée de main refusée : poignée de main sans jeton sur la session s-1

stderr | src/signaling/server.test.ts > serveur de signaling > relaie une réponse de l'agent vers le client
aucun serveur TURN configuré (TURN_URL/TURN_SECRET) : session sans relais

stderr | src/signaling/server.test.ts > serveur de signaling > relaie une réponse de l'agent vers le client
aucun serveur TURN configuré (TURN_URL/TURN_SECRET) : session sans relais

stderr | src/signaling/server.test.ts > serveur de signaling > isole les sessions entre elles
aucun serveur TURN configuré (TURN_URL/TURN_SECRET) : session sans relais

stderr | src/signaling/server.test.ts > serveur de signaling > isole les sessions entre elles
aucun serveur TURN configuré (TURN_URL/TURN_SECRET) : session sans relais

stderr | src/signaling/garde-fil.test.ts > la garde, au niveau du socket > le socket est FERMÉ après le refus, et le message est arrivé AVANT
poignée de main refusée : poignée de main sans jeton sur la session s-1

 ✓ src/signaling/resilience.test.ts (2 tests) 964ms
stderr | src/signaling/garde-fil.test.ts > la garde, au niveau du socket > CRITÈRE ② : un jeton dont la durée est écoulée est refusé jeton-expire
poignée de main refusée : jeton refusé (expire) sur la session s-3

 ✓ src/base/sous-ensemble.test.ts (7 tests) 13ms
stderr | src/signaling/trace.test.ts > le service entier > écrit une ligne à l’appariement, et la clôt à la déconnexion des deux pairs
aucun serveur TURN configuré (TURN_URL/TURN_SECRET) : session sans relais

stderr | src/signaling/trace.test.ts > le service entier > écrit une ligne à l’appariement, et la clôt à la déconnexion des deux pairs
aucun serveur TURN configuré (TURN_URL/TURN_SECRET) : session sans relais

 ✓ src/base/pilotes.test.ts (7 tests) 1627ms
   ✓ sous-ensemble portable, moteur=postgres > applique les migrations, et le rejeu n’écrit rien de plus 331ms
stderr | src/signaling/trace.test.ts > le service entier > n’écrit rien quand un seul pair s’est déclaré
aucun serveur TURN configuré (TURN_URL/TURN_SECRET) : session sans relais

 ✓ src/depot/jeton.test.ts (7 tests) 1651ms
 ✓ src/identite/garde.test.ts (9 tests) 24ms
stderr | src/signaling/server.test.ts > serveur de signaling > signale la disparition du pair
aucun serveur TURN configuré (TURN_URL/TURN_SECRET) : session sans relais

stderr | src/signaling/server.test.ts > serveur de signaling > signale la disparition du pair
aucun serveur TURN configuré (TURN_URL/TURN_SECRET) : session sans relais

stderr | src/signaling/server.test.ts > serveur de signaling > rejette un second agent sur la même session
aucun serveur TURN configuré (TURN_URL/TURN_SECRET) : session sans relais

stderr | src/signaling/server.test.ts > serveur de signaling > rejette un message racine `null` en premier message sans planter, et permet de retenter
aucun serveur TURN configuré (TURN_URL/TURN_SECRET) : session sans relais

stderr | src/signaling/server.test.ts > serveur de signaling > rejette un message racine `null` en premier message sans planter, et permet de retenter
aucun serveur TURN configuré (TURN_URL/TURN_SECRET) : session sans relais

stderr | src/signaling/server.test.ts > serveur de signaling > rejette un message racine `null` en premier message sans planter, et permet de retenter
aucun serveur TURN configuré (TURN_URL/TURN_SECRET) : session sans relais

stderr | src/signaling/server.test.ts > serveur de signaling > rejette un message racine `null` en premier message sans planter, et permet de retenter
aucun serveur TURN configuré (TURN_URL/TURN_SECRET) : session sans relais

stderr | src/signaling/server.test.ts > serveur de signaling > rejette un message racine `null` en message suivant sans planter, et la session continue de fonctionner
aucun serveur TURN configuré (TURN_URL/TURN_SECRET) : session sans relais

stderr | src/signaling/server.test.ts > serveur de signaling > rejette un message racine `null` en message suivant sans planter, et la session continue de fonctionner
aucun serveur TURN configuré (TURN_URL/TURN_SECRET) : session sans relais

stderr | src/signaling/server.test.ts > serveur de signaling > rejette un message racine `null` en message suivant sans planter, et la session continue de fonctionner
aucun serveur TURN configuré (TURN_URL/TURN_SECRET) : session sans relais

stderr | src/signaling/server.test.ts > serveur de signaling > rejette un message racine `null` en message suivant sans planter, et la session continue de fonctionner
aucun serveur TURN configuré (TURN_URL/TURN_SECRET) : session sans relais

stderr | src/signaling/server.test.ts > serveur de signaling > relaie les messages de la session de contrôle entre superviseur et shell
aucun serveur TURN configuré (TURN_URL/TURN_SECRET) : session sans relais

stderr | src/signaling/server.test.ts > serveur de signaling > relaie les messages de la session de contrôle entre superviseur et shell
aucun serveur TURN configuré (TURN_URL/TURN_SECRET) : session sans relais

stderr | src/signaling/server.test.ts > serveur de signaling > délivre à l'agent l'offre arrivée avant lui
aucun serveur TURN configuré (TURN_URL/TURN_SECRET) : session sans relais

stderr | src/signaling/server.test.ts > serveur de signaling > délivre à l'agent l'offre arrivée avant lui
aucun serveur TURN configuré (TURN_URL/TURN_SECRET) : session sans relais

stderr | src/signaling/server.test.ts > serveur de signaling > ne délivre que la dernière offre, pas toutes celles reçues
aucun serveur TURN configuré (TURN_URL/TURN_SECRET) : session sans relais

stderr | src/signaling/server.test.ts > serveur de signaling > ne délivre que la dernière offre, pas toutes celles reçues
aucun serveur TURN configuré (TURN_URL/TURN_SECRET) : session sans relais

stderr | src/signaling/server.test.ts > serveur de signaling > oublie l'offre mémorisée quand la session se vide
aucun serveur TURN configuré (TURN_URL/TURN_SECRET) : session sans relais

(node:935014) ExperimentalWarning: SQLite is an experimental feature and might change at any time
(Use `node --trace-warnings ...` to show where the warning was created)
stderr | src/signaling/server.test.ts > serveur de signaling > oublie l'offre mémorisée quand la session se vide
aucun serveur TURN configuré (TURN_URL/TURN_SECRET) : session sans relais

(node:935035) ExperimentalWarning: SQLite is an experimental feature and might change at any time
(Use `node --trace-warnings ...` to show where the warning was created)
 ✓ src/identite/jeton.test.ts (7 tests) 23ms
stderr | src/signaling/trace.test.ts > le service entier > inscrit en base l’utilisateur du client authentifié qui apparie
aucun serveur TURN configuré (TURN_URL/TURN_SECRET) : session sans relais

stderr | src/signaling/trace.test.ts > le service entier > inscrit en base l’utilisateur du client authentifié qui apparie
aucun serveur TURN configuré (TURN_URL/TURN_SECRET) : session sans relais

 ✓ src/signaling/trace.test.ts (6 tests) 2367ms
   ✓ observateur de session > ouvre à l’appariement et clôt au départ, sur des instants EXACTS 311ms
   ✓ observateur de session > un second appariement ne rouvre pas une seconde ligne 334ms
   ✓ observateur de session > un départ sans appariement préalable n’écrit rien 325ms
   ✓ le service entier > écrit une ligne à l’appariement, et la clôt à la déconnexion des deux pairs 311ms
   ✓ le service entier > n’écrit rien quand un seul pair s’est déclaré 828ms
 ✓ src/signaling/garde-fil.test.ts (6 tests) 2807ms
   ✓ la garde, au niveau du socket > CRITÈRE ① : un client sans jeton est refusé, et ne voit AUCUN ice-config 608ms
   ✓ la garde, au niveau du socket > CRITÈRE ② : un jeton dont la durée est écoulée est refusé jeton-expire 515ms
   ✓ la garde, au niveau du socket > CRITÈRE ③ : u2 se voit refuser la session de u1, et le JOURNAL la nomme 524ms
   ✓ la garde, au niveau du socket > après le départ des deux pairs, u2 PEUT prendre la session 630ms
(node:935291) ExperimentalWarning: SQLite is an experimental feature and might change at any time
(Use `node --trace-warnings ...` to show where the warning was created)
 ✓ src/config.test.ts (9 tests) 14ms
stderr | src/http/serveur.test.ts > demarrerServeur > sert le relais de signaling sur le chemin racine, poignée de main comprise
aucun serveur TURN configuré (TURN_URL/TURN_SECRET) : session sans relais

stderr | src/http/serveur.test.ts > demarrerServeur > sert le relais de signaling sur le chemin racine, poignée de main comprise
aucun serveur TURN configuré (TURN_URL/TURN_SECRET) : session sans relais

 ✓ src/http/serveur.test.ts (3 tests) 833ms
   ✓ demarrerServeur > n'écoute QUE sur l'adresse nommée 335ms
   ✓ demarrerServeur > sert le relais de signaling sur le chemin racine, poignée de main comprise 309ms
 ✓ src/signaling/ice.test.ts (6 tests) 29ms
(node:935497) ExperimentalWarning: SQLite is an experimental feature and might change at any time
(Use `node --trace-warnings ...` to show where the warning was created)
 ✓ src/depot/session.test.ts (7 tests) 1715ms
 ✓ src/index.test.ts (3 tests) 325ms
 ✓ src/http/cors.test.ts (5 tests) 14ms
 ✓ src/signaling/server.test.ts (12 tests) 4453ms
   ✓ serveur de signaling > isole les sessions entre elles 2018ms
   ✓ serveur de signaling > oublie l'offre mémorisée quand la session se vide 2095ms
 ✓ src/http/routes-auth.test.ts (8 tests) 4326ms
   ✓ routes d’authentification > connexion valide : l’accès est un jeton que le service accepte, et le rafraîchissement vaut 635ms
   ✓ routes d’authentification > mot de passe faux et courriel inconnu rendent le MÊME message 725ms
   ✓ routes d’authentification > REJEU : rafraîchir deux fois le même jeton rend 401, et la famille tombe 512ms
   ✓ routes d’authentification > borne le corps à 4 KiB : 5 KiB rend 413 334ms
   ✓ routes d’authentification > refuse une méthode autre que POST par 405, et un corps non-JSON par 400 382ms
   ✓ routes d’authentification > OPTIONS rend 204, avec les en-têtes CORS SEULEMENT si une origine est autorisée 712ms
   ✓ routes d’authentification > laisse le 404 de P1 intact sur un chemin qui n’est pas d’authentification 314ms
   ✓ routes d’authentification > CRITÈRE ④ : aucune trace ni aucune réponse ne porte le CHAMP du mot de passe 708ms
 ✓ src/identite/mot-de-passe.test.ts (7 tests) 1428ms
 ✓ src/base/pilote.test.ts (6 tests) 15ms
 ✓ src/depot/utilisateur.test.ts (5 tests) 1793ms
   ✓ dépôt utilisateur, moteur=postgres > crée un compte et le relit par courriel, à l’époque EXACTE écrite 525ms
   ✓ dépôt utilisateur, moteur=postgres > REFUSE un second compte au même courriel 361ms
   ✓ dépôt utilisateur, moteur=postgres > remplace l’empreinte, et RIEN d’autre 375ms
   ✓ dépôt utilisateur, moteur=postgres > donne un identifiant distinct à chaque compte 337ms
(node:935833) ExperimentalWarning: SQLite is an experimental feature and might change at any time
(Use `node --trace-warnings ...` to show where the warning was created)
 ✓ src/admin/creer-utilisateur.test.ts (5 tests) 11ms
 ✓ src/signaling/appariement.test.ts (5 tests) 16ms
 ✓ src/signaling/propriete.test.ts (5 tests) 12ms

 Test Files  22 passed (22)
      Tests  137 passed (137)
   Start at  15:47:21
   Duration  6.45s (transform 1.49s, setup 0ms, collect 4.52s, tests 24.46s, environment 10ms, prepare 3.99s)

==> plateforme : npm run typecheck
node_modules
package.json
package-lock.json
src
tsconfig.json

> @guacamole/plateforme@0.1.0 typecheck
> tsc --noEmit

TOUTES LES ÉTAPES TYPESCRIPT SONT PASSÉES
