2026-09-04T23:51:52.931382Z  INFO agent::superviseur::boucle::surveillance_pont: pont fichiers de nouveau stable pid=13240
2026-09-04T23:51:54.184512Z  INFO agent::pont: réponse SDP du pont envoyée
2026-09-04T23:51:54.185481Z  INFO agent::pont::projfs::racine: racine marquée (le marquage RÉUSSIT même sur une racine déjà marquée : mesuré, F5 P2) racine=C:\Users\Administrator\Mes Fichiers empreinte_preexistante=true
2026-09-04T23:51:54.188282Z  INFO agent::pont::projfs: racine de virtualisation ProjFS démarrée racine=C:\Users\Administrator\Mes Fichiers
2026-09-04T23:51:54.188311Z  INFO agent::pont: racine du pont fichiers montée racine=C:\Users\Administrator\Mes Fichiers
2026-09-04T23:51:54.188621Z  WARN agent::pont::ecriture::fil: poussee d'ecriture DESARMEE (PONT_ECRITURE=0) : bras de banc, jamais une configuration livree
2026-09-04T23:51:54.465770Z  INFO agent::pont::transport: pont fichiers connecté au navigateur
2026-09-04T23:51:54.749446Z  INFO agent::pont::transport: canal du pont fichiers ouvert label=fichiers
2026-09-04T23:51:54.749477Z  INFO agent::pont::service: canal du pont ouvert : le navigateur peut servir les requêtes
2026-09-04T23:51:54.780924Z  INFO agent::pont::service::annonces: bonjour du navigateur racine=Mes documents forcer=false
2026-09-04T23:51:54.781169Z  INFO agent::pont::ecriture::fil::reprise: bonjour du navigateur : decision de reprise racine="Mes documents" forcer=false memorise="Mes documents" decision="pousser" dues=0
2026-09-04T23:52:04.335866Z  INFO agent::pont::service::recensement: pont en vol=0 sans_commande=0 plus_ancienne_ms=0 sessions=0 octets_hydrates=0 entrees_hydratees=0
2026-09-04T23:52:04.335918Z  INFO agent::pont::service::recensement: codes rendus total=0 introuvable=0 chemin-introuvable=0 acces-refuse=0 canal-ferme=0 delai-depasse=0 abandonnee=0 disque-plein=0 non-supporte=0 repertoire-non-vide=0 deja-present=0 protege-en-ecriture=0 inattendue=0 | jamais rendus : introuvable,chemin-introuvable,acces-refuse,canal-ferme,delai-depasse,abandonnee,disque-plein,non-supporte,repertoire-non-vide,deja-present,protege-en-ecriture,inattendue
2026-09-04T23:52:14.342084Z  INFO agent::pont::service::recensement: pont en vol=0 sans_commande=0 plus_ancienne_ms=0 sessions=0 octets_hydrates=0 entrees_hydratees=0
2026-09-04T23:52:14.342136Z  INFO agent::pont::service::recensement: codes rendus total=0 introuvable=0 chemin-introuvable=0 acces-refuse=0 canal-ferme=0 delai-depasse=0 abandonnee=0 disque-plein=0 non-supporte=0 repertoire-non-vide=0 deja-present=0 protege-en-ecriture=0 inattendue=0 | jamais rendus : introuvable,chemin-introuvable,acces-refuse,canal-ferme,delai-depasse,abandonnee,disque-plein,non-supporte,repertoire-non-vide,deja-present,protege-en-ecriture,inattendue
2026-09-04T23:52:15.430167Z  INFO agent::apps::boucle::memoire: catalogue reconcilie total=58 retenus=45 cles=41 icones=0 icones_echouees=0 icones_distinctes=37 apparues=0 modifiees=0 disparues=0 duree_ms=30 declencheur="periode" notifications=0 debordements=0
2026-09-04T23:52:24.448942Z  INFO agent::pont::service::recensement: pont en vol=0 sans_commande=0 plus_ancienne_ms=0 sessions=0 octets_hydrates=0 entrees_hydratees=0
2026-09-04T23:52:24.448989Z  INFO agent::pont::service::recensement: codes rendus total=0 introuvable=0 chemin-introuvable=0 acces-refuse=0 canal-ferme=0 delai-depasse=0 abandonnee=0 disque-plein=0 non-supporte=0 repertoire-non-vide=0 deja-present=0 protege-en-ecriture=0 inattendue=0 | jamais rendus : introuvable,chemin-introuvable,acces-refuse,canal-ferme,delai-depasse,abandonnee,disque-plein,non-supporte,repertoire-non-vide,deja-present,protege-en-ecriture,inattendue
2026-09-04T23:52:34.547352Z  INFO agent::pont::service::recensement: pont en vol=0 sans_commande=0 plus_ancienne_ms=0 sessions=0 octets_hydrates=0 entrees_hydratees=0
2026-09-04T23:52:34.547417Z  INFO agent::pont::service::recensement: codes rendus total=0 introuvable=0 chemin-introuvable=0 acces-refuse=0 canal-ferme=0 delai-depasse=0 abandonnee=0 disque-plein=0 non-supporte=0 repertoire-non-vide=0 deja-present=0 protege-en-ecriture=0 inattendue=0 | jamais rendus : introuvable,chemin-introuvable,acces-refuse,canal-ferme,delai-depasse,abandonnee,disque-plein,non-supporte,repertoire-non-vide,deja-present,protege-en-ecriture,inattendue
2026-09-04T23:52:44.646448Z  INFO agent::pont::service::recensement: pont en vol=0 sans_commande=0 plus_ancienne_ms=0 sessions=0 octets_hydrates=0 entrees_hydratees=0
2026-09-04T23:52:44.646494Z  INFO agent::pont::service::recensement: codes rendus total=0 introuvable=0 chemin-introuvable=0 acces-refuse=0 canal-ferme=0 delai-depasse=0 abandonnee=0 disque-plein=0 non-supporte=0 repertoire-non-vide=0 deja-present=0 protege-en-ecriture=0 inattendue=0 | jamais rendus : introuvable,chemin-introuvable,acces-refuse,canal-ferme,delai-depasse,abandonnee,disque-plein,non-supporte,repertoire-non-vide,deja-present,protege-en-ecriture,inattendue
2026-09-04T23:52:45.462956Z  INFO agent::apps::boucle::memoire: catalogue reconcilie total=58 retenus=45 cles=41 icones=0 icones_echouees=0 icones_distinctes=37 apparues=0 modifiees=0 disparues=0 duree_ms=31 declencheur="periode" notifications=0 debordements=0
2026-09-04T23:52:54.245304Z  INFO agent::pont::projfs::etat: racine hydratee (par CETTE execution du pont, pas par le disque) octets=0 entrees=0
2026-09-04T23:52:54.753252Z  INFO agent::pont::service::recensement: pont en vol=0 sans_commande=0 plus_ancienne_ms=0 sessions=0 octets_hydrates=0 entrees_hydratees=0
2026-09-04T23:52:54.753291Z  INFO agent::pont::service::recensement: codes rendus total=0 introuvable=0 chemin-introuvable=0 acces-refuse=0 canal-ferme=0 delai-depasse=0 abandonnee=0 disque-plein=0 non-supporte=0 repertoire-non-vide=0 deja-present=0 protege-en-ecriture=0 inattendue=0 | jamais rendus : introuvable,chemin-introuvable,acces-refuse,canal-ferme,delai-depasse,abandonnee,disque-plein,non-supporte,repertoire-non-vide,deja-present,protege-en-ecriture,inattendue
2026-09-04T23:53:04.861517Z  INFO agent::pont::service::recensement: pont en vol=0 sans_commande=0 plus_ancienne_ms=0 sessions=0 octets_hydrates=0 entrees_hydratees=0
2026-09-04T23:53:04.861555Z  INFO agent::pont::service::recensement: codes rendus total=0 introuvable=0 chemin-introuvable=0 acces-refuse=0 canal-ferme=0 delai-depasse=0 abandonnee=0 disque-plein=0 non-supporte=0 repertoire-non-vide=0 deja-present=0 protege-en-ecriture=0 inattendue=0 | jamais rendus : introuvable,chemin-introuvable,acces-refuse,canal-ferme,delai-depasse,abandonnee,disque-plein,non-supporte,repertoire-non-vide,deja-present,protege-en-ecriture,inattendue
2026-09-04T23:53:14.962171Z  INFO agent::pont::service::recensement: pont en vol=0 sans_commande=0 plus_ancienne_ms=0 sessions=0 octets_hydrates=0 entrees_hydratees=0
2026-09-04T23:53:14.962238Z  INFO agent::pont::service::recensement: codes rendus total=0 introuvable=0 chemin-introuvable=0 acces-refuse=0 canal-ferme=0 delai-depasse=0 abandonnee=0 disque-plein=0 non-supporte=0 repertoire-non-vide=0 deja-present=0 protege-en-ecriture=0 inattendue=0 | jamais rendus : introuvable,chemin-introuvable,acces-refuse,canal-ferme,delai-depasse,abandonnee,disque-plein,non-supporte,repertoire-non-vide,deja-present,protege-en-ecriture,inattendue
2026-09-04T23:53:15.494607Z  INFO agent::apps::boucle::memoire: catalogue reconcilie total=58 retenus=45 cles=41 icones=0 icones_echouees=0 icones_distinctes=37 apparues=0 modifiees=0 disparues=0 duree_ms=31 declencheur="periode" notifications=0 debordements=0
2026-09-04T23:53:25.061275Z  INFO agent::pont::service::recensement: pont en vol=0 sans_commande=0 plus_ancienne_ms=0 sessions=0 octets_hydrates=0 entrees_hydratees=0
2026-09-04T23:53:25.061323Z  INFO agent::pont::service::recensement: codes rendus total=0 introuvable=0 chemin-introuvable=0 acces-refuse=0 canal-ferme=0 delai-depasse=0 abandonnee=0 disque-plein=0 non-supporte=0 repertoire-non-vide=0 deja-present=0 protege-en-ecriture=0 inattendue=0 | jamais rendus : introuvable,chemin-introuvable,acces-refuse,canal-ferme,delai-depasse,abandonnee,disque-plein,non-supporte,repertoire-non-vide,deja-present,protege-en-ecriture,inattendue
2026-09-04T23:53:35.160164Z  INFO agent::pont::service::recensement: pont en vol=0 sans_commande=0 plus_ancienne_ms=0 sessions=0 octets_hydrates=0 entrees_hydratees=0
2026-09-04T23:53:35.160209Z  INFO agent::pont::service::recensement: codes rendus total=0 introuvable=0 chemin-introuvable=0 acces-refuse=0 canal-ferme=0 delai-depasse=0 abandonnee=0 disque-plein=0 non-supporte=0 repertoire-non-vide=0 deja-present=0 protege-en-ecriture=0 inattendue=0 | jamais rendus : introuvable,chemin-introuvable,acces-refuse,canal-ferme,delai-depasse,abandonnee,disque-plein,non-supporte,repertoire-non-vide,deja-present,protege-en-ecriture,inattendue
2026-09-04T23:53:45.265816Z  INFO agent::pont::service::recensement: pont en vol=0 sans_commande=0 plus_ancienne_ms=0 sessions=0 octets_hydrates=0 entrees_hydratees=0
2026-09-04T23:53:45.265870Z  INFO agent::pont::service::recensement: codes rendus total=0 introuvable=0 chemin-introuvable=0 acces-refuse=0 canal-ferme=0 delai-depasse=0 abandonnee=0 disque-plein=0 non-supporte=0 repertoire-non-vide=0 deja-present=0 protege-en-ecriture=0 inattendue=0 | jamais rendus : introuvable,chemin-introuvable,acces-refuse,canal-ferme,delai-depasse,abandonnee,disque-plein,non-supporte,repertoire-non-vide,deja-present,protege-en-ecriture,inattendue
2026-09-04T23:53:45.525662Z  INFO agent::apps::boucle::memoire: catalogue reconcilie total=58 retenus=45 cles=41 icones=0 icones_echouees=0 icones_distinctes=37 apparues=0 modifiees=0 disparues=0 duree_ms=30 declencheur="periode" notifications=0 debordements=0
2026-09-04T23:53:54.362321Z  INFO agent::pont::projfs::etat: racine hydratee (par CETTE execution du pont, pas par le disque) octets=0 entrees=0
2026-09-04T23:53:55.370567Z  INFO agent::pont::service::recensement: pont en vol=0 sans_commande=0 plus_ancienne_ms=0 sessions=0 octets_hydrates=0 entrees_hydratees=0
