2026-09-04T23:38:31.314691Z  INFO agent::apps::boucle::memoire: catalogue reconcilie total=58 retenus=45 cles=41 icones=0 icones_echouees=0 icones_distinctes=37 apparues=0 modifiees=0 disparues=0 duree_ms=27 declencheur="periode" notifications=0 debordements=0
2026-09-04T23:38:33.788411Z  INFO agent::pont: réponse SDP du pont envoyée
2026-09-04T23:38:33.789372Z  INFO agent::pont::projfs::racine: racine marquée (le marquage RÉUSSIT même sur une racine déjà marquée : mesuré, F5 P2) racine=C:\Users\Administrator\Mes Fichiers empreinte_preexistante=true
2026-09-04T23:38:33.792190Z  INFO agent::pont::projfs: racine de virtualisation ProjFS démarrée racine=C:\Users\Administrator\Mes Fichiers
2026-09-04T23:38:33.792210Z  INFO agent::pont: racine du pont fichiers montée racine=C:\Users\Administrator\Mes Fichiers
2026-09-04T23:38:33.800606Z  INFO agent::pont::transport: pont fichiers connecté au navigateur
2026-09-04T23:38:33.925743Z  INFO agent::pont::transport: canal du pont fichiers ouvert label=fichiers
2026-09-04T23:38:33.925777Z  INFO agent::pont::service: canal du pont ouvert : le navigateur peut servir les requêtes
2026-09-04T23:38:33.957265Z  INFO agent::pont::service::annonces: bonjour du navigateur racine=Mes documents forcer=false
2026-09-04T23:38:33.957497Z  INFO agent::pont::ecriture::fil::reprise: bonjour du navigateur : decision de reprise racine="Mes documents" forcer=false memorise="Mes documents" decision="pousser" dues=0
2026-09-04T23:38:43.956861Z  INFO agent::pont::ecriture::fil: ecriture acquittee : les octets sont sur le poste local chemin="item1-sauvegarde.txt" octets=70 duree_ms=56
2026-09-04T23:38:43.956883Z  INFO agent::pont::service::recensement: pont en vol=0 sans_commande=0 plus_ancienne_ms=0 sessions=0 octets_hydrates=44 entrees_hydratees=1
2026-09-04T23:38:43.956974Z  INFO agent::pont::service::recensement: codes rendus total=0 introuvable=0 chemin-introuvable=0 acces-refuse=0 canal-ferme=0 delai-depasse=0 abandonnee=0 disque-plein=0 non-supporte=0 repertoire-non-vide=0 deja-present=0 protege-en-ecriture=0 inattendue=0 | jamais rendus : introuvable,chemin-introuvable,acces-refuse,canal-ferme,delai-depasse,abandonnee,disque-plein,non-supporte,repertoire-non-vide,deja-present,protege-en-ecriture,inattendue
2026-09-04T23:38:54.052842Z  INFO agent::pont::service::recensement: pont en vol=0 sans_commande=0 plus_ancienne_ms=0 sessions=0 octets_hydrates=44 entrees_hydratees=1
2026-09-04T23:38:54.052925Z  INFO agent::pont::service::recensement: codes rendus total=0 introuvable=0 chemin-introuvable=0 acces-refuse=0 canal-ferme=0 delai-depasse=0 abandonnee=0 disque-plein=0 non-supporte=0 repertoire-non-vide=0 deja-present=0 protege-en-ecriture=0 inattendue=0 | jamais rendus : introuvable,chemin-introuvable,acces-refuse,canal-ferme,delai-depasse,abandonnee,disque-plein,non-supporte,repertoire-non-vide,deja-present,protege-en-ecriture,inattendue
2026-09-04T23:39:01.343126Z  INFO agent::apps::boucle::memoire: catalogue reconcilie total=58 retenus=45 cles=41 icones=0 icones_echouees=0 icones_distinctes=37 apparues=0 modifiees=0 disparues=0 duree_ms=28 declencheur="periode" notifications=0 debordements=0
2026-09-04T23:39:04.155466Z  INFO agent::pont::service::recensement: pont en vol=0 sans_commande=0 plus_ancienne_ms=0 sessions=0 octets_hydrates=44 entrees_hydratees=1
2026-09-04T23:39:04.155546Z  INFO agent::pont::service::recensement: codes rendus total=0 introuvable=0 chemin-introuvable=0 acces-refuse=0 canal-ferme=0 delai-depasse=0 abandonnee=0 disque-plein=0 non-supporte=0 repertoire-non-vide=0 deja-present=0 protege-en-ecriture=0 inattendue=0 | jamais rendus : introuvable,chemin-introuvable,acces-refuse,canal-ferme,delai-depasse,abandonnee,disque-plein,non-supporte,repertoire-non-vide,deja-present,protege-en-ecriture,inattendue
2026-09-04T23:39:14.270725Z  INFO agent::pont::service::recensement: pont en vol=0 sans_commande=0 plus_ancienne_ms=0 sessions=0 octets_hydrates=44 entrees_hydratees=1
2026-09-04T23:39:14.270781Z  INFO agent::pont::service::recensement: codes rendus total=0 introuvable=0 chemin-introuvable=0 acces-refuse=0 canal-ferme=0 delai-depasse=0 abandonnee=0 disque-plein=0 non-supporte=0 repertoire-non-vide=0 deja-present=0 protege-en-ecriture=0 inattendue=0 | jamais rendus : introuvable,chemin-introuvable,acces-refuse,canal-ferme,delai-depasse,abandonnee,disque-plein,non-supporte,repertoire-non-vide,deja-present,protege-en-ecriture,inattendue
2026-09-04T23:39:24.377253Z  INFO agent::pont::service::recensement: pont en vol=0 sans_commande=0 plus_ancienne_ms=0 sessions=0 octets_hydrates=44 entrees_hydratees=1
2026-09-04T23:39:24.377306Z  INFO agent::pont::service::recensement: codes rendus total=0 introuvable=0 chemin-introuvable=0 acces-refuse=0 canal-ferme=0 delai-depasse=0 abandonnee=0 disque-plein=0 non-supporte=0 repertoire-non-vide=0 deja-present=0 protege-en-ecriture=0 inattendue=0 | jamais rendus : introuvable,chemin-introuvable,acces-refuse,canal-ferme,delai-depasse,abandonnee,disque-plein,non-supporte,repertoire-non-vide,deja-present,protege-en-ecriture,inattendue
2026-09-04T23:39:31.371507Z  INFO agent::apps::boucle::memoire: catalogue reconcilie total=58 retenus=45 cles=41 icones=0 icones_echouees=0 icones_distinctes=37 apparues=0 modifiees=0 disparues=0 duree_ms=27 declencheur="periode" notifications=0 debordements=0
2026-09-04T23:39:33.970790Z  INFO agent::pont::projfs::etat: racine hydratee (par CETTE execution du pont, pas par le disque) octets=44 entrees=1
2026-09-04T23:39:34.474560Z  INFO agent::pont::service::recensement: pont en vol=0 sans_commande=0 plus_ancienne_ms=0 sessions=0 octets_hydrates=44 entrees_hydratees=1
2026-09-04T23:39:34.474602Z  INFO agent::pont::service::recensement: codes rendus total=0 introuvable=0 chemin-introuvable=0 acces-refuse=0 canal-ferme=0 delai-depasse=0 abandonnee=0 disque-plein=0 non-supporte=0 repertoire-non-vide=0 deja-present=0 protege-en-ecriture=0 inattendue=0 | jamais rendus : introuvable,chemin-introuvable,acces-refuse,canal-ferme,delai-depasse,abandonnee,disque-plein,non-supporte,repertoire-non-vide,deja-present,protege-en-ecriture,inattendue
2026-09-04T23:39:44.578230Z  INFO agent::pont::service::recensement: pont en vol=0 sans_commande=0 plus_ancienne_ms=0 sessions=0 octets_hydrates=44 entrees_hydratees=1
2026-09-04T23:39:44.578302Z  INFO agent::pont::service::recensement: codes rendus total=0 introuvable=0 chemin-introuvable=0 acces-refuse=0 canal-ferme=0 delai-depasse=0 abandonnee=0 disque-plein=0 non-supporte=0 repertoire-non-vide=0 deja-present=0 protege-en-ecriture=0 inattendue=0 | jamais rendus : introuvable,chemin-introuvable,acces-refuse,canal-ferme,delai-depasse,abandonnee,disque-plein,non-supporte,repertoire-non-vide,deja-present,protege-en-ecriture,inattendue
2026-09-04T23:39:54.688548Z  INFO agent::pont::service::recensement: pont en vol=0 sans_commande=0 plus_ancienne_ms=0 sessions=0 octets_hydrates=44 entrees_hydratees=1
2026-09-04T23:39:54.688614Z  INFO agent::pont::service::recensement: codes rendus total=0 introuvable=0 chemin-introuvable=0 acces-refuse=0 canal-ferme=0 delai-depasse=0 abandonnee=0 disque-plein=0 non-supporte=0 repertoire-non-vide=0 deja-present=0 protege-en-ecriture=0 inattendue=0 | jamais rendus : introuvable,chemin-introuvable,acces-refuse,canal-ferme,delai-depasse,abandonnee,disque-plein,non-supporte,repertoire-non-vide,deja-present,protege-en-ecriture,inattendue
2026-09-04T23:40:01.399823Z  INFO agent::apps::boucle::memoire: catalogue reconcilie total=58 retenus=45 cles=41 icones=0 icones_echouees=0 icones_distinctes=37 apparues=0 modifiees=0 disparues=0 duree_ms=27 declencheur="periode" notifications=0 debordements=0
2026-09-04T23:40:04.783521Z  INFO agent::pont::service::recensement: pont en vol=0 sans_commande=0 plus_ancienne_ms=0 sessions=0 octets_hydrates=44 entrees_hydratees=1
2026-09-04T23:40:04.783574Z  INFO agent::pont::service::recensement: codes rendus total=0 introuvable=0 chemin-introuvable=0 acces-refuse=0 canal-ferme=0 delai-depasse=0 abandonnee=0 disque-plein=0 non-supporte=0 repertoire-non-vide=0 deja-present=0 protege-en-ecriture=0 inattendue=0 | jamais rendus : introuvable,chemin-introuvable,acces-refuse,canal-ferme,delai-depasse,abandonnee,disque-plein,non-supporte,repertoire-non-vide,deja-present,protege-en-ecriture,inattendue
2026-09-04T23:40:14.885821Z  INFO agent::pont::service::recensement: pont en vol=0 sans_commande=0 plus_ancienne_ms=0 sessions=0 octets_hydrates=44 entrees_hydratees=1
2026-09-04T23:40:14.885876Z  INFO agent::pont::service::recensement: codes rendus total=0 introuvable=0 chemin-introuvable=0 acces-refuse=0 canal-ferme=0 delai-depasse=0 abandonnee=0 disque-plein=0 non-supporte=0 repertoire-non-vide=0 deja-present=0 protege-en-ecriture=0 inattendue=0 | jamais rendus : introuvable,chemin-introuvable,acces-refuse,canal-ferme,delai-depasse,abandonnee,disque-plein,non-supporte,repertoire-non-vide,deja-present,protege-en-ecriture,inattendue
2026-09-04T23:40:24.989671Z  INFO agent::pont::service::recensement: pont en vol=0 sans_commande=0 plus_ancienne_ms=0 sessions=0 octets_hydrates=44 entrees_hydratees=1
2026-09-04T23:40:24.989733Z  INFO agent::pont::service::recensement: codes rendus total=0 introuvable=0 chemin-introuvable=0 acces-refuse=0 canal-ferme=0 delai-depasse=0 abandonnee=0 disque-plein=0 non-supporte=0 repertoire-non-vide=0 deja-present=0 protege-en-ecriture=0 inattendue=0 | jamais rendus : introuvable,chemin-introuvable,acces-refuse,canal-ferme,delai-depasse,abandonnee,disque-plein,non-supporte,repertoire-non-vide,deja-present,protege-en-ecriture,inattendue
2026-09-04T23:40:31.427931Z  INFO agent::apps::boucle::memoire: catalogue reconcilie total=58 retenus=45 cles=41 icones=0 icones_echouees=0 icones_distinctes=37 apparues=0 modifiees=0 disparues=0 duree_ms=27 declencheur="periode" notifications=0 debordements=0
2026-09-04T23:40:34.087871Z  INFO agent::pont::projfs::etat: racine hydratee (par CETTE execution du pont, pas par le disque) octets=44 entrees=1
2026-09-04T23:40:35.099993Z  INFO agent::pont::service::recensement: pont en vol=0 sans_commande=0 plus_ancienne_ms=0 sessions=0 octets_hydrates=44 entrees_hydratees=1
