2026-09-04T23:41:31.488037Z  INFO agent::apps::boucle::memoire: catalogue reconcilie total=58 retenus=45 cles=41 icones=0 icones_echouees=0 icones_distinctes=37 apparues=0 modifiees=0 disparues=0 duree_ms=27 declencheur="periode" notifications=0 debordements=0
2026-09-04T23:41:31.938318Z  INFO agent::pont: réponse SDP du pont envoyée
2026-09-04T23:41:31.939247Z  INFO agent::pont::projfs::racine: racine marquée (le marquage RÉUSSIT même sur une racine déjà marquée : mesuré, F5 P2) racine=C:\Users\Administrator\Mes Fichiers empreinte_preexistante=true
2026-09-04T23:41:31.942139Z  INFO agent::pont::projfs: racine de virtualisation ProjFS démarrée racine=C:\Users\Administrator\Mes Fichiers
2026-09-04T23:41:31.942156Z  INFO agent::pont: racine du pont fichiers montée racine=C:\Users\Administrator\Mes Fichiers
2026-09-04T23:41:31.977578Z  INFO agent::superviseur::boucle::surveillance_pont: pont fichiers de nouveau stable pid=15248
2026-09-04T23:41:32.218245Z  INFO agent::pont::transport: pont fichiers connecté au navigateur
2026-09-04T23:41:32.502113Z  INFO agent::pont::transport: canal du pont fichiers ouvert label=fichiers
2026-09-04T23:41:32.502143Z  INFO agent::pont::service: canal du pont ouvert : le navigateur peut servir les requêtes
2026-09-04T23:41:32.533722Z  INFO agent::pont::service::annonces: bonjour du navigateur racine=Mes documents forcer=false
2026-09-04T23:41:32.533930Z  INFO agent::pont::ecriture::fil::reprise: bonjour du navigateur : decision de reprise racine="Mes documents" forcer=false memorise="Mes documents" decision="pousser" dues=0
2026-09-04T23:41:41.981735Z  INFO agent::pont::ecriture::fil: ecriture acquittee : les octets sont sur le poste local chemin="item1-sauvegarde.txt" octets=96 duree_ms=57
2026-09-04T23:41:41.981756Z  INFO agent::pont::service::recensement: pont en vol=0 sans_commande=0 plus_ancienne_ms=0 sessions=0 octets_hydrates=0 entrees_hydratees=0
2026-09-04T23:41:41.981831Z  INFO agent::pont::service::recensement: codes rendus total=0 introuvable=0 chemin-introuvable=0 acces-refuse=0 canal-ferme=0 delai-depasse=0 abandonnee=0 disque-plein=0 non-supporte=0 repertoire-non-vide=0 deja-present=0 protege-en-ecriture=0 inattendue=0 | jamais rendus : introuvable,chemin-introuvable,acces-refuse,canal-ferme,delai-depasse,abandonnee,disque-plein,non-supporte,repertoire-non-vide,deja-present,protege-en-ecriture,inattendue
2026-09-04T23:41:52.068540Z  INFO agent::pont::service::recensement: pont en vol=0 sans_commande=0 plus_ancienne_ms=0 sessions=0 octets_hydrates=0 entrees_hydratees=0
2026-09-04T23:41:52.068580Z  INFO agent::pont::service::recensement: codes rendus total=0 introuvable=0 chemin-introuvable=0 acces-refuse=0 canal-ferme=0 delai-depasse=0 abandonnee=0 disque-plein=0 non-supporte=0 repertoire-non-vide=0 deja-present=0 protege-en-ecriture=0 inattendue=0 | jamais rendus : introuvable,chemin-introuvable,acces-refuse,canal-ferme,delai-depasse,abandonnee,disque-plein,non-supporte,repertoire-non-vide,deja-present,protege-en-ecriture,inattendue
2026-09-04T23:42:01.516455Z  INFO agent::apps::boucle::memoire: catalogue reconcilie total=58 retenus=45 cles=41 icones=0 icones_echouees=0 icones_distinctes=37 apparues=0 modifiees=0 disparues=0 duree_ms=28 declencheur="periode" notifications=0 debordements=0
2026-09-04T23:42:02.168584Z  INFO agent::pont::service::recensement: pont en vol=0 sans_commande=0 plus_ancienne_ms=0 sessions=0 octets_hydrates=0 entrees_hydratees=0
2026-09-04T23:42:02.168625Z  INFO agent::pont::service::recensement: codes rendus total=0 introuvable=0 chemin-introuvable=0 acces-refuse=0 canal-ferme=0 delai-depasse=0 abandonnee=0 disque-plein=0 non-supporte=0 repertoire-non-vide=0 deja-present=0 protege-en-ecriture=0 inattendue=0 | jamais rendus : introuvable,chemin-introuvable,acces-refuse,canal-ferme,delai-depasse,abandonnee,disque-plein,non-supporte,repertoire-non-vide,deja-present,protege-en-ecriture,inattendue
2026-09-04T23:42:12.301063Z  INFO agent::pont::service::recensement: pont en vol=0 sans_commande=0 plus_ancienne_ms=0 sessions=0 octets_hydrates=0 entrees_hydratees=0
2026-09-04T23:42:12.301109Z  INFO agent::pont::service::recensement: codes rendus total=0 introuvable=0 chemin-introuvable=0 acces-refuse=0 canal-ferme=0 delai-depasse=0 abandonnee=0 disque-plein=0 non-supporte=0 repertoire-non-vide=0 deja-present=0 protege-en-ecriture=0 inattendue=0 | jamais rendus : introuvable,chemin-introuvable,acces-refuse,canal-ferme,delai-depasse,abandonnee,disque-plein,non-supporte,repertoire-non-vide,deja-present,protege-en-ecriture,inattendue
2026-09-04T23:42:22.395743Z  INFO agent::pont::service::recensement: pont en vol=0 sans_commande=0 plus_ancienne_ms=0 sessions=0 octets_hydrates=0 entrees_hydratees=0
2026-09-04T23:42:22.395796Z  INFO agent::pont::service::recensement: codes rendus total=0 introuvable=0 chemin-introuvable=0 acces-refuse=0 canal-ferme=0 delai-depasse=0 abandonnee=0 disque-plein=0 non-supporte=0 repertoire-non-vide=0 deja-present=0 protege-en-ecriture=0 inattendue=0 | jamais rendus : introuvable,chemin-introuvable,acces-refuse,canal-ferme,delai-depasse,abandonnee,disque-plein,non-supporte,repertoire-non-vide,deja-present,protege-en-ecriture,inattendue
2026-09-04T23:42:31.544471Z  INFO agent::apps::boucle::memoire: catalogue reconcilie total=58 retenus=45 cles=41 icones=0 icones_echouees=0 icones_distinctes=37 apparues=0 modifiees=0 disparues=0 duree_ms=27 declencheur="periode" notifications=0 debordements=0
2026-09-04T23:42:31.993160Z  INFO agent::pont::projfs::etat: racine hydratee (par CETTE execution du pont, pas par le disque) octets=0 entrees=0
2026-09-04T23:42:32.499367Z  INFO agent::pont::service::recensement: pont en vol=0 sans_commande=0 plus_ancienne_ms=0 sessions=0 octets_hydrates=0 entrees_hydratees=0
2026-09-04T23:42:32.499520Z  INFO agent::pont::service::recensement: codes rendus total=0 introuvable=0 chemin-introuvable=0 acces-refuse=0 canal-ferme=0 delai-depasse=0 abandonnee=0 disque-plein=0 non-supporte=0 repertoire-non-vide=0 deja-present=0 protege-en-ecriture=0 inattendue=0 | jamais rendus : introuvable,chemin-introuvable,acces-refuse,canal-ferme,delai-depasse,abandonnee,disque-plein,non-supporte,repertoire-non-vide,deja-present,protege-en-ecriture,inattendue
2026-09-04T23:42:42.612887Z  INFO agent::pont::service::recensement: pont en vol=0 sans_commande=0 plus_ancienne_ms=0 sessions=0 octets_hydrates=0 entrees_hydratees=0
2026-09-04T23:42:42.613040Z  INFO agent::pont::service::recensement: codes rendus total=0 introuvable=0 chemin-introuvable=0 acces-refuse=0 canal-ferme=0 delai-depasse=0 abandonnee=0 disque-plein=0 non-supporte=0 repertoire-non-vide=0 deja-present=0 protege-en-ecriture=0 inattendue=0 | jamais rendus : introuvable,chemin-introuvable,acces-refuse,canal-ferme,delai-depasse,abandonnee,disque-plein,non-supporte,repertoire-non-vide,deja-present,protege-en-ecriture,inattendue
2026-09-04T23:42:52.706708Z  INFO agent::pont::service::recensement: pont en vol=0 sans_commande=0 plus_ancienne_ms=0 sessions=0 octets_hydrates=0 entrees_hydratees=0
2026-09-04T23:42:52.706782Z  INFO agent::pont::service::recensement: codes rendus total=0 introuvable=0 chemin-introuvable=0 acces-refuse=0 canal-ferme=0 delai-depasse=0 abandonnee=0 disque-plein=0 non-supporte=0 repertoire-non-vide=0 deja-present=0 protege-en-ecriture=0 inattendue=0 | jamais rendus : introuvable,chemin-introuvable,acces-refuse,canal-ferme,delai-depasse,abandonnee,disque-plein,non-supporte,repertoire-non-vide,deja-present,protege-en-ecriture,inattendue
2026-09-04T23:43:01.572424Z  INFO agent::apps::boucle::memoire: catalogue reconcilie total=58 retenus=45 cles=41 icones=0 icones_echouees=0 icones_distinctes=37 apparues=0 modifiees=0 disparues=0 duree_ms=27 declencheur="periode" notifications=0 debordements=0
2026-09-04T23:43:02.809588Z  INFO agent::pont::service::recensement: pont en vol=0 sans_commande=0 plus_ancienne_ms=0 sessions=0 octets_hydrates=0 entrees_hydratees=0
2026-09-04T23:43:02.809625Z  INFO agent::pont::service::recensement: codes rendus total=0 introuvable=0 chemin-introuvable=0 acces-refuse=0 canal-ferme=0 delai-depasse=0 abandonnee=0 disque-plein=0 non-supporte=0 repertoire-non-vide=0 deja-present=0 protege-en-ecriture=0 inattendue=0 | jamais rendus : introuvable,chemin-introuvable,acces-refuse,canal-ferme,delai-depasse,abandonnee,disque-plein,non-supporte,repertoire-non-vide,deja-present,protege-en-ecriture,inattendue
2026-09-04T23:43:12.916259Z  INFO agent::pont::service::recensement: pont en vol=0 sans_commande=0 plus_ancienne_ms=0 sessions=0 octets_hydrates=0 entrees_hydratees=0
2026-09-04T23:43:12.916296Z  INFO agent::pont::service::recensement: codes rendus total=0 introuvable=0 chemin-introuvable=0 acces-refuse=0 canal-ferme=0 delai-depasse=0 abandonnee=0 disque-plein=0 non-supporte=0 repertoire-non-vide=0 deja-present=0 protege-en-ecriture=0 inattendue=0 | jamais rendus : introuvable,chemin-introuvable,acces-refuse,canal-ferme,delai-depasse,abandonnee,disque-plein,non-supporte,repertoire-non-vide,deja-present,protege-en-ecriture,inattendue
2026-09-04T23:43:23.011466Z  INFO agent::pont::service::recensement: pont en vol=0 sans_commande=0 plus_ancienne_ms=0 sessions=0 octets_hydrates=0 entrees_hydratees=0
2026-09-04T23:43:23.011634Z  INFO agent::pont::service::recensement: codes rendus total=0 introuvable=0 chemin-introuvable=0 acces-refuse=0 canal-ferme=0 delai-depasse=0 abandonnee=0 disque-plein=0 non-supporte=0 repertoire-non-vide=0 deja-present=0 protege-en-ecriture=0 inattendue=0 | jamais rendus : introuvable,chemin-introuvable,acces-refuse,canal-ferme,delai-depasse,abandonnee,disque-plein,non-supporte,repertoire-non-vide,deja-present,protege-en-ecriture,inattendue
2026-09-04T23:43:31.600294Z  INFO agent::apps::boucle::memoire: catalogue reconcilie total=58 retenus=45 cles=41 icones=0 icones_echouees=0 icones_distinctes=37 apparues=0 modifiees=0 disparues=0 duree_ms=27 declencheur="periode" notifications=0 debordements=0
2026-09-04T23:43:32.106800Z  INFO agent::pont::projfs::etat: racine hydratee (par CETTE execution du pont, pas par le disque) octets=0 entrees=0
2026-09-04T23:43:33.115624Z  INFO agent::pont::service::recensement: pont en vol=0 sans_commande=0 plus_ancienne_ms=0 sessions=0 octets_hydrates=0 entrees_hydratees=0
