2026-08-03T12:14:28.835101Z  INFO agent: accélération pointeur neutralisée rapport="seuils relus = [0, 0, 0], vitesse relue = 10 (attendu : [0, 0, 0] et 10)"
2026-08-03T12:14:28.837090Z  INFO agent::capture::enumeration: adaptateur DXGI sans sortie adaptateur=NVIDIA GeForce RTX 4070 index_adaptateur=1
2026-08-03T12:14:28.837125Z  INFO agent::capture::enumeration: adaptateur DXGI sans sortie adaptateur=Microsoft Basic Render Driver index_adaptateur=2
2026-08-03T12:14:28.837136Z  INFO agent::diagnostics::multifenetre::montee: topologie relevée moment="avant toute création" nombre=1 attachees=1
2026-08-03T12:14:28.837143Z  INFO agent::diagnostics::multifenetre::montee: sortie moment="avant toute création" nom=\\.\DISPLAY1 adaptateur=NVIDIA GeForce RTX 4070 index_adaptateur=0 index_sortie=0 attachee=true x=0 y=0 largeur=2400 hauteur=1080
2026-08-03T12:14:28.838077Z  INFO agent::diagnostics::multifenetre::montee: chien de garde pingué par précaution pendant toute la montée — effet non établi delai=3 decompte=3 cadence_ping_s=1
2026-08-03T12:14:28.838233Z  INFO agent::moniteurs_virtuels::pilote: sortie virtuelle créée id=262 adaptateur_bas=62534 adaptateur_haut=0 guid=9C4A1F6E-2B73-4D51-9E08-677541430001 largeur=1280 hauteur=720 hertz=60
2026-08-03T12:14:31.839667Z  INFO agent::capture::enumeration: adaptateur DXGI sans sortie adaptateur=NVIDIA GeForce RTX 4070 index_adaptateur=1
2026-08-03T12:14:31.839700Z  INFO agent::capture::enumeration: adaptateur DXGI sans sortie adaptateur=Microsoft Basic Render Driver index_adaptateur=2
2026-08-03T12:14:31.839708Z  INFO agent::diagnostics::multifenetre::montee: topologie relevée moment="après création 1" nombre=2 attachees=2
2026-08-03T12:14:31.839712Z  INFO agent::diagnostics::multifenetre::montee: sortie moment="après création 1" nom=\\.\DISPLAY1 adaptateur=NVIDIA GeForce RTX 4070 index_adaptateur=0 index_sortie=0 attachee=true x=0 y=0 largeur=2400 hauteur=1080
2026-08-03T12:14:31.839717Z  INFO agent::diagnostics::multifenetre::montee: sortie moment="après création 1" nom=\\.\DISPLAY5 adaptateur=NVIDIA GeForce RTX 4070 index_adaptateur=0 index_sortie=1 attachee=true x=2400 y=0 largeur=1280 hauteur=720
2026-08-03T12:14:31.839727Z  INFO agent::diagnostics::multifenetre::montee: sortie virtuelle créée rang=1 id=262 sorties_dxgi=2 attachees=2 parues=["\\\\.\\DISPLAY5"]
2026-08-03T12:14:31.840065Z  INFO agent::moniteurs_virtuels::pilote: sortie virtuelle créée id=263 adaptateur_bas=62534 adaptateur_haut=0 guid=9C4A1F6E-2B73-4D51-9E08-677541430002 largeur=1280 hauteur=720 hertz=60
2026-08-03T12:14:34.842954Z  INFO agent::capture::enumeration: adaptateur DXGI sans sortie adaptateur=NVIDIA GeForce RTX 4070 index_adaptateur=1
2026-08-03T12:14:34.842986Z  INFO agent::capture::enumeration: adaptateur DXGI sans sortie adaptateur=Microsoft Basic Render Driver index_adaptateur=2
2026-08-03T12:14:34.842997Z  INFO agent::diagnostics::multifenetre::montee: topologie relevée moment="après création 2" nombre=3 attachees=3
2026-08-03T12:14:34.843001Z  INFO agent::diagnostics::multifenetre::montee: sortie moment="après création 2" nom=\\.\DISPLAY1 adaptateur=NVIDIA GeForce RTX 4070 index_adaptateur=0 index_sortie=0 attachee=true x=0 y=0 largeur=2400 hauteur=1080
2026-08-03T12:14:34.843006Z  INFO agent::diagnostics::multifenetre::montee: sortie moment="après création 2" nom=\\.\DISPLAY5 adaptateur=NVIDIA GeForce RTX 4070 index_adaptateur=0 index_sortie=1 attachee=true x=2400 y=0 largeur=1280 hauteur=720
2026-08-03T12:14:34.843009Z  INFO agent::diagnostics::multifenetre::montee: sortie moment="après création 2" nom=\\.\DISPLAY6 adaptateur=NVIDIA GeForce RTX 4070 index_adaptateur=0 index_sortie=2 attachee=true x=3680 y=0 largeur=1280 hauteur=720
2026-08-03T12:14:34.843014Z  INFO agent::diagnostics::multifenetre::montee: sortie virtuelle créée rang=2 id=263 sorties_dxgi=3 attachees=3 parues=["\\\\.\\DISPLAY6"]
2026-08-03T12:14:34.843203Z  INFO agent::moniteurs_virtuels::pilote: sortie virtuelle créée id=257 adaptateur_bas=62534 adaptateur_haut=0 guid=9C4A1F6E-2B73-4D51-9E08-677541430003 largeur=1280 hauteur=720 hertz=60
2026-08-03T12:14:37.844557Z  INFO agent::capture::enumeration: adaptateur DXGI sans sortie adaptateur=NVIDIA GeForce RTX 4070 index_adaptateur=1
2026-08-03T12:14:37.844589Z  INFO agent::capture::enumeration: adaptateur DXGI sans sortie adaptateur=Microsoft Basic Render Driver index_adaptateur=2
2026-08-03T12:14:37.844598Z  INFO agent::diagnostics::multifenetre::montee: topologie relevée moment="après création 3" nombre=4 attachees=4
2026-08-03T12:14:37.844602Z  INFO agent::diagnostics::multifenetre::montee: sortie moment="après création 3" nom=\\.\DISPLAY1 adaptateur=NVIDIA GeForce RTX 4070 index_adaptateur=0 index_sortie=0 attachee=true x=0 y=0 largeur=2400 hauteur=1080
2026-08-03T12:14:37.844606Z  INFO agent::diagnostics::multifenetre::montee: sortie moment="après création 3" nom=\\.\DISPLAY5 adaptateur=NVIDIA GeForce RTX 4070 index_adaptateur=0 index_sortie=1 attachee=true x=2400 y=0 largeur=1280 hauteur=720
2026-08-03T12:14:37.844609Z  INFO agent::diagnostics::multifenetre::montee: sortie moment="après création 3" nom=\\.\DISPLAY6 adaptateur=NVIDIA GeForce RTX 4070 index_adaptateur=0 index_sortie=2 attachee=true x=3680 y=0 largeur=1280 hauteur=720
2026-08-03T12:14:37.844612Z  INFO agent::diagnostics::multifenetre::montee: sortie moment="après création 3" nom=\\.\DISPLAY7 adaptateur=NVIDIA GeForce RTX 4070 index_adaptateur=0 index_sortie=3 attachee=true x=4960 y=0 largeur=1280 hauteur=720
2026-08-03T12:14:37.844616Z  INFO agent::diagnostics::multifenetre::montee: sortie virtuelle créée rang=3 id=257 sorties_dxgi=4 attachees=4 parues=["\\\\.\\DISPLAY7"]
2026-08-03T12:14:37.844940Z  INFO agent::moniteurs_virtuels::pilote: sortie virtuelle créée id=265 adaptateur_bas=62534 adaptateur_haut=0 guid=9C4A1F6E-2B73-4D51-9E08-677541430004 largeur=1280 hauteur=720 hertz=60
2026-08-03T12:14:40.846291Z  INFO agent::capture::enumeration: adaptateur DXGI sans sortie adaptateur=NVIDIA GeForce RTX 4070 index_adaptateur=1
2026-08-03T12:14:40.846323Z  INFO agent::capture::enumeration: adaptateur DXGI sans sortie adaptateur=Microsoft Basic Render Driver index_adaptateur=2
2026-08-03T12:14:40.846331Z  INFO agent::diagnostics::multifenetre::montee: topologie relevée moment="après création 4" nombre=5 attachees=5
2026-08-03T12:14:40.846335Z  INFO agent::diagnostics::multifenetre::montee: sortie moment="après création 4" nom=\\.\DISPLAY1 adaptateur=NVIDIA GeForce RTX 4070 index_adaptateur=0 index_sortie=0 attachee=true x=0 y=0 largeur=2400 hauteur=1080
2026-08-03T12:14:40.846340Z  INFO agent::diagnostics::multifenetre::montee: sortie moment="après création 4" nom=\\.\DISPLAY5 adaptateur=NVIDIA GeForce RTX 4070 index_adaptateur=0 index_sortie=1 attachee=true x=2400 y=0 largeur=1280 hauteur=720
2026-08-03T12:14:40.846343Z  INFO agent::diagnostics::multifenetre::montee: sortie moment="après création 4" nom=\\.\DISPLAY6 adaptateur=NVIDIA GeForce RTX 4070 index_adaptateur=0 index_sortie=2 attachee=true x=3680 y=0 largeur=1280 hauteur=720
2026-08-03T12:14:40.846346Z  INFO agent::diagnostics::multifenetre::montee: sortie moment="après création 4" nom=\\.\DISPLAY7 adaptateur=NVIDIA GeForce RTX 4070 index_adaptateur=0 index_sortie=3 attachee=true x=4960 y=0 largeur=1280 hauteur=720
2026-08-03T12:14:40.846349Z  INFO agent::diagnostics::multifenetre::montee: sortie moment="après création 4" nom=\\.\DISPLAY8 adaptateur=NVIDIA GeForce RTX 4070 index_adaptateur=0 index_sortie=4 attachee=true x=6240 y=0 largeur=1280 hauteur=720
2026-08-03T12:14:40.846353Z  INFO agent::diagnostics::multifenetre::montee: sortie virtuelle créée rang=4 id=265 sorties_dxgi=5 attachees=5 parues=["\\\\.\\DISPLAY8"]
2026-08-03T12:14:40.846765Z  INFO agent::moniteurs_virtuels::pilote: sortie virtuelle créée id=256 adaptateur_bas=62534 adaptateur_haut=0 guid=9C4A1F6E-2B73-4D51-9E08-677541430005 largeur=1280 hauteur=720 hertz=60
2026-08-03T12:14:43.848197Z  INFO agent::capture::enumeration: adaptateur DXGI sans sortie adaptateur=NVIDIA GeForce RTX 4070 index_adaptateur=1
2026-08-03T12:14:43.848232Z  INFO agent::capture::enumeration: adaptateur DXGI sans sortie adaptateur=Microsoft Basic Render Driver index_adaptateur=2
2026-08-03T12:14:43.848241Z  INFO agent::diagnostics::multifenetre::montee: topologie relevée moment="après création 5" nombre=6 attachees=6
2026-08-03T12:14:43.848245Z  INFO agent::diagnostics::multifenetre::montee: sortie moment="après création 5" nom=\\.\DISPLAY1 adaptateur=NVIDIA GeForce RTX 4070 index_adaptateur=0 index_sortie=0 attachee=true x=0 y=0 largeur=2400 hauteur=1080
2026-08-03T12:14:43.848251Z  INFO agent::diagnostics::multifenetre::montee: sortie moment="après création 5" nom=\\.\DISPLAY5 adaptateur=NVIDIA GeForce RTX 4070 index_adaptateur=0 index_sortie=1 attachee=true x=2400 y=0 largeur=1280 hauteur=720
2026-08-03T12:14:43.848254Z  INFO agent::diagnostics::multifenetre::montee: sortie moment="après création 5" nom=\\.\DISPLAY6 adaptateur=NVIDIA GeForce RTX 4070 index_adaptateur=0 index_sortie=2 attachee=true x=3680 y=0 largeur=1280 hauteur=720
2026-08-03T12:14:43.848256Z  INFO agent::diagnostics::multifenetre::montee: sortie moment="après création 5" nom=\\.\DISPLAY7 adaptateur=NVIDIA GeForce RTX 4070 index_adaptateur=0 index_sortie=3 attachee=true x=4960 y=0 largeur=1280 hauteur=720
2026-08-03T12:14:43.848259Z  INFO agent::diagnostics::multifenetre::montee: sortie moment="après création 5" nom=\\.\DISPLAY8 adaptateur=NVIDIA GeForce RTX 4070 index_adaptateur=0 index_sortie=4 attachee=true x=6240 y=0 largeur=1280 hauteur=720
2026-08-03T12:14:43.848262Z  INFO agent::diagnostics::multifenetre::montee: sortie moment="après création 5" nom=\\.\DISPLAY9 adaptateur=NVIDIA GeForce RTX 4070 index_adaptateur=0 index_sortie=5 attachee=true x=7520 y=0 largeur=1280 hauteur=720
2026-08-03T12:14:43.848266Z  INFO agent::diagnostics::multifenetre::montee: sortie virtuelle créée rang=5 id=256 sorties_dxgi=6 attachees=6 parues=["\\\\.\\DISPLAY9"]
2026-08-03T12:14:43.848688Z  INFO agent::moniteurs_virtuels::pilote: sortie virtuelle créée id=259 adaptateur_bas=62534 adaptateur_haut=0 guid=9C4A1F6E-2B73-4D51-9E08-677541430006 largeur=1280 hauteur=720 hertz=60
2026-08-03T12:14:46.850038Z  INFO agent::capture::enumeration: adaptateur DXGI sans sortie adaptateur=NVIDIA GeForce RTX 4070 index_adaptateur=1
2026-08-03T12:14:46.850070Z  INFO agent::capture::enumeration: adaptateur DXGI sans sortie adaptateur=Microsoft Basic Render Driver index_adaptateur=2
2026-08-03T12:14:46.850079Z  INFO agent::diagnostics::multifenetre::montee: topologie relevée moment="après création 6" nombre=7 attachees=7
2026-08-03T12:14:46.850082Z  INFO agent::diagnostics::multifenetre::montee: sortie moment="après création 6" nom=\\.\DISPLAY1 adaptateur=NVIDIA GeForce RTX 4070 index_adaptateur=0 index_sortie=0 attachee=true x=0 y=0 largeur=2400 hauteur=1080
2026-08-03T12:14:46.850087Z  INFO agent::diagnostics::multifenetre::montee: sortie moment="après création 6" nom=\\.\DISPLAY5 adaptateur=NVIDIA GeForce RTX 4070 index_adaptateur=0 index_sortie=1 attachee=true x=2400 y=0 largeur=1280 hauteur=720
2026-08-03T12:14:46.850090Z  INFO agent::diagnostics::multifenetre::montee: sortie moment="après création 6" nom=\\.\DISPLAY6 adaptateur=NVIDIA GeForce RTX 4070 index_adaptateur=0 index_sortie=2 attachee=true x=3680 y=0 largeur=1280 hauteur=720
2026-08-03T12:14:46.850093Z  INFO agent::diagnostics::multifenetre::montee: sortie moment="après création 6" nom=\\.\DISPLAY7 adaptateur=NVIDIA GeForce RTX 4070 index_adaptateur=0 index_sortie=3 attachee=true x=4960 y=0 largeur=1280 hauteur=720
2026-08-03T12:14:46.850095Z  INFO agent::diagnostics::multifenetre::montee: sortie moment="après création 6" nom=\\.\DISPLAY8 adaptateur=NVIDIA GeForce RTX 4070 index_adaptateur=0 index_sortie=4 attachee=true x=6240 y=0 largeur=1280 hauteur=720
2026-08-03T12:14:46.850098Z  INFO agent::diagnostics::multifenetre::montee: sortie moment="après création 6" nom=\\.\DISPLAY9 adaptateur=NVIDIA GeForce RTX 4070 index_adaptateur=0 index_sortie=5 attachee=true x=7520 y=0 largeur=1280 hauteur=720
2026-08-03T12:14:46.850100Z  INFO agent::diagnostics::multifenetre::montee: sortie moment="après création 6" nom=\\.\DISPLAY10 adaptateur=NVIDIA GeForce RTX 4070 index_adaptateur=0 index_sortie=6 attachee=true x=8800 y=0 largeur=1280 hauteur=720
2026-08-03T12:14:46.850105Z  INFO agent::diagnostics::multifenetre::montee: sortie virtuelle créée rang=6 id=259 sorties_dxgi=7 attachees=7 parues=["\\\\.\\DISPLAY10"]
2026-08-03T12:14:46.850389Z  INFO agent::moniteurs_virtuels::pilote: sortie virtuelle créée id=261 adaptateur_bas=62534 adaptateur_haut=0 guid=9C4A1F6E-2B73-4D51-9E08-677541430007 largeur=1280 hauteur=720 hertz=60
2026-08-03T12:14:49.853647Z  INFO agent::capture::enumeration: adaptateur DXGI sans sortie adaptateur=NVIDIA GeForce RTX 4070 index_adaptateur=1
2026-08-03T12:14:49.853679Z  INFO agent::capture::enumeration: adaptateur DXGI sans sortie adaptateur=Microsoft Basic Render Driver index_adaptateur=2
2026-08-03T12:14:49.853689Z  INFO agent::diagnostics::multifenetre::montee: topologie relevée moment="après création 7" nombre=8 attachees=8
2026-08-03T12:14:49.853692Z  INFO agent::diagnostics::multifenetre::montee: sortie moment="après création 7" nom=\\.\DISPLAY1 adaptateur=NVIDIA GeForce RTX 4070 index_adaptateur=0 index_sortie=0 attachee=true x=0 y=0 largeur=2400 hauteur=1080
2026-08-03T12:14:49.853698Z  INFO agent::diagnostics::multifenetre::montee: sortie moment="après création 7" nom=\\.\DISPLAY5 adaptateur=NVIDIA GeForce RTX 4070 index_adaptateur=0 index_sortie=1 attachee=true x=2400 y=0 largeur=1280 hauteur=720
2026-08-03T12:14:49.853700Z  INFO agent::diagnostics::multifenetre::montee: sortie moment="après création 7" nom=\\.\DISPLAY6 adaptateur=NVIDIA GeForce RTX 4070 index_adaptateur=0 index_sortie=2 attachee=true x=3680 y=0 largeur=1280 hauteur=720
2026-08-03T12:14:49.853704Z  INFO agent::diagnostics::multifenetre::montee: sortie moment="après création 7" nom=\\.\DISPLAY7 adaptateur=NVIDIA GeForce RTX 4070 index_adaptateur=0 index_sortie=3 attachee=true x=4960 y=0 largeur=1280 hauteur=720
2026-08-03T12:14:49.853706Z  INFO agent::diagnostics::multifenetre::montee: sortie moment="après création 7" nom=\\.\DISPLAY8 adaptateur=NVIDIA GeForce RTX 4070 index_adaptateur=0 index_sortie=4 attachee=true x=6240 y=0 largeur=1280 hauteur=720
2026-08-03T12:14:49.853709Z  INFO agent::diagnostics::multifenetre::montee: sortie moment="après création 7" nom=\\.\DISPLAY9 adaptateur=NVIDIA GeForce RTX 4070 index_adaptateur=0 index_sortie=5 attachee=true x=7520 y=0 largeur=1280 hauteur=720
2026-08-03T12:14:49.853711Z  INFO agent::diagnostics::multifenetre::montee: sortie moment="après création 7" nom=\\.\DISPLAY10 adaptateur=NVIDIA GeForce RTX 4070 index_adaptateur=0 index_sortie=6 attachee=true x=8800 y=0 largeur=1280 hauteur=720
2026-08-03T12:14:49.853714Z  INFO agent::diagnostics::multifenetre::montee: sortie moment="après création 7" nom=\\.\DISPLAY11 adaptateur=NVIDIA GeForce RTX 4070 index_adaptateur=0 index_sortie=7 attachee=true x=10080 y=0 largeur=1280 hauteur=720
2026-08-03T12:14:49.853720Z  INFO agent::diagnostics::multifenetre::montee: sortie virtuelle créée rang=7 id=261 sorties_dxgi=8 attachees=8 parues=["\\\\.\\DISPLAY11"]
2026-08-03T12:14:49.854044Z  INFO agent::moniteurs_virtuels::pilote: sortie virtuelle créée id=260 adaptateur_bas=62534 adaptateur_haut=0 guid=9C4A1F6E-2B73-4D51-9E08-677541430008 largeur=1280 hauteur=720 hertz=60
2026-08-03T12:14:52.857089Z  INFO agent::capture::enumeration: adaptateur DXGI sans sortie adaptateur=NVIDIA GeForce RTX 4070 index_adaptateur=1
2026-08-03T12:14:52.857122Z  INFO agent::capture::enumeration: adaptateur DXGI sans sortie adaptateur=Microsoft Basic Render Driver index_adaptateur=2
2026-08-03T12:14:52.857132Z  INFO agent::diagnostics::multifenetre::montee: topologie relevée moment="après création 8" nombre=9 attachees=9
2026-08-03T12:14:52.857136Z  INFO agent::diagnostics::multifenetre::montee: sortie moment="après création 8" nom=\\.\DISPLAY1 adaptateur=NVIDIA GeForce RTX 4070 index_adaptateur=0 index_sortie=0 attachee=true x=0 y=0 largeur=2400 hauteur=1080
2026-08-03T12:14:52.857141Z  INFO agent::diagnostics::multifenetre::montee: sortie moment="après création 8" nom=\\.\DISPLAY5 adaptateur=NVIDIA GeForce RTX 4070 index_adaptateur=0 index_sortie=1 attachee=true x=2400 y=0 largeur=1280 hauteur=720
2026-08-03T12:14:52.857144Z  INFO agent::diagnostics::multifenetre::montee: sortie moment="après création 8" nom=\\.\DISPLAY6 adaptateur=NVIDIA GeForce RTX 4070 index_adaptateur=0 index_sortie=2 attachee=true x=3680 y=0 largeur=1280 hauteur=720
2026-08-03T12:14:52.857147Z  INFO agent::diagnostics::multifenetre::montee: sortie moment="après création 8" nom=\\.\DISPLAY7 adaptateur=NVIDIA GeForce RTX 4070 index_adaptateur=0 index_sortie=3 attachee=true x=4960 y=0 largeur=1280 hauteur=720
2026-08-03T12:14:52.857150Z  INFO agent::diagnostics::multifenetre::montee: sortie moment="après création 8" nom=\\.\DISPLAY8 adaptateur=NVIDIA GeForce RTX 4070 index_adaptateur=0 index_sortie=4 attachee=true x=6240 y=0 largeur=1280 hauteur=720
2026-08-03T12:14:52.857153Z  INFO agent::diagnostics::multifenetre::montee: sortie moment="après création 8" nom=\\.\DISPLAY9 adaptateur=NVIDIA GeForce RTX 4070 index_adaptateur=0 index_sortie=5 attachee=true x=7520 y=0 largeur=1280 hauteur=720
2026-08-03T12:14:52.857155Z  INFO agent::diagnostics::multifenetre::montee: sortie moment="après création 8" nom=\\.\DISPLAY10 adaptateur=NVIDIA GeForce RTX 4070 index_adaptateur=0 index_sortie=6 attachee=true x=8800 y=0 largeur=1280 hauteur=720
2026-08-03T12:14:52.857158Z  INFO agent::diagnostics::multifenetre::montee: sortie moment="après création 8" nom=\\.\DISPLAY11 adaptateur=NVIDIA GeForce RTX 4070 index_adaptateur=0 index_sortie=7 attachee=true x=10080 y=0 largeur=1280 hauteur=720
2026-08-03T12:14:52.857161Z  INFO agent::diagnostics::multifenetre::montee: sortie moment="après création 8" nom=\\.\DISPLAY12 adaptateur=NVIDIA GeForce RTX 4070 index_adaptateur=0 index_sortie=8 attachee=true x=11360 y=0 largeur=1280 hauteur=720
2026-08-03T12:14:52.857251Z  INFO agent::diagnostics::multifenetre::montee: sortie virtuelle créée rang=8 id=260 sorties_dxgi=9 attachees=9 parues=["\\\\.\\DISPLAY12"]
2026-08-03T12:14:52.857564Z  INFO agent::moniteurs_virtuels::pilote: sortie virtuelle créée id=264 adaptateur_bas=62534 adaptateur_haut=0 guid=9C4A1F6E-2B73-4D51-9E08-677541430009 largeur=1280 hauteur=720 hertz=60
2026-08-03T12:14:55.913160Z  INFO agent::capture::enumeration: adaptateur DXGI sans sortie adaptateur=NVIDIA GeForce RTX 4070 index_adaptateur=1
2026-08-03T12:14:55.913202Z  INFO agent::capture::enumeration: adaptateur DXGI sans sortie adaptateur=Microsoft Basic Render Driver index_adaptateur=2
2026-08-03T12:14:55.913215Z  INFO agent::diagnostics::multifenetre::montee: topologie relevée moment="après création 9" nombre=10 attachees=10
2026-08-03T12:14:55.913222Z  INFO agent::diagnostics::multifenetre::montee: sortie moment="après création 9" nom=\\.\DISPLAY1 adaptateur=NVIDIA GeForce RTX 4070 index_adaptateur=0 index_sortie=0 attachee=true x=0 y=0 largeur=2400 hauteur=1080
2026-08-03T12:14:55.913228Z  INFO agent::diagnostics::multifenetre::montee: sortie moment="après création 9" nom=\\.\DISPLAY5 adaptateur=NVIDIA GeForce RTX 4070 index_adaptateur=0 index_sortie=1 attachee=true x=2400 y=0 largeur=1280 hauteur=720
2026-08-03T12:14:55.913232Z  INFO agent::diagnostics::multifenetre::montee: sortie moment="après création 9" nom=\\.\DISPLAY6 adaptateur=NVIDIA GeForce RTX 4070 index_adaptateur=0 index_sortie=2 attachee=true x=3680 y=0 largeur=1280 hauteur=720
2026-08-03T12:14:55.913236Z  INFO agent::diagnostics::multifenetre::montee: sortie moment="après création 9" nom=\\.\DISPLAY7 adaptateur=NVIDIA GeForce RTX 4070 index_adaptateur=0 index_sortie=3 attachee=true x=4960 y=0 largeur=1280 hauteur=720
2026-08-03T12:14:55.913239Z  INFO agent::diagnostics::multifenetre::montee: sortie moment="après création 9" nom=\\.\DISPLAY8 adaptateur=NVIDIA GeForce RTX 4070 index_adaptateur=0 index_sortie=4 attachee=true x=6240 y=0 largeur=1280 hauteur=720
2026-08-03T12:14:55.913243Z  INFO agent::diagnostics::multifenetre::montee: sortie moment="après création 9" nom=\\.\DISPLAY9 adaptateur=NVIDIA GeForce RTX 4070 index_adaptateur=0 index_sortie=5 attachee=true x=7520 y=0 largeur=1280 hauteur=720
2026-08-03T12:14:55.913248Z  INFO agent::diagnostics::multifenetre::montee: sortie moment="après création 9" nom=\\.\DISPLAY10 adaptateur=NVIDIA GeForce RTX 4070 index_adaptateur=0 index_sortie=6 attachee=true x=8800 y=0 largeur=1280 hauteur=720
2026-08-03T12:14:55.913251Z  INFO agent::diagnostics::multifenetre::montee: sortie moment="après création 9" nom=\\.\DISPLAY11 adaptateur=NVIDIA GeForce RTX 4070 index_adaptateur=0 index_sortie=7 attachee=true x=10080 y=0 largeur=1280 hauteur=720
2026-08-03T12:14:55.913263Z  INFO agent::diagnostics::multifenetre::montee: sortie moment="après création 9" nom=\\.\DISPLAY12 adaptateur=NVIDIA GeForce RTX 4070 index_adaptateur=0 index_sortie=8 attachee=true x=11360 y=0 largeur=1280 hauteur=720
2026-08-03T12:14:55.913268Z  INFO agent::diagnostics::multifenetre::montee: sortie moment="après création 9" nom=\\.\DISPLAY13 adaptateur=NVIDIA GeForce RTX 4070 index_adaptateur=0 index_sortie=9 attachee=true x=12640 y=0 largeur=1280 hauteur=720
2026-08-03T12:14:55.913276Z  INFO agent::diagnostics::multifenetre::montee: sortie virtuelle créée rang=9 id=264 sorties_dxgi=10 attachees=10 parues=["\\\\.\\DISPLAY13"]
2026-08-03T12:14:55.964276Z  INFO agent::moniteurs_virtuels::pilote: sortie virtuelle créée id=258 adaptateur_bas=62534 adaptateur_haut=0 guid=9C4A1F6E-2B73-4D51-9E08-67754143000A largeur=1280 hauteur=720 hertz=60
2026-08-03T12:15:00.128065Z  INFO agent::capture::enumeration: adaptateur DXGI sans sortie adaptateur=NVIDIA GeForce RTX 4070 index_adaptateur=1
2026-08-03T12:15:00.128096Z  INFO agent::capture::enumeration: adaptateur DXGI sans sortie adaptateur=Microsoft Basic Render Driver index_adaptateur=2
2026-08-03T12:15:00.128107Z  INFO agent::diagnostics::multifenetre::montee: topologie relevée moment="après création 10" nombre=11 attachees=11
2026-08-03T12:15:00.128112Z  INFO agent::diagnostics::multifenetre::montee: sortie moment="après création 10" nom=\\.\DISPLAY1 adaptateur=NVIDIA GeForce RTX 4070 index_adaptateur=0 index_sortie=0 attachee=true x=0 y=0 largeur=2400 hauteur=1080
2026-08-03T12:15:00.128118Z  INFO agent::diagnostics::multifenetre::montee: sortie moment="après création 10" nom=\\.\DISPLAY5 adaptateur=NVIDIA GeForce RTX 4070 index_adaptateur=0 index_sortie=1 attachee=true x=2400 y=0 largeur=1280 hauteur=720
2026-08-03T12:15:00.128122Z  INFO agent::diagnostics::multifenetre::montee: sortie moment="après création 10" nom=\\.\DISPLAY6 adaptateur=NVIDIA GeForce RTX 4070 index_adaptateur=0 index_sortie=2 attachee=true x=3680 y=0 largeur=1280 hauteur=720
2026-08-03T12:15:00.128125Z  INFO agent::diagnostics::multifenetre::montee: sortie moment="après création 10" nom=\\.\DISPLAY7 adaptateur=NVIDIA GeForce RTX 4070 index_adaptateur=0 index_sortie=3 attachee=true x=4960 y=0 largeur=1280 hauteur=720
2026-08-03T12:15:00.128128Z  INFO agent::diagnostics::multifenetre::montee: sortie moment="après création 10" nom=\\.\DISPLAY8 adaptateur=NVIDIA GeForce RTX 4070 index_adaptateur=0 index_sortie=4 attachee=true x=6240 y=0 largeur=1280 hauteur=720
2026-08-03T12:15:00.128131Z  INFO agent::diagnostics::multifenetre::montee: sortie moment="après création 10" nom=\\.\DISPLAY9 adaptateur=NVIDIA GeForce RTX 4070 index_adaptateur=0 index_sortie=5 attachee=true x=7520 y=0 largeur=1280 hauteur=720
2026-08-03T12:15:00.128134Z  INFO agent::diagnostics::multifenetre::montee: sortie moment="après création 10" nom=\\.\DISPLAY10 adaptateur=NVIDIA GeForce RTX 4070 index_adaptateur=0 index_sortie=6 attachee=true x=8800 y=0 largeur=1280 hauteur=720
2026-08-03T12:15:00.128137Z  INFO agent::diagnostics::multifenetre::montee: sortie moment="après création 10" nom=\\.\DISPLAY11 adaptateur=NVIDIA GeForce RTX 4070 index_adaptateur=0 index_sortie=7 attachee=true x=10080 y=0 largeur=1280 hauteur=720
2026-08-03T12:15:00.128141Z  INFO agent::diagnostics::multifenetre::montee: sortie moment="après création 10" nom=\\.\DISPLAY12 adaptateur=NVIDIA GeForce RTX 4070 index_adaptateur=0 index_sortie=8 attachee=true x=11360 y=0 largeur=1280 hauteur=720
2026-08-03T12:15:00.128143Z  INFO agent::diagnostics::multifenetre::montee: sortie moment="après création 10" nom=\\.\DISPLAY13 adaptateur=NVIDIA GeForce RTX 4070 index_adaptateur=0 index_sortie=9 attachee=true x=12640 y=0 largeur=1280 hauteur=720
2026-08-03T12:15:00.128148Z  INFO agent::diagnostics::multifenetre::montee: sortie moment="après création 10" nom=\\.\DISPLAY14 adaptateur=NVIDIA GeForce RTX 4070 index_adaptateur=0 index_sortie=10 attachee=true x=13920 y=0 largeur=1280 hauteur=720
2026-08-03T12:15:00.128179Z  INFO agent::diagnostics::multifenetre::montee: sortie virtuelle créée rang=10 id=258 sorties_dxgi=11 attachees=11 parues=["\\\\.\\DISPLAY14"]
2026-08-03T12:15:00.128458Z  INFO agent::diagnostics::multifenetre::montee: plafond de sorties virtuelles atteint — le pilote refuse la suivante, et toutes les précédentes sont encore là, nommément plafond=10 causes=création d'une sortie 1280x720@60 (IOCTL 0x00222000) : La limite de nom pour la carte réseau de l’ordinateur local a été dépassée. (0x80070044) presentes=["\\\\.\\DISPLAY1", "\\\\.\\DISPLAY10", "\\\\.\\DISPLAY11", "\\\\.\\DISPLAY12", "\\\\.\\DISPLAY13", "\\\\.\\DISPLAY14", "\\\\.\\DISPLAY5", "\\\\.\\DISPLAY6", "\\\\.\\DISPLAY7", "\\\\.\\DISPLAY8", "\\\\.\\DISPLAY9"]
2026-08-03T12:15:00.128541Z  INFO agent::moniteurs_virtuels::pilote: sortie virtuelle détruite id=258
2026-08-03T12:15:00.140424Z  INFO agent::moniteurs_virtuels::pilote: sortie virtuelle détruite id=264
2026-08-03T12:15:00.148159Z  INFO agent::moniteurs_virtuels::pilote: sortie virtuelle détruite id=260
2026-08-03T12:15:00.157151Z  INFO agent::moniteurs_virtuels::pilote: sortie virtuelle détruite id=261
2026-08-03T12:15:00.164377Z  INFO agent::moniteurs_virtuels::pilote: sortie virtuelle détruite id=259
2026-08-03T12:15:00.171767Z  INFO agent::moniteurs_virtuels::pilote: sortie virtuelle détruite id=256
2026-08-03T12:15:00.178738Z  INFO agent::moniteurs_virtuels::pilote: sortie virtuelle détruite id=265
2026-08-03T12:15:00.186487Z  INFO agent::moniteurs_virtuels::pilote: sortie virtuelle détruite id=257
2026-08-03T12:15:00.196773Z  INFO agent::moniteurs_virtuels::pilote: sortie virtuelle détruite id=263
2026-08-03T12:15:00.203819Z  INFO agent::moniteurs_virtuels::pilote: sortie virtuelle détruite id=262
2026-08-03T12:15:03.204809Z  INFO agent::capture::enumeration: adaptateur DXGI sans sortie adaptateur=NVIDIA GeForce RTX 4070 index_adaptateur=1
2026-08-03T12:15:03.204841Z  INFO agent::capture::enumeration: adaptateur DXGI sans sortie adaptateur=Microsoft Basic Render Driver index_adaptateur=2
2026-08-03T12:15:03.204849Z  INFO agent::diagnostics::multifenetre::montee: topologie relevée moment="après destruction" nombre=1 attachees=1
2026-08-03T12:15:03.204852Z  INFO agent::diagnostics::multifenetre::montee: sortie moment="après destruction" nom=\\.\DISPLAY1 adaptateur=NVIDIA GeForce RTX 4070 index_adaptateur=0 index_sortie=0 attachee=true x=0 y=0 largeur=2400 hauteur=1080
2026-08-03T12:15:03.204858Z  INFO agent::diagnostics::multifenetre::montee: état initial restauré — mêmes sorties, nommément arret="refus du pilote" noms=["\\\\.\\DISPLAY1"]
