2026-08-04T13:11:03.467029Z  INFO agent: accélération pointeur neutralisée rapport="seuils relus = [0, 0, 0], vitesse relue = 10 (attendu : [0, 0, 0] et 10)"
2026-08-04T13:11:03.469058Z  INFO agent::capture::enumeration: adaptateur DXGI sans sortie adaptateur=NVIDIA GeForce RTX 4070 index_adaptateur=1
2026-08-04T13:11:03.469099Z  INFO agent::capture::enumeration: adaptateur DXGI sans sortie adaptateur=Microsoft Basic Render Driver index_adaptateur=2
2026-08-04T13:11:03.469111Z  INFO agent::diagnostics::multifenetre::montee: topologie relevée moment="avant création" nombre=1 attachees=1
2026-08-04T13:11:03.469118Z  INFO agent::diagnostics::multifenetre::montee: sortie moment="avant création" nom=\\.\DISPLAY1 adaptateur=NVIDIA GeForce RTX 4070 index_adaptateur=0 index_sortie=0 attachee=true x=0 y=0 largeur=2400 hauteur=1080
2026-08-04T13:11:03.470319Z  INFO agent::moniteurs_virtuels::pilote: sortie virtuelle créée id=262 adaptateur_bas=62534 adaptateur_haut=0 guid=9C4A1F6E-2B73-4D51-9E08-677541430001 largeur=1280 hauteur=720 hertz=60
2026-08-04T13:11:06.471919Z  INFO agent::capture::enumeration: adaptateur DXGI sans sortie adaptateur=NVIDIA GeForce RTX 4070 index_adaptateur=1
2026-08-04T13:11:06.471952Z  INFO agent::capture::enumeration: adaptateur DXGI sans sortie adaptateur=Microsoft Basic Render Driver index_adaptateur=2
2026-08-04T13:11:06.471959Z  INFO agent::diagnostics::multifenetre::montee: topologie relevée moment="après création" nombre=2 attachees=2
2026-08-04T13:11:06.471963Z  INFO agent::diagnostics::multifenetre::montee: sortie moment="après création" nom=\\.\DISPLAY1 adaptateur=NVIDIA GeForce RTX 4070 index_adaptateur=0 index_sortie=0 attachee=true x=0 y=0 largeur=2400 hauteur=1080
2026-08-04T13:11:06.471969Z  INFO agent::diagnostics::multifenetre::montee: sortie moment="après création" nom=\\.\DISPLAY5 adaptateur=NVIDIA GeForce RTX 4070 index_adaptateur=0 index_sortie=1 attachee=true x=2400 y=0 largeur=1920 hauteur=1080
2026-08-04T13:11:06.471996Z  INFO agent::diagnostics::multifenetre::capture_virtuelle: sortie virtuelle retenue pour la capture id=262 nom=\\.\DISPLAY5 adaptateur=NVIDIA GeForce RTX 4070 index_adaptateur=0 index_sortie=1 attachee=true x=2400 y=0 largeur_annoncee=1920 hauteur_annoncee=1080
2026-08-04T13:11:06.472001Z  INFO agent::diagnostics::multifenetre::mode_sortie: sortie de sonde créée à 1280x720 (résolution de production) nom=\\.\DISPLAY5
2026-08-04T13:11:06.474705Z  INFO agent::diagnostics::multifenetre::mode_sortie: modes annonces (EnumDisplaySettingsExW) avant tout changement nombre=9 contient_cible=false modes=[(640, 360), (800, 600), (960, 540), (1280, 720), (1366, 768), (1600, 900), (1920, 1080), (2560, 1440), (3840, 2160)]
2026-08-04T13:11:06.477094Z  INFO agent::diagnostics::multifenetre::mode_sortie: combinaison de drapeaux tentee (appel unique) etiquette="CDS_UPDATEREGISTRY seul" code=-2
2026-08-04T13:11:09.478409Z  INFO agent::capture::enumeration: adaptateur DXGI sans sortie adaptateur=NVIDIA GeForce RTX 4070 index_adaptateur=1
2026-08-04T13:11:09.478440Z  INFO agent::capture::enumeration: adaptateur DXGI sans sortie adaptateur=Microsoft Basic Render Driver index_adaptateur=2
2026-08-04T13:11:09.478448Z  INFO agent::diagnostics::multifenetre::montee: topologie relevée moment="après tentative « CDS_UPDATEREGISTRY seul »" nombre=2 attachees=2
2026-08-04T13:11:09.478451Z  INFO agent::diagnostics::multifenetre::montee: sortie moment="après tentative « CDS_UPDATEREGISTRY seul »" nom=\\.\DISPLAY1 adaptateur=NVIDIA GeForce RTX 4070 index_adaptateur=0 index_sortie=0 attachee=true x=0 y=0 largeur=2400 hauteur=1080
2026-08-04T13:11:09.478456Z  INFO agent::diagnostics::multifenetre::montee: sortie moment="après tentative « CDS_UPDATEREGISTRY seul »" nom=\\.\DISPLAY5 adaptateur=NVIDIA GeForce RTX 4070 index_adaptateur=0 index_sortie=1 attachee=true x=2400 y=0 largeur=1920 hauteur=1080
2026-08-04T13:11:09.478460Z  INFO agent::diagnostics::multifenetre::mode_sortie: relecture DXGI (GetDesc/DesktopCoordinates) apres la tentative etiquette="CDS_UPDATEREGISTRY seul" code_brut=-2 api_annonce_succes=false largeur_relue=1920 hauteur_relue=1080 conforme=false
2026-08-04T13:11:09.481379Z  INFO agent::diagnostics::multifenetre::mode_sortie: combinaison de drapeaux tentee (appel unique) etiquette="CDS_UPDATEREGISTRY | CDS_RESET" code=-2
2026-08-04T13:11:12.482336Z  INFO agent::capture::enumeration: adaptateur DXGI sans sortie adaptateur=NVIDIA GeForce RTX 4070 index_adaptateur=1
2026-08-04T13:11:12.482367Z  INFO agent::capture::enumeration: adaptateur DXGI sans sortie adaptateur=Microsoft Basic Render Driver index_adaptateur=2
2026-08-04T13:11:12.482375Z  INFO agent::diagnostics::multifenetre::montee: topologie relevée moment="après tentative « CDS_UPDATEREGISTRY | CDS_RESET »" nombre=2 attachees=2
2026-08-04T13:11:12.482379Z  INFO agent::diagnostics::multifenetre::montee: sortie moment="après tentative « CDS_UPDATEREGISTRY | CDS_RESET »" nom=\\.\DISPLAY1 adaptateur=NVIDIA GeForce RTX 4070 index_adaptateur=0 index_sortie=0 attachee=true x=0 y=0 largeur=2400 hauteur=1080
2026-08-04T13:11:12.482384Z  INFO agent::diagnostics::multifenetre::montee: sortie moment="après tentative « CDS_UPDATEREGISTRY | CDS_RESET »" nom=\\.\DISPLAY5 adaptateur=NVIDIA GeForce RTX 4070 index_adaptateur=0 index_sortie=1 attachee=true x=2400 y=0 largeur=1920 hauteur=1080
2026-08-04T13:11:12.482388Z  INFO agent::diagnostics::multifenetre::mode_sortie: relecture DXGI (GetDesc/DesktopCoordinates) apres la tentative etiquette="CDS_UPDATEREGISTRY | CDS_RESET" code_brut=-2 api_annonce_succes=false largeur_relue=1920 hauteur_relue=1080 conforme=false
2026-08-04T13:11:12.515833Z  INFO agent::diagnostics::multifenetre::mode_sortie: combinaison de drapeaux tentee (deux appels : NORESET puis RESET seul) etiquette="CDS_UPDATEREGISTRY|CDS_NORESET puis CDS_RESET seul (idiome multi-ecran)" code_premier_appel=-2 code_second_appel=0
2026-08-04T13:11:15.516975Z  INFO agent::capture::enumeration: adaptateur DXGI sans sortie adaptateur=NVIDIA GeForce RTX 4070 index_adaptateur=1
2026-08-04T13:11:15.517007Z  INFO agent::capture::enumeration: adaptateur DXGI sans sortie adaptateur=Microsoft Basic Render Driver index_adaptateur=2
2026-08-04T13:11:15.517016Z  INFO agent::diagnostics::multifenetre::montee: topologie relevée moment="après tentative « CDS_UPDATEREGISTRY|CDS_NORESET puis CDS_RESET seul (idiome multi-ecran) »" nombre=2 attachees=2
2026-08-04T13:11:15.517020Z  INFO agent::diagnostics::multifenetre::montee: sortie moment="après tentative « CDS_UPDATEREGISTRY|CDS_NORESET puis CDS_RESET seul (idiome multi-ecran) »" nom=\\.\DISPLAY1 adaptateur=NVIDIA GeForce RTX 4070 index_adaptateur=0 index_sortie=0 attachee=true x=0 y=0 largeur=2400 hauteur=1080
2026-08-04T13:11:15.517024Z  INFO agent::diagnostics::multifenetre::montee: sortie moment="après tentative « CDS_UPDATEREGISTRY|CDS_NORESET puis CDS_RESET seul (idiome multi-ecran) »" nom=\\.\DISPLAY5 adaptateur=NVIDIA GeForce RTX 4070 index_adaptateur=0 index_sortie=1 attachee=true x=2400 y=0 largeur=1920 hauteur=1080
2026-08-04T13:11:15.517028Z  INFO agent::diagnostics::multifenetre::mode_sortie: relecture DXGI (GetDesc/DesktopCoordinates) apres la tentative etiquette="CDS_UPDATEREGISTRY|CDS_NORESET puis CDS_RESET seul (idiome multi-ecran)" code_brut=0 api_annonce_succes=true largeur_relue=1920 hauteur_relue=1080 conforme=false
2026-08-04T13:11:15.517033Z  INFO agent::diagnostics::multifenetre::mode_sortie: verdict P1 : une sortie virtuelle accepte-t-elle un autre mode que celui de sa creation verdict="P1 REFUSE" combinaison_gagnante=None code_brut_dernier_essai=0 largeur_relue=1920 hauteur_relue=1080 largeur_cible=1728 hauteur_cible=1080
2026-08-04T13:11:15.525378Z  INFO agent::moniteurs_virtuels::pilote: sortie virtuelle détruite id=262
2026-08-04T13:11:18.526638Z  INFO agent::capture::enumeration: adaptateur DXGI sans sortie adaptateur=NVIDIA GeForce RTX 4070 index_adaptateur=1
2026-08-04T13:11:18.526671Z  INFO agent::capture::enumeration: adaptateur DXGI sans sortie adaptateur=Microsoft Basic Render Driver index_adaptateur=2
2026-08-04T13:11:18.526679Z  INFO agent::diagnostics::multifenetre::montee: topologie relevée moment="après destruction" nombre=1 attachees=1
2026-08-04T13:11:18.526683Z  INFO agent::diagnostics::multifenetre::montee: sortie moment="après destruction" nom=\\.\DISPLAY1 adaptateur=NVIDIA GeForce RTX 4070 index_adaptateur=0 index_sortie=0 attachee=true x=0 y=0 largeur=2400 hauteur=1080
2026-08-04T13:11:18.526690Z  INFO agent::diagnostics::multifenetre::mode_sortie: état initial restauré — mêmes sorties, nommément noms=["\\\\.\\DISPLAY1"]
