2026-08-05T21:00:45.759070Z  INFO agent: accélération pointeur neutralisée rapport="seuils relus = [0, 0, 0], vitesse relue = 10 (attendu : [0, 0, 0] et 10)"
2026-08-05T21:00:45.760794Z  INFO agent::capture::enumeration: adaptateur DXGI sans sortie adaptateur=NVIDIA GeForce RTX 4070 index_adaptateur=1
2026-08-05T21:00:45.760825Z  INFO agent::capture::enumeration: adaptateur DXGI sans sortie adaptateur=Microsoft Basic Render Driver index_adaptateur=2
2026-08-05T21:00:45.760834Z  INFO agent::diagnostics::multifenetre::montee: topologie relevée moment="avant création" nombre=1 attachees=1
2026-08-05T21:00:45.760839Z  INFO agent::diagnostics::multifenetre::montee: sortie moment="avant création" nom=\\.\DISPLAY1 adaptateur=NVIDIA GeForce RTX 4070 index_adaptateur=0 index_sortie=0 attachee=true x=0 y=0 largeur=2400 hauteur=1080
2026-08-05T21:00:45.761740Z  INFO agent::moniteurs_virtuels::pilote: sortie virtuelle créée id=264 adaptateur_bas=61742 adaptateur_haut=0 guid=9C4A1F6E-2B73-4D51-9E08-677541430001 largeur=1280 hauteur=720 hertz=60
2026-08-05T21:00:48.763589Z  INFO agent::capture::enumeration: adaptateur DXGI sans sortie adaptateur=NVIDIA GeForce RTX 4070 index_adaptateur=1
2026-08-05T21:00:48.763620Z  INFO agent::capture::enumeration: adaptateur DXGI sans sortie adaptateur=Microsoft Basic Render Driver index_adaptateur=2
2026-08-05T21:00:48.763628Z  INFO agent::diagnostics::multifenetre::montee: topologie relevée moment="après création" nombre=2 attachees=2
2026-08-05T21:00:48.763632Z  INFO agent::diagnostics::multifenetre::montee: sortie moment="après création" nom=\\.\DISPLAY1 adaptateur=NVIDIA GeForce RTX 4070 index_adaptateur=0 index_sortie=0 attachee=true x=0 y=0 largeur=2400 hauteur=1080
2026-08-05T21:00:48.763637Z  INFO agent::diagnostics::multifenetre::montee: sortie moment="après création" nom=\\.\DISPLAY5 adaptateur=NVIDIA GeForce RTX 4070 index_adaptateur=0 index_sortie=1 attachee=true x=2400 y=0 largeur=2560 hauteur=1440
2026-08-05T21:00:48.763655Z  INFO agent::diagnostics::multifenetre::capture_virtuelle: sortie virtuelle retenue pour la capture id=264 nom=\\.\DISPLAY5 adaptateur=NVIDIA GeForce RTX 4070 index_adaptateur=0 index_sortie=1 attachee=true x=2400 y=0 largeur_annoncee=2560 hauteur_annoncee=1440
2026-08-05T21:00:48.763663Z  INFO agent::diagnostics::multifenetre::mode_sortie: sortie de sonde créée -- taille relue par DXGI avant toute tentative de changement nom=\\.\DISPLAY5 largeur_demandee_a_la_creation=1280 hauteur_demandee_a_la_creation=720 largeur_avant_tentative=2560 hauteur_avant_tentative=1440
2026-08-05T21:00:48.765812Z  INFO agent::diagnostics::multifenetre::mode_sortie: modes annonces (EnumDisplaySettingsExW) avant tout changement nombre=9 largeur_avant_tentative=2560 hauteur_avant_tentative=1440 contient_demande=true demande_egale_avant=false modes=[(640, 360), (800, 600), (960, 540), (1280, 720), (1366, 768), (1600, 900), (1920, 1080), (2560, 1440), (3840, 2160)]
2026-08-05T21:00:48.765829Z  INFO agent::diagnostics::multifenetre::mode_sortie: cible retenue = resolution demandee (differe deja de la taille courante) largeur_cible=1280 hauteur_cible=720
2026-08-05T21:00:48.799541Z  INFO agent::diagnostics::multifenetre::mode_sortie: combinaison de drapeaux tentee (appel unique) etiquette="CDS_UPDATEREGISTRY seul" code=0
2026-08-05T21:00:51.800865Z  INFO agent::capture::enumeration: adaptateur DXGI sans sortie adaptateur=NVIDIA GeForce RTX 4070 index_adaptateur=1
2026-08-05T21:00:51.800895Z  INFO agent::capture::enumeration: adaptateur DXGI sans sortie adaptateur=Microsoft Basic Render Driver index_adaptateur=2
2026-08-05T21:00:51.800904Z  INFO agent::diagnostics::multifenetre::montee: topologie relevée moment="après tentative « CDS_UPDATEREGISTRY seul »" nombre=2 attachees=2
2026-08-05T21:00:51.800907Z  INFO agent::diagnostics::multifenetre::montee: sortie moment="après tentative « CDS_UPDATEREGISTRY seul »" nom=\\.\DISPLAY1 adaptateur=NVIDIA GeForce RTX 4070 index_adaptateur=0 index_sortie=0 attachee=true x=0 y=0 largeur=2400 hauteur=1080
2026-08-05T21:00:51.800910Z  INFO agent::diagnostics::multifenetre::montee: sortie moment="après tentative « CDS_UPDATEREGISTRY seul »" nom=\\.\DISPLAY5 adaptateur=NVIDIA GeForce RTX 4070 index_adaptateur=0 index_sortie=1 attachee=true x=2400 y=0 largeur=1280 hauteur=720
2026-08-05T21:00:51.800914Z  INFO agent::diagnostics::multifenetre::mode_sortie: relecture DXGI (GetDesc/DesktopCoordinates) apres la tentative etiquette="CDS_UPDATEREGISTRY seul" code_brut=0 api_annonce_succes=true largeur_relue=1280 hauteur_relue=720 mouvement=true cible_atteinte=true
2026-08-05T21:00:51.800919Z  INFO agent::diagnostics::multifenetre::mode_sortie: verdict P1 : une sortie virtuelle accepte-t-elle un autre mode que celui de sa creation verdict="P1 RECU" combinaison_gagnante=Some("CDS_UPDATEREGISTRY seul") code_brut_dernier_essai=0 largeur_avant_tentative=2560 hauteur_avant_tentative=1440 largeur_relue=1280 hauteur_relue=720 largeur_cible=1280 hauteur_cible=720 mouvement_observe=true cible_exacte_atteinte=true
2026-08-05T21:00:51.808766Z  INFO agent::moniteurs_virtuels::pilote: sortie virtuelle détruite id=264
2026-08-05T21:00:54.809567Z  INFO agent::capture::enumeration: adaptateur DXGI sans sortie adaptateur=NVIDIA GeForce RTX 4070 index_adaptateur=1
2026-08-05T21:00:54.809597Z  INFO agent::capture::enumeration: adaptateur DXGI sans sortie adaptateur=Microsoft Basic Render Driver index_adaptateur=2
2026-08-05T21:00:54.809605Z  INFO agent::diagnostics::multifenetre::montee: topologie relevée moment="après destruction" nombre=1 attachees=1
2026-08-05T21:00:54.809608Z  INFO agent::diagnostics::multifenetre::montee: sortie moment="après destruction" nom=\\.\DISPLAY1 adaptateur=NVIDIA GeForce RTX 4070 index_adaptateur=0 index_sortie=0 attachee=true x=0 y=0 largeur=2400 hauteur=1080
2026-08-05T21:00:54.809614Z  INFO agent::diagnostics::multifenetre::mode_sortie: état initial restauré — mêmes sorties, nommément noms=["\\\\.\\DISPLAY1"]
